 PhysX3CharacterKinematic_x64

 Timestamp is 5c00a624 (Thu Nov 29 23:53:24 2018)

 Preferred load address is 0000000180000000

 Start         Length     Name                   Class
 0001:00000000 000000a0H .text$di                CODE
 0001:000000a0 00020ab0H .text$mn                CODE
 0001:00020b50 00000012H .text$mn$00             CODE
 0001:00020b62 00000081H .text$x                 CODE
 0002:00000000 00000260H .idata$5                DATA
 0002:00000260 00000010H .00cfg                  DATA
 0002:00000270 00000008H .CRT$XCA                DATA
 0002:00000278 00000030H .CRT$XCU                DATA
 0002:000002a8 00000008H .CRT$XCZ                DATA
 0002:000002b0 00000008H .CRT$XIA                DATA
 0002:000002b8 00000008H .CRT$XIZ                DATA
 0002:000002c0 00000008H .CRT$XPA                DATA
 0002:000002c8 00000008H .CRT$XPZ                DATA
 0002:000002d0 00000008H .CRT$XTA                DATA
 0002:000002d8 00000008H .CRT$XTZ                DATA
 0002:000002e0 00001348H .rdata                  DATA
 0002:00001628 00000074H .rdata$r                DATA
 0002:0000169c 0000032cH .rdata$zzzdbg           DATA
 0002:000019c8 00000008H .rtc$IAA                DATA
 0002:000019d0 00000008H .rtc$IZZ                DATA
 0002:000019d8 00000008H .rtc$TAA                DATA
 0002:000019e0 00000008H .rtc$TZZ                DATA
 0002:000019e8 00002458H .xdata                  DATA
 0002:00003e40 0000082cH .edata                  DATA
 0002:0000466c 0000008cH .idata$2                DATA
 0002:000046f8 00000018H .idata$3                DATA
 0002:00004710 00000260H .idata$4                DATA
 0002:00004970 00000da2H .idata$6                DATA
 0003:00000000 000000b0H .data                   DATA
 0003:000000b0 00000450H .data$r                 DATA
 0003:00000500 000000e0H .bss                    DATA
 0004:00000000 0000159cH .pdata                  DATA
 0005:00000000 0000001cH .gfids$y                DATA
 0006:00000000 000000a0H .rsrc$01                DATA
 0006:000000a0 00000500H .rsrc$02                DATA

  Address         Publics by Value              Rva+Base               Lib:Object

 0000:00000000       __guard_fids_count         0000000000000000     <absolute>
 0000:00000000       ___safe_se_handler_count   0000000000000000     <absolute>
 0000:00000000       __guard_fids_table         0000000000000000     <absolute>
 0000:00000000       __guard_longjmp_table      0000000000000000     <absolute>
 0000:00000000       __guard_longjmp_count      0000000000000000     <absolute>
 0000:00000000       __guard_iat_count          0000000000000000     <absolute>
 0000:00000000       ___safe_se_handler_table   0000000000000000     <absolute>
 0000:00000000       __guard_iat_table          0000000000000000     <absolute>
 0000:00000000       __dynamic_value_reloc_table 0000000000000000     <absolute>
 0000:00000100       __guard_flags              0000000000000100     <absolute>
 0000:00000000       __ImageBase                0000000180000000     <linker-defined>
 0001:000000a0       ??0BoxController@Cct@physx@@QEAA@AEBVPxControllerDesc@2@AEAVPxPhysics@2@PEAVPxScene@2@@Z 00000001800010a0 f   CctBoxController.obj
 0001:00000190       ??1BoxController@Cct@physx@@UEAA@XZ 0000000180001190 f   CctBoxController.obj
 0001:000001d0       ?getWorldBox@BoxController@Cct@physx@@UEBA_NAEAUPxExtendedBounds3@3@@Z 00000001800011d0 f   CctBoxController.obj
 0001:00000280       ?setFootPosition@BoxController@Cct@physx@@UEAA_NAEBUPxExtendedVec3@3@@Z 0000000180001280 f   CctBoxController.obj
 0001:00000300       ?getFootPosition@BoxController@Cct@physx@@UEBA?AUPxExtendedVec3@3@XZ 0000000180001300 f   CctBoxController.obj
 0001:00000380       ?invalidateCache@BoxController@Cct@physx@@UEAAXXZ 0000000180001380 f   CctBoxController.obj
 0001:000003e0       ?resize@BoxController@Cct@physx@@UEAAXM@Z 00000001800013e0 f   CctBoxController.obj
 0001:000004b0       ?getHalfHeight@BoxController@Cct@physx@@UEBAMXZ 00000001800014b0 f   CctBoxController.obj
 0001:000004c0       ?getHalfSideExtent@BoxController@Cct@physx@@UEBAMXZ 00000001800014c0 f   CctBoxController.obj
 0001:000004d0       ?getHalfForwardExtent@BoxController@Cct@physx@@UEBAMXZ 00000001800014d0 f   CctBoxController.obj
 0001:000004e0       ?setHalfHeight@BoxController@Cct@physx@@UEAA_NM@Z 00000001800014e0 f   CctBoxController.obj
 0001:00000500       ?setHalfSideExtent@BoxController@Cct@physx@@UEAA_NM@Z 0000000180001500 f   CctBoxController.obj
 0001:00000520       ?setHalfForwardExtent@BoxController@Cct@physx@@UEAA_NM@Z 0000000180001520 f   CctBoxController.obj
 0001:00000540       ?updateKinematicProxy@BoxController@Cct@physx@@QEAA_NXZ 0000000180001540 f   CctBoxController.obj
 0001:000005e0       ?getOBB@BoxController@Cct@physx@@QEBAXAEAVPxExtendedBox@3@@Z 00000001800015e0 f   CctBoxController.obj
 0001:000006f0       ??0Allocator@shdfnd@physx@@QEAA@PEBD@Z 00000001800016f0 f i CctBoxController.obj
 0001:00000700       ??0PxControllerManager@physx@@IEAA@XZ 0000000180001700 f i CctBoxController.obj
 0001:00000710       ??0PxControllerManager@physx@@QEAA@AEBV01@@Z 0000000180001710 f i CctBoxController.obj
 0001:00000720       ??0PxFoundation@physx@@QEAA@AEBV01@@Z 0000000180001720 f i CctBoxController.obj
 0001:00000730       ??0PxFoundation@physx@@QEAA@XZ 0000000180001730 f i CctBoxController.obj
 0001:00000740       ??1PxBoxController@physx@@MEAA@XZ 0000000180001740 f i CctBoxController.obj
 0001:00000750       ??1PxController@physx@@MEAA@XZ 0000000180001750 f i CctBoxController.obj
 0001:00000760       ??1PxControllerManager@physx@@MEAA@XZ 0000000180001760 f i CctBoxController.obj
 0001:00000770       ??1PxFoundation@physx@@MEAA@XZ 0000000180001770 f i CctBoxController.obj
 0001:00000780       ??4Allocator@shdfnd@physx@@QEAAAEAV012@$$QEAV012@@Z 0000000180001780 f i CctBoxController.obj
 0001:00000790       ??4Allocator@shdfnd@physx@@QEAAAEAV012@AEBV012@@Z 0000000180001790 f i CctBoxController.obj
 0001:000007a0       ??4MutexImpl@shdfnd@physx@@QEAAAEAV012@AEBV012@@Z 00000001800017a0 f i CctBoxController.obj
 0001:000007b0       ??4PxControllerManager@physx@@QEAAAEAV01@AEBV01@@Z 00000001800017b0 f i CctBoxController.obj
 0001:000007c0       ??4PxFoundation@physx@@QEAAAEAV01@AEBV01@@Z 00000001800017c0 f i CctBoxController.obj
 0001:000007c4       ??_EBoxController@Cct@physx@@W7EAAPEAXI@Z 00000001800017c4 f i CctBoxController.obj
 0001:000007d0       ??_EPxControllerManager@physx@@MEAAPEAXI@Z 00000001800017d0 f i CctBoxController.obj
 0001:00000860       ??_EPxFoundation@physx@@MEAAPEAXI@Z 0000000180001860 f i CctBoxController.obj
 0001:000008f0       ??_FAllocator@shdfnd@physx@@QEAAXXZ 00000001800018f0 f i CctBoxController.obj
 0001:00000900       ??_GBoxController@Cct@physx@@UEAAPEAXI@Z 0000000180001900 f i CctBoxController.obj
 0001:00000900       ??_EBoxController@Cct@physx@@UEAAPEAXI@Z 0000000180001900 f i CctBoxController.obj
 0001:00000980       ??_EPxBoxController@physx@@MEAAPEAXI@Z 0000000180001980 f i CctBoxController.obj
 0001:00000980       ??_GPxBoxController@physx@@MEAAPEAXI@Z 0000000180001980 f i CctBoxController.obj
 0001:000009b0       ??_GPxController@physx@@MEAAPEAXI@Z 00000001800019b0 f i CctBoxController.obj
 0001:000009b0       ??_EPxController@physx@@MEAAPEAXI@Z 00000001800019b0 f i CctBoxController.obj
 0001:000009e0       ??_GPxControllerManager@physx@@MEAAPEAXI@Z 00000001800019e0 f i CctBoxController.obj
 0001:00000a10       ??_GPxFoundation@physx@@MEAAPEAXI@Z 0000000180001a10 f i CctBoxController.obj
 0001:00000a40       ??_H@YAXPEAX_K1P6APEAX0@Z@Z 0000000180001a40 f i CctBoxController.obj
 0001:00000a90       ??_I@YAXPEAX_K1P6AX0@Z@Z   0000000180001a90 f i CctBoxController.obj
 0001:00000af0       ?__empty_global_delete@@YAXPEAX@Z 0000000180001af0 f i CctBoxController.obj
 0001:00000b00       ?__global_delete@@YAXPEAX_K@Z 0000000180001b00 f i CctBoxController.obj
 0001:00000b00       ?__empty_global_delete@@YAXPEAX_K@Z 0000000180001b00 f i CctBoxController.obj
 0001:00000b10       ?getActor@BoxController@Cct@physx@@UEBAPEAVPxRigidDynamic@3@XZ 0000000180001b10 f i CctBoxController.obj
 0001:00000b20       ?getContactOffset@BoxController@Cct@physx@@UEBAMXZ 0000000180001b20 f i CctBoxController.obj
 0001:00000b30       ?getHalfHeightInternal@BoxController@Cct@physx@@UEBAMXZ 0000000180001b30 f i CctBoxController.obj
 0001:00000b40       ?getNonWalkableMode@BoxController@Cct@physx@@UEBA?AW4Enum@PxControllerNonWalkableMode@3@XZ 0000000180001b40 f i CctBoxController.obj
 0001:00000b50       ?getPosition@BoxController@Cct@physx@@UEBAAEBUPxExtendedVec3@3@XZ 0000000180001b50 f i CctBoxController.obj
 0001:00000b60       ?getPxController@BoxController@Cct@physx@@UEAAPEAVPxController@3@XZ 0000000180001b60 f i CctBoxController.obj
 0001:00000b70       ?getScene@BoxController@Cct@physx@@UEAAPEAVPxScene@3@XZ 0000000180001b70 f i CctBoxController.obj
 0001:00000b80       ?getSlopeLimit@BoxController@Cct@physx@@UEBAMXZ 0000000180001b80 f i CctBoxController.obj
 0001:00000b90       ?getState@BoxController@Cct@physx@@UEBAXAEAUPxControllerState@3@@Z 0000000180001b90 f i CctBoxController.obj
 0001:00000ba0       ?getStats@BoxController@Cct@physx@@UEBAXAEAUPxControllerStats@3@@Z 0000000180001ba0 f i CctBoxController.obj
 0001:00000bb0       ?getStepOffset@BoxController@Cct@physx@@UEBAMXZ 0000000180001bb0 f i CctBoxController.obj
 0001:00000bc0       ?getType@BoxController@Cct@physx@@UEBA?AW4Enum@PxControllerShapeType@3@XZ 0000000180001bc0 f i CctBoxController.obj
 0001:00000bd0       ?getUpDirection@BoxController@Cct@physx@@UEBA?AVPxVec3@3@XZ 0000000180001bd0 f i CctBoxController.obj
 0001:00000bf0       ?getUserData@BoxController@Cct@physx@@UEBAPEAXXZ 0000000180001bf0 f i CctBoxController.obj
 0001:00000c00       ?release@BoxController@Cct@physx@@UEAAXXZ 0000000180001c00 f i CctBoxController.obj
 0001:00000c10       ?setContactOffset@BoxController@Cct@physx@@UEAAXM@Z 0000000180001c10 f i CctBoxController.obj
 0001:00000c20       ?setNonWalkableMode@BoxController@Cct@physx@@UEAAXW4Enum@PxControllerNonWalkableMode@3@@Z 0000000180001c20 f i CctBoxController.obj
 0001:00000c30       ?setPosition@BoxController@Cct@physx@@UEAA_NAEBUPxExtendedVec3@3@@Z 0000000180001c30 f i CctBoxController.obj
 0001:00000c40       ?setSlopeLimit@BoxController@Cct@physx@@UEAAXM@Z 0000000180001c40 f i CctBoxController.obj
 0001:00000c50       ?setStepOffset@BoxController@Cct@physx@@UEAAXM@Z 0000000180001c50 f i CctBoxController.obj
 0001:00000c60       ?setUpDirection@BoxController@Cct@physx@@UEAAXAEBVPxVec3@3@@Z 0000000180001c60 f i CctBoxController.obj
 0001:00000c70       ?setUserData@BoxController@Cct@physx@@UEAAXPEAX@Z 0000000180001c70 f i CctBoxController.obj
 0001:00000c80       ??0CapsuleController@Cct@physx@@QEAA@AEBVPxControllerDesc@2@AEAVPxPhysics@2@PEAVPxScene@2@@Z 0000000180001c80 f   CctCapsuleController.obj
 0001:00000d70       ??1CapsuleController@Cct@physx@@UEAA@XZ 0000000180001d70 f   CctCapsuleController.obj
 0001:00000db0       ?getWorldBox@CapsuleController@Cct@physx@@UEBA_NAEAUPxExtendedBounds3@3@@Z 0000000180001db0 f   CctCapsuleController.obj
 0001:00000e60       ?setFootPosition@CapsuleController@Cct@physx@@UEAA_NAEBUPxExtendedVec3@3@@Z 0000000180001e60 f   CctCapsuleController.obj
 0001:00000f00       ?getFootPosition@CapsuleController@Cct@physx@@UEBA?AUPxExtendedVec3@3@XZ 0000000180001f00 f   CctCapsuleController.obj
 0001:00000f90       ?invalidateCache@CapsuleController@Cct@physx@@UEAAXXZ 0000000180001f90 f   CctCapsuleController.obj
 0001:00000ff0       ?resize@CapsuleController@Cct@physx@@UEAAXM@Z 0000000180001ff0 f   CctCapsuleController.obj
 0001:000010d0       ?getClimbingMode@CapsuleController@Cct@physx@@UEBA?AW4Enum@PxCapsuleClimbingMode@3@XZ 00000001800020d0 f   CctCapsuleController.obj
 0001:000010e0       ?setRadius@CapsuleController@Cct@physx@@UEAA_NM@Z 00000001800020e0 f   CctCapsuleController.obj
 0001:00001170       ?setHeight@CapsuleController@Cct@physx@@UEAA_NM@Z 0000000180002170 f   CctCapsuleController.obj
 0001:00001210       ?setClimbingMode@CapsuleController@Cct@physx@@UEAA_NW4Enum@PxCapsuleClimbingMode@3@@Z 0000000180002210 f   CctCapsuleController.obj
 0001:00001230       ?getCapsule@CapsuleController@Cct@physx@@QEBAXAEAUPxExtendedCapsule@3@@Z 0000000180002230 f   CctCapsuleController.obj
 0001:00001360       ??1PxCapsuleController@physx@@MEAA@XZ 0000000180002360 f i CctCapsuleController.obj
 0001:0000136c       ??_ECapsuleController@Cct@physx@@W7EAAPEAXI@Z 000000018000236c f i CctCapsuleController.obj
 0001:00001380       ??_GCapsuleController@Cct@physx@@UEAAPEAXI@Z 0000000180002380 f i CctCapsuleController.obj
 0001:00001380       ??_ECapsuleController@Cct@physx@@UEAAPEAXI@Z 0000000180002380 f i CctCapsuleController.obj
 0001:00001400       ??_EPxCapsuleController@physx@@MEAAPEAXI@Z 0000000180002400 f i CctCapsuleController.obj
 0001:00001400       ??_GPxCapsuleController@physx@@MEAAPEAXI@Z 0000000180002400 f i CctCapsuleController.obj
 0001:00001430       ?getActor@CapsuleController@Cct@physx@@UEBAPEAVPxRigidDynamic@3@XZ 0000000180002430 f i CctCapsuleController.obj
 0001:00001440       ?getContactOffset@CapsuleController@Cct@physx@@UEBAMXZ 0000000180002440 f i CctCapsuleController.obj
 0001:00001450       ?getHalfHeightInternal@CapsuleController@Cct@physx@@UEBAMXZ 0000000180002450 f i CctCapsuleController.obj
 0001:00001470       ?getHeight@CapsuleController@Cct@physx@@UEBAMXZ 0000000180002470 f i CctCapsuleController.obj
 0001:00001480       ?getNonWalkableMode@CapsuleController@Cct@physx@@UEBA?AW4Enum@PxControllerNonWalkableMode@3@XZ 0000000180002480 f i CctCapsuleController.obj
 0001:00001490       ?getPosition@CapsuleController@Cct@physx@@UEBAAEBUPxExtendedVec3@3@XZ 0000000180002490 f i CctCapsuleController.obj
 0001:000014a0       ?getPxController@CapsuleController@Cct@physx@@UEAAPEAVPxController@3@XZ 00000001800024a0 f i CctCapsuleController.obj
 0001:000014b0       ?getRadius@CapsuleController@Cct@physx@@UEBAMXZ 00000001800024b0 f i CctCapsuleController.obj
 0001:000014c0       ?getScene@CapsuleController@Cct@physx@@UEAAPEAVPxScene@3@XZ 00000001800024c0 f i CctCapsuleController.obj
 0001:000014d0       ?getSlopeLimit@CapsuleController@Cct@physx@@UEBAMXZ 00000001800024d0 f i CctCapsuleController.obj
 0001:000014e0       ?getState@CapsuleController@Cct@physx@@UEBAXAEAUPxControllerState@3@@Z 00000001800024e0 f i CctCapsuleController.obj
 0001:000014f0       ?getStats@CapsuleController@Cct@physx@@UEBAXAEAUPxControllerStats@3@@Z 00000001800024f0 f i CctCapsuleController.obj
 0001:00001500       ?getStepOffset@CapsuleController@Cct@physx@@UEBAMXZ 0000000180002500 f i CctCapsuleController.obj
 0001:00001510       ?getType@CapsuleController@Cct@physx@@UEBA?AW4Enum@PxControllerShapeType@3@XZ 0000000180002510 f i CctCapsuleController.obj
 0001:00001520       ?getUpDirection@CapsuleController@Cct@physx@@UEBA?AVPxVec3@3@XZ 0000000180002520 f i CctCapsuleController.obj
 0001:00001540       ?getUserData@CapsuleController@Cct@physx@@UEBAPEAXXZ 0000000180002540 f i CctCapsuleController.obj
 0001:00001550       ?release@CapsuleController@Cct@physx@@UEAAXXZ 0000000180002550 f i CctCapsuleController.obj
 0001:00001560       ?setContactOffset@CapsuleController@Cct@physx@@UEAAXM@Z 0000000180002560 f i CctCapsuleController.obj
 0001:00001570       ?setNonWalkableMode@CapsuleController@Cct@physx@@UEAAXW4Enum@PxControllerNonWalkableMode@3@@Z 0000000180002570 f i CctCapsuleController.obj
 0001:00001580       ?setPosition@CapsuleController@Cct@physx@@UEAA_NAEBUPxExtendedVec3@3@@Z 0000000180002580 f i CctCapsuleController.obj
 0001:00001590       ?setSlopeLimit@CapsuleController@Cct@physx@@UEAAXM@Z 0000000180002590 f i CctCapsuleController.obj
 0001:000015a0       ?setStepOffset@CapsuleController@Cct@physx@@UEAAXM@Z 00000001800025a0 f i CctCapsuleController.obj
 0001:000015b0       ?setUpDirection@CapsuleController@Cct@physx@@UEAAXAEBVPxVec3@3@@Z 00000001800025b0 f i CctCapsuleController.obj
 0001:000015c0       ?setUserData@CapsuleController@Cct@physx@@UEAAXPEAX@Z 00000001800025c0 f i CctCapsuleController.obj
 0001:000015d0       ??0CCTParams@Cct@physx@@QEAA@XZ 00000001800025d0 f   CctCharacterController.obj
 0001:00001610       ??0SweepTest@Cct@physx@@QEAA@_N@Z 0000000180002610 f   CctCharacterController.obj
 0001:00001780       ??1SweepTest@Cct@physx@@QEAA@XZ 0000000180002780 f   CctCharacterController.obj
 0001:00001870       ?moveCharacter@SweepTest@Cct@physx@@QEAA?AV?$PxFlags@W4Enum@PxControllerCollisionFlag@physx@@E@3@PEBUInternalCBData_FindTouchedGeom@23@PEAUInternalCBData_OnHit@23@AEAVSweptVolume@23@AEBVPxVec3@3@AEBUUserObstacles@23@MAEBVPxControllerFilters@3@_N6AEAPEBVPxRigidActor@3@AEAPEBVPxShape@3@_K@Z 0000000180002870 f   CctCharacterController.obj
 0001:00002300       ?doSweepTest@SweepTest@Cct@physx@@QEAA_NPEBUInternalCBData_FindTouchedGeom@23@PEAUInternalCBData_OnHit@23@AEBUUserObstacles@23@AEAVSweptVolume@23@AEBVPxVec3@3@4IPEAIMAEBVPxControllerFilters@3@W4SweepPass@23@AEAPEBVPxRigidActor@3@AEAPEBVPxShape@3@_K@Z 0000000180003300 f   CctCharacterController.obj
 0001:00002fb0       ?findTouchedObstacles@SweepTest@Cct@physx@@QEAAXAEBUUserObstacles@23@AEBUPxExtendedBounds3@3@@Z 0000000180003fb0 f   CctCharacterController.obj
 0001:00003700       ?voidTestCache@SweepTest@Cct@physx@@QEAAXXZ 0000000180004700 f   CctCharacterController.obj
 0001:000037b0       ?onRelease@SweepTest@Cct@physx@@QEAAXAEBVPxBase@3@@Z 00000001800047b0 f   CctCharacterController.obj
 0001:000038c0       ?updateCachedShapesRegistration@SweepTest@Cct@physx@@QEAAXI_N@Z 00000001800048c0 f   CctCharacterController.obj
 0001:00003970       ?onObstacleRemoved@SweepTest@Cct@physx@@QEAAXI@Z 0000000180004970 f   CctCharacterController.obj
 0001:00003990       ?onObstacleUpdated@SweepTest@Cct@physx@@QEAAXIPEBVPxObstacleContext@3@AEBVPxVec3@3@1M@Z 0000000180004990 f   CctCharacterController.obj
 0001:00003ac0       ?onObstacleAdded@SweepTest@Cct@physx@@QEAAXIPEBVPxObstacleContext@3@AEBVPxVec3@3@1M@Z 0000000180004ac0 f   CctCharacterController.obj
 0001:00003c70       ?onOriginShift@SweepTest@Cct@physx@@QEAAXAEBVPxVec3@3@@Z 0000000180004c70 f   CctCharacterController.obj
 0001:00003e10       ?updateTouchedGeoms@SweepTest@Cct@physx@@AEAAXPEBUInternalCBData_FindTouchedGeom@23@AEBUUserObstacles@23@AEBUPxExtendedBounds3@3@AEBVPxControllerFilters@3@AEBVPxVec3@3@@Z 0000000180004e10 f   CctCharacterController.obj
 0001:000045f0       ?findTouchedObject@Controller@Cct@physx@@IEAAXAEBVPxControllerFilters@3@PEBVPxObstacleContext@3@AEBVPxVec3@3@@Z 00000001800055f0 f   CctCharacterController.obj
 0001:00004c70       ?rideOnTouchedObject@Controller@Cct@physx@@IEAA_NAEAVSweptVolume@23@AEBVPxVec3@3@AEAV53@PEBVPxObstacleContext@3@@Z 0000000180005c70 f   CctCharacterController.obj
 0001:00005110       ?move@Controller@Cct@physx@@IEAA?AV?$PxFlags@W4Enum@PxControllerCollisionFlag@physx@@E@3@AEAVSweptVolume@23@AEBVPxVec3@3@MMAEBVPxControllerFilters@3@PEBVPxObstacleContext@3@_N@Z 0000000180006110 f   CctCharacterController.obj
 0001:00006110       ?filterTouchedShape@Controller@Cct@physx@@IEAA_NAEBVPxControllerFilters@3@@Z 0000000180007110 f   CctCharacterController.obj
 0001:00007a10       ?move@BoxController@Cct@physx@@UEAA?AV?$PxFlags@W4Enum@PxControllerCollisionFlag@physx@@E@3@AEBVPxVec3@3@MMAEBVPxControllerFilters@3@PEBVPxObstacleContext@3@@Z 0000000180008a10 f   CctCharacterController.obj
 0001:00007b40       ?move@CapsuleController@Cct@physx@@UEAA?AV?$PxFlags@W4Enum@PxControllerCollisionFlag@physx@@E@3@AEBVPxVec3@3@MMAEBVPxControllerFilters@3@PEBVPxObstacleContext@3@@Z 0000000180008b40 f   CctCharacterController.obj
 0001:00007c60       ??0PxMat33@physx@@QEAA@AEBV01@@Z 0000000180008c60 f i CctCharacterController.obj
 0001:00007ca0       ??0PxMat44@physx@@QEAA@AEBVPxTransform@1@@Z 0000000180008ca0 f i CctCharacterController.obj
 0001:00007e40       ??0PxVec3@physx@@QEAA@XZ   0000000180008e40 f i CctCharacterController.obj
 0001:00007e50       ??1?$PxHitBuffer@UPxRaycastHit@physx@@@physx@@UEAA@XZ 0000000180008e50 f i CctCharacterController.obj
 0001:00007e60       ??1?$PxHitCallback@UPxRaycastHit@physx@@@physx@@UEAA@XZ 0000000180008e60 f i CctCharacterController.obj
 0001:00007e70       ??1PxQueryFilterCallback@physx@@UEAA@XZ 0000000180008e70 f i CctCharacterController.obj
 0001:00007e80       ??4FPUGuard@shdfnd@physx@@QEAAAEAV012@AEBV012@@Z 0000000180008e80 f i CctCharacterController.obj
 0001:00007ea0       ??DPxQuat@physx@@QEBA?AV01@AEBV01@@Z 0000000180008ea0 f i CctCharacterController.obj
 0001:00007fe0       ??_E?$PxHitBuffer@UPxRaycastHit@physx@@@physx@@UEAAPEAXI@Z 0000000180008fe0 f i CctCharacterController.obj
 0001:00007fe0       ??_G?$PxHitBuffer@UPxRaycastHit@physx@@@physx@@UEAAPEAXI@Z 0000000180008fe0 f i CctCharacterController.obj
 0001:00008010       ??_G?$PxHitCallback@UPxRaycastHit@physx@@@physx@@UEAAPEAXI@Z 0000000180009010 f i CctCharacterController.obj
 0001:00008010       ??_E?$PxHitCallback@UPxRaycastHit@physx@@@physx@@UEAAPEAXI@Z 0000000180009010 f i CctCharacterController.obj
 0001:00008040       ??_EControllerFilter@@UEAAPEAXI@Z 0000000180009040 f i CctCharacterController.obj
 0001:00008040       ??_GControllerFilter@@UEAAPEAXI@Z 0000000180009040 f i CctCharacterController.obj
 0001:00008070       ??_EPxQueryFilterCallback@physx@@UEAAPEAXI@Z 0000000180009070 f i CctCharacterController.obj
 0001:00008070       ??_GPxQueryFilterCallback@physx@@UEAAPEAXI@Z 0000000180009070 f i CctCharacterController.obj
 0001:000082a0       ?add@physx@@YAXAEAUPxExtendedBounds3@1@AEBU21@@Z 00000001800092a0 f i CctCharacterController.obj
 0001:00008310       ?allocate@?$ReflectionAllocator@I@shdfnd@physx@@QEAAPEAX_KPEBDH@Z 0000000180009310 f i CctCharacterController.obj
 0001:000083b0       ?allocate@?$ReflectionAllocator@PEBX@shdfnd@physx@@QEAAPEAX_KPEBDH@Z 00000001800093b0 f i CctCharacterController.obj
 0001:00008450       ?allocate@?$ReflectionAllocator@UPxExtendedCapsule@physx@@@shdfnd@physx@@QEAAPEAX_KPEBDH@Z 0000000180009450 f i CctCharacterController.obj
 0001:000084f0       ?allocate@?$ReflectionAllocator@VPxExtendedBox@physx@@@shdfnd@physx@@QEAAPEAX_KPEBDH@Z 00000001800094f0 f i CctCharacterController.obj
 0001:00008af0       ?copy@?$Array@VPxExtendedBox@physx@@V?$ReflectionAllocator@VPxExtendedBox@physx@@@shdfnd@2@@shdfnd@physx@@KAXPEAVPxExtendedBox@3@0PEBV43@@Z 0000000180009af0 f i CctCharacterController.obj
 0001:00008ce0       ?finalizeQuery@?$PxHitCallback@UPxRaycastHit@physx@@@physx@@UEAAXXZ 0000000180009ce0 f i CctCharacterController.obj
 0001:00008cf0       ?getGlobalPose@PxShapeExt@physx@@SA?AVPxTransform@2@AEBVPxShape@2@AEBVPxRigidActor@2@@Z 0000000180009cf0 f i CctCharacterController.obj
 0001:00008ed0       ?growAndPushBack@?$Array@PEBXV?$ReflectionAllocator@PEBX@shdfnd@physx@@@shdfnd@physx@@IEAAAEAPEBXAEBQEBX@Z 0000000180009ed0 f i CctCharacterController.obj
 0001:00008fb0       ?growAndPushBack@?$Array@UPxExtendedCapsule@physx@@V?$ReflectionAllocator@UPxExtendedCapsule@physx@@@shdfnd@2@@shdfnd@physx@@IEAAAEAUPxExtendedCapsule@3@AEBU43@@Z 0000000180009fb0 f i CctCharacterController.obj
 0001:000090c0       ?growAndPushBack@?$Array@VPxExtendedBox@physx@@V?$ReflectionAllocator@VPxExtendedBox@physx@@@shdfnd@2@@shdfnd@physx@@IEAAAEAVPxExtendedBox@3@AEBV43@@Z 000000018000a0c0 f i CctCharacterController.obj
 0001:00009370       ?postFilter@ControllerFilter@@UEAA?AW4Enum@PxQueryHitType@physx@@AEBUPxFilterData@4@AEBUPxQueryHit@4@@Z 000000018000a370 f i CctCharacterController.obj
 0001:00009390       ?preFilter@ControllerFilter@@UEAA?AW4Enum@PxQueryHitType@physx@@AEBUPxFilterData@4@PEBVPxShape@4@PEBVPxRigidActor@4@AEAV?$PxFlags@W4Enum@PxHitFlag@physx@@G@4@@Z 000000018000a390 f i CctCharacterController.obj
 0001:000094c0       ?processTouches@?$PxHitBuffer@UPxRaycastHit@physx@@@physx@@MEAA_NPEBUPxRaycastHit@2@I@Z 000000018000a4c0 f i CctCharacterController.obj
 0001:000094d0       ?recreate@?$Array@IV?$ReflectionAllocator@I@shdfnd@physx@@@shdfnd@physx@@IEAAXI@Z 000000018000a4d0 f i CctCharacterController.obj
 0001:00009a00       ?getSceneTimestamp@Cct@physx@@YAIPEBUInternalCBData_FindTouchedGeom@12@@Z 000000018000aa00 f   CctCharacterControllerCallbacks.obj
 0001:00009a20       ?findTouchedGeometry@Cct@physx@@YAXPEBUInternalCBData_FindTouchedGeom@12@AEBUPxExtendedBounds3@2@AEAVTriArray@12@AEAV?$Array@IV?$ReflectionAllocator@I@shdfnd@physx@@@shdfnd@2@3AEBVCCTFilter@12@AEBUCCTParams@12@AEAG@Z 000000018000aa20 f   CctCharacterControllerCallbacks.obj
 0001:0000a030       ?shapeHitCallback@Cct@physx@@YAIPEBUInternalCBData_OnHit@12@AEBUSweptContact@12@AEBVPxVec3@2@M@Z 000000018000b030 f   CctCharacterControllerCallbacks.obj
 0001:0000a140       ?userHitCallback@Cct@physx@@YAIPEBUInternalCBData_OnHit@12@AEBUSweptContact@12@AEBVPxVec3@2@M@Z 000000018000b140 f   CctCharacterControllerCallbacks.obj
 0001:0000a3c0       ??0PxOverlapHit@physx@@QEAA@XZ 000000018000b3c0 f i CctCharacterControllerCallbacks.obj
 0001:0000a3e0       ??1?$PxHitBuffer@UPxOverlapHit@physx@@@physx@@UEAA@XZ 000000018000b3e0 f i CctCharacterControllerCallbacks.obj
 0001:0000a3f0       ??1?$PxHitCallback@UPxOverlapHit@physx@@@physx@@UEAA@XZ 000000018000b3f0 f i CctCharacterControllerCallbacks.obj
 0001:0000a400       ??_G?$PxHitBuffer@UPxOverlapHit@physx@@@physx@@UEAAPEAXI@Z 000000018000b400 f i CctCharacterControllerCallbacks.obj
 0001:0000a400       ??_E?$PxHitBuffer@UPxOverlapHit@physx@@@physx@@UEAAPEAXI@Z 000000018000b400 f i CctCharacterControllerCallbacks.obj
 0001:0000a430       ??_G?$PxHitCallback@UPxOverlapHit@physx@@@physx@@UEAAPEAXI@Z 000000018000b430 f i CctCharacterControllerCallbacks.obj
 0001:0000a430       ??_E?$PxHitCallback@UPxOverlapHit@physx@@@physx@@UEAAPEAXI@Z 000000018000b430 f i CctCharacterControllerCallbacks.obj
 0001:0000a460       ?PxPlaneEquationFromTransform@physx@@YA?AVPxPlane@1@AEBVPxTransform@1@@Z 000000018000b460 f i CctCharacterControllerCallbacks.obj
 0001:0000a5b0       ?allocate@?$ReflectionAllocator@VPxTriangle@physx@@@shdfnd@physx@@QEAAPEAX_KPEBDH@Z 000000018000b5b0 f i CctCharacterControllerCallbacks.obj
 0001:0000a650       ?computeBasis@shdfnd@physx@@YAXAEBVPxVec3@2@AEAV32@1@Z 000000018000b650 f i CctCharacterControllerCallbacks.obj
 0001:0000a790       ?copy@?$Array@VPxTriangle@physx@@V?$ReflectionAllocator@VPxTriangle@physx@@@shdfnd@2@@shdfnd@physx@@KAXPEAVPxTriangle@3@0PEBV43@@Z 000000018000b790 f i CctCharacterControllerCallbacks.obj
 0001:0000ae90       ?finalizeQuery@?$PxHitCallback@UPxOverlapHit@physx@@@physx@@UEAAXXZ 000000018000be90 f i CctCharacterControllerCallbacks.obj
 0001:0000aea0       ?growAndPushBack@?$Array@IV?$ReflectionAllocator@I@shdfnd@physx@@@shdfnd@physx@@IEAAAEAIAEBI@Z 000000018000bea0 f i CctCharacterControllerCallbacks.obj
 0001:0000ea20       ?processTouches@?$PxHitBuffer@UPxOverlapHit@physx@@@physx@@MEAA_NPEBUPxOverlapHit@2@I@Z 000000018000fa20 f i CctCharacterControllerCallbacks.obj
 0001:0000ea30       ?recreate@?$Array@VPxTriangle@physx@@V?$ReflectionAllocator@VPxTriangle@physx@@@shdfnd@2@@shdfnd@physx@@IEAAXI@Z 000000018000fa30 f i CctCharacterControllerCallbacks.obj
 0001:0000f040       PxCreateControllerManager  0000000180010040 f   CctCharacterControllerManager.obj
 0001:0000f0f0       ??0CharacterControllerManager@Cct@physx@@QEAA@AEAVPxScene@2@_N@Z 00000001800100f0 f   CctCharacterControllerManager.obj
 0001:0000f2b0       ??1CharacterControllerManager@Cct@physx@@UEAA@XZ 00000001800102b0 f   CctCharacterControllerManager.obj
 0001:0000f480       ?release@CharacterControllerManager@Cct@physx@@UEAAXXZ 0000000180010480 f   CctCharacterControllerManager.obj
 0001:0000f6d0       ?getScene@CharacterControllerManager@Cct@physx@@UEBAAEAVPxScene@3@XZ 00000001800106d0 f   CctCharacterControllerManager.obj
 0001:0000f6e0       ?getNbControllers@CharacterControllerManager@Cct@physx@@UEBAIXZ 00000001800106e0 f   CctCharacterControllerManager.obj
 0001:0000f6f0       ?getController@CharacterControllerManager@Cct@physx@@UEAAPEAVPxController@3@I@Z 00000001800106f0 f   CctCharacterControllerManager.obj
 0001:0000f750       ?createController@CharacterControllerManager@Cct@physx@@UEAAPEAVPxController@3@AEBVPxControllerDesc@3@@Z 0000000180010750 f   CctCharacterControllerManager.obj
 0001:0000f980       ?purgeControllers@CharacterControllerManager@Cct@physx@@UEAAXXZ 0000000180010980 f   CctCharacterControllerManager.obj
 0001:0000fb60       ?getRenderBuffer@CharacterControllerManager@Cct@physx@@UEAAAEAVPxRenderBuffer@3@XZ 0000000180010b60 f   CctCharacterControllerManager.obj
 0001:0000fc40       ?setDebugRenderingFlags@CharacterControllerManager@Cct@physx@@UEAAXV?$PxFlags@W4Enum@PxControllerDebugRenderFlag@physx@@I@3@@Z 0000000180010c40 f   CctCharacterControllerManager.obj
 0001:0000fc80       ?getNbObstacleContexts@CharacterControllerManager@Cct@physx@@UEBAIXZ 0000000180010c80 f   CctCharacterControllerManager.obj
 0001:0000fc90       ?getObstacleContext@CharacterControllerManager@Cct@physx@@UEAAPEAVPxObstacleContext@3@I@Z 0000000180010c90 f   CctCharacterControllerManager.obj
 0001:0000fcf0       ?createObstacleContext@CharacterControllerManager@Cct@physx@@UEAAPEAVPxObstacleContext@3@XZ 0000000180010cf0 f   CctCharacterControllerManager.obj
 0001:0000fdd0       ?computeInteractions@CharacterControllerManager@Cct@physx@@UEAAXMPEAVPxControllerFilterCallback@3@@Z 0000000180010dd0 f   CctCharacterControllerManager.obj
 0001:00010050       ?setTessellation@CharacterControllerManager@Cct@physx@@UEAAX_NM@Z 0000000180011050 f   CctCharacterControllerManager.obj
 0001:00010070       ?setOverlapRecoveryModule@CharacterControllerManager@Cct@physx@@UEAAX_N@Z 0000000180011070 f   CctCharacterControllerManager.obj
 0001:00010080       ?setPreciseSweeps@CharacterControllerManager@Cct@physx@@UEAAX_N@Z 0000000180011080 f   CctCharacterControllerManager.obj
 0001:00010090       ?setPreventVerticalSlidingAgainstCeiling@CharacterControllerManager@Cct@physx@@UEAAX_N@Z 0000000180011090 f   CctCharacterControllerManager.obj
 0001:000100a0       ?shiftOrigin@CharacterControllerManager@Cct@physx@@UEAAXAEBVPxVec3@3@@Z 00000001800110a0 f   CctCharacterControllerManager.obj
 0001:00010170       ?onRelease@CharacterControllerManager@Cct@physx@@UEAAXPEBVPxBase@3@PEAXW4Enum@PxDeletionEventFlag@3@@Z 0000000180011170 f   CctCharacterControllerManager.obj
 0001:00010250       ?registerObservedObject@CharacterControllerManager@Cct@physx@@QEAAXPEBVPxBase@3@@Z 0000000180011250 f   CctCharacterControllerManager.obj
 0001:000102d0       ?unregisterObservedObject@CharacterControllerManager@Cct@physx@@QEAAXPEBVPxBase@3@@Z 00000001800112d0 f   CctCharacterControllerManager.obj
 0001:00010370       ?onObstacleRemoved@CharacterControllerManager@Cct@physx@@QEBAXI@Z 0000000180011370 f   CctCharacterControllerManager.obj
 0001:000103c0       ?onObstacleUpdated@CharacterControllerManager@Cct@physx@@QEBAXIPEBVPxObstacleContext@3@@Z 00000001800113c0 f   CctCharacterControllerManager.obj
 0001:000104e0       ?onObstacleAdded@CharacterControllerManager@Cct@physx@@QEBAXIPEBVPxObstacleContext@3@@Z 00000001800114e0 f   CctCharacterControllerManager.obj
 0001:00010600       ?releaseController@CharacterControllerManager@Cct@physx@@QEAAXAEAVPxController@3@@Z 0000000180011600 f   CctCharacterControllerManager.obj
 0001:000107b0       ?getControllers@CharacterControllerManager@Cct@physx@@QEAAPEAPEAVController@23@XZ 00000001800117b0 f   CctCharacterControllerManager.obj
 0001:000107c0       ?releaseObstacleContext@CharacterControllerManager@Cct@physx@@QEAAXAEAVObstacleContext@23@@Z 00000001800117c0 f   CctCharacterControllerManager.obj
 0001:00010830       ?resetObstaclesBuffers@CharacterControllerManager@Cct@physx@@QEAAXXZ 0000000180011830 f   CctCharacterControllerManager.obj
 0001:00010900       ??$append@UPxDebugLine@physx@@@RenderBuffer@Cm@physx@@AEAAXAEAV?$Array@UPxDebugLine@physx@@V?$ReflectionAllocator@UPxDebugLine@physx@@@shdfnd@2@@shdfnd@2@PEBUPxDebugLine@2@I@Z 0000000180011900 f i CctCharacterControllerManager.obj
 0001:000109c0       ??$append@UPxDebugPoint@physx@@@RenderBuffer@Cm@physx@@AEAAXAEAV?$Array@UPxDebugPoint@physx@@V?$ReflectionAllocator@UPxDebugPoint@physx@@@shdfnd@2@@shdfnd@2@PEBUPxDebugPoint@2@I@Z 00000001800119c0 f i CctCharacterControllerManager.obj
 0001:00010a60       ??$append@UPxDebugText@physx@@@RenderBuffer@Cm@physx@@AEAAXAEAV?$Array@UPxDebugText@physx@@V?$ReflectionAllocator@UPxDebugText@physx@@@shdfnd@2@@shdfnd@2@PEBUPxDebugText@2@I@Z 0000000180011a60 f i CctCharacterControllerManager.obj
 0001:00010b10       ??$append@UPxDebugTriangle@physx@@@RenderBuffer@Cm@physx@@AEAAXAEAV?$Array@UPxDebugTriangle@physx@@V?$ReflectionAllocator@UPxDebugTriangle@physx@@@shdfnd@2@@shdfnd@2@PEBUPxDebugTriangle@2@I@Z 0000000180011b10 f i CctCharacterControllerManager.obj
 0001:00010bf0       ??$resetOrClear@V?$Array@PEBXV?$ReflectionAllocator@PEBX@shdfnd@physx@@@shdfnd@physx@@@@YAXAEAV?$Array@PEBXV?$ReflectionAllocator@PEBX@shdfnd@physx@@@shdfnd@physx@@@Z 0000000180011bf0 f i CctCharacterControllerManager.obj
 0001:00010c50       ??$resetOrClear@V?$Array@UPxExtendedCapsule@physx@@V?$ReflectionAllocator@UPxExtendedCapsule@physx@@@shdfnd@2@@shdfnd@physx@@@@YAXAEAV?$Array@UPxExtendedCapsule@physx@@V?$ReflectionAllocator@UPxExtendedCapsule@physx@@@shdfnd@2@@shdfnd@physx@@@Z 0000000180011c50 f i CctCharacterControllerManager.obj
 0001:00010cc0       ??$resetOrClear@V?$Array@VPxExtendedBox@physx@@V?$ReflectionAllocator@VPxExtendedBox@physx@@@shdfnd@2@@shdfnd@physx@@@@YAXAEAV?$Array@VPxExtendedBox@physx@@V?$ReflectionAllocator@VPxExtendedBox@physx@@@shdfnd@2@@shdfnd@physx@@@Z 0000000180011cc0 f i CctCharacterControllerManager.obj
 0001:00010d10       ??1PxDeletionListener@physx@@MEAA@XZ 0000000180011d10 f i CctCharacterControllerManager.obj
 0001:00010d20       ??1PxRenderBuffer@physx@@UEAA@XZ 0000000180011d20 f i CctCharacterControllerManager.obj
 0001:00010d30       ??1RenderBuffer@Cm@physx@@UEAA@XZ 0000000180011d30 f i CctCharacterControllerManager.obj
 0001:00010e20       ??_ECharacterControllerManager@Cct@physx@@W7EAAPEAXI@Z 0000000180011e20 f i CctCharacterControllerManager.obj
 0001:00010e30       ??_ECharacterControllerManager@Cct@physx@@UEAAPEAXI@Z 0000000180011e30 f i CctCharacterControllerManager.obj
 0001:00010e30       ??_GCharacterControllerManager@Cct@physx@@UEAAPEAXI@Z 0000000180011e30 f i CctCharacterControllerManager.obj
 0001:00010e90       ??_GPxDeletionListener@physx@@MEAAPEAXI@Z 0000000180011e90 f i CctCharacterControllerManager.obj
 0001:00010e90       ??_EPxDeletionListener@physx@@MEAAPEAXI@Z 0000000180011e90 f i CctCharacterControllerManager.obj
 0001:00010ec0       ??_GPxRenderBuffer@physx@@UEAAPEAXI@Z 0000000180011ec0 f i CctCharacterControllerManager.obj
 0001:00010ec0       ??_EPxRenderBuffer@physx@@UEAAPEAXI@Z 0000000180011ec0 f i CctCharacterControllerManager.obj
 0001:00010ef0       ??_ERenderBuffer@Cm@physx@@UEAAPEAXI@Z 0000000180011ef0 f i CctCharacterControllerManager.obj
 0001:00010ef0       ??_GRenderBuffer@Cm@physx@@UEAAPEAXI@Z 0000000180011ef0 f i CctCharacterControllerManager.obj
 0001:000119d0       ?allocate@?$ReflectionAllocator@PEAVController@Cct@physx@@@shdfnd@physx@@QEAAPEAX_KPEBDH@Z 00000001800129d0 f i CctCharacterControllerManager.obj
 0001:00011a70       ?allocate@?$ReflectionAllocator@PEAVObstacleContext@Cct@physx@@@shdfnd@physx@@QEAAPEAX_KPEBDH@Z 0000000180012a70 f i CctCharacterControllerManager.obj
 0001:00011b10       ?allocate@?$ReflectionAllocator@UPxDebugLine@physx@@@shdfnd@physx@@QEAAPEAX_KPEBDH@Z 0000000180012b10 f i CctCharacterControllerManager.obj
 0001:00011bb0       ?allocate@?$ReflectionAllocator@UPxDebugPoint@physx@@@shdfnd@physx@@QEAAPEAX_KPEBDH@Z 0000000180012bb0 f i CctCharacterControllerManager.obj
 0001:00011c50       ?allocate@?$ReflectionAllocator@UPxDebugText@physx@@@shdfnd@physx@@QEAAPEAX_KPEBDH@Z 0000000180012c50 f i CctCharacterControllerManager.obj
 0001:00011cf0       ?allocate@?$ReflectionAllocator@UPxDebugTriangle@physx@@@shdfnd@physx@@QEAAPEAX_KPEBDH@Z 0000000180012cf0 f i CctCharacterControllerManager.obj
 0001:00011d90       ?append@RenderBuffer@Cm@physx@@UEAAXAEBVPxRenderBuffer@3@@Z 0000000180012d90 f i CctCharacterControllerManager.obj
 0001:00011e50       ?clear@RenderBuffer@Cm@physx@@UEAAXXZ 0000000180012e50 f i CctCharacterControllerManager.obj
 0001:00012340       ?copy@?$Array@UPxDebugLine@physx@@V?$ReflectionAllocator@UPxDebugLine@physx@@@shdfnd@2@@shdfnd@physx@@KAXPEAUPxDebugLine@3@0PEBU43@@Z 0000000180013340 f i CctCharacterControllerManager.obj
 0001:000124e0       ?copy@?$Array@UPxDebugPoint@physx@@V?$ReflectionAllocator@UPxDebugPoint@physx@@@shdfnd@2@@shdfnd@physx@@KAXPEAUPxDebugPoint@3@0PEBU43@@Z 00000001800134e0 f i CctCharacterControllerManager.obj
 0001:00012610       ?copy@?$Array@UPxDebugText@physx@@V?$ReflectionAllocator@UPxDebugText@physx@@@shdfnd@2@@shdfnd@physx@@KAXPEAUPxDebugText@3@0PEBU43@@Z 0000000180013610 f i CctCharacterControllerManager.obj
 0001:00012780       ?copy@?$Array@UPxDebugTriangle@physx@@V?$ReflectionAllocator@UPxDebugTriangle@physx@@@shdfnd@2@@shdfnd@physx@@KAXPEAUPxDebugTriangle@3@0PEBU43@@Z 0000000180013780 f i CctCharacterControllerManager.obj
 0001:000129c0       ?create@?$Array@VPxExtendedBox@physx@@V?$ReflectionAllocator@VPxExtendedBox@physx@@@shdfnd@2@@shdfnd@physx@@KAXPEAVPxExtendedBox@3@0AEBV43@@Z 00000001800139c0 f i CctCharacterControllerManager.obj
 0001:00012ba0       ?create@?$HashBase@PEAVPxShape@physx@@PEAV12@U?$Hash@PEAVPxShape@physx@@@shdfnd@2@UGetKey@?$HashSetBase@PEAVPxShape@physx@@U?$Hash@PEAVPxShape@physx@@@shdfnd@2@VNonTrackingAllocator@42@$0A@@internal@42@VNonTrackingAllocator@42@$0A@@internal@shdfnd@physx@@QEAAPEAPEAVPxShape@4@AEBQEAV54@AEA_N@Z 0000000180013ba0 f i CctCharacterControllerManager.obj
 0001:00012d30       ?create@?$HashBase@V?$Pair@QEBVPxBase@physx@@UObservedRefCounter@Cct@2@@shdfnd@physx@@PEBVPxBase@3@U?$Hash@PEBVPxBase@physx@@@23@UGetKey@?$HashMapBase@PEBVPxBase@physx@@UObservedRefCounter@Cct@2@U?$Hash@PEBVPxBase@physx@@@shdfnd@2@VNonTrackingAllocator@62@@internal@23@VNonTrackingAllocator@23@$00@internal@shdfnd@physx@@QEAAPEAV?$Pair@QEBVPxBase@physx@@UObservedRefCounter@Cct@2@@34@AEBQEBVPxBase@4@AEA_N@Z 0000000180013d30 f i CctCharacterControllerManager.obj
 0001:00012ec0       ?erase@?$HashBase@V?$Pair@QEBVPxBase@physx@@UObservedRefCounter@Cct@2@@shdfnd@physx@@PEBVPxBase@3@U?$Hash@PEBVPxBase@physx@@@23@UGetKey@?$HashMapBase@PEBVPxBase@physx@@UObservedRefCounter@Cct@2@U?$Hash@PEBVPxBase@physx@@@shdfnd@2@VNonTrackingAllocator@62@@internal@23@VNonTrackingAllocator@23@$00@internal@shdfnd@physx@@QEAA_NAEBQEBVPxBase@4@@Z 0000000180013ec0 f i CctCharacterControllerManager.obj
 0001:00012fb0       ?find@?$HashBase@V?$Pair@QEBVPxBase@physx@@UObservedRefCounter@Cct@2@@shdfnd@physx@@PEBVPxBase@3@U?$Hash@PEBVPxBase@physx@@@23@UGetKey@?$HashMapBase@PEBVPxBase@physx@@UObservedRefCounter@Cct@2@U?$Hash@PEBVPxBase@physx@@@shdfnd@2@VNonTrackingAllocator@62@@internal@23@VNonTrackingAllocator@23@$00@internal@shdfnd@physx@@QEBAPEBV?$Pair@QEBVPxBase@physx@@UObservedRefCounter@Cct@2@@34@AEBQEBVPxBase@4@@Z 0000000180013fb0 f i CctCharacterControllerManager.obj
 0001:00013170       ?freeListAdd@?$HashBase@PEAVPxShape@physx@@PEAV12@U?$Hash@PEAVPxShape@physx@@@shdfnd@2@UGetKey@?$HashSetBase@PEAVPxShape@physx@@U?$Hash@PEAVPxShape@physx@@@shdfnd@2@VNonTrackingAllocator@42@$0A@@internal@42@VNonTrackingAllocator@42@$0A@@internal@shdfnd@physx@@AEAAXII@Z 0000000180014170 f i CctCharacterControllerManager.obj
 0001:00013270       ?getAllocator@Foundation@shdfnd@physx@@QEAAAEAVPxAllocatorCallback@3@XZ 0000000180014270 f i CctCharacterControllerManager.obj
 0001:00013280       ?getAllocatorCallback@Foundation@shdfnd@physx@@UEAAAEAVPxAllocatorCallback@3@XZ 0000000180014280 f i CctCharacterControllerManager.obj
 0001:00013290       ?getErrorCallback@Foundation@shdfnd@physx@@UEAAAEAVPxErrorCallback@3@XZ 0000000180014290 f i CctCharacterControllerManager.obj
 0001:000132a0       ?getErrorLevel@Foundation@shdfnd@physx@@UEBA?AW4Enum@PxErrorCode@3@XZ 00000001800142a0 f i CctCharacterControllerManager.obj
 0001:000132b0       ?getInternalErrorCallback@Foundation@shdfnd@physx@@QEAAAEAVPxErrorCallback@3@XZ 00000001800142b0 f i CctCharacterControllerManager.obj
 0001:000132c0       ?getLines@RenderBuffer@Cm@physx@@UEBAPEBUPxDebugLine@3@XZ 00000001800142c0 f i CctCharacterControllerManager.obj
 0001:000132d0       ?getNamedAllocMap@Foundation@shdfnd@physx@@QEAAAEAV?$HashMap@PEBVNamedAllocator@shdfnd@physx@@PEBDU?$Hash@PEBVNamedAllocator@shdfnd@physx@@@23@VNonTrackingAllocator@23@@23@XZ 00000001800142d0 f i CctCharacterControllerManager.obj
 0001:000132e0       ?getNamedAllocMutex@Foundation@shdfnd@physx@@QEAAAEAV?$MutexT@VAllocator@shdfnd@physx@@@23@XZ 00000001800142e0 f i CctCharacterControllerManager.obj
 0001:000132f0       ?getNbLines@RenderBuffer@Cm@physx@@UEBAIXZ 00000001800142f0 f i CctCharacterControllerManager.obj
 0001:00013300       ?getNbPoints@RenderBuffer@Cm@physx@@UEBAIXZ 0000000180014300 f i CctCharacterControllerManager.obj
 0001:00013310       ?getNbTexts@RenderBuffer@Cm@physx@@UEBAIXZ 0000000180014310 f i CctCharacterControllerManager.obj
 0001:00013320       ?getNbTriangles@RenderBuffer@Cm@physx@@UEBAIXZ 0000000180014320 f i CctCharacterControllerManager.obj
 0001:00013330       ?getPoints@RenderBuffer@Cm@physx@@UEBAPEBUPxDebugPoint@3@XZ 0000000180014330 f i CctCharacterControllerManager.obj
 0001:00013340       ?getReportAllocationNames@Foundation@shdfnd@physx@@UEBA_NXZ 0000000180014340 f i CctCharacterControllerManager.obj
 0001:00013350       ?getTempAllocFreeTable@Foundation@shdfnd@physx@@QEAAAEAV?$Array@PEATTempAllocatorChunk@shdfnd@physx@@VAllocator@23@@23@XZ 0000000180014350 f i CctCharacterControllerManager.obj
 0001:00013360       ?getTempAllocMutex@Foundation@shdfnd@physx@@QEAAAEAV?$MutexT@VAllocator@shdfnd@physx@@@23@XZ 0000000180014360 f i CctCharacterControllerManager.obj
 0001:00013370       ?getTexts@RenderBuffer@Cm@physx@@UEBAPEBUPxDebugText@3@XZ 0000000180014370 f i CctCharacterControllerManager.obj
 0001:00013380       ?getTriangles@RenderBuffer@Cm@physx@@UEBAPEBUPxDebugTriangle@3@XZ 0000000180014380 f i CctCharacterControllerManager.obj
 0001:00013390       ?growAndPushBack@?$Array@PEAVController@Cct@physx@@V?$ReflectionAllocator@PEAVController@Cct@physx@@@shdfnd@3@@shdfnd@physx@@IEAAAEAPEAVController@Cct@3@AEBQEAV453@@Z 0000000180014390 f i CctCharacterControllerManager.obj
 0001:00013470       ?growAndPushBack@?$Array@PEAVObstacleContext@Cct@physx@@V?$ReflectionAllocator@PEAVObstacleContext@Cct@physx@@@shdfnd@3@@shdfnd@physx@@IEAAAEAPEAVObstacleContext@Cct@3@AEBQEAV453@@Z 0000000180014470 f i CctCharacterControllerManager.obj
 0001:00013550       ?growAndPushBack@?$Array@UPxDebugLine@physx@@V?$ReflectionAllocator@UPxDebugLine@physx@@@shdfnd@2@@shdfnd@physx@@IEAAAEAUPxDebugLine@3@AEBU43@@Z 0000000180014550 f i CctCharacterControllerManager.obj
 0001:00013650       ?growAndPushBack@?$Array@UPxDebugPoint@physx@@V?$ReflectionAllocator@UPxDebugPoint@physx@@@shdfnd@2@@shdfnd@physx@@IEAAAEAUPxDebugPoint@3@AEBU43@@Z 0000000180014650 f i CctCharacterControllerManager.obj
 0001:00013740       ?growAndPushBack@?$Array@UPxDebugText@physx@@V?$ReflectionAllocator@UPxDebugText@physx@@@shdfnd@2@@shdfnd@physx@@IEAAAEAUPxDebugText@3@AEBU43@@Z 0000000180014740 f i CctCharacterControllerManager.obj
 0001:00013840       ?growAndPushBack@?$Array@UPxDebugTriangle@physx@@V?$ReflectionAllocator@UPxDebugTriangle@physx@@@shdfnd@2@@shdfnd@physx@@IEAAAEAUPxDebugTriangle@3@AEBU43@@Z 0000000180014840 f i CctCharacterControllerManager.obj
 0001:00013970       ?recreate@?$Array@PEBXV?$ReflectionAllocator@PEBX@shdfnd@physx@@@shdfnd@physx@@IEAAXI@Z 0000000180014970 f i CctCharacterControllerManager.obj
 0001:00013a20       ?recreate@?$Array@UPxDebugLine@physx@@V?$ReflectionAllocator@UPxDebugLine@physx@@@shdfnd@2@@shdfnd@physx@@IEAAXI@Z 0000000180014a20 f i CctCharacterControllerManager.obj
 0001:00013ab0       ?recreate@?$Array@UPxDebugPoint@physx@@V?$ReflectionAllocator@UPxDebugPoint@physx@@@shdfnd@2@@shdfnd@physx@@IEAAXI@Z 0000000180014ab0 f i CctCharacterControllerManager.obj
 0001:00013b40       ?recreate@?$Array@UPxDebugText@physx@@V?$ReflectionAllocator@UPxDebugText@physx@@@shdfnd@2@@shdfnd@physx@@IEAAXI@Z 0000000180014b40 f i CctCharacterControllerManager.obj
 0001:00013bd0       ?recreate@?$Array@UPxDebugTriangle@physx@@V?$ReflectionAllocator@UPxDebugTriangle@physx@@@shdfnd@2@@shdfnd@physx@@IEAAXI@Z 0000000180014bd0 f i CctCharacterControllerManager.obj
 0001:00013c70       ?recreate@?$Array@UPxExtendedCapsule@physx@@V?$ReflectionAllocator@UPxExtendedCapsule@physx@@@shdfnd@2@@shdfnd@physx@@IEAAXI@Z 0000000180014c70 f i CctCharacterControllerManager.obj
 0001:00013d30       ?recreate@?$Array@VPxExtendedBox@physx@@V?$ReflectionAllocator@VPxExtendedBox@physx@@@shdfnd@2@@shdfnd@physx@@IEAAXI@Z 0000000180014d30 f i CctCharacterControllerManager.obj
 0001:00013dd0       ?replaceWithLast@?$HashBase@V?$Pair@QEBVPxBase@physx@@UObservedRefCounter@Cct@2@@shdfnd@physx@@PEBVPxBase@3@U?$Hash@PEBVPxBase@physx@@@23@UGetKey@?$HashMapBase@PEBVPxBase@physx@@UObservedRefCounter@Cct@2@U?$Hash@PEBVPxBase@physx@@@shdfnd@2@VNonTrackingAllocator@62@@internal@23@VNonTrackingAllocator@23@$00@internal@shdfnd@physx@@AEAAXI@Z 0000000180014dd0 f i CctCharacterControllerManager.obj
 0001:00013ed0       ?reserveInternal@?$HashBase@PEAVPxShape@physx@@PEAV12@U?$Hash@PEAVPxShape@physx@@@shdfnd@2@UGetKey@?$HashSetBase@PEAVPxShape@physx@@U?$Hash@PEAVPxShape@physx@@@shdfnd@2@VNonTrackingAllocator@42@$0A@@internal@42@VNonTrackingAllocator@42@$0A@@internal@shdfnd@physx@@AEAAXI@Z 0000000180014ed0 f i CctCharacterControllerManager.obj
 0001:000141b0       ?reserveInternal@?$HashBase@V?$Pair@QEBVPxBase@physx@@UObservedRefCounter@Cct@2@@shdfnd@physx@@PEBVPxBase@3@U?$Hash@PEBVPxBase@physx@@@23@UGetKey@?$HashMapBase@PEBVPxBase@physx@@UObservedRefCounter@Cct@2@U?$Hash@PEBVPxBase@physx@@@shdfnd@2@VNonTrackingAllocator@62@@internal@23@VNonTrackingAllocator@23@$00@internal@shdfnd@physx@@AEAAXI@Z 00000001800151b0 f i CctCharacterControllerManager.obj
 0001:000143a0       ?resize@?$Array@PEBXV?$ReflectionAllocator@PEBX@shdfnd@physx@@@shdfnd@physx@@QEAAXIAEBQEBX@Z 00000001800153a0 f i CctCharacterControllerManager.obj
 0001:00014410       ?resize@?$Array@UPxExtendedCapsule@physx@@V?$ReflectionAllocator@UPxExtendedCapsule@physx@@@shdfnd@2@@shdfnd@physx@@QEAAXIAEBUPxExtendedCapsule@3@@Z 0000000180015410 f i CctCharacterControllerManager.obj
 0001:000144a0       ?resize@?$Array@VPxExtendedBox@physx@@V?$ReflectionAllocator@VPxExtendedBox@physx@@@shdfnd@2@@shdfnd@physx@@QEAAXIAEBVPxExtendedBox@3@@Z 00000001800154a0 f i CctCharacterControllerManager.obj
 0001:00014500       ?setErrorLevel@Foundation@shdfnd@physx@@UEAAXW4Enum@PxErrorCode@3@@Z 0000000180015500 f i CctCharacterControllerManager.obj
 0001:00014510       ?setReportAllocationNames@Foundation@shdfnd@physx@@UEAAX_N@Z 0000000180015510 f i CctCharacterControllerManager.obj
 0001:00014520       ?shift@RenderBuffer@Cm@physx@@QEAAXAEBVPxVec3@3@@Z 0000000180015520 f i CctCharacterControllerManager.obj
 0001:00014710       ??0Controller@Cct@physx@@QEAA@AEBVPxControllerDesc@2@PEAVPxScene@2@@Z 0000000180015710 f   CctController.obj
 0001:000148f0       ??1Controller@Cct@physx@@UEAA@XZ 00000001800158f0 f   CctController.obj
 0001:00014970       ?releaseInternal@Controller@Cct@physx@@QEAAXXZ 0000000180015970 f   CctController.obj
 0001:000149a0       ?getInternalState@Controller@Cct@physx@@QEBAXAEAUPxControllerState@3@@Z 00000001800159a0 f   CctController.obj
 0001:00014a70       ?getInternalStats@Controller@Cct@physx@@QEBAXAEAUPxControllerStats@3@@Z 0000000180015a70 f   CctController.obj
 0001:00014ab0       ?onOriginShift@Controller@Cct@physx@@QEAAXAEBVPxVec3@3@@Z 0000000180015ab0 f   CctController.obj
 0001:00014b80       ?onRelease@Controller@Cct@physx@@QEAAXAEBVPxBase@3@@Z 0000000180015b80 f   CctController.obj
 0001:00014b90       ?setUpDirectionInternal@Controller@Cct@physx@@IEAAXAEBVPxVec3@3@@Z 0000000180015b90 f   CctController.obj
 0001:00014c20       ?getKineShape@Controller@Cct@physx@@IEBAPEAVPxShape@3@XZ 0000000180015c20 f   CctController.obj
 0001:00014c60       ?createProxyActor@Controller@Cct@physx@@IEAA_NAEAVPxPhysics@3@AEBVPxGeometry@3@AEBVPxMaterial@3@@Z 0000000180015c60 f   CctController.obj
 0001:00014da0       ?setPos@Controller@Cct@physx@@IEAA_NAEBUPxExtendedVec3@3@@Z 0000000180015da0 f   CctController.obj
 0001:00014e40       ??_EController@Cct@physx@@UEAAPEAXI@Z 0000000180015e40 f i CctController.obj
 0001:00014e40       ??_GController@Cct@physx@@UEAAPEAXI@Z 0000000180015e40 f i CctController.obj
 0001:00014ea0       ??0HandleManager@Cct@physx@@QEAA@XZ 0000000180015ea0 f   CctObstacleContext.obj
 0001:00014ff0       ??1HandleManager@Cct@physx@@QEAA@XZ 0000000180015ff0 f   CctObstacleContext.obj
 0001:00015020       ?Add@HandleManager@Cct@physx@@QEAAIPEAX@Z 0000000180016020 f   CctObstacleContext.obj
 0001:000152a0       ?Remove@HandleManager@Cct@physx@@QEAAXI@Z 00000001800162a0 f   CctObstacleContext.obj
 0001:00015380       ?GetObject@HandleManager@Cct@physx@@QEBAPEAXI@Z 0000000180016380 f   CctObstacleContext.obj
 0001:000153e0       ?UpdateObject@HandleManager@Cct@physx@@QEAA_NIPEAX@Z 00000001800163e0 f   CctObstacleContext.obj
 0001:00015440       ?SetupLists@HandleManager@Cct@physx@@AEAA_NPEAPEAXPEAG11@Z 0000000180016440 f   CctObstacleContext.obj
 0001:00015520       ??0ObstacleContext@Cct@physx@@QEAA@AEAVCharacterControllerManager@12@@Z 0000000180016520 f   CctObstacleContext.obj
 0001:00015570       ??1ObstacleContext@Cct@physx@@UEAA@XZ 0000000180016570 f   CctObstacleContext.obj
 0001:00015610       ?release@ObstacleContext@Cct@physx@@UEAAXXZ 0000000180016610 f   CctObstacleContext.obj
 0001:00015630       ?getControllerManager@ObstacleContext@Cct@physx@@UEBAAEAVPxControllerManager@3@XZ 0000000180016630 f   CctObstacleContext.obj
 0001:00015640       ?addObstacle@ObstacleContext@Cct@physx@@UEAAIAEBVPxObstacle@3@@Z 0000000180016640 f   CctObstacleContext.obj
 0001:000158b0       ?removeObstacle@ObstacleContext@Cct@physx@@UEAA_NI@Z 00000001800168b0 f   CctObstacleContext.obj
 0001:00015af0       ?updateObstacle@ObstacleContext@Cct@physx@@UEAA_NIAEBVPxObstacle@3@@Z 0000000180016af0 f   CctObstacleContext.obj
 0001:00015c80       ?getNbObstacles@ObstacleContext@Cct@physx@@UEBAIXZ 0000000180016c80 f   CctObstacleContext.obj
 0001:00015c90       ?getObstacle@ObstacleContext@Cct@physx@@UEBAPEBVPxObstacle@3@I@Z 0000000180016c90 f   CctObstacleContext.obj
 0001:00015ce0       ?getObstacleByHandle@ObstacleContext@Cct@physx@@UEBAPEBVPxObstacle@3@I@Z 0000000180016ce0 f   CctObstacleContext.obj
 0001:00015d80       ?raycastSingle@ObstacleContext@Cct@physx@@QEBAPEBVPxObstacle@3@AEAUPxRaycastHit@3@AEBVPxVec3@3@1MAEAI@Z 0000000180016d80 f   CctObstacleContext.obj
 0001:000160a0       ?raycastSingle@ObstacleContext@Cct@physx@@QEBAPEBVPxObstacle@3@AEAUPxRaycastHit@3@AEBIAEBVPxVec3@3@2M@Z 00000001800170a0 f   CctObstacleContext.obj
 0001:000162b0       ?onOriginShift@ObstacleContext@Cct@physx@@QEAAXAEBVPxVec3@3@@Z 00000001800172b0 f   CctObstacleContext.obj
 0001:00016390       ??1PxObstacleContext@physx@@UEAA@XZ 0000000180017390 f i CctObstacleContext.obj
 0001:000163a0       ??_EObstacleContext@Cct@physx@@UEAAPEAXI@Z 00000001800173a0 f i CctObstacleContext.obj
 0001:000163a0       ??_GObstacleContext@Cct@physx@@UEAAPEAXI@Z 00000001800173a0 f i CctObstacleContext.obj
 0001:00016400       ??_EPxObstacleContext@physx@@UEAAPEAXI@Z 0000000180017400 f i CctObstacleContext.obj
 0001:00016400       ??_GPxObstacleContext@physx@@UEAAPEAXI@Z 0000000180017400 f i CctObstacleContext.obj
 0001:00016430       ?allocate@?$ReflectionAllocator@UInternalBoxObstacle@ObstacleContext@Cct@physx@@@shdfnd@physx@@QEAAPEAX_KPEBDH@Z 0000000180017430 f i CctObstacleContext.obj
 0001:000164d0       ?allocate@?$ReflectionAllocator@UInternalCapsuleObstacle@ObstacleContext@Cct@physx@@@shdfnd@physx@@QEAAPEAX_KPEBDH@Z 00000001800174d0 f i CctObstacleContext.obj
 0001:00016570       ?copy@?$Array@UInternalBoxObstacle@ObstacleContext@Cct@physx@@V?$ReflectionAllocator@UInternalBoxObstacle@ObstacleContext@Cct@physx@@@shdfnd@4@@shdfnd@physx@@KAXPEAUInternalBoxObstacle@ObstacleContext@Cct@3@0PEBU4563@@Z 0000000180017570 f i CctObstacleContext.obj
 0001:00016820       ?copy@?$Array@UInternalCapsuleObstacle@ObstacleContext@Cct@physx@@V?$ReflectionAllocator@UInternalCapsuleObstacle@ObstacleContext@Cct@physx@@@shdfnd@4@@shdfnd@physx@@KAXPEAUInternalCapsuleObstacle@ObstacleContext@Cct@3@0PEBU4563@@Z 0000000180017820 f i CctObstacleContext.obj
 0001:00016aa0       ?growAndPushBack@?$Array@UInternalBoxObstacle@ObstacleContext@Cct@physx@@V?$ReflectionAllocator@UInternalBoxObstacle@ObstacleContext@Cct@physx@@@shdfnd@4@@shdfnd@physx@@IEAAAEAUInternalBoxObstacle@ObstacleContext@Cct@3@AEBU4563@@Z 0000000180017aa0 f i CctObstacleContext.obj
 0001:00016bd0       ?growAndPushBack@?$Array@UInternalCapsuleObstacle@ObstacleContext@Cct@physx@@V?$ReflectionAllocator@UInternalCapsuleObstacle@ObstacleContext@Cct@physx@@@shdfnd@4@@shdfnd@physx@@IEAAAEAUInternalCapsuleObstacle@ObstacleContext@Cct@3@AEBU4563@@Z 0000000180017bd0 f i CctObstacleContext.obj
 0001:00016d00       ?replaceWithLast@?$Array@UInternalCapsuleObstacle@ObstacleContext@Cct@physx@@V?$ReflectionAllocator@UInternalCapsuleObstacle@ObstacleContext@Cct@physx@@@shdfnd@4@@shdfnd@physx@@QEAAXI@Z 0000000180017d00 f i CctObstacleContext.obj
 0001:00016d90       ??0SweptBox@Cct@physx@@QEAA@XZ 0000000180017d90 f   CctSweptBox.obj
 0001:00016dc0       ??1SweptBox@Cct@physx@@UEAA@XZ 0000000180017dc0 f   CctSweptBox.obj
 0001:00016de0       ?computeTemporalBox@SweptBox@Cct@physx@@UEBAXAEBVSweepTest@23@AEAUPxExtendedBounds3@3@AEBUPxExtendedVec3@3@AEBVPxVec3@3@@Z 0000000180017de0 f   CctSweptBox.obj
 0001:00016e40       ??_GSweptBox@Cct@physx@@UEAAPEAXI@Z 0000000180017e40 f i CctSweptBox.obj
 0001:00016e40       ??_ESweptBox@Cct@physx@@UEAAPEAXI@Z 0000000180017e40 f i CctSweptBox.obj
 0001:00016e80       ??0SweptCapsule@Cct@physx@@QEAA@XZ 0000000180017e80 f   CctSweptCapsule.obj
 0001:00016eb0       ??1SweptCapsule@Cct@physx@@UEAA@XZ 0000000180017eb0 f   CctSweptCapsule.obj
 0001:00016ed0       ?computeTemporalBox@SweptCapsule@Cct@physx@@UEBAXAEBVSweepTest@23@AEAUPxExtendedBounds3@3@AEBUPxExtendedVec3@3@AEBVPxVec3@3@@Z 0000000180017ed0 f   CctSweptCapsule.obj
 0001:00016f20       ??_ESweptCapsule@Cct@physx@@UEAAPEAXI@Z 0000000180017f20 f i CctSweptCapsule.obj
 0001:00016f20       ??_GSweptCapsule@Cct@physx@@UEAAPEAXI@Z 0000000180017f20 f i CctSweptCapsule.obj
 0001:00016f60       ??0SweptVolume@Cct@physx@@QEAA@XZ 0000000180017f60 f   CctSweptVolume.obj
 0001:00016f80       ??1SweptVolume@Cct@physx@@UEAA@XZ 0000000180017f80 f   CctSweptVolume.obj
 0001:00016fa0       ?computeTemporalBox@Cct@physx@@YAXAEAUPxExtendedBounds3@2@MMMMAEBVPxVec3@2@AEBUPxExtendedVec3@2@1@Z 0000000180017fa0 f   CctSweptVolume.obj
 0001:00017430       ??_ESweptVolume@Cct@physx@@UEAAPEAXI@Z 0000000180018430 f i CctSweptVolume.obj
 0001:00017430       ??_GSweptVolume@Cct@physx@@UEAAPEAXI@Z 0000000180018430 f i CctSweptVolume.obj
 0001:00017460       ??0PxMeshOverlapUtil@physx@@QEAA@XZ 0000000180018460 f   PhysX3Extensions:ExtTriangleMeshExt.obj
 0001:00017490       ??1PxMeshOverlapUtil@physx@@QEAA@XZ 0000000180018490 f   PhysX3Extensions:ExtTriangleMeshExt.obj
 0001:000174d0       ?findOverlap@PxMeshOverlapUtil@physx@@QEAAIAEBVPxGeometry@2@AEBVPxTransform@2@AEBVPxTriangleMeshGeometry@2@1@Z 00000001800184d0 f   PhysX3Extensions:ExtTriangleMeshExt.obj
 0001:00017630       ?findOverlap@PxMeshOverlapUtil@physx@@QEAAIAEBVPxGeometry@2@AEBVPxTransform@2@AEBVPxHeightFieldGeometry@2@1@Z 0000000180018630 f   PhysX3Extensions:ExtTriangleMeshExt.obj
 0001:00017760       ?PxComputeMeshPenetration@physx@@YA?AVPxVec3@1@IAEBVPxGeometry@1@AEBVPxTransform@1@AEBVPxTriangleMeshGeometry@1@1AEAI@Z 0000000180018760 f   PhysX3Extensions:ExtTriangleMeshExt.obj
 0001:000177f0       ?PxComputeTriangleMeshPenetration@physx@@YA_NAEAVPxVec3@1@AEAMAEBVPxGeometry@1@AEBVPxTransform@1@AEBVPxTriangleMeshGeometry@1@3IPEAI@Z 00000001800187f0 f   PhysX3Extensions:ExtTriangleMeshExt.obj
 0001:00017800       ?PxComputeHeightFieldPenetration@physx@@YA?AVPxVec3@1@IAEBVPxGeometry@1@AEBVPxTransform@1@AEBVPxHeightFieldGeometry@1@1AEAI@Z 0000000180018800 f   PhysX3Extensions:ExtTriangleMeshExt.obj
 0001:00017890       ?PxComputeHeightFieldPenetration@physx@@YA_NAEAVPxVec3@1@AEAMAEBVPxGeometry@1@AEBVPxTransform@1@AEBVPxHeightFieldGeometry@1@3IPEAI@Z 0000000180018890 f   PhysX3Extensions:ExtTriangleMeshExt.obj
 0001:00017c40       ?updateMassAndInertia@PxRigidBodyExt@physx@@SA_NAEAVPxRigidBody@2@PEBMIPEBVPxVec3@2@_N@Z 0000000180018c40 f   PhysX3Extensions:ExtRigidBodyExt.obj
 0001:00017c70       ?updateMassAndInertia@PxRigidBodyExt@physx@@SA_NAEAVPxRigidBody@2@MPEBVPxVec3@2@_N@Z 0000000180018c70 f   PhysX3Extensions:ExtRigidBodyExt.obj
 0001:00017cb0       ?setMassAndUpdateInertia@PxRigidBodyExt@physx@@SA_NAEAVPxRigidBody@2@PEBMIPEBVPxVec3@2@_N@Z 0000000180018cb0 f   PhysX3Extensions:ExtRigidBodyExt.obj
 0001:00017ce0       ?setMassAndUpdateInertia@PxRigidBodyExt@physx@@SA_NAEAVPxRigidBody@2@MPEBVPxVec3@2@_N@Z 0000000180018ce0 f   PhysX3Extensions:ExtRigidBodyExt.obj
 0001:00017d20       ?computeMassPropertiesFromShapes@PxRigidBodyExt@physx@@SA?AVPxMassProperties@2@PEBQEBVPxShape@2@I@Z 0000000180018d20 f   PhysX3Extensions:ExtRigidBodyExt.obj
 0001:00017fb0       ?addForceAtPos@PxRigidBodyExt@physx@@SAXAEAVPxRigidBody@2@AEBVPxVec3@2@1W4Enum@PxForceMode@2@_N@Z 0000000180018fb0 f   PhysX3Extensions:ExtRigidBodyExt.obj
 0001:00017fd0       ?addForceAtLocalPos@PxRigidBodyExt@physx@@SAXAEAVPxRigidBody@2@AEBVPxVec3@2@1W4Enum@PxForceMode@2@_N@Z 0000000180018fd0 f   PhysX3Extensions:ExtRigidBodyExt.obj
 0001:000181a0       ?addLocalForceAtPos@PxRigidBodyExt@physx@@SAXAEAVPxRigidBody@2@AEBVPxVec3@2@1W4Enum@PxForceMode@2@_N@Z 00000001800191a0 f   PhysX3Extensions:ExtRigidBodyExt.obj
 0001:00018360       ?addLocalForceAtLocalPos@PxRigidBodyExt@physx@@SAXAEAVPxRigidBody@2@AEBVPxVec3@2@1W4Enum@PxForceMode@2@_N@Z 0000000180019360 f   PhysX3Extensions:ExtRigidBodyExt.obj
 0001:00018630       ?getVelocityAtPos@PxRigidBodyExt@physx@@SA?AVPxVec3@2@AEBVPxRigidBody@2@AEBV32@@Z 0000000180019630 f   PhysX3Extensions:ExtRigidBodyExt.obj
 0001:00018830       ?getLocalVelocityAtLocalPos@PxRigidBodyExt@physx@@SA?AVPxVec3@2@AEBVPxRigidBody@2@AEBV32@@Z 0000000180019830 f   PhysX3Extensions:ExtRigidBodyExt.obj
 0001:00018b50       ?getVelocityAtOffset@PxRigidBodyExt@physx@@SA?AVPxVec3@2@AEBVPxRigidBody@2@AEBV32@@Z 0000000180019b50 f   PhysX3Extensions:ExtRigidBodyExt.obj
 0001:00018d30       ?linearSweepSingle@PxRigidBodyExt@physx@@SA_NAEAVPxRigidBody@2@AEAVPxScene@2@AEBVPxVec3@2@MV?$PxFlags@W4Enum@PxHitFlag@physx@@G@2@AEAUPxSweepHit@2@AEAIAEBUPxQueryFilterData@2@PEAVPxQueryFilterCallback@2@PEBUPxQueryCache@2@M@Z 0000000180019d30 f   PhysX3Extensions:ExtRigidBodyExt.obj
 0001:00018fe0       ?linearSweepMultiple@PxRigidBodyExt@physx@@SAIAEAVPxRigidBody@2@AEAVPxScene@2@AEBVPxVec3@2@MV?$PxFlags@W4Enum@PxHitFlag@physx@@G@2@PEAUPxSweepHit@2@PEAIIAEAU72@AEAHAEA_NAEBUPxQueryFilterData@2@PEAVPxQueryFilterCallback@2@PEBUPxQueryCache@2@M@Z 0000000180019fe0 f   PhysX3Extensions:ExtRigidBodyExt.obj
 0001:00019610       ?computeVelocityDeltaFromImpulse@PxRigidBodyExt@physx@@SAXAEBVPxRigidBody@2@AEBVPxVec3@2@1AEAV42@2@Z 000000018001a610 f   PhysX3Extensions:ExtRigidBodyExt.obj
 0001:000199e0       ?computeVelocityDeltaFromImpulse@PxRigidBodyExt@physx@@SAXAEBVPxRigidBody@2@AEBVPxTransform@2@AEBVPxVec3@2@2MMAEAV52@3@Z 000000018001a9e0 f   PhysX3Extensions:ExtRigidBodyExt.obj
 0001:00019e30       ?computeLinearAngularImpulse@PxRigidBodyExt@physx@@SAXAEBVPxRigidBody@2@AEBVPxTransform@2@AEBVPxVec3@2@2MMAEAV52@3@Z 000000018001ae30 f   PhysX3Extensions:ExtRigidBodyExt.obj
 0001:0001a080       ??0InertiaTensorComputer@Ext@physx@@QEAA@_N@Z 000000018001b080 f   PhysX3Extensions:ExtRigidBodyExt.obj
 0001:0001a0b0       ??0InertiaTensorComputer@Ext@physx@@QEAA@AEBVPxMat33@2@AEBVPxVec3@2@M@Z 000000018001b0b0 f   PhysX3Extensions:ExtRigidBodyExt.obj
 0001:0001a110       ??1InertiaTensorComputer@Ext@physx@@QEAA@XZ 000000018001b110 f   PhysX3Extensions:ExtRigidBodyExt.obj
 0001:0001a120       ?translate@InertiaTensorComputer@Ext@physx@@QEAAXAEBVPxVec3@3@@Z 000000018001b120 f   PhysX3Extensions:ExtRigidBodyExt.obj
 0001:0001a700       ?setBox@InertiaTensorComputer@Ext@physx@@QEAAXAEBVPxVec3@3@@Z 000000018001b700 f   PhysX3Extensions:ExtRigidBodyExt.obj
 0001:0001a7a0       ?setSphere@InertiaTensorComputer@Ext@physx@@QEAAXM@Z 000000018001b7a0 f   PhysX3Extensions:ExtRigidBodyExt.obj
 0001:0001a800       ?setCylinder@InertiaTensorComputer@Ext@physx@@QEAAXHMM@Z 000000018001b800 f   PhysX3Extensions:ExtRigidBodyExt.obj
 0001:0001a8d0       ?setCapsule@InertiaTensorComputer@Ext@physx@@QEAAXHMM@Z 000000018001b8d0 f   PhysX3Extensions:ExtRigidBodyExt.obj
 0001:0001aa00       ?setEllipsoid@InertiaTensorComputer@Ext@physx@@QEAAXMMM@Z 000000018001ba00 f   PhysX3Extensions:ExtRigidBodyExt.obj
 0001:0001aaa0       ?computeSphereMass@Ext@physx@@YAMMM@Z 000000018001baa0 f   PhysX3Extensions:ExtRigidBodyExt.obj
 0001:0001aad0       ?computeSphereDensity@Ext@physx@@YAMMM@Z 000000018001bad0 f   PhysX3Extensions:ExtRigidBodyExt.obj
 0001:0001ab00       ?computeBoxMass@Ext@physx@@YAMAEBVPxVec3@2@M@Z 000000018001bb00 f   PhysX3Extensions:ExtRigidBodyExt.obj
 0001:0001ab50       ?computeBoxDensity@Ext@physx@@YAMAEBVPxVec3@2@M@Z 000000018001bb50 f   PhysX3Extensions:ExtRigidBodyExt.obj
 0001:0001aba0       ?computeEllipsoidMass@Ext@physx@@YAMAEBVPxVec3@2@M@Z 000000018001bba0 f   PhysX3Extensions:ExtRigidBodyExt.obj
 0001:0001abf0       ?computeEllipsoidDensity@Ext@physx@@YAMAEBVPxVec3@2@M@Z 000000018001bbf0 f   PhysX3Extensions:ExtRigidBodyExt.obj
 0001:0001ac40       ?computeCylinderMass@Ext@physx@@YAMMMM@Z 000000018001bc40 f   PhysX3Extensions:ExtRigidBodyExt.obj
 0001:0001ac70       ?computeCylinderDensity@Ext@physx@@YAMMMM@Z 000000018001bc70 f   PhysX3Extensions:ExtRigidBodyExt.obj
 0001:0001aca0       ?computeCapsuleMass@Ext@physx@@YAMMMM@Z 000000018001bca0 f   PhysX3Extensions:ExtRigidBodyExt.obj
 0001:0001ace0       ?computeCapsuleDensity@Ext@physx@@YAMMMM@Z 000000018001bce0 f   PhysX3Extensions:ExtRigidBodyExt.obj
 0001:0001ad20       ?computeConeMass@Ext@physx@@YAMMMM@Z 000000018001bd20 f   PhysX3Extensions:ExtRigidBodyExt.obj
 0001:0001ad50       ?computeConeDensity@Ext@physx@@YAMMMM@Z 000000018001bd50 f   PhysX3Extensions:ExtRigidBodyExt.obj
 0001:0001ad90       ?computeBoxInertiaTensor@Ext@physx@@YAXAEAVPxVec3@2@MMMM@Z 000000018001bd90 f   PhysX3Extensions:ExtRigidBodyExt.obj
 0001:0001ade0       ?computeSphereInertiaTensor@Ext@physx@@YAXAEAVPxVec3@2@MM_N@Z 000000018001bde0 f   PhysX3Extensions:ExtRigidBodyExt.obj
 0001:0001ae30       ??0PxMassProperties@physx@@QEAA@AEBVPxGeometry@1@@Z 000000018001be30 f i PhysX3Extensions:ExtRigidBodyExt.obj
 0001:0001b490       ??1?$PxHitBuffer@UPxSweepHit@physx@@@physx@@UEAA@XZ 000000018001c490 f i PhysX3Extensions:ExtRigidBodyExt.obj
 0001:0001b4a0       ??1?$PxHitCallback@UPxSweepHit@physx@@@physx@@UEAA@XZ 000000018001c4a0 f i PhysX3Extensions:ExtRigidBodyExt.obj
 0001:0001b4b0       ??_G?$PxHitBuffer@UPxSweepHit@physx@@@physx@@UEAAPEAXI@Z 000000018001c4b0 f i PhysX3Extensions:ExtRigidBodyExt.obj
 0001:0001b4b0       ??_E?$PxHitBuffer@UPxSweepHit@physx@@@physx@@UEAAPEAXI@Z 000000018001c4b0 f i PhysX3Extensions:ExtRigidBodyExt.obj
 0001:0001b4e0       ??_E?$PxHitCallback@UPxSweepHit@physx@@@physx@@UEAAPEAXI@Z 000000018001c4e0 f i PhysX3Extensions:ExtRigidBodyExt.obj
 0001:0001b4e0       ??_G?$PxHitCallback@UPxSweepHit@physx@@@physx@@UEAAPEAXI@Z 000000018001c4e0 f i PhysX3Extensions:ExtRigidBodyExt.obj
 0001:0001b510       ?addForceAtPosInternal@@YAXAEAVPxRigidBody@physx@@AEBVPxVec3@2@1W4Enum@PxForceMode@2@_N@Z 000000018001c510 f i PhysX3Extensions:ExtRigidBodyExt.obj
 0001:0001b7c0       ?allocate@?$ReflectionAllocator@PEAVPxShape@physx@@@shdfnd@physx@@QEAAPEAX_KPEBDH@Z 000000018001c7c0 f i PhysX3Extensions:ExtRigidBodyExt.obj
 0001:0001b860       ?allocate@?$ReflectionAllocator@VPxMassProperties@physx@@@shdfnd@physx@@QEAAPEAX_KPEBDH@Z 000000018001c860 f i PhysX3Extensions:ExtRigidBodyExt.obj
 0001:0001b900       ?allocate@?$ReflectionAllocator@VPxTransform@physx@@@shdfnd@physx@@QEAAPEAX_KPEBDH@Z 000000018001c900 f i PhysX3Extensions:ExtRigidBodyExt.obj
 0001:0001cbc0       ?copy@?$Array@VPxMassProperties@physx@@V?$InlineAllocator@$0DEA@V?$ReflectionAllocator@VPxMassProperties@physx@@@shdfnd@physx@@@shdfnd@2@@shdfnd@physx@@KAXPEAVPxMassProperties@3@0PEBV43@@Z 000000018001dbc0 f i PhysX3Extensions:ExtRigidBodyExt.obj
 0001:0001ce10       ?copy@?$Array@VPxTransform@physx@@V?$InlineAllocator@$0BMA@V?$ReflectionAllocator@VPxTransform@physx@@@shdfnd@physx@@@shdfnd@2@@shdfnd@physx@@KAXPEAVPxTransform@3@0PEBV43@@Z 000000018001de10 f i PhysX3Extensions:ExtRigidBodyExt.obj
 0001:0001cfb0       ?finalizeQuery@?$PxHitCallback@UPxSweepHit@physx@@@physx@@UEAAXXZ 000000018001dfb0 f i PhysX3Extensions:ExtRigidBodyExt.obj
 0001:0001cfc0       ?getVelocityAtPosInternal@@YA?AVPxVec3@physx@@AEBVPxRigidBody@2@AEBV12@@Z 000000018001dfc0 f i PhysX3Extensions:ExtRigidBodyExt.obj
 0001:0001d090       ?growAndPushBack@?$Array@VPxMassProperties@physx@@V?$InlineAllocator@$0DEA@V?$ReflectionAllocator@VPxMassProperties@physx@@@shdfnd@physx@@@shdfnd@2@@shdfnd@physx@@IEAAAEAVPxMassProperties@3@AEBV43@@Z 000000018001e090 f i PhysX3Extensions:ExtRigidBodyExt.obj
 0001:0001d200       ?growAndPushBack@?$Array@VPxTransform@physx@@V?$InlineAllocator@$0BMA@V?$ReflectionAllocator@VPxTransform@physx@@@shdfnd@physx@@@shdfnd@2@@shdfnd@physx@@IEAAAEAVPxTransform@3@AEBV43@@Z 000000018001e200 f i PhysX3Extensions:ExtRigidBodyExt.obj
 0001:0001d340       ?processTouches@?$PxHitBuffer@UPxSweepHit@physx@@@physx@@MEAA_NPEBUPxSweepHit@2@I@Z 000000018001e340 f i PhysX3Extensions:ExtRigidBodyExt.obj
 0001:0001d350       ?recreate@?$Array@PEAVPxShape@physx@@V?$InlineAllocator@$0IA@V?$ReflectionAllocator@PEAVPxShape@physx@@@shdfnd@physx@@@shdfnd@2@@shdfnd@physx@@IEAAXI@Z 000000018001e350 f i PhysX3Extensions:ExtRigidBodyExt.obj
 0001:0001d440       ?recreate@?$Array@VPxMassProperties@physx@@V?$InlineAllocator@$0DEA@V?$ReflectionAllocator@VPxMassProperties@physx@@@shdfnd@physx@@@shdfnd@2@@shdfnd@physx@@IEAAXI@Z 000000018001e440 f i PhysX3Extensions:ExtRigidBodyExt.obj
 0001:0001d510       ?recreate@?$Array@VPxTransform@physx@@V?$InlineAllocator@$0BMA@V?$ReflectionAllocator@VPxTransform@physx@@@shdfnd@physx@@@shdfnd@2@@shdfnd@physx@@IEAAXI@Z 000000018001e510 f i PhysX3Extensions:ExtRigidBodyExt.obj
 0001:0001d5e0       ?resize@?$Array@PEAVPxShape@physx@@V?$InlineAllocator@$0IA@V?$ReflectionAllocator@PEAVPxShape@physx@@@shdfnd@physx@@@shdfnd@2@@shdfnd@physx@@QEAAXIAEBQEAVPxShape@3@@Z 000000018001e5e0 f i PhysX3Extensions:ExtRigidBodyExt.obj
 0001:0001d650       ?rotate@InertiaTensorComputer@Ext@physx@@QEAAXAEBVPxMat33@3@@Z 000000018001e650 f i PhysX3Extensions:ExtRigidBodyExt.obj
 0001:0001da80       ?scaleInertia@PxMassProperties@physx@@SA?AVPxMat33@2@AEBV32@AEBVPxQuat@2@AEBVPxVec3@2@@Z 000000018001ea80 f i PhysX3Extensions:ExtRigidBodyExt.obj
 0001:0001e5f0       ?sum@PxMassProperties@physx@@SA?AV12@PEBV12@PEBVPxTransform@2@I@Z 000000018001f5f0 f i PhysX3Extensions:ExtRigidBodyExt.obj
 0001:0001f130       ?transform@InertiaTensorComputer@Ext@physx@@QEAAXAEBVPxTransform@3@@Z 0000000180020130 f i PhysX3Extensions:ExtRigidBodyExt.obj
 0001:0001f2b0       ?transformFast@PxBounds3@physx@@SA?AV12@AEBVPxTransform@2@AEBV12@@Z 00000001800202b0 f i PhysX3Extensions:ExtRigidBodyExt.obj
 0001:0001f6d0       ?transformInertiaTensor@Cm@physx@@YAXAEBVPxVec3@2@AEBVPxMat33@2@AEAV42@@Z 00000001800206d0 f i PhysX3Extensions:ExtRigidBodyExt.obj
 0001:0001fa60       ?getAllocator@shdfnd@physx@@YAAEAVPxAllocatorCallback@2@XZ 0000000180020a60 f   PxFoundation_x64:PxFoundation_x64.dll
 0001:0001fa66       ?lock@MutexImpl@shdfnd@physx@@QEAAXXZ 0000000180020a66 f   PxFoundation_x64:PxFoundation_x64.dll
 0001:0001fa6c       ?unlock@MutexImpl@shdfnd@physx@@QEAAXXZ 0000000180020a6c f   PxFoundation_x64:PxFoundation_x64.dll
 0001:0001fa72       PxGetFoundation            0000000180020a72 f   PxFoundation_x64:PxFoundation_x64.dll
 0001:0001fa78       ??0MutexImpl@shdfnd@physx@@QEAA@XZ 0000000180020a78 f   PxFoundation_x64:PxFoundation_x64.dll
 0001:0001fa7e       ??1MutexImpl@shdfnd@physx@@QEAA@XZ 0000000180020a7e f   PxFoundation_x64:PxFoundation_x64.dll
 0001:0001fa84       ?getSize@MutexImpl@shdfnd@physx@@SAIXZ 0000000180020a84 f   PxFoundation_x64:PxFoundation_x64.dll
 0001:0001fa8a       ?getInstance@Foundation@shdfnd@physx@@SAAEAV123@XZ 0000000180020a8a f   PxFoundation_x64:PxFoundation_x64.dll
 0001:0001fa90       ?incRefCount@Foundation@shdfnd@physx@@SAXXZ 0000000180020a90 f   PxFoundation_x64:PxFoundation_x64.dll
 0001:0001fa96       ?decRefCount@Foundation@shdfnd@physx@@SAXXZ 0000000180020a96 f   PxFoundation_x64:PxFoundation_x64.dll
 0001:0001fa9c       ?error@Foundation@shdfnd@physx@@QEAAXW4Enum@PxErrorCode@3@PEBDH1ZZ 0000000180020a9c f   PxFoundation_x64:PxFoundation_x64.dll
 0001:0001faa2       ?PxShortestRotation@physx@@YA?AVPxQuat@1@AEBVPxVec3@1@0@Z 0000000180020aa2 f   PxFoundation_x64:PxFoundation_x64.dll
 0001:0001faa8       ?PxDiagonalize@physx@@YA?AVPxVec3@1@AEBVPxMat33@1@AEAVPxQuat@1@@Z 0000000180020aa8 f   PxFoundation_x64:PxFoundation_x64.dll
 0001:0001faae       ?sweep@PxMeshQuery@physx@@SA_NAEBVPxVec3@2@MAEBVPxGeometry@2@AEBVPxTransform@2@IPEBVPxTriangle@2@AEAUPxSweepHit@2@V?$PxFlags@W4Enum@PxHitFlag@physx@@G@2@PEBIM_N@Z 0000000180020aae f   PhysX3Common_x64:PhysX3Common_x64.dll
 0001:0001fab4       ??0RenderOutput@Cm@physx@@QEAA@AEAVRenderBuffer@12@@Z 0000000180020ab4 f   PhysX3Common_x64:PhysX3Common_x64.dll
 0001:0001faba       ??6RenderOutput@Cm@physx@@QEAAAEAV012@I@Z 0000000180020aba f   PhysX3Common_x64:PhysX3Common_x64.dll
 0001:0001fac0       ??6RenderOutput@Cm@physx@@QEAAAEAV012@AEBVPxTransform@2@@Z 0000000180020ac0 f   PhysX3Common_x64:PhysX3Common_x64.dll
 0001:0001fac6       ?outputCapsule@RenderOutput@Cm@physx@@QEAAAEAV123@MMAEBVPxMat44@3@@Z 0000000180020ac6 f   PhysX3Common_x64:PhysX3Common_x64.dll
 0001:0001facc       ??6Cm@physx@@YAAEAVRenderOutput@01@AEAV201@AEBUDebugBox@01@@Z 0000000180020acc f   PhysX3Common_x64:PhysX3Common_x64.dll
 0001:0001fad2       ?PxTransformFromSegment@physx@@YA?AVPxTransform@1@AEBVPxVec3@1@0PEAM@Z 0000000180020ad2 f   PhysX3Common_x64:PhysX3Common_x64.dll
 0001:0001fad8       ?sweep@PxGeometryQuery@physx@@SA_NAEBVPxVec3@2@MAEBVPxGeometry@2@AEBVPxTransform@2@12AEAUPxSweepHit@2@V?$PxFlags@W4Enum@PxHitFlag@physx@@G@2@M@Z 0000000180020ad8 f   PhysX3Common_x64:PhysX3Common_x64.dll
 0001:0001fade       ?computePenetration@PxGeometryQuery@physx@@SA_NAEAVPxVec3@2@AEAMAEBVPxGeometry@2@AEBVPxTransform@2@23@Z 0000000180020ade f   PhysX3Common_x64:PhysX3Common_x64.dll
 0001:0001fae4       ?intersectOBBOBB@Gu@physx@@YA_NAEBVPxVec3@2@0AEBVPxMat33@2@001_N@Z 0000000180020ae4 f   PhysX3Common_x64:PhysX3Common_x64.dll
 0001:0001faea       ?distanceSegmentBoxSquared@Gu@physx@@YAMAEBVPxVec3@2@000AEBVPxMat33@2@PEAMPEAV32@@Z 0000000180020aea f   PhysX3Common_x64:PhysX3Common_x64.dll
 0001:0001faf0       ?getTriangle@PxMeshQuery@physx@@SAXAEBVPxTriangleMeshGeometry@2@AEBVPxTransform@2@IAEAVPxTriangle@2@PEAI3@Z 0000000180020af0 f   PhysX3Common_x64:PhysX3Common_x64.dll
 0001:0001faf6       ?getTriangle@PxMeshQuery@physx@@SAXAEBVPxHeightFieldGeometry@2@AEBVPxTransform@2@IAEAVPxTriangle@2@PEAI3@Z 0000000180020af6 f   PhysX3Common_x64:PhysX3Common_x64.dll
 0001:0001fafc       ??6RenderOutput@Cm@physx@@QEAAAEAV012@W4Primitive@012@@Z 0000000180020afc f   PhysX3Common_x64:PhysX3Common_x64.dll
 0001:0001fb02       ??6RenderOutput@Cm@physx@@QEAAAEAV012@VPxVec3@2@@Z 0000000180020b02 f   PhysX3Common_x64:PhysX3Common_x64.dll
 0001:0001fb08       ?intersectTriangleBox_Unsafe@Gu@physx@@YAHAEBVPxVec3@2@0000@Z 0000000180020b08 f   PhysX3Common_x64:PhysX3Common_x64.dll
 0001:0001fb0e       ?CompleteBoxPruning@Cm@physx@@YA_NPEBVPxBounds3@2@IAEAV?$Array@IV?$ReflectionAllocator@I@shdfnd@physx@@@shdfnd@2@AEBVAxes@Gu@2@@Z 0000000180020b0e f   PhysX3Common_x64:PhysX3Common_x64.dll
 0001:0001fb14       ?distanceSegmentSegmentSquared@Gu@physx@@YAMAEBVPxVec3@2@000PEAM1@Z 0000000180020b14 f   PhysX3Common_x64:PhysX3Common_x64.dll
 0001:0001fb1a       ?getRaycastFuncTable@Gu@physx@@YAAEAY06Q6AIAEBVPxGeometry@2@AEBVPxTransform@2@AEBVPxVec3@2@2MV?$PxFlags@W4Enum@PxHitFlag@physx@@G@2@IPEIAUPxRaycastHit@2@@ZXZ 0000000180020b1a f   PhysX3Common_x64:PhysX3Common_x64.dll
 0001:0001fb20       ?findOverlapTriangleMesh@PxMeshQuery@physx@@SAIAEBVPxGeometry@2@AEBVPxTransform@2@AEBVPxTriangleMeshGeometry@2@1PEAIIIAEA_N@Z 0000000180020b20 f   PhysX3Common_x64:PhysX3Common_x64.dll
 0001:0001fb26       ?findOverlapHeightField@PxMeshQuery@physx@@SAIAEBVPxGeometry@2@AEBVPxTransform@2@AEBVPxHeightFieldGeometry@2@1PEAIIIAEA_N@Z 0000000180020b26 f   PhysX3Common_x64:PhysX3Common_x64.dll
 0001:0001fb2c       ??3@YAXPEAX_K@Z            0000000180020b2c f   MSVCRT:delete_scalar_size.obj
 0001:0001fb34       ??_V@YAXPEAX_K@Z           0000000180020b34 f   MSVCRT:delete_array_size.obj
 0001:0001fb3c       ?__scrt_initialize_type_info@@YAXXZ 0000000180020b3c f   MSVCRT:tncleanup.obj
 0001:0001fb4c       ?__scrt_uninitialize_type_info@@YAXXZ 0000000180020b4c f   MSVCRT:tncleanup.obj
 0001:0001fb58       ??1type_info@@UEAA@XZ      0000000180020b58 f   MSVCRT:std_type_info_static.obj
 0001:0001fb64       ??_Gtype_info@@UEAAPEAXI@Z 0000000180020b64 f i MSVCRT:std_type_info_static.obj
 0001:0001fb64       ??_Etype_info@@UEAAPEAXI@Z 0000000180020b64 f i MSVCRT:std_type_info_static.obj
 0001:0001fba0       _alloca_probe              0000000180020ba0 f   MSVCRT:_chkstk_.obj
 0001:0001fba0       __chkstk                   0000000180020ba0 f   MSVCRT:_chkstk_.obj
 0001:0001ff40       _CRT_INIT                  0000000180020f40 f   MSVCRT:dll_dllmain.obj
 0001:0001ff48       _DllMainCRTStartup         0000000180020f48 f   MSVCRT:dll_dllmain.obj
 0001:0001ff88       ??3@YAXPEAX@Z              0000000180020f88 f   MSVCRT:delete_scalar.obj
 0001:0001ff90       ??_V@YAXPEAX@Z             0000000180020f90 f   MSVCRT:delete_array.obj
 0001:0001ff98       ??$__crt_fast_decode_pointer@PEAP6AXXZ@@YAPEAP6AXXZQEAP6AXXZ@Z 0000000180020f98 f i MSVCRT:utility.obj
 0001:0001ffb0       ??$__crt_fast_encode_pointer@PEAP6AXXZ@@YAPEAP6AXXZQEAP6AXXZ@Z 0000000180020fb0 f i MSVCRT:utility.obj
 0001:0001ffd0       ?__crt_rotate_pointer_value@@YA_K_KH@Z 0000000180020fd0 f i MSVCRT:utility.obj
 0001:0001ffdc       ?configure_argv@__scrt_narrow_argv_policy@@SAHXZ 0000000180020fdc f i MSVCRT:utility.obj
 0001:0002006c       NtCurrentTeb               000000018002106c f i MSVCRT:utility.obj
 0001:00020078       __scrt_acquire_startup_lock 0000000180021078 f   MSVCRT:utility.obj
 0001:000200b4       __scrt_dllmain_after_initialize_c 00000001800210b4 f   MSVCRT:utility.obj
 0001:000200e8       __scrt_dllmain_before_initialize_c 00000001800210e8 f   MSVCRT:utility.obj
 0001:00020100       __scrt_dllmain_crt_thread_attach 0000000180021100 f   MSVCRT:utility.obj
 0001:00020128       __scrt_dllmain_crt_thread_detach 0000000180021128 f   MSVCRT:utility.obj
 0001:00020140       __scrt_dllmain_exception_filter 0000000180021140 f   MSVCRT:utility.obj
 0001:000201a4       __scrt_dllmain_uninitialize_c 00000001800211a4 f   MSVCRT:utility.obj
 0001:000201d4       __scrt_dllmain_uninitialize_critical 00000001800211d4 f   MSVCRT:utility.obj
 0001:000201e8       __scrt_initialize_crt      00000001800211e8 f   MSVCRT:utility.obj
 0001:00020234       __scrt_initialize_onexit_tables 0000000180021234 f   MSVCRT:utility.obj
 0001:00020300       __scrt_is_nonwritable_in_current_image 0000000180021300 f   MSVCRT:utility.obj
 0001:0002039c       __scrt_release_startup_lock 000000018002139c f   MSVCRT:utility.obj
 0001:000203c0       __scrt_uninitialize_crt    00000001800213c0 f   MSVCRT:utility.obj
 0001:000203ec       _onexit                    00000001800213ec f   MSVCRT:utility.obj
 0001:0002043c       at_quick_exit              000000018002143c f   MSVCRT:utility.obj
 0001:00020474       atexit                     0000000180021474 f   MSVCRT:utility.obj
 0001:0002048c       __security_init_cookie     000000018002148c f   MSVCRT:gs_support.obj
 0001:00020538       DllMain                    0000000180021538 f   MSVCRT:dll_dllmain_stub.obj
 0001:0002055c       __local_stdio_printf_options 000000018002155c f i MSVCRT:default_local_stdio_options.obj
 0001:00020564       __local_stdio_scanf_options 0000000180021564 f i MSVCRT:default_local_stdio_options.obj
 0001:0002056c       __scrt_initialize_default_local_stdio_options 000000018002156c f   MSVCRT:default_local_stdio_options.obj
 0001:00020588       __scrt_get_dyn_tls_init_callback 0000000180021588 f   MSVCRT:dyn_tls_init.obj
 0001:00020590       __crt_debugger_hook        0000000180021590 f   MSVCRT:utility_desktop.obj
 0001:00020598       __scrt_fastfail            0000000180021598 f   MSVCRT:utility_desktop.obj
 0001:000206e0       __scrt_get_show_window_mode 00000001800216e0 f   MSVCRT:utility_desktop.obj
 0001:0002071c       __scrt_initialize_winrt    000000018002171c f   MSVCRT:utility_desktop.obj
 0001:00020720       __scrt_is_managed_app      0000000180021720 f   MSVCRT:utility_desktop.obj
 0001:00020774       __scrt_set_unhandled_exception_filter 0000000180021774 f   MSVCRT:utility_desktop.obj
 0001:00020784       __scrt_unhandled_exception_filter 0000000180021784 f   MSVCRT:utility_desktop.obj
 0001:000207bc       _RTC_Initialize            00000001800217bc f   MSVCRT:_initsect_.obj
 0001:00020808       _RTC_Terminate             0000000180021808 f   MSVCRT:_initsect_.obj
 0001:00020854       _guard_check_icall         0000000180021854 f i MSVCRT:checkcfg.obj
 0001:0002085c       __isa_available_init       000000018002185c f   MSVCRT:_cpu_disp_.obj
 0001:00020a24       _get_startup_argv_mode     0000000180021a24 f   MSVCRT:argv_mode.obj
 0001:00020a2c       __scrt_is_ucrt_dll_in_use  0000000180021a2c f   MSVCRT:ucrt_detection.obj
 0001:00020a38       _guard_check_icall_nop     0000000180021a38 f i MSVCRT:guard_support.obj
 0001:00020a3c       _guard_icall_checks_enforced 0000000180021a3c f i MSVCRT:guard_support.obj
 0001:00020a60       _purecall                  0000000180021a60 f   vcruntime:VCRUNTIME140.dll
 0001:00020a66       __std_type_info_name       0000000180021a66 f   vcruntime:VCRUNTIME140.dll
 0001:00020a6c       memcpy                     0000000180021a6c f   vcruntime:VCRUNTIME140.dll
 0001:00020a72       memset                     0000000180021a72 f   vcruntime:VCRUNTIME140.dll
 0001:00020a78       __std_type_info_destroy_list 0000000180021a78 f   vcruntime:VCRUNTIME140.dll
 0001:00020a7e       __C_specific_handler       0000000180021a7e f   vcruntime:VCRUNTIME140.dll
 0001:00020a84       _fpclass                   0000000180021a84 f   ucrt:api-ms-win-crt-math-l1-1-0.dll
 0001:00020a8a       _initterm                  0000000180021a8a f   ucrt:api-ms-win-crt-runtime-l1-1-0.dll
 0001:00020a90       _initterm_e                0000000180021a90 f   ucrt:api-ms-win-crt-runtime-l1-1-0.dll
 0001:00020a96       free                       0000000180021a96 f   ucrt:api-ms-win-crt-heap-l1-1-0.dll
 0001:00020a9c       _seh_filter_dll            0000000180021a9c f   ucrt:api-ms-win-crt-runtime-l1-1-0.dll
 0001:00020aa2       _configure_narrow_argv     0000000180021aa2 f   ucrt:api-ms-win-crt-runtime-l1-1-0.dll
 0001:00020aa8       _initialize_narrow_environment 0000000180021aa8 f   ucrt:api-ms-win-crt-runtime-l1-1-0.dll
 0001:00020aae       _initialize_onexit_table   0000000180021aae f   ucrt:api-ms-win-crt-runtime-l1-1-0.dll
 0001:00020ab4       _register_onexit_function  0000000180021ab4 f   ucrt:api-ms-win-crt-runtime-l1-1-0.dll
[...]
 0004:00001044       $pdata$8$??$computeMeshPenetrationT@VPxTriangleMeshGeometry@physx@@@?A0x039ec4c9@@YA_NAEAVPxVec3@physx@@AEAMAEBVPxGeometry@2@AEBVPxTransform@2@AEBVPxTriangleMeshGeometry@2@3IPEAI@Z 000000018002a044     PhysX3Extensions:ExtTriangleMeshExt.obj
 0004:00001050       $pdata$?updateMassAndInertia@PxRigidBodyExt@physx@@SA_NAEAVPxRigidBody@2@PEBMIPEBVPxVec3@2@_N@Z 000000018002a050     PhysX3Extensions:ExtRigidBodyExt.obj
 0004:0000105c       $pdata$?updateMassAndInertia@PxRigidBodyExt@physx@@SA_NAEAVPxRigidBody@2@MPEBVPxVec3@2@_N@Z 000000018002a05c     PhysX3Extensions:ExtRigidBodyExt.obj
 0004:00001068       $pdata$?setMassAndUpdateInertia@PxRigidBodyExt@physx@@SA_NAEAVPxRigidBody@2@PEBMIPEBVPxVec3@2@_N@Z 000000018002a068     PhysX3Extensions:ExtRigidBodyExt.obj
 0004:00001074       $pdata$?setMassAndUpdateInertia@PxRigidBodyExt@physx@@SA_NAEAVPxRigidBody@2@MPEBVPxVec3@2@_N@Z 000000018002a074     PhysX3Extensions:ExtRigidBodyExt.obj
 0004:00001080       $pdata$?computeMassPropertiesFromShapes@PxRigidBodyExt@physx@@SA?AVPxMassProperties@2@PEBQEBVPxShape@2@I@Z 000000018002a080     PhysX3Extensions:ExtRigidBodyExt.obj
 0004:0000108c       $pdata$1$?computeMassPropertiesFromShapes@PxRigidBodyExt@physx@@SA?AVPxMassProperties@2@PEBQEBVPxShape@2@I@Z 000000018002a08c     PhysX3Extensions:ExtRigidBodyExt.obj
 0004:00001098       $pdata$2$?computeMassPropertiesFromShapes@PxRigidBodyExt@physx@@SA?AVPxMassProperties@2@PEBQEBVPxShape@2@I@Z 000000018002a098     PhysX3Extensions:ExtRigidBodyExt.obj
 0004:000010a4       $pdata$3$?computeMassPropertiesFromShapes@PxRigidBodyExt@physx@@SA?AVPxMassProperties@2@PEBQEBVPxShape@2@I@Z 000000018002a0a4     PhysX3Extensions:ExtRigidBodyExt.obj
 0004:000010b0       $pdata$4$?computeMassPropertiesFromShapes@PxRigidBodyExt@physx@@SA?AVPxMassProperties@2@PEBQEBVPxShape@2@I@Z 000000018002a0b0     PhysX3Extensions:ExtRigidBodyExt.obj
 0004:000010bc       $pdata$?addForceAtLocalPos@PxRigidBodyExt@physx@@SAXAEAVPxRigidBody@2@AEBVPxVec3@2@1W4Enum@PxForceMode@2@_N@Z 000000018002a0bc     PhysX3Extensions:ExtRigidBodyExt.obj
 0004:000010c8       $pdata$?addLocalForceAtPos@PxRigidBodyExt@physx@@SAXAEAVPxRigidBody@2@AEBVPxVec3@2@1W4Enum@PxForceMode@2@_N@Z 000000018002a0c8     PhysX3Extensions:ExtRigidBodyExt.obj
 0004:000010d4       $pdata$?addLocalForceAtLocalPos@PxRigidBodyExt@physx@@SAXAEAVPxRigidBody@2@AEBVPxVec3@2@1W4Enum@PxForceMode@2@_N@Z 000000018002a0d4     PhysX3Extensions:ExtRigidBodyExt.obj
 0004:000010e0       $pdata$?getVelocityAtPos@PxRigidBodyExt@physx@@SA?AVPxVec3@2@AEBVPxRigidBody@2@AEBV32@@Z 000000018002a0e0     PhysX3Extensions:ExtRigidBodyExt.obj
 0004:000010ec       $pdata$?getLocalVelocityAtLocalPos@PxRigidBodyExt@physx@@SA?AVPxVec3@2@AEBVPxRigidBody@2@AEBV32@@Z 000000018002a0ec     PhysX3Extensions:ExtRigidBodyExt.obj
 0004:000010f8       $pdata$?getVelocityAtOffset@PxRigidBodyExt@physx@@SA?AVPxVec3@2@AEBVPxRigidBody@2@AEBV32@@Z 000000018002a0f8     PhysX3Extensions:ExtRigidBodyExt.obj
 0004:00001104       $pdata$?linearSweepSingle@PxRigidBodyExt@physx@@SA_NAEAVPxRigidBody@2@AEAVPxScene@2@AEBVPxVec3@2@MV?$PxFlags@W4Enum@PxHitFlag@physx@@G@2@AEAUPxSweepHit@2@AEAIAEBUPxQueryFilterData@2@PEAVPxQueryFilterCallback@2@PEBUPxQueryCache@2@M@Z 000000018002a104     PhysX3Extensions:ExtRigidBodyExt.obj
 0004:00001110       $pdata$2$?linearSweepSingle@PxRigidBodyExt@physx@@SA_NAEAVPxRigidBody@2@AEAVPxScene@2@AEBVPxVec3@2@MV?$PxFlags@W4Enum@PxHitFlag@physx@@G@2@AEAUPxSweepHit@2@AEAIAEBUPxQueryFilterData@2@PEAVPxQueryFilterCallback@2@PEBUPxQueryCache@2@M@Z 000000018002a110     PhysX3Extensions:ExtRigidBodyExt.obj
 0004:0000111c       $pdata$3$?linearSweepSingle@PxRigidBodyExt@physx@@SA_NAEAVPxRigidBody@2@AEAVPxScene@2@AEBVPxVec3@2@MV?$PxFlags@W4Enum@PxHitFlag@physx@@G@2@AEAUPxSweepHit@2@AEAIAEBUPxQueryFilterData@2@PEAVPxQueryFilterCallback@2@PEBUPxQueryCache@2@M@Z 000000018002a11c     PhysX3Extensions:ExtRigidBodyExt.obj
 0004:00001128       $pdata$?linearSweepMultiple@PxRigidBodyExt@physx@@SAIAEAVPxRigidBody@2@AEAVPxScene@2@AEBVPxVec3@2@MV?$PxFlags@W4Enum@PxHitFlag@physx@@G@2@PEAUPxSweepHit@2@PEAIIAEAU72@AEAHAEA_NAEBUPxQueryFilterData@2@PEAVPxQueryFilterCallback@2@PEBUPxQueryCache@2@M@Z 000000018002a128     PhysX3Extensions:ExtRigidBodyExt.obj
 0004:00001134       $pdata$1$?linearSweepMultiple@PxRigidBodyExt@physx@@SAIAEAVPxRigidBody@2@AEAVPxScene@2@AEBVPxVec3@2@MV?$PxFlags@W4Enum@PxHitFlag@physx@@G@2@PEAUPxSweepHit@2@PEAIIAEAU72@AEAHAEA_NAEBUPxQueryFilterData@2@PEAVPxQueryFilterCallback@2@PEBUPxQueryCache@2@M@Z 000000018002a134     PhysX3Extensions:ExtRigidBodyExt.obj
 0004:00001140       $pdata$2$?linearSweepMultiple@PxRigidBodyExt@physx@@SAIAEAVPxRigidBody@2@AEAVPxScene@2@AEBVPxVec3@2@MV?$PxFlags@W4Enum@PxHitFlag@physx@@G@2@PEAUPxSweepHit@2@PEAIIAEAU72@AEAHAEA_NAEBUPxQueryFilterData@2@PEAVPxQueryFilterCallback@2@PEBUPxQueryCache@2@M@Z 000000018002a140     PhysX3Extensions:ExtRigidBodyExt.obj
 0004:0000114c       $pdata$?computeVelocityDeltaFromImpulse@PxRigidBodyExt@physx@@SAXAEBVPxRigidBody@2@AEBVPxVec3@2@1AEAV42@2@Z 000000018002a14c     PhysX3Extensions:ExtRigidBodyExt.obj
 0004:00001158       $pdata$?computeVelocityDeltaFromImpulse@PxRigidBodyExt@physx@@SAXAEBVPxRigidBody@2@AEBVPxTransform@2@AEBVPxVec3@2@2MMAEAV52@3@Z 000000018002a158     PhysX3Extensions:ExtRigidBodyExt.obj
 0004:00001164       $pdata$?computeLinearAngularImpulse@PxRigidBodyExt@physx@@SAXAEBVPxRigidBody@2@AEBVPxTransform@2@AEBVPxVec3@2@2MMAEAV52@3@Z 000000018002a164     PhysX3Extensions:ExtRigidBodyExt.obj
 0004:00001170       $pdata$?translate@InertiaTensorComputer@Ext@physx@@QEAAXAEBVPxVec3@3@@Z 000000018002a170     PhysX3Extensions:ExtRigidBodyExt.obj
 0004:0000117c       $pdata$7$?translate@InertiaTensorComputer@Ext@physx@@QEAAXAEBVPxVec3@3@@Z 000000018002a17c     PhysX3Extensions:ExtRigidBodyExt.obj
 0004:00001188       $pdata$8$?translate@InertiaTensorComputer@Ext@physx@@QEAAXAEBVPxVec3@3@@Z 000000018002a188     PhysX3Extensions:ExtRigidBodyExt.obj
 0004:00001194       $pdata$?setCapsule@InertiaTensorComputer@Ext@physx@@QEAAXHMM@Z 000000018002a194     PhysX3Extensions:ExtRigidBodyExt.obj
 0004:000011a0       $pdata$?setEllipsoid@InertiaTensorComputer@Ext@physx@@QEAAXMMM@Z 000000018002a1a0     PhysX3Extensions:ExtRigidBodyExt.obj
 0004:000011ac       $pdata$??0PxMassProperties@physx@@QEAA@AEBVPxGeometry@1@@Z 000000018002a1ac     PhysX3Extensions:ExtRigidBodyExt.obj
 0004:000011b8       $pdata$6$??0PxMassProperties@physx@@QEAA@AEBVPxGeometry@1@@Z 000000018002a1b8     PhysX3Extensions:ExtRigidBodyExt.obj
 0004:000011c4       $pdata$7$??0PxMassProperties@physx@@QEAA@AEBVPxGeometry@1@@Z 000000018002a1c4     PhysX3Extensions:ExtRigidBodyExt.obj
 0004:000011d0       $pdata$??_G?$PxHitBuffer@UPxSweepHit@physx@@@physx@@UEAAPEAXI@Z 000000018002a1d0     PhysX3Extensions:ExtRigidBodyExt.obj
 0004:000011dc       $pdata$??_G?$PxHitCallback@UPxSweepHit@physx@@@physx@@UEAAPEAXI@Z 000000018002a1dc     PhysX3Extensions:ExtRigidBodyExt.obj
 0004:000011e8       $pdata$?addForceAtPosInternal@@YAXAEAVPxRigidBody@physx@@AEBVPxVec3@2@1W4Enum@PxForceMode@2@_N@Z 000000018002a1e8     PhysX3Extensions:ExtRigidBodyExt.obj
 0004:000011f4       $pdata$6$?addForceAtPosInternal@@YAXAEAVPxRigidBody@physx@@AEBVPxVec3@2@1W4Enum@PxForceMode@2@_N@Z 000000018002a1f4     PhysX3Extensions:ExtRigidBodyExt.obj
 0004:00001200       $pdata$7$?addForceAtPosInternal@@YAXAEAVPxRigidBody@physx@@AEBVPxVec3@2@1W4Enum@PxForceMode@2@_N@Z 000000018002a200     PhysX3Extensions:ExtRigidBodyExt.obj
 0004:0000120c       $pdata$?allocate@?$ReflectionAllocator@PEAVPxShape@physx@@@shdfnd@physx@@QEAAPEAX_KPEBDH@Z 000000018002a20c     PhysX3Extensions:ExtRigidBodyExt.obj
 0004:00001218       $pdata$0$?allocate@?$ReflectionAllocator@PEAVPxShape@physx@@@shdfnd@physx@@QEAAPEAX_KPEBDH@Z 000000018002a218     PhysX3Extensions:ExtRigidBodyExt.obj
 0004:00001224       $pdata$1$?allocate@?$ReflectionAllocator@PEAVPxShape@physx@@@shdfnd@physx@@QEAAPEAX_KPEBDH@Z 000000018002a224     PhysX3Extensions:ExtRigidBodyExt.obj
 0004:00001230       $pdata$?allocate@?$ReflectionAllocator@VPxMassProperties@physx@@@shdfnd@physx@@QEAAPEAX_KPEBDH@Z 000000018002a230     PhysX3Extensions:ExtRigidBodyExt.obj
 0004:0000123c       $pdata$0$?allocate@?$ReflectionAllocator@VPxMassProperties@physx@@@shdfnd@physx@@QEAAPEAX_KPEBDH@Z 000000018002a23c     PhysX3Extensions:ExtRigidBodyExt.obj
 0004:00001248       $pdata$1$?allocate@?$ReflectionAllocator@VPxMassProperties@physx@@@shdfnd@physx@@QEAAPEAX_KPEBDH@Z 000000018002a248     PhysX3Extensions:ExtRigidBodyExt.obj
 0004:00001254       $pdata$?allocate@?$ReflectionAllocator@VPxTransform@physx@@@shdfnd@physx@@QEAAPEAX_KPEBDH@Z 000000018002a254     PhysX3Extensions:ExtRigidBodyExt.obj
 0004:00001260       $pdata$0$?allocate@?$ReflectionAllocator@VPxTransform@physx@@@shdfnd@physx@@QEAAPEAX_KPEBDH@Z 000000018002a260     PhysX3Extensions:ExtRigidBodyExt.obj
 0004:0000126c       $pdata$1$?allocate@?$ReflectionAllocator@VPxTransform@physx@@@shdfnd@physx@@QEAAPEAX_KPEBDH@Z 000000018002a26c     PhysX3Extensions:ExtRigidBodyExt.obj
 0004:00001278       $pdata$?computeMassAndDiagInertia@@YA_NAEAVInertiaTensorComputer@Ext@physx@@AEAVPxVec3@3@AEAVPxQuat@3@AEAM1_NAEBVPxRigidBody@3@PEBD@Z 000000018002a278     PhysX3Extensions:ExtRigidBodyExt.obj
 0004:00001284       $pdata$8$?computeMassAndDiagInertia@@YA_NAEAVInertiaTensorComputer@Ext@physx@@AEAVPxVec3@3@AEAVPxQuat@3@AEAM1_NAEBVPxRigidBody@3@PEBD@Z 000000018002a284     PhysX3Extensions:ExtRigidBodyExt.obj
 0004:00001290       $pdata$9$?computeMassAndDiagInertia@@YA_NAEAVInertiaTensorComputer@Ext@physx@@AEAVPxVec3@3@AEAVPxQuat@3@AEAM1_NAEBVPxRigidBody@3@PEBD@Z 000000018002a290     PhysX3Extensions:ExtRigidBodyExt.obj
 0004:0000129c       $pdata$?computeMassAndInertia@@YA_N_NAEAVPxRigidBody@physx@@PEBM2I0AEAVInertiaTensorComputer@Ext@2@@Z 000000018002a29c     PhysX3Extensions:ExtRigidBodyExt.obj
 0004:000012a8       $pdata$11$?computeMassAndInertia@@YA_N_NAEAVPxRigidBody@physx@@PEBM2I0AEAVInertiaTensorComputer@Ext@2@@Z 000000018002a2a8     PhysX3Extensions:ExtRigidBodyExt.obj
 0004:000012b4       $pdata$14$?computeMassAndInertia@@YA_N_NAEAVPxRigidBody@physx@@PEBM2I0AEAVInertiaTensorComputer@Ext@2@@Z 000000018002a2b4     PhysX3Extensions:ExtRigidBodyExt.obj
 0004:000012c0       $pdata$15$?computeMassAndInertia@@YA_N_NAEAVPxRigidBody@physx@@PEBM2I0AEAVInertiaTensorComputer@Ext@2@@Z 000000018002a2c0     PhysX3Extensions:ExtRigidBodyExt.obj
 0004:000012cc       $pdata$?copy@?$Array@VPxMassProperties@physx@@V?$InlineAllocator@$0DEA@V?$ReflectionAllocator@VPxMassProperties@physx@@@shdfnd@physx@@@shdfnd@2@@shdfnd@physx@@KAXPEAVPxMassProperties@3@0PEBV43@@Z 000000018002a2cc     PhysX3Extensions:ExtRigidBodyExt.obj
 0004:000012d8       $pdata$0$?copy@?$Array@VPxMassProperties@physx@@V?$InlineAllocator@$0DEA@V?$ReflectionAllocator@VPxMassProperties@physx@@@shdfnd@physx@@@shdfnd@2@@shdfnd@physx@@KAXPEAVPxMassProperties@3@0PEBV43@@Z 000000018002a2d8     PhysX3Extensions:ExtRigidBodyExt.obj
 0004:000012e4       $pdata$1$?copy@?$Array@VPxMassProperties@physx@@V?$InlineAllocator@$0DEA@V?$ReflectionAllocator@VPxMassProperties@physx@@@shdfnd@physx@@@shdfnd@2@@shdfnd@physx@@KAXPEAVPxMassProperties@3@0PEBV43@@Z 000000018002a2e4     PhysX3Extensions:ExtRigidBodyExt.obj
 0004:000012f0       $pdata$?copy@?$Array@VPxTransform@physx@@V?$InlineAllocator@$0BMA@V?$ReflectionAllocator@VPxTransform@physx@@@shdfnd@physx@@@shdfnd@2@@shdfnd@physx@@KAXPEAVPxTransform@3@0PEBV43@@Z 000000018002a2f0     PhysX3Extensions:ExtRigidBodyExt.obj
 0004:000012fc       $pdata$0$?copy@?$Array@VPxTransform@physx@@V?$InlineAllocator@$0BMA@V?$ReflectionAllocator@VPxTransform@physx@@@shdfnd@physx@@@shdfnd@2@@shdfnd@physx@@KAXPEAVPxTransform@3@0PEBV43@@Z 000000018002a2fc     PhysX3Extensions:ExtRigidBodyExt.obj
 0004:00001308       $pdata$1$?copy@?$Array@VPxTransform@physx@@V?$InlineAllocator@$0BMA@V?$ReflectionAllocator@VPxTransform@physx@@@shdfnd@physx@@@shdfnd@2@@shdfnd@physx@@KAXPEAVPxTransform@3@0PEBV43@@Z 000000018002a308     PhysX3Extensions:ExtRigidBodyExt.obj
 0004:00001314       $pdata$?getVelocityAtPosInternal@@YA?AVPxVec3@physx@@AEBVPxRigidBody@2@AEBV12@@Z 000000018002a314     PhysX3Extensions:ExtRigidBodyExt.obj
 0004:00001320       $pdata$?growAndPushBack@?$Array@VPxMassProperties@physx@@V?$InlineAllocator@$0DEA@V?$ReflectionAllocator@VPxMassProperties@physx@@@shdfnd@physx@@@shdfnd@2@@shdfnd@physx@@IEAAAEAVPxMassProperties@3@AEBV43@@Z 000000018002a320     PhysX3Extensions:ExtRigidBodyExt.obj
 0004:0000132c       $pdata$?growAndPushBack@?$Array@VPxTransform@physx@@V?$InlineAllocator@$0BMA@V?$ReflectionAllocator@VPxTransform@physx@@@shdfnd@physx@@@shdfnd@2@@shdfnd@physx@@IEAAAEAVPxTransform@3@AEBV43@@Z 000000018002a32c     PhysX3Extensions:ExtRigidBodyExt.obj
 0004:00001338       $pdata$?recreate@?$Array@PEAVPxShape@physx@@V?$InlineAllocator@$0IA@V?$ReflectionAllocator@PEAVPxShape@physx@@@shdfnd@physx@@@shdfnd@2@@shdfnd@physx@@IEAAXI@Z 000000018002a338     PhysX3Extensions:ExtRigidBodyExt.obj
 0004:00001344       $pdata$?recreate@?$Array@VPxMassProperties@physx@@V?$InlineAllocator@$0DEA@V?$ReflectionAllocator@VPxMassProperties@physx@@@shdfnd@physx@@@shdfnd@2@@shdfnd@physx@@IEAAXI@Z 000000018002a344     PhysX3Extensions:ExtRigidBodyExt.obj
 0004:00001350       $pdata$?recreate@?$Array@VPxTransform@physx@@V?$InlineAllocator@$0BMA@V?$ReflectionAllocator@VPxTransform@physx@@@shdfnd@physx@@@shdfnd@2@@shdfnd@physx@@IEAAXI@Z 000000018002a350     PhysX3Extensions:ExtRigidBodyExt.obj
 0004:0000135c       $pdata$?resize@?$Array@PEAVPxShape@physx@@V?$InlineAllocator@$0IA@V?$ReflectionAllocator@PEAVPxShape@physx@@@shdfnd@physx@@@shdfnd@2@@shdfnd@physx@@QEAAXIAEBQEAVPxShape@3@@Z 000000018002a35c     PhysX3Extensions:ExtRigidBodyExt.obj
 0004:00001368       $pdata$?rotate@InertiaTensorComputer@Ext@physx@@QEAAXAEBVPxMat33@3@@Z 000000018002a368     PhysX3Extensions:ExtRigidBodyExt.obj
 0004:00001374       $pdata$?scaleInertia@PxMassProperties@physx@@SA?AVPxMat33@2@AEBV32@AEBVPxQuat@2@AEBVPxVec3@2@@Z 000000018002a374     PhysX3Extensions:ExtRigidBodyExt.obj
 0004:00001380       $pdata$?setMassAndUpdateInertia@@YA_N_NAEAVPxRigidBody@physx@@PEBMIPEBVPxVec3@2@0@Z 000000018002a380     PhysX3Extensions:ExtRigidBodyExt.obj
 0004:0000138c       $pdata$?sum@PxMassProperties@physx@@SA?AV12@PEBV12@PEBVPxTransform@2@I@Z 000000018002a38c     PhysX3Extensions:ExtRigidBodyExt.obj
 0004:00001398       $pdata$?transform@InertiaTensorComputer@Ext@physx@@QEAAXAEBVPxTransform@3@@Z 000000018002a398     PhysX3Extensions:ExtRigidBodyExt.obj
 0004:000013a4       $pdata$?transformFast@PxBounds3@physx@@SA?AV12@AEBVPxTransform@2@AEBV12@@Z 000000018002a3a4     PhysX3Extensions:ExtRigidBodyExt.obj
 0004:000013b0       $pdata$?transformInertiaTensor@Cm@physx@@YAXAEBVPxVec3@2@AEBVPxMat33@2@AEAV42@@Z 000000018002a3b0     PhysX3Extensions:ExtRigidBodyExt.obj
 0004:000013bc       $pdata$?updateMassAndInertia@@YA_N_NAEAVPxRigidBody@physx@@PEBMIPEBVPxVec3@2@0@Z 000000018002a3bc     PhysX3Extensions:ExtRigidBodyExt.obj
 0004:000013c8       $pdata$??_Gtype_info@@UEAAPEAXI@Z 000000018002a3c8     MSVCRT:std_type_info_static.obj
 0004:000013e0       $pdata$?dllmain_crt_dispatch@@YAHQEAUHINSTANCE__@@KQEAX@Z 000000018002a3e0     MSVCRT:dll_dllmain.obj
 0004:000013ec       $pdata$?dllmain_crt_process_attach@@YAHQEAUHINSTANCE__@@QEAX@Z 000000018002a3ec     MSVCRT:dll_dllmain.obj
 0004:000013f8       $pdata$?dllmain_crt_process_detach@@YAH_N@Z 000000018002a3f8     MSVCRT:dll_dllmain.obj
 0004:00001404       $pdata$?dllmain_dispatch@@YAHQEAUHINSTANCE__@@KQEAX@Z 000000018002a404     MSVCRT:dll_dllmain.obj
 0004:00001410       $pdata$?dllmain_raw@@YAHQEAUHINSTANCE__@@KQEAX@Z 000000018002a410     MSVCRT:dll_dllmain.obj
 0004:0000141c       $pdata$_DllMainCRTStartup  000000018002a41c     MSVCRT:dll_dllmain.obj
 0004:00001428       $pdata$?configure_argv@__scrt_narrow_argv_policy@@SAHXZ 000000018002a428     MSVCRT:utility.obj
 0004:00001434       $pdata$__scrt_acquire_startup_lock 000000018002a434     MSVCRT:utility.obj
 0004:00001440       $pdata$__scrt_dllmain_after_initialize_c 000000018002a440     MSVCRT:utility.obj
 0004:0000144c       $pdata$__scrt_dllmain_before_initialize_c 000000018002a44c     MSVCRT:utility.obj
 0004:00001458       $pdata$__scrt_dllmain_crt_thread_attach 000000018002a458     MSVCRT:utility.obj
 0004:00001464       $pdata$__scrt_dllmain_crt_thread_detach 000000018002a464     MSVCRT:utility.obj
 0004:00001470       $pdata$__scrt_dllmain_exception_filter 000000018002a470     MSVCRT:utility.obj
 0004:0000147c       $pdata$__scrt_dllmain_uninitialize_c 000000018002a47c     MSVCRT:utility.obj
 0004:00001488       $pdata$__scrt_dllmain_uninitialize_critical 000000018002a488     MSVCRT:utility.obj
 0004:00001494       $pdata$__scrt_initialize_crt 000000018002a494     MSVCRT:utility.obj
 0004:000014a0       $pdata$__scrt_initialize_onexit_tables 000000018002a4a0     MSVCRT:utility.obj
 0004:000014ac       $pdata$__scrt_is_nonwritable_in_current_image 000000018002a4ac     MSVCRT:utility.obj
 0004:000014b8       $pdata$__scrt_release_startup_lock 000000018002a4b8     MSVCRT:utility.obj
 0004:000014c4       $pdata$__scrt_uninitialize_crt 000000018002a4c4     MSVCRT:utility.obj
 0004:000014d0       $pdata$_onexit             000000018002a4d0     MSVCRT:utility.obj
 0004:000014dc       $pdata$atexit              000000018002a4dc     MSVCRT:utility.obj
 0004:000014e8       $pdata$__security_init_cookie 000000018002a4e8     MSVCRT:gs_support.obj
 0004:000014f4       $pdata$DllMain             000000018002a4f4     MSVCRT:dll_dllmain_stub.obj
 0004:00001500       $pdata$__scrt_initialize_default_local_stdio_options 000000018002a500     MSVCRT:default_local_stdio_options.obj
 0004:0000150c       $pdata$__scrt_fastfail     000000018002a50c     MSVCRT:utility_desktop.obj
 0004:00001518       $pdata$__scrt_get_show_window_mode 000000018002a518     MSVCRT:utility_desktop.obj
 0004:00001524       $pdata$__scrt_is_managed_app 000000018002a524     MSVCRT:utility_desktop.obj
 0004:00001530       $pdata$__scrt_unhandled_exception_filter 000000018002a530     MSVCRT:utility_desktop.obj
 0004:0000153c       $pdata$_RTC_Initialize     000000018002a53c     MSVCRT:_initsect_.obj
 0004:00001548       $pdata$_RTC_Terminate      000000018002a548     MSVCRT:_initsect_.obj
 0004:00001554       $pdata$__isa_available_init 000000018002a554     MSVCRT:_cpu_disp_.obj
 0004:0000156c       $pdata$?fin$0@?0??dllmain_crt_process_attach@@YAHQEAUHINSTANCE__@@QEAX@Z@4HA 000000018002a56c     MSVCRT:dll_dllmain.obj
 0004:00001578       $pdata$?fin$0@?0??dllmain_crt_process_detach@@YAH_N@Z@4HA 000000018002a578     MSVCRT:dll_dllmain.obj
 0004:00001584       $pdata$?filt$0@?0??dllmain_dispatch@@YAHQEAUHINSTANCE__@@KQEAX@Z@4HA 000000018002a584     MSVCRT:dll_dllmain.obj
 0004:00001590       $pdata$__scrt_is_nonwritable_in_current_image$filt$0 000000018002a590     MSVCRT:utility.obj
 0005:00000000       __guard_fids__             000000018002b000     MSVCRT:std_type_info_static.obj
 0005:00000004       __guard_fids_?dllmain_crt_process_attach@@YAHQEAUHINSTANCE__@@QEAX@Z 000000018002b004     MSVCRT:dll_dllmain.obj
 0005:0000000c       __guard_fids_?dllmain_dispatch@@YAHQEAUHINSTANCE__@@KQEAX@Z 000000018002b00c     MSVCRT:dll_dllmain.obj
 0005:00000010       __guard_fids___scrt_set_unhandled_exception_filter 000000018002b010     MSVCRT:utility_desktop.obj
 0005:00000014       __guard_fids__             000000018002b014     MSVCRT:guard_support.obj
 0005:00000018       __guard_fids__guard_icall_checks_enforced 000000018002b018     MSVCRT:guard_support.obj
 0006:000000a0       $R000000                   000000018002c0a0     PhysX3CharacterKinematic.res
 0006:00000420       $R000380                   000000018002c420     PhysX3CharacterKinematic.res
