 PhysX3Cooking_x64

 Timestamp is 5c00a637 (Thu Nov 29 23:53:43 2018)

 Preferred load address is 0000000180000000

 Start         Length     Name                   Class
 0001:00000000 00000500H .text$di                CODE
 0001:00000500 0002f090H .text$mn                CODE
 0001:0002f590 00000012H .text$mn$00             CODE
 0001:0002f5a2 00000081H .text$x                 CODE
 0002:00000000 000001b0H .idata$5                DATA
 0002:000001b0 00000010H .00cfg                  DATA
 0002:000001c0 00000008H .CRT$XCA                DATA
 0002:000001c8 00000180H .CRT$XCU                DATA
 0002:00000348 00000008H .CRT$XCZ                DATA
 0002:00000350 00000008H .CRT$XIA                DATA
 0002:00000358 00000008H .CRT$XIZ                DATA
 0002:00000360 00000008H .CRT$XPA                DATA
 0002:00000368 00000008H .CRT$XPZ                DATA
 0002:00000370 00000008H .CRT$XTA                DATA
 0002:00000378 00000008H .CRT$XTZ                DATA
 0002:00000380 00001b68H .rdata                  DATA
 0002:00001ee8 00000074H .rdata$r                DATA
 0002:00001f5c 0000039cH .rdata$zzzdbg           DATA
 0002:000022f8 00000008H .rtc$IAA                DATA
 0002:00002300 00000008H .rtc$IZZ                DATA
 0002:00002308 00000008H .rtc$TAA                DATA
 0002:00002310 00000008H .rtc$TZZ                DATA
 0002:00002318 00003c44H .xdata                  DATA
 0002:00005f5c 00000040H .didat$2                DATA
 0002:00005f9c 00000024H .didat$3                DATA
 0002:00005fc0 00000170H .didat$4                DATA
 0002:00006130 000008a0H .didat$6                DATA
 0002:000069d0 00000170H .didat$7                DATA
 0002:00006b40 00000084H .edata                  DATA
 0002:00006bc4 00000064H .idata$2                DATA
 0002:00006c28 00000018H .idata$3                DATA
 0002:00006c40 000001b0H .idata$4                DATA
 0002:00006df0 0000041eH .idata$6                DATA
 0003:00000000 00000060H .data                   DATA
 0003:00000060 000006e0H .data$r                 DATA
 0003:00000740 00000170H .didat$5                DATA
 0003:000008b0 000003d0H .bss                    DATA
 0004:00000000 000023c4H .pdata                  DATA
 0005:00000000 0000001cH .gfids$y                DATA
 0006:00000000 000000a0H .rsrc$01                DATA
 0006:000000a0 000004b8H .rsrc$02                DATA

  Address         Publics by Value              Rva+Base               Lib:Object

 0000:00000000       __guard_iat_table          0000000000000000     <absolute>
 0000:00000000       ___safe_se_handler_count   0000000000000000     <absolute>
 0000:00000000       __guard_longjmp_count      0000000000000000     <absolute>
 0000:00000000       __dynamic_value_reloc_table 0000000000000000     <absolute>
 0000:00000000       __guard_fids_table         0000000000000000     <absolute>
 0000:00000000       __guard_iat_count          0000000000000000     <absolute>
 0000:00000000       __guard_longjmp_table      0000000000000000     <absolute>
 0000:00000000       ___safe_se_handler_table   0000000000000000     <absolute>
 0000:00000000       __guard_fids_count         0000000000000000     <absolute>
 0000:00000100       __guard_flags              0000000000000100     <absolute>
 0000:00000000       __ImageBase                0000000180000000     <linker-defined>
 0001:00000500       PxSetPhysXCookingDelayLoadHook 0000000180001500 f   WindowsCookingDelayLoadHook.obj
 0001:00000510       ?delayHook@@YAP6A_JXZIPEAUDelayLoadInfo@@@Z 0000000180001510 f   WindowsCookingDelayLoadHook.obj
 0001:00000560       ?foundationDliNotePreLoadLibrary@shdfnd@physx@@YAP6A_JXZPEBDPEBVPxFoundationDelayLoadHook@2@@Z 0000000180001560 f i WindowsCookingDelayLoadHook.obj
 0001:00000650       ?physXCommonDliNotePreLoadLibrary@Cm@physx@@YAP6A_JXZPEBDPEBVPxDelayLoadHook@2@@Z 0000000180001650 f i WindowsCookingDelayLoadHook.obj
 0001:00000820       ?saveHeightField@physx@@YA_NAEBVHeightField@Gu@1@AEAVPxOutputStream@1@_N@Z 0000000180001820 f   HeightFieldCooking.obj
 0001:00000a70       ?__empty_global_delete@@YAXPEAX@Z 0000000180001a70 f i HeightFieldCooking.obj
 0001:00000a80       ?__global_array_delete@@YAXPEAX_K@Z 0000000180001a80 f i HeightFieldCooking.obj
 0001:00000a80       ?__global_delete@@YAXPEAX_K@Z 0000000180001a80 f i HeightFieldCooking.obj
 0001:00000a80       ?__empty_global_delete@@YAXPEAX_K@Z 0000000180001a80 f i HeightFieldCooking.obj
 0001:00000a90       ?buildFromTriangles@RTreeCooker@physx@@SAXAEAURTree@Gu@2@PEBVPxVec3@2@IPEBGPEBIIAEAV?$Array@IV?$ReflectionAllocator@I@shdfnd@physx@@@shdfnd@2@PEAURemapCallback@12@MW4Enum@PxMeshCookingHint@2@@Z 0000000180001a90 f   RTreeCooking.obj
 0001:00000d50       ??$median3@I$$CBUSortBoundsPredicate@physx@@@internal@shdfnd@physx@@YAXPEAIHHAEBUSortBoundsPredicate@2@@Z 0000000180001d50 f i RTreeCooking.obj
 0001:00000e70       ??$partition@I$$CBU?$Less@I@shdfnd@physx@@@internal@shdfnd@physx@@YAHPEAIHHAEBU?$Less@I@12@@Z 0000000180001e70 f i RTreeCooking.obj
 0001:00000f40       ??$partition@I$$CBUSortBoundsPredicate@physx@@@internal@shdfnd@physx@@YAHPEAIHHAEBUSortBoundsPredicate@2@@Z 0000000180001f40 f i RTreeCooking.obj
 0001:00001030       ??$partition@UBoundsLTE@physx@@@quickSelect@physx@@YAIPEIAIIIIAEBUBoundsLTE@1@@Z 0000000180002030 f i RTreeCooking.obj
 0001:000011d0       ??$quickSelectFirstK@UBoundsLTE@physx@@@quickSelect@physx@@YAXPEIAIIIIAEBUBoundsLTE@1@@Z 00000001800021d0 f i RTreeCooking.obj
 0001:000013c0       ??$smallSort@I$$CBU?$Less@I@shdfnd@physx@@@internal@shdfnd@physx@@YAXPEAIHHAEBU?$Less@I@12@@Z 00000001800023c0 f i RTreeCooking.obj
 0001:000014a0       ??$smallSort@I$$CBUSortBoundsPredicate@physx@@@internal@shdfnd@physx@@YAXPEAIHHAEBUSortBoundsPredicate@2@@Z 00000001800024a0 f i RTreeCooking.obj
 0001:00001790       ??$sort@I@shdfnd@physx@@YAXPEAII@Z 0000000180002790 f i RTreeCooking.obj
 0001:000017b0       ??$sort@IU?$Less@I@shdfnd@physx@@V?$ReflectionAllocator@I@23@@shdfnd@physx@@YAXPEAIIAEBU?$Less@I@01@AEBV?$ReflectionAllocator@I@01@I@Z 00000001800027b0 f i RTreeCooking.obj
 0001:00001ac0       ??$sort@IUSortBoundsPredicate@physx@@@shdfnd@physx@@YAXPEAIIAEBUSortBoundsPredicate@1@@Z 0000000180002ac0 f i RTreeCooking.obj
 0001:00001ae0       ??$sort@IUSortBoundsPredicate@physx@@V?$ReflectionAllocator@I@shdfnd@2@@shdfnd@physx@@YAXPEAIIAEBUSortBoundsPredicate@1@AEBV?$ReflectionAllocator@I@01@I@Z 0000000180002ae0 f i RTreeCooking.obj
 0001:00001df0       ??0SubSortQuick@physx@@QEAA@PEAIPEBUPxBounds3V@1@IM@Z 0000000180002df0 f i RTreeCooking.obj
 0001:00001f40       ??0SubSortSAH@physx@@QEAA@PEAIPEBUPxBounds3V@1@IPEBI22222M@Z 0000000180002f40 f i RTreeCooking.obj
 0001:000020d0       ??_H@YAXPEAX_K1P6APEAX0@Z@Z 00000001800030d0 f i RTreeCooking.obj
 0001:00002120       ?allocate@?$ReflectionAllocator@I@shdfnd@physx@@QEAAPEAX_KPEBDH@Z 0000000180003120 f i RTreeCooking.obj
 0001:000021c0       ?allocate@?$ReflectionAllocator@UInterval@physx@@@shdfnd@physx@@QEAAPEAX_KPEBDH@Z 00000001800031c0 f i RTreeCooking.obj
 0001:00002260       ?allocate@?$ReflectionAllocator@UPxBounds3V@physx@@@shdfnd@physx@@QEAAPEAX_KPEBDH@Z 0000000180003260 f i RTreeCooking.obj
 0001:00002300       ?allocate@?$ReflectionAllocator@URTreeNodeNQ@physx@@@shdfnd@physx@@QEAAPEAX_KPEBDH@Z 0000000180003300 f i RTreeCooking.obj
 0001:000023a0       ?allocate@?$ReflectionAllocator@URTreeNodeQ@Gu@physx@@@shdfnd@physx@@QEAAPEAX_KPEBDH@Z 00000001800033a0 f i RTreeCooking.obj
 0001:00002440       ?allocate@?$ReflectionAllocator@VPxVec3@physx@@@shdfnd@physx@@QEAAPEAX_KPEBDH@Z 0000000180003440 f i RTreeCooking.obj
 0001:00002f30       ?copy@?$Array@URTreeNodeNQ@physx@@V?$ReflectionAllocator@URTreeNodeNQ@physx@@@shdfnd@2@@shdfnd@physx@@KAXPEAURTreeNodeNQ@3@0PEBU43@@Z 0000000180003f30 f i RTreeCooking.obj
 0001:000030d0       ?copy@?$Array@VPxVec3@physx@@V?$ReflectionAllocator@VPxVec3@physx@@@shdfnd@2@@shdfnd@physx@@KAXPEAVPxVec3@3@0PEBV43@@Z 00000001800040d0 f i RTreeCooking.obj
 0001:000031c0       ?growAndPushBack@?$Array@IV?$ReflectionAllocator@I@shdfnd@physx@@@shdfnd@physx@@IEAAAEAIAEBI@Z 00000001800041c0 f i RTreeCooking.obj
 0001:00003290       ?growAndPushBack@?$Array@UInterval@physx@@V?$InlineAllocator@$0CA@V?$ReflectionAllocator@UInterval@physx@@@shdfnd@physx@@@shdfnd@2@@shdfnd@physx@@IEAAAEAUInterval@3@AEBU43@@Z 0000000180004290 f i RTreeCooking.obj
 0001:00003390       ?growAndPushBack@?$Array@UPxBounds3V@physx@@V?$ReflectionAllocator@UPxBounds3V@physx@@@shdfnd@2@@shdfnd@physx@@IEAAAEAUPxBounds3V@3@AEBU43@@Z 0000000180004390 f i RTreeCooking.obj
 0001:00003480       ?growAndPushBack@?$Array@URTreeNodeNQ@physx@@V?$ReflectionAllocator@URTreeNodeNQ@physx@@@shdfnd@2@@shdfnd@physx@@IEAAAEAURTreeNodeNQ@3@AEBU43@@Z 0000000180004480 f i RTreeCooking.obj
 0001:00003580       ?growAndPushBack@?$Array@URTreeNodeQ@Gu@physx@@V?$ReflectionAllocator@URTreeNodeQ@Gu@physx@@@shdfnd@3@@shdfnd@physx@@IEAAAEAURTreeNodeQ@Gu@3@AEBU453@@Z 0000000180004580 f i RTreeCooking.obj
 0001:00003680       ?growAndPushBack@?$Array@VPxVec3@physx@@V?$ReflectionAllocator@VPxVec3@physx@@@shdfnd@2@@shdfnd@physx@@IEAAAEAVPxVec3@3@AEBV43@@Z 0000000180004680 f i RTreeCooking.obj
 0001:00003770       ?recreate@?$Array@IV?$ReflectionAllocator@I@shdfnd@physx@@@shdfnd@physx@@IEAAXI@Z 0000000180004770 f i RTreeCooking.obj
 0001:00003820       ?recreate@?$Array@UPxBounds3V@physx@@V?$ReflectionAllocator@UPxBounds3V@physx@@@shdfnd@2@@shdfnd@physx@@IEAAXI@Z 0000000180004820 f i RTreeCooking.obj
 0001:000038d0       ?recreate@?$Array@URTreeNodeNQ@physx@@V?$ReflectionAllocator@URTreeNodeNQ@physx@@@shdfnd@2@@shdfnd@physx@@IEAAXI@Z 00000001800048d0 f i RTreeCooking.obj
 0001:00003960       ?recreate@?$Array@URTreeNodeQ@Gu@physx@@V?$ReflectionAllocator@URTreeNodeQ@Gu@physx@@@shdfnd@3@@shdfnd@physx@@IEAAXI@Z 0000000180004960 f i RTreeCooking.obj
 0001:00003a20       ?recreate@?$Array@VPxVec3@physx@@V?$ReflectionAllocator@VPxVec3@physx@@@shdfnd@2@@shdfnd@physx@@IEAAXI@Z 0000000180004a20 f i RTreeCooking.obj
 0001:00003ab0       ?resize@?$Array@IV?$ReflectionAllocator@I@shdfnd@physx@@@shdfnd@physx@@QEAAXIAEBI@Z 0000000180004ab0 f i RTreeCooking.obj
 0001:00003b20       ?resizeUninitialized@?$Array@URTreeNodeNQ@physx@@V?$ReflectionAllocator@URTreeNodeNQ@physx@@@shdfnd@2@@shdfnd@physx@@QEAAXI@Z 0000000180004b20 f i RTreeCooking.obj
 0001:00003b60       ?sort4@SubSortQuick@physx@@QEAAXPEIAIIAEAV?$Array@URTreeNodeNQ@physx@@V?$ReflectionAllocator@URTreeNodeNQ@physx@@@shdfnd@2@@shdfnd@2@AEAIAEAUPxBounds3V@2@I@Z 0000000180004b60 f i RTreeCooking.obj
 0001:00003ef0       ?sort4@SubSortSAH@physx@@QEAAXPEAIIAEAV?$Array@URTreeNodeNQ@physx@@V?$ReflectionAllocator@URTreeNodeNQ@physx@@@shdfnd@2@@shdfnd@2@AEAIIPEAURTreeNodeNQ@2@@Z 0000000180004ef0 f i RTreeCooking.obj
 0001:00004610       ?split@SubSortSAH@physx@@QEAAIPEAII@Z 0000000180005610 f i RTreeCooking.obj
 0001:00004dc0       ??0TriangleMeshBuilder@physx@@QEAA@AEAVTriangleMeshData@Gu@1@AEBUPxCookingParams@1@@Z 0000000180005dc0 f   TriangleMeshBuilder.obj
 0001:00004df0       ??1TriangleMeshBuilder@physx@@UEAA@XZ 0000000180005df0 f   TriangleMeshBuilder.obj
 0001:00004e60       ?cleanMesh@TriangleMeshBuilder@physx@@QEAA_N_NPEAW4Enum@PxTriangleMeshCookingResult@2@@Z 0000000180005e60 f   TriangleMeshBuilder.obj
 0001:000053a0       ?remapTopology@TriangleMeshBuilder@physx@@QEAAXPEBI@Z 00000001800063a0 f   TriangleMeshBuilder.obj
 0001:000056a0       ?createSharedEdgeData@TriangleMeshBuilder@physx@@QEAAX_N0@Z 00000001800066a0 f   TriangleMeshBuilder.obj
 0001:00005a70       ?recordTriangleIndices@TriangleMeshBuilder@physx@@QEAAXXZ 0000000180006a70 f   TriangleMeshBuilder.obj
 0001:00005b70       ?createGRBMidPhaseAndData@TriangleMeshBuilder@physx@@QEAAXI@Z 0000000180006b70 f   TriangleMeshBuilder.obj
 0001:00005d40       ?createGRBData@TriangleMeshBuilder@physx@@QEAAXXZ 0000000180006d40 f   TriangleMeshBuilder.obj
 0001:00005e40       ?loadFromDesc@TriangleMeshBuilder@physx@@QEAA_NAEBVPxTriangleMeshDesc@2@PEAW4Enum@PxTriangleMeshCookingResult@2@_N@Z 0000000180006e40 f   TriangleMeshBuilder.obj
 0001:00006150       ?save@TriangleMeshBuilder@physx@@QEBA_NAEAVPxOutputStream@2@_NAEBUPxCookingParams@2@@Z 0000000180007150 f   TriangleMeshBuilder.obj
 0001:000065f0       ?checkMeshIndicesSize@TriangleMeshBuilder@physx@@QEAAXXZ 00000001800075f0 f   TriangleMeshBuilder.obj
 0001:00006700       ?computeLocalBounds@TriangleMeshBuilder@physx@@IEAAXXZ 0000000180007700 f   TriangleMeshBuilder.obj
 0001:000067c0       ?importMesh@TriangleMeshBuilder@physx@@IEAA_NAEBVPxTriangleMeshDesc@2@AEBUPxCookingParams@2@PEAW4Enum@PxTriangleMeshCookingResult@2@_N@Z 00000001800077c0 f   TriangleMeshBuilder.obj
 0001:00006ad0       ?releaseEdgeList@TriangleMeshBuilder@physx@@IEAAXXZ 0000000180007ad0 f   TriangleMeshBuilder.obj
 0001:00006b30       ?createEdgeList@TriangleMeshBuilder@physx@@IEAAXXZ 0000000180007b30 f   TriangleMeshBuilder.obj
 0001:00006c70       ??0RTreeTriangleMeshBuilder@physx@@QEAA@AEBUPxCookingParams@1@@Z 0000000180007c70 f   TriangleMeshBuilder.obj
 0001:00006d30       ??1RTreeTriangleMeshBuilder@physx@@UEAA@XZ 0000000180007d30 f   TriangleMeshBuilder.obj
 0001:00006df0       ?createMidPhaseStructure@RTreeTriangleMeshBuilder@physx@@UEAAXXZ 0000000180007df0 f   TriangleMeshBuilder.obj
 0001:00006ef0       ?saveMidPhaseStructure@RTreeTriangleMeshBuilder@physx@@UEBAXAEAVPxOutputStream@2@_N@Z 0000000180007ef0 f   TriangleMeshBuilder.obj
 0001:00007140       ??0BV4TriangleMeshBuilder@physx@@QEAA@AEBUPxCookingParams@1@@Z 0000000180008140 f   TriangleMeshBuilder.obj
 0001:00007180       ??1BV4TriangleMeshBuilder@physx@@UEAA@XZ 0000000180008180 f   TriangleMeshBuilder.obj
 0001:00007210       ?createMidPhaseStructure@BV4TriangleMeshBuilder@physx@@UEAAXXZ 0000000180008210 f   TriangleMeshBuilder.obj
 0001:00007530       ?saveMidPhaseStructure@BV4TriangleMeshBuilder@physx@@UEBAXAEAVPxOutputStream@2@_N@Z 0000000180008530 f   TriangleMeshBuilder.obj
 0001:00007730       ?onMeshIndexFormatChange@BV4TriangleMeshBuilder@physx@@UEAAXXZ 0000000180008730 f   TriangleMeshBuilder.obj
 0001:00007770       ?createMidPhaseStructure@BV32TriangleMeshBuilder@physx@@SAXAEBUPxCookingParams@2@AEAVTriangleMeshData@Gu@2@AEAVBV32Tree@52@@Z 0000000180008770 f   TriangleMeshBuilder.obj
 0001:00007960       ?saveMidPhaseStructure@BV32TriangleMeshBuilder@physx@@SAXPEAVBV32Tree@Gu@2@AEAVPxOutputStream@2@_N@Z 0000000180008960 f   TriangleMeshBuilder.obj
 0001:00007b00       ?findSharpVertices@GrbTrimeshCookerHelper@physx@@YAXAEAV?$Array@USortedNeighbor@GrbTrimeshCookerHelper@physx@@V?$ReflectionAllocator@USortedNeighbor@GrbTrimeshCookerHelper@physx@@@shdfnd@3@@shdfnd@2@AEAV?$Array@USharpEdgeRange@GrbTrimeshCookerHelper@physx@@V?$ReflectionAllocator@USharpEdgeRange@GrbTrimeshCookerHelper@physx@@@shdfnd@3@@42@PEBUuint3@2@PEBUuint4@2@II@Z 0000000180008b00 f   TriangleMeshBuilder.obj
 0001:00007eb0       ?buildVertexConnectionNew_p1@GrbTrimeshCookerHelper@physx@@YAIAEAV?$Array@USortedNeighbor@GrbTrimeshCookerHelper@physx@@V?$ReflectionAllocator@USortedNeighbor@GrbTrimeshCookerHelper@physx@@@shdfnd@3@@shdfnd@2@AEAV?$Array@USharpEdgeRange@GrbTrimeshCookerHelper@physx@@V?$ReflectionAllocator@USharpEdgeRange@GrbTrimeshCookerHelper@physx@@@shdfnd@3@@42@PEBUuint3@2@PEBUuint4@2@II@Z 0000000180008eb0 f   TriangleMeshBuilder.obj
 0001:00008060       ?buildVertexConnectionNew_p2@GrbTrimeshCookerHelper@physx@@YAXPEAI00AEAV?$Array@USortedNeighbor@GrbTrimeshCookerHelper@physx@@V?$ReflectionAllocator@USortedNeighbor@GrbTrimeshCookerHelper@physx@@@shdfnd@3@@shdfnd@2@AEAV?$Array@USharpEdgeRange@GrbTrimeshCookerHelper@physx@@V?$ReflectionAllocator@USharpEdgeRange@GrbTrimeshCookerHelper@physx@@@shdfnd@3@@42@I@Z 0000000180009060 f   TriangleMeshBuilder.obj
 0001:00008110       ??$median3@UEdgeTriLookup@physx@@$$CBU?$Less@UEdgeTriLookup@physx@@@shdfnd@2@@internal@shdfnd@physx@@YAXPEAUEdgeTriLookup@2@HHAEBU?$Less@UEdgeTriLookup@physx@@@12@@Z 0000000180009110 f i TriangleMeshBuilder.obj
 0001:00008220       ??$median3@USortedNeighbor@GrbTrimeshCookerHelper@physx@@$$CBU?$Less@USortedNeighbor@GrbTrimeshCookerHelper@physx@@@shdfnd@3@@internal@shdfnd@physx@@YAXPEAUSortedNeighbor@GrbTrimeshCookerHelper@2@HHAEBU?$Less@USortedNeighbor@GrbTrimeshCookerHelper@physx@@@12@@Z 0000000180009220 f i TriangleMeshBuilder.obj
 0001:00008380       ??$partition@UEdgeTriLookup@physx@@$$CBU?$Less@UEdgeTriLookup@physx@@@shdfnd@2@@internal@shdfnd@physx@@YAHPEAUEdgeTriLookup@2@HHAEBU?$Less@UEdgeTriLookup@physx@@@12@@Z 0000000180009380 f i TriangleMeshBuilder.obj
 0001:000084a0       ??$partition@USortedNeighbor@GrbTrimeshCookerHelper@physx@@$$CBU?$Less@USortedNeighbor@GrbTrimeshCookerHelper@physx@@@shdfnd@3@@internal@shdfnd@physx@@YAHPEAUSortedNeighbor@GrbTrimeshCookerHelper@2@HHAEBU?$Less@USortedNeighbor@GrbTrimeshCookerHelper@physx@@@12@@Z 00000001800094a0 f i TriangleMeshBuilder.obj
 0001:000085f0       ??$smallSort@UEdgeTriLookup@physx@@$$CBU?$Less@UEdgeTriLookup@physx@@@shdfnd@2@@internal@shdfnd@physx@@YAXPEAUEdgeTriLookup@2@HHAEBU?$Less@UEdgeTriLookup@physx@@@12@@Z 00000001800095f0 f i TriangleMeshBuilder.obj
 0001:00008700       ??$smallSort@USortedNeighbor@GrbTrimeshCookerHelper@physx@@$$CBU?$Less@USortedNeighbor@GrbTrimeshCookerHelper@physx@@@shdfnd@3@@internal@shdfnd@physx@@YAXPEAUSortedNeighbor@GrbTrimeshCookerHelper@2@HHAEBU?$Less@USortedNeighbor@GrbTrimeshCookerHelper@physx@@@12@@Z 0000000180009700 f i TriangleMeshBuilder.obj
 0001:00008850       ??$sort@UEdgeTriLookup@physx@@@shdfnd@physx@@YAXPEAUEdgeTriLookup@1@I@Z 0000000180009850 f i TriangleMeshBuilder.obj
 0001:00008870       ??$sort@UEdgeTriLookup@physx@@U?$Less@UEdgeTriLookup@physx@@@shdfnd@2@V?$ReflectionAllocator@UEdgeTriLookup@physx@@@42@@shdfnd@physx@@YAXPEAUEdgeTriLookup@1@IAEBU?$Less@UEdgeTriLookup@physx@@@01@AEBV?$ReflectionAllocator@UEdgeTriLookup@physx@@@01@I@Z 0000000180009870 f i TriangleMeshBuilder.obj
 0001:00008b80       ??$sort@USortedNeighbor@GrbTrimeshCookerHelper@physx@@@shdfnd@physx@@YAXPEAUSortedNeighbor@GrbTrimeshCookerHelper@1@I@Z 0000000180009b80 f i TriangleMeshBuilder.obj
 0001:00008ba0       ??$sort@USortedNeighbor@GrbTrimeshCookerHelper@physx@@U?$Less@USortedNeighbor@GrbTrimeshCookerHelper@physx@@@shdfnd@3@V?$ReflectionAllocator@USortedNeighbor@GrbTrimeshCookerHelper@physx@@@53@@shdfnd@physx@@YAXPEAUSortedNeighbor@GrbTrimeshCookerHelper@1@IAEBU?$Less@USortedNeighbor@GrbTrimeshCookerHelper@physx@@@01@AEBV?$ReflectionAllocator@USortedNeighbor@GrbTrimeshCookerHelper@physx@@@01@I@Z 0000000180009ba0 f i TriangleMeshBuilder.obj
 0001:00008eb0       ??0BV4TriangleData@Gu@physx@@QEAA@XZ 0000000180009eb0 f i TriangleMeshBuilder.obj
 0001:00008f50       ??0PxVec4@physx@@QEAA@XZ   0000000180009f50 f i TriangleMeshBuilder.obj
 0001:00008f60       ??1BV4TriangleData@Gu@physx@@UEAA@XZ 0000000180009f60 f i TriangleMeshBuilder.obj
 0001:00008fa0       ??1RTreeTriangleData@Gu@physx@@UEAA@XZ 0000000180009fa0 f i TriangleMeshBuilder.obj
 0001:00009010       ??1RemapCallback@RTreeCooker@physx@@UEAA@XZ 000000018000a010 f i TriangleMeshBuilder.obj
 0001:00009020       ??1TriangleMeshData@Gu@physx@@UEAA@XZ 000000018000a020 f i TriangleMeshBuilder.obj
 0001:000091a0       ??_GBV4TriangleData@Gu@physx@@UEAAPEAXI@Z 000000018000a1a0 f i TriangleMeshBuilder.obj
 0001:000091a0       ??_EBV4TriangleData@Gu@physx@@UEAAPEAXI@Z 000000018000a1a0 f i TriangleMeshBuilder.obj
 0001:00009230       ??_GBV4TriangleMeshBuilder@physx@@UEAAPEAXI@Z 000000018000a230 f i TriangleMeshBuilder.obj
 0001:00009230       ??_EBV4TriangleMeshBuilder@physx@@UEAAPEAXI@Z 000000018000a230 f i TriangleMeshBuilder.obj
 0001:00009270       ??_ERTreeCookerRemap@physx@@UEAAPEAXI@Z 000000018000a270 f i TriangleMeshBuilder.obj
 0001:00009270       ??_GRTreeCookerRemap@physx@@UEAAPEAXI@Z 000000018000a270 f i TriangleMeshBuilder.obj
 0001:000092a0       ??_GRTreeTriangleData@Gu@physx@@UEAAPEAXI@Z 000000018000a2a0 f i TriangleMeshBuilder.obj
 0001:000092a0       ??_ERTreeTriangleData@Gu@physx@@UEAAPEAXI@Z 000000018000a2a0 f i TriangleMeshBuilder.obj
 0001:00009350       ??_GRTreeTriangleMeshBuilder@physx@@UEAAPEAXI@Z 000000018000a350 f i TriangleMeshBuilder.obj
 0001:00009350       ??_ERTreeTriangleMeshBuilder@physx@@UEAAPEAXI@Z 000000018000a350 f i TriangleMeshBuilder.obj
 0001:00009390       ??_ERemapCallback@RTreeCooker@physx@@UEAAPEAXI@Z 000000018000a390 f i TriangleMeshBuilder.obj
 0001:00009390       ??_GRemapCallback@RTreeCooker@physx@@UEAAPEAXI@Z 000000018000a390 f i TriangleMeshBuilder.obj
 0001:000093c0       ??_GTriangleMeshBuilder@physx@@UEAAPEAXI@Z 000000018000a3c0 f i TriangleMeshBuilder.obj
 0001:000093c0       ??_ETriangleMeshBuilder@physx@@UEAAPEAXI@Z 000000018000a3c0 f i TriangleMeshBuilder.obj
 0001:00009430       ??_GTriangleMeshData@Gu@physx@@UEAAPEAXI@Z 000000018000a430 f i TriangleMeshBuilder.obj
 0001:00009430       ??_ETriangleMeshData@Gu@physx@@UEAAPEAXI@Z 000000018000a430 f i TriangleMeshBuilder.obj
 0001:000094a0       ?allocate@?$ReflectionAllocator@USharpEdgeRange@GrbTrimeshCookerHelper@physx@@@shdfnd@physx@@QEAAPEAX_KPEBDH@Z 000000018000a4a0 f i TriangleMeshBuilder.obj
 0001:00009540       ?allocate@?$ReflectionAllocator@USortedNeighbor@GrbTrimeshCookerHelper@physx@@@shdfnd@physx@@QEAAPEAX_KPEBDH@Z 000000018000a540 f i TriangleMeshBuilder.obj
 0001:000095e0       ?allocateMaterials@TriangleMeshData@Gu@physx@@QEAAPEAGXZ 000000018000a5e0 f i TriangleMeshBuilder.obj
 0001:000096a0       ?allocateTriangles@TriangleMeshData@Gu@physx@@QEAAPEAXI_NI@Z 000000018000a6a0 f i TriangleMeshBuilder.obj
 0001:00009790       ?allocateVertices@TriangleMeshData@Gu@physx@@QEAAPEAVPxVec3@3@I@Z 000000018000a790 f i TriangleMeshBuilder.obj
 0001:00009e50       ?getMidphaseID@BV4TriangleMeshBuilder@physx@@UEBA?AW4Enum@PxMeshMidPhase@2@XZ 000000018000ae50 f i TriangleMeshBuilder.obj
 0001:00009e60       ?getMidphaseID@RTreeTriangleMeshBuilder@physx@@UEBA?AW4Enum@PxMeshMidPhase@2@XZ 000000018000ae60 f i TriangleMeshBuilder.obj
 0001:00009e70       ?growAndPushBack@?$Array@USortedNeighbor@GrbTrimeshCookerHelper@physx@@V?$ReflectionAllocator@USortedNeighbor@GrbTrimeshCookerHelper@physx@@@shdfnd@3@@shdfnd@physx@@IEAAAEAUSortedNeighbor@GrbTrimeshCookerHelper@3@AEBU453@@Z 000000018000ae70 f i TriangleMeshBuilder.obj
 0001:00009f70       ?isValid@PxTriangleMeshDesc@physx@@QEBA_NXZ 000000018000af70 f i TriangleMeshBuilder.obj
 0001:00009ff0       ?onMeshIndexFormatChange@TriangleMeshBuilder@physx@@UEAAXXZ 000000018000aff0 f i TriangleMeshBuilder.obj
 0001:0000a000       ?recreate@?$Array@USharpEdgeRange@GrbTrimeshCookerHelper@physx@@V?$ReflectionAllocator@USharpEdgeRange@GrbTrimeshCookerHelper@physx@@@shdfnd@3@@shdfnd@physx@@IEAAXI@Z 000000018000b000 f i TriangleMeshBuilder.obj
 0001:0000a0b0       ?recreate@?$Array@USortedNeighbor@GrbTrimeshCookerHelper@physx@@V?$ReflectionAllocator@USortedNeighbor@GrbTrimeshCookerHelper@physx@@@shdfnd@3@@shdfnd@physx@@IEAAXI@Z 000000018000b0b0 f i TriangleMeshBuilder.obj
 0001:0000a160       ?remap@RTreeCookerRemap@physx@@UEAAXPEAIII@Z 000000018000b160 f i TriangleMeshBuilder.obj
 0001:0000a180       ?resize@?$Array@USharpEdgeRange@GrbTrimeshCookerHelper@physx@@V?$ReflectionAllocator@USharpEdgeRange@GrbTrimeshCookerHelper@physx@@@shdfnd@3@@shdfnd@physx@@QEAAXIAEBUSharpEdgeRange@GrbTrimeshCookerHelper@3@@Z 000000018000b180 f i TriangleMeshBuilder.obj
 0001:0000a1f0       ?resizeUninitialized@?$Array@USortedNeighbor@GrbTrimeshCookerHelper@physx@@V?$ReflectionAllocator@USortedNeighbor@GrbTrimeshCookerHelper@physx@@@shdfnd@3@@shdfnd@physx@@QEAAXI@Z 000000018000b1f0 f i TriangleMeshBuilder.obj
 0001:0000a230       ??0BigConvexDataBuilder@physx@@QEAA@PEBUConvexHullData@Gu@1@PEAVBigConvexData@1@PEBVPxVec3@1@@Z 000000018000b230 f   BigConvexDataBuilder.obj
 0001:0000a250       ??1BigConvexDataBuilder@physx@@QEAA@XZ 000000018000b250 f   BigConvexDataBuilder.obj
 0001:0000a260       ?precompute@BigConvexDataBuilder@physx@@QEAA_NI@Z 000000018000b260 f   BigConvexDataBuilder.obj
 0001:0000ac50       ?initialize@BigConvexDataBuilder@physx@@QEAA_NXZ 000000018000bc50 f   BigConvexDataBuilder.obj
 0001:0000acf0       ?save@BigConvexDataBuilder@physx@@QEBA_NAEAVPxOutputStream@2@_N@Z 000000018000bcf0 f   BigConvexDataBuilder.obj
 0001:0000ade0       ?computeValencies@BigConvexDataBuilder@physx@@QEAA_NAEBVConvexHullBuilder@2@@Z 000000018000bde0 f   BigConvexDataBuilder.obj
 0001:0000b1d0       ?saveValencies@BigConvexDataBuilder@physx@@QEBA_NAEAVPxOutputStream@2@_N@Z 000000018000c1d0 f   BigConvexDataBuilder.obj
 0001:0000b380       ??0ConvexHullBuilder@physx@@QEAA@PEAUConvexHullData@Gu@1@_N@Z 000000018000c380 f   ConvexHullBuilder.obj
 0001:0000b3b0       ??1ConvexHullBuilder@physx@@QEAA@XZ 000000018000c3b0 f   ConvexHullBuilder.obj
 0001:0000b4c0       ?init@ConvexHullBuilder@physx@@QEAA_NIPEBVPxVec3@2@PEBIIIPEBUPxHullPolygon@2@_NPEAVConvexHullLib@2@@Z 000000018000c4c0 f   ConvexHullBuilder.obj
 0001:0000b8d0       ?save@ConvexHullBuilder@physx@@QEBA_NAEAVPxOutputStream@2@_N@Z 000000018000c8d0 f   ConvexHullBuilder.obj
 0001:0000bc20       ?copy@ConvexHullBuilder@physx@@QEAA_NAEAUConvexHullData@Gu@2@AEAI@Z 000000018000cc20 f   ConvexHullBuilder.obj
 0001:0000be80       ?createEdgeList@ConvexHullBuilder@physx@@QEAA_N_NI@Z 000000018000ce80 f   ConvexHullBuilder.obj
 0001:0000c770       ?checkHullPolygons@ConvexHullBuilder@physx@@QEBA_NXZ 000000018000d770 f   ConvexHullBuilder.obj
 0001:0000cbb0       ?calculateVertexMapTable@ConvexHullBuilder@physx@@QEAA_NI_N@Z 000000018000dbb0 f   ConvexHullBuilder.obj
 0001:0000cde0       ?computeGeomCenter@ConvexHullBuilder@physx@@IEBA_NAEAVPxVec3@2@IPEAUHullTriangleData@2@@Z 000000018000dde0 f   ConvexHullBuilder.obj
 0001:0000d010       ??0PxVec3@physx@@QEAA@XZ   000000018000e010 f i ConvexHullBuilder.obj
 0001:0000d020       ??1ConvexHullLib@physx@@UEAA@XZ 000000018000e020 f   ConvexHullLib.obj
 0001:0000d080       ?cleanupVertices@ConvexHullLib@physx@@IEAA_NIPEBVPxVec3@2@IAEAIPEAV32@AEAV32@3@Z 000000018000e080 f   ConvexHullLib.obj
 0001:0000d4e0       ?shiftAndcleanupVertices@ConvexHullLib@physx@@IEAA_NIPEBVPxVec3@2@IAEAIPEAV32@AEAV32@3@Z 000000018000e4e0 f   ConvexHullLib.obj
 0001:0000d920       ?swapLargestFace@ConvexHullLib@physx@@IEAAXAEAVPxConvexMeshDesc@2@@Z 000000018000e920 f   ConvexHullLib.obj
 0001:0000db10       ?shiftConvexMeshDesc@ConvexHullLib@physx@@IEAAXAEAVPxConvexMeshDesc@2@@Z 000000018000eb10 f   ConvexHullLib.obj
 0001:0000dbd0       ??_EConvexHullLib@physx@@UEAAPEAXI@Z 000000018000ebd0 f i ConvexHullLib.obj
 0001:0000dbd0       ??_GConvexHullLib@physx@@UEAAPEAXI@Z 000000018000ebd0 f i ConvexHullLib.obj
 0001:0000e0b0       ??0ConvexHull@physx@@QEAA@AEBVPxVec3@1@0AEBV?$Array@VPxPlane@physx@@V?$ReflectionAllocator@VPxPlane@physx@@@shdfnd@2@@shdfnd@1@@Z 000000018000f0b0 f   ConvexHullUtils.obj
 0001:0000eb60       ??0ConvexHull@physx@@QEAA@AEBVPxVec3@1@AEBVPxTransform@1@AEBV?$Array@VPxPlane@physx@@V?$ReflectionAllocator@VPxPlane@physx@@@shdfnd@2@@shdfnd@1@@Z 000000018000fb60 f   ConvexHullUtils.obj
 0001:0000ff40       ?findCandidatePlane@ConvexHull@physx@@QEBAHMM@Z 0000000180010f40 f   ConvexHullUtils.obj
 0001:00010450       ?assertIntact@ConvexHull@physx@@QEBA_NM@Z 0000000180011450 f   ConvexHullUtils.obj
 0001:00010770       ?maxNumVertsPerFace@ConvexHull@physx@@QEBAIXZ 0000000180011770 f   ConvexHullUtils.obj
 0001:000107e0       ?convexHullCrop@physx@@YAPEAVConvexHull@1@AEBV21@AEBVPxPlane@1@M@Z 00000001800117e0 f   ConvexHullUtils.obj
 0001:00011620       ?computeOBBFromConvex@physx@@YA_NAEBVPxConvexMeshDesc@1@AEAVPxVec3@1@AEAVPxTransform@1@@Z 0000000180012620 f   ConvexHullUtils.obj
 0001:00011d70       ?computeOBBSIMD@local@@YAXIPEBT__m128@@AEAT2@AEBT2@1@Z 0000000180012d70 f   ConvexHullUtils.obj
 0001:00011fd0       ??0HalfEdge@ConvexHull@physx@@QEAA@XZ 0000000180012fd0 f i ConvexHullUtils.obj
 0001:00011fe0       ??0PxPlane@physx@@QEAA@XZ  0000000180012fe0 f i ConvexHullUtils.obj
 0001:00011ff0       ?allocate@?$ReflectionAllocator@VHalfEdge@ConvexHull@physx@@@shdfnd@physx@@QEAAPEAX_KPEBDH@Z 0000000180012ff0 f i ConvexHullUtils.obj
 0001:00012090       ?allocate@?$ReflectionAllocator@VPxPlane@physx@@@shdfnd@physx@@QEAAPEAX_KPEBDH@Z 0000000180013090 f i ConvexHullUtils.obj
 0001:00012130       ?copy@?$Array@VPxPlane@physx@@V?$ReflectionAllocator@VPxPlane@physx@@@shdfnd@2@@shdfnd@physx@@KAXPEAVPxPlane@3@0PEBV43@@Z 0000000180013130 f i ConvexHullUtils.obj
 0001:00012260       ?copyHull@ConvexHull@physx@@QEAAXAEBV12@@Z 0000000180013260 f i ConvexHullUtils.obj
 0001:00012310       ?create@?$Array@VPxPlane@physx@@V?$ReflectionAllocator@VPxPlane@physx@@@shdfnd@2@@shdfnd@physx@@KAXPEAVPxPlane@3@0AEBV43@@Z 0000000180013310 f i ConvexHullUtils.obj
 0001:00012410       ?create@?$Array@VPxVec3@physx@@V?$ReflectionAllocator@VPxVec3@physx@@@shdfnd@2@@shdfnd@physx@@KAXPEAVPxVec3@3@0AEBV43@@Z 0000000180013410 f i ConvexHullUtils.obj
 0001:000124f0       ?getInverse@PxMat33@physx@@QEBA?BV12@XZ 00000001800134f0 f i ConvexHullUtils.obj
 0001:00012780       ?growAndPushBack@?$Array@VHalfEdge@ConvexHull@physx@@V?$ReflectionAllocator@VHalfEdge@ConvexHull@physx@@@shdfnd@3@@shdfnd@physx@@IEAAAEAVHalfEdge@ConvexHull@3@AEBV453@@Z 0000000180013780 f i ConvexHullUtils.obj
 0001:00012850       ?growAndPushBack@?$Array@VPxPlane@physx@@V?$ReflectionAllocator@VPxPlane@physx@@@shdfnd@2@@shdfnd@physx@@IEAAAEAVPxPlane@3@AEBV43@@Z 0000000180013850 f i ConvexHullUtils.obj
 0001:00012940       ?recreate@?$Array@VHalfEdge@ConvexHull@physx@@V?$ReflectionAllocator@VHalfEdge@ConvexHull@physx@@@shdfnd@3@@shdfnd@physx@@IEAAXI@Z 0000000180013940 f i ConvexHullUtils.obj
 0001:000129f0       ?recreate@?$Array@VPxPlane@physx@@V?$ReflectionAllocator@VPxPlane@physx@@@shdfnd@2@@shdfnd@physx@@IEAAXI@Z 00000001800139f0 f i ConvexHullUtils.obj
 0001:00012a80       ?resize@?$Array@VHalfEdge@ConvexHull@physx@@V?$ReflectionAllocator@VHalfEdge@ConvexHull@physx@@@shdfnd@3@@shdfnd@physx@@QEAAXIAEBVHalfEdge@ConvexHull@3@@Z 0000000180013a80 f i ConvexHullUtils.obj
 0001:00012af0       ?resize@?$Array@VPxPlane@physx@@V?$ReflectionAllocator@VPxPlane@physx@@@shdfnd@2@@shdfnd@physx@@QEAAXIAEBVPxPlane@3@@Z 0000000180013af0 f i ConvexHullUtils.obj
 0001:00012b50       ?resize@?$Array@VPxVec3@physx@@V?$ReflectionAllocator@VPxVec3@physx@@@shdfnd@2@@shdfnd@physx@@QEAAXIAEBVPxVec3@3@@Z 0000000180013b50 f i ConvexHullUtils.obj
 0001:00012bb0       ??0ConvexMeshBuilder@physx@@QEAA@_N@Z 0000000180013bb0 f   ConvexMeshBuilder.obj
 0001:00012c20       ??1ConvexMeshBuilder@physx@@QEAA@XZ 0000000180013c20 f   ConvexMeshBuilder.obj
 0001:00012c80       ?build@ConvexMeshBuilder@physx@@QEAA_NAEBVPxConvexMeshDesc@2@I_NPEAVConvexHullLib@2@@Z 0000000180013c80 f   ConvexMeshBuilder.obj
 0001:00012e10       ?save@ConvexMeshBuilder@physx@@QEBA_NAEAVPxOutputStream@2@_N@Z 0000000180013e10 f   ConvexMeshBuilder.obj
 0001:00013030       ?copy@ConvexMeshBuilder@physx@@QEAA_NAEAUConvexHullData@Gu@2@AEAI@Z 0000000180014030 f   ConvexMeshBuilder.obj
 0001:000130c0       ?loadConvexHull@ConvexMeshBuilder@physx@@QEAA_NAEBVPxConvexMeshDesc@2@PEAVConvexHullLib@2@@Z 00000001800140c0 f   ConvexMeshBuilder.obj
 0001:00013360       ?computeHullPolygons@ConvexMeshBuilder@physx@@QEAA_NAEBIPEBVPxVec3@2@0PEBIAEAVPxAllocatorCallback@2@AEAIAEAPEAV32@4AEAPEAI4AEAPEAUPxHullPolygon@2@@Z 0000000180014360 f   ConvexMeshBuilder.obj
 0001:00013570       ?computeGaussMaps@ConvexMeshBuilder@physx@@QEAA_NXZ 0000000180014570 f   ConvexMeshBuilder.obj
 0001:00013670       ?computeMassInfo@ConvexMeshBuilder@physx@@QEAAX_N@Z 0000000180014670 f   ConvexMeshBuilder.obj
 0001:00013aa0       ?computeInternalObjects@ConvexMeshBuilder@physx@@QEAAXXZ 0000000180014aa0 f   ConvexMeshBuilder.obj
 0001:00013f30       ?isFinite@PxVec3@physx@@QEBA_NXZ 0000000180014f30 f i ConvexMeshBuilder.obj
 0001:00013f90       ?isValid@PxConvexMeshDesc@physx@@QEBA_NXZ 0000000180014f90 f i ConvexMeshBuilder.obj
 0001:00014020       ??0ConvexPolygonsBuilder@physx@@QEAA@PEAUConvexHullData@Gu@1@_N@Z 0000000180015020 f   ConvexPolygonsBuilder.obj
 0001:00014050       ??1ConvexPolygonsBuilder@physx@@QEAA@XZ 0000000180015050 f   ConvexPolygonsBuilder.obj
 0001:000140a0       ?computeHullPolygons@ConvexPolygonsBuilder@physx@@QEAA_NAEBIPEBVPxVec3@2@0PEBI@Z 00000001800150a0 f   ConvexPolygonsBuilder.obj
 0001:000142c0       ?createPolygonData@ConvexPolygonsBuilder@physx@@AEAA_NXZ 00000001800152c0 f   ConvexPolygonsBuilder.obj
 0001:00014b70       ?createTrianglesFromPolygons@ConvexPolygonsBuilder@physx@@AEAA_NXZ 0000000180015b70 f   ConvexPolygonsBuilder.obj
 0001:00015570       ??$PlaneEquation@U?$TriangleT@I@Gu@physx@@@@YA?AVPxPlane@physx@@AEBU?$TriangleT@I@Gu@1@PEBVPxVec3@1@@Z 0000000180016570 f i ConvexPolygonsBuilder.obj
 0001:00015700       ??$copy@V?$ReflectionAllocator@VPair@@@shdfnd@physx@@@?$Array@VPair@@V?$ReflectionAllocator@VPair@@@shdfnd@physx@@@shdfnd@physx@@IEAAXAEBV012@@Z 0000000180016700 f i ConvexPolygonsBuilder.obj
 0001:000165d0       ?allocate@?$ReflectionAllocator@VPair@@@shdfnd@physx@@QEAAPEAX_KPEBDH@Z 00000001800175d0 f i ConvexPolygonsBuilder.obj
 0001:00017c00       ?growAndPushBack@?$Array@VPair@@V?$ReflectionAllocator@VPair@@@shdfnd@physx@@@shdfnd@physx@@IEAAAEAVPair@@AEBV4@@Z 0000000180018c00 f i ConvexPolygonsBuilder.obj
 0001:00017ce0       ??0InflationConvexHullLib@physx@@QEAA@AEBVPxConvexMeshDesc@1@AEBUPxCookingParams@1@@Z 0000000180018ce0 f   InflationConvexHullLib.obj
 0001:00017d20       ??1InflationConvexHullLib@physx@@UEAA@XZ 0000000180018d20 f   InflationConvexHullLib.obj
 0001:00017db0       ?createConvexHull@InflationConvexHullLib@physx@@UEAA?AW4Enum@PxConvexMeshCookingResult@2@XZ 0000000180018db0 f   InflationConvexHullLib.obj
 0001:00017ec0       ?fillConvexMeshDesc@InflationConvexHullLib@physx@@UEAAXAEAVPxConvexMeshDesc@2@@Z 0000000180018ec0 f   InflationConvexHullLib.obj
 0001:00017f40       ?computeHull@InflationConvexHullLib@physx@@IEAA?AW4ErrorCode@ConvexHullLibResult@2@IPEBVPxVec3@2@@Z 0000000180018f40 f   InflationConvexHullLib.obj
 0001:00018170       ?calchull@InflationConvexHullLib@physx@@IEAA?AW4ErrorCode@ConvexHullLibResult@2@PEBVPxVec3@2@IAEAPEAVConvexHull@2@@Z 0000000180019170 f   InflationConvexHullLib.obj
 0001:000183b0       ?calchullgen@InflationConvexHullLib@physx@@IEAA?AW4ErrorCode@ConvexHullLibResult@2@PEBVPxVec3@2@IAEAVHullTriangles@local@@@Z 00000001800193b0 f   InflationConvexHullLib.obj
 0001:00018ee0       ?calchullplanes@InflationConvexHullLib@physx@@IEAA_NPEBVPxVec3@2@AEAVHullTriangles@local@@AEAV?$Array@VPxPlane@physx@@V?$ReflectionAllocator@VPxPlane@physx@@@shdfnd@2@@shdfnd@2@@Z 0000000180019ee0 f   InflationConvexHullLib.obj
 0001:000191e0       ?overhull@InflationConvexHullLib@physx@@IEAA_NPEBVPxVec3@2@IAEBV?$Array@VPxPlane@physx@@V?$ReflectionAllocator@VPxPlane@physx@@@shdfnd@2@@shdfnd@2@AEAPEAVConvexHull@2@@Z 000000018001a1e0 f   InflationConvexHullLib.obj
 0001:000197c0       ?expandHull@InflationConvexHullLib@physx@@IEAA?AW4ErrorCode@ConvexHullLibResult@2@PEBVPxVec3@2@IAEBVHullTriangles@local@@AEAPEAVConvexHull@2@@Z 000000018001a7c0 f   InflationConvexHullLib.obj
 0001:0001a550       ?expandHullOBB@InflationConvexHullLib@physx@@IEAA?AW4ErrorCode@ConvexHullLibResult@2@PEBVPxVec3@2@IAEBVHullTriangles@local@@AEAPEAVConvexHull@2@@Z 000000018001b550 f   InflationConvexHullLib.obj
 0001:0001aab0       ?maxIndexInDirFiltered@local@@YAHPEBVPxVec3@physx@@IAEBV23@PEA_N@Z 000000018001bab0 f   InflationConvexHullLib.obj
 0001:0001ad60       ?maxIndexInDirSterid@local@@YAHPEBVPxVec3@physx@@IAEBV23@AEAV?$Array@EV?$ReflectionAllocator@E@shdfnd@physx@@@shdfnd@3@@Z 000000018001bd60 f   InflationConvexHullLib.obj
 0001:0001b130       ??1ConvexHull@physx@@QEAA@XZ 000000018001c130 f i InflationConvexHullLib.obj
 0001:0001b1d0       ??_EInflationConvexHullLib@physx@@UEAAPEAXI@Z 000000018001c1d0 f i InflationConvexHullLib.obj
 0001:0001b1d0       ??_GInflationConvexHullLib@physx@@UEAAPEAXI@Z 000000018001c1d0 f i InflationConvexHullLib.obj
 0001:0001b240       ?allocate@?$ReflectionAllocator@E@shdfnd@physx@@QEAAPEAX_KPEBDH@Z 000000018001c240 f i InflationConvexHullLib.obj
 0001:0001b2e0       ?allocate@?$ReflectionAllocator@H@shdfnd@physx@@QEAAPEAX_KPEBDH@Z 000000018001c2e0 f i InflationConvexHullLib.obj
 0001:0001b380       ?allocate@?$ReflectionAllocator@PEAVTri@local@@@shdfnd@physx@@QEAAPEAX_KPEBDH@Z 000000018001c380 f i InflationConvexHullLib.obj
 0001:0001b420       ?allocate@?$ReflectionAllocator@UExpandPlane@local@@@shdfnd@physx@@QEAAPEAX_KPEBDH@Z 000000018001c420 f i InflationConvexHullLib.obj
 0001:0001b4c0       ?b2bfix@HullTriangles@local@@IEAAXPEAVTri@2@0@Z 000000018001c4c0 f i InflationConvexHullLib.obj
 0001:0001b6d0       ?copy@?$Array@UExpandPlane@local@@V?$ReflectionAllocator@UExpandPlane@local@@@shdfnd@physx@@@shdfnd@physx@@KAXPEAUExpandPlane@local@@0PEBU45@@Z 000000018001c6d0 f i InflationConvexHullLib.obj
 0001:0001b920       ?createEdgeList@InflationConvexHullLib@physx@@UEAA_NIPEBEPEAPEAEPEAPEAG2@Z 000000018001c920 f i InflationConvexHullLib.obj
 0001:0001b930       ?createTri@HullTriangles@local@@QEAAPEAVTri@2@HHH@Z 000000018001c930 f i InflationConvexHullLib.obj
 0001:0001ba40       ?extrude@HullTriangles@local@@QEAAXPEAVTri@2@H@Z 000000018001ca40 f i InflationConvexHullLib.obj
 0001:0001bc30       ?findExtrudable@HullTriangles@local@@QEBAPEAVTri@2@M@Z 000000018001cc30 f i InflationConvexHullLib.obj
 0001:0001c400       ?getArea2@Tri@local@@QEBAMPEBVPxVec3@physx@@@Z 000000018001d400 f i InflationConvexHullLib.obj
 0001:0001c4c0       ?getNormal@Tri@local@@QEBA?AVPxVec3@physx@@PEBV34@@Z 000000018001d4c0 f i InflationConvexHullLib.obj
 0001:0001c5e0       ?growAndPushBack@?$Array@EV?$ReflectionAllocator@E@shdfnd@physx@@@shdfnd@physx@@IEAAAEAEAEBE@Z 000000018001d5e0 f i InflationConvexHullLib.obj
 0001:0001c6b0       ?growAndPushBack@?$Array@HV?$ReflectionAllocator@H@shdfnd@physx@@@shdfnd@physx@@IEAAAEAHAEBH@Z 000000018001d6b0 f i InflationConvexHullLib.obj
 0001:0001c780       ?growAndPushBack@?$Array@PEAVTri@local@@V?$ReflectionAllocator@PEAVTri@local@@@shdfnd@physx@@@shdfnd@physx@@IEAAAEAPEAVTri@local@@AEBQEAV45@@Z 000000018001d780 f i InflationConvexHullLib.obj
 0001:0001c860       ?growAndPushBack@?$Array@UExpandPlane@local@@V?$ReflectionAllocator@UExpandPlane@local@@@shdfnd@physx@@@shdfnd@physx@@IEAAAEAUExpandPlane@local@@AEBU45@@Z 000000018001d860 f i InflationConvexHullLib.obj
 0001:0001c980       ?hasVolume@HullSimplex@local@@SA_NPEBVPxVec3@physx@@IIII@Z 000000018001d980 f i InflationConvexHullLib.obj
 0001:0001cb00       ?neib@Tri@local@@QEAAAEAHHH@Z 000000018001db00 f i InflationConvexHullLib.obj
 0001:0001cd00       ?recreate@?$Array@EV?$ReflectionAllocator@E@shdfnd@physx@@@shdfnd@physx@@IEAAXI@Z 000000018001dd00 f i InflationConvexHullLib.obj
 0001:0001cdb0       ?recreate@?$Array@HV?$ReflectionAllocator@H@shdfnd@physx@@@shdfnd@physx@@IEAAXI@Z 000000018001ddb0 f i InflationConvexHullLib.obj
 0001:0001ce60       ?recreate@?$Array@PEAVTri@local@@V?$ReflectionAllocator@PEAVTri@local@@@shdfnd@physx@@@shdfnd@physx@@IEAAXI@Z 000000018001de60 f i InflationConvexHullLib.obj
 0001:0001cf10       ?removeb2b@HullTriangles@local@@IEAAXPEAVTri@2@0@Z 000000018001df10 f i InflationConvexHullLib.obj
 0001:0001cf80       ?resize@?$Array@HV?$ReflectionAllocator@H@shdfnd@physx@@@shdfnd@physx@@QEAAXIAEBH@Z 000000018001df80 f i InflationConvexHullLib.obj
 0001:0001cff0       ??0QuickHullConvexHullLib@physx@@QEAA@AEBVPxConvexMeshDesc@1@AEBUPxCookingParams@1@@Z 000000018001dff0 f   QuickHullConvexHullLib.obj
 0001:0001d0f0       ??1QuickHullConvexHullLib@physx@@UEAA@XZ 000000018001e0f0 f   QuickHullConvexHullLib.obj
 0001:0001d1d0       ?createConvexHull@QuickHullConvexHullLib@physx@@UEAA?AW4Enum@PxConvexMeshCookingResult@2@XZ 000000018001e1d0 f   QuickHullConvexHullLib.obj
 0001:0001d430       ?fillConvexMeshDesc@QuickHullConvexHullLib@physx@@UEAAXAEAVPxConvexMeshDesc@2@@Z 000000018001e430 f   QuickHullConvexHullLib.obj
 0001:0001d480       ?createEdgeList@QuickHullConvexHullLib@physx@@UEAA_NIPEBEPEAPEAEPEAPEAG2@Z 000000018001e480 f   QuickHullConvexHullLib.obj
 0001:0001d770       ?expandHullOBB@QuickHullConvexHullLib@physx@@IEAA?AW4Enum@PxConvexMeshCookingResult@2@XZ 000000018001e770 f   QuickHullConvexHullLib.obj
 0001:0001daf0       ?expandHull@QuickHullConvexHullLib@physx@@IEAA?AW4Enum@PxConvexMeshCookingResult@2@XZ 000000018001eaf0 f   QuickHullConvexHullLib.obj
 0001:0001e3f0       ?cleanupForSimplex@QuickHullConvexHullLib@physx@@IEAA_NPEAVPxVec3@2@IPEAUQuickHullVertex@local@@1AEAM2@Z 000000018001f3f0 f   QuickHullConvexHullLib.obj
 0001:0001efd0       ?fillConvexMeshDescFromQuickHull@QuickHullConvexHullLib@physx@@IEAAXAEAVPxConvexMeshDesc@2@@Z 000000018001ffd0 f   QuickHullConvexHullLib.obj
 0001:0001f350       ?fillConvexMeshDescFromCroppedHull@QuickHullConvexHullLib@physx@@IEAAXAEAVPxConvexMeshDesc@2@@Z 0000000180020350 f   QuickHullConvexHullLib.obj
 0001:0001f550       ?getOppositeFaceDistance@QuickHullHalfEdge@local@@QEBAMXZ 0000000180020550 f   QuickHullConvexHullLib.obj
 0001:0001f590       ?mergeAdjacentFace@QuickHullFace@local@@QEAA_NPEAUQuickHullHalfEdge@2@AEAV?$Array@PEAUQuickHullFace@local@@V?$ReflectionAllocator@PEAUQuickHullFace@local@@@shdfnd@physx@@@shdfnd@physx@@@Z 0000000180020590 f   QuickHullConvexHullLib.obj
 0001:0001fa00       ?checkFaceConsistency@QuickHullFace@local@@QEAA_NXZ 0000000180020a00 f   QuickHullConvexHullLib.obj
 0001:0001fa10       ?connectHalfEdges@QuickHullFace@local@@AEAAPEAU12@PEAUQuickHullHalfEdge@2@0@Z 0000000180020a10 f   QuickHullConvexHullLib.obj
 0001:0001fd90       ??0QuickHull@local@@QEAA@AEBUPxCookingParams@physx@@AEBVPxConvexMeshDesc@3@@Z 0000000180020d90 f   QuickHullConvexHullLib.obj
 0001:0001fe40       ??1QuickHull@local@@QEAA@XZ 0000000180020e40 f   QuickHullConvexHullLib.obj
 0001:0001ff90       ?preallocate@QuickHull@local@@QEAAXI@Z 0000000180020f90 f   QuickHullConvexHullLib.obj
 0001:000200d0       ?parseInputVertices@QuickHull@local@@QEAAXPEBVPxVec3@physx@@I@Z 00000001800210d0 f   QuickHullConvexHullLib.obj
 0001:00020240       ?releaseHull@QuickHull@local@@QEAAXXZ 0000000180021240 f   QuickHullConvexHullLib.obj
 0001:000202a0       ?setPrecomputedMinMax@QuickHull@local@@QEAAXPEBUQuickHullVertex@2@0MM@Z 00000001800212a0 f   QuickHullConvexHullLib.obj
 0001:00020430       ?buildHull@QuickHull@local@@QEAA?AW4Enum@QuickHullResult@2@XZ 0000000180021430 f   QuickHullConvexHullLib.obj
 0001:000205c0       ?maxNumVertsPerFace@QuickHull@local@@QEBAIXZ 00000001800215c0 f   QuickHullConvexHullLib.obj
 0001:00020600       ?computeMinMaxVerts@QuickHull@local@@IEAAXXZ 0000000180021600 f   QuickHullConvexHullLib.obj
 0001:000209f0       ?findSimplex@QuickHull@local@@IEAA_NXZ 00000001800219f0 f   QuickHullConvexHullLib.obj
 0001:000215e0       ?addSimplex@QuickHull@local@@IEAAXPEAUQuickHullVertex@2@_N@Z 00000001800225e0 f   QuickHullConvexHullLib.obj
 0001:00021a50       ?nextPointToAdd@QuickHull@local@@IEAAPEAUQuickHullVertex@2@AEAPEAUQuickHullFace@2@@Z 0000000180022a50 f   QuickHullConvexHullLib.obj
 0001:00021bb0       ?addPointToHull@QuickHull@local@@IEAA_NPEBUQuickHullVertex@2@AEAUQuickHullFace@2@AEA_N@Z 0000000180022bb0 f   QuickHullConvexHullLib.obj
 0001:00021e90       ?createTriangle@QuickHull@local@@IEAAPEAUQuickHullFace@2@AEBUQuickHullVertex@2@00@Z 0000000180022e90 f   QuickHullConvexHullLib.obj
 0001:00022240       ?addPointToFace@QuickHull@local@@IEAAXAEAUQuickHullFace@2@PEAUQuickHullVertex@2@M@Z 0000000180023240 f   QuickHullConvexHullLib.obj
 0001:00022290       ?removeEyePointFromFace@QuickHull@local@@IEAAXAEAUQuickHullFace@2@PEBUQuickHullVertex@2@@Z 0000000180023290 f   QuickHullConvexHullLib.obj
 0001:000222b0       ?calculateHorizon@QuickHull@local@@IEAAXAEBVPxVec3@physx@@PEAUQuickHullHalfEdge@2@AEAUQuickHullFace@2@AEAV?$Array@PEAUQuickHullHalfEdge@local@@V?$ReflectionAllocator@PEAUQuickHullHalfEdge@local@@@shdfnd@physx@@@shdfnd@4@AEAV?$Array@PEAUQuickHullFace@local@@V?$ReflectionAllocator@PEAUQuickHullFace@local@@@shdfnd@physx@@@84@@Z 00000001800232b0 f   QuickHullConvexHullLib.obj
 0001:00022460       ?addNewFacesFromHorizon@QuickHull@local@@IEAAXPEBUQuickHullVertex@2@AEBV?$Array@PEAUQuickHullHalfEdge@local@@V?$ReflectionAllocator@PEAUQuickHullHalfEdge@local@@@shdfnd@physx@@@shdfnd@physx@@AEAV?$Array@PEAUQuickHullFace@local@@V?$ReflectionAllocator@PEAUQuickHullFace@local@@@shdfnd@physx@@@56@@Z 0000000180023460 f   QuickHullConvexHullLib.obj
 0001:000225c0       ?doAdjacentMerge@QuickHull@local@@IEAA_NAEAUQuickHullFace@2@_NAEA_N@Z 00000001800235c0 f   QuickHullConvexHullLib.obj
 0001:00022850       ?doPostAdjacentMerge@QuickHull@local@@IEAA_NAEAUQuickHullFace@2@M@Z 0000000180023850 f   QuickHullConvexHullLib.obj
 0001:00022980       ?deleteFacePoints@QuickHull@local@@IEAAXAEAUQuickHullFace@2@PEAU32@@Z 0000000180023980 f   QuickHullConvexHullLib.obj
 0001:00022aa0       ?resolveUnclaimedPoints@QuickHull@local@@IEAAXAEBV?$Array@PEAUQuickHullFace@local@@V?$ReflectionAllocator@PEAUQuickHullFace@local@@@shdfnd@physx@@@shdfnd@physx@@@Z 0000000180023aa0 f   QuickHullConvexHullLib.obj
 0001:00022d00       ?postMergeHull@QuickHull@local@@IEAAXXZ 0000000180023d00 f   QuickHullConvexHullLib.obj
 0001:00022e80       ?canMergeFaces@QuickHull@local@@IEAA_NAEBUQuickHullHalfEdge@2@@Z 0000000180023e80 f   QuickHullConvexHullLib.obj
 0001:000236c0       ?getExpandPoint@local@@YAXAEBUQuickHullHalfEdge@1@AEAUExpandPoint@1@PEBV?$Array@IV?$ReflectionAllocator@I@shdfnd@physx@@@shdfnd@physx@@@Z 00000001800246c0 f   QuickHullConvexHullLib.obj
 0001:00023770       ?addExpandPoint@local@@YAXAEBUExpandPoint@1@AEAV?$Array@UExpandPoint@local@@V?$ReflectionAllocator@UExpandPoint@local@@@shdfnd@physx@@@shdfnd@physx@@@Z 0000000180024770 f   QuickHullConvexHullLib.obj
 0001:00023830       ??0PxPlane@physx@@QEAA@AEBV01@@Z 0000000180024830 f i QuickHullConvexHullLib.obj
 0001:00023850       ??0QuickHullVertex@local@@QEAA@XZ 0000000180024850 f i QuickHullConvexHullLib.obj
 0001:00023860       ??1?$MemBlock@UQuickHullFace@local@@$00@local@@QEAA@XZ 0000000180024860 f i QuickHullConvexHullLib.obj
 0001:000238f0       ??1?$MemBlock@UQuickHullHalfEdge@local@@$0A@@local@@QEAA@XZ 00000001800248f0 f i QuickHullConvexHullLib.obj
 0001:00023980       ??_EQuickHullConvexHullLib@physx@@UEAAPEAXI@Z 0000000180024980 f i QuickHullConvexHullLib.obj
 0001:00023980       ??_GQuickHullConvexHullLib@physx@@UEAAPEAXI@Z 0000000180024980 f i QuickHullConvexHullLib.obj
 0001:000239f0       ??__G@YAXPEAX0_K1P6APEAX00@Z@Z 00000001800249f0 f i QuickHullConvexHullLib.obj
 0001:00023a50       ?allocate@?$ReflectionAllocator@PEAUQuickHullFace@local@@@shdfnd@physx@@QEAAPEAX_KPEBDH@Z 0000000180024a50 f i QuickHullConvexHullLib.obj
 0001:00023af0       ?allocate@?$ReflectionAllocator@PEAUQuickHullHalfEdge@local@@@shdfnd@physx@@QEAAPEAX_KPEBDH@Z 0000000180024af0 f i QuickHullConvexHullLib.obj
 0001:00023b90       ?allocate@?$ReflectionAllocator@PEAUQuickHullVertex@local@@@shdfnd@physx@@QEAAPEAX_KPEBDH@Z 0000000180024b90 f i QuickHullConvexHullLib.obj
 0001:00023c30       ?allocate@?$ReflectionAllocator@UExpandPoint@local@@@shdfnd@physx@@QEAAPEAX_KPEBDH@Z 0000000180024c30 f i QuickHullConvexHullLib.obj
 0001:00023cd0       ?copy@?$Array@UExpandPoint@local@@V?$ReflectionAllocator@UExpandPoint@local@@@shdfnd@physx@@@shdfnd@physx@@KAXPEAUExpandPoint@local@@0PEBU45@@Z 0000000180024cd0 f i QuickHullConvexHullLib.obj
 0001:00023d50       ?getFreeItem@?$MemBlock@UQuickHullFace@local@@$00@local@@QEAAPEAUQuickHullFace@2@XZ 0000000180024d50 f i QuickHullConvexHullLib.obj
 0001:00023e80       ?getFreeItem@?$MemBlock@UQuickHullHalfEdge@local@@$0A@@local@@QEAAPEAUQuickHullHalfEdge@2@XZ 0000000180024e80 f i QuickHullConvexHullLib.obj
 0001:00023f60       ?growAndPushBack@?$Array@PEAUQuickHullFace@local@@V?$ReflectionAllocator@PEAUQuickHullFace@local@@@shdfnd@physx@@@shdfnd@physx@@IEAAAEAPEAUQuickHullFace@local@@AEBQEAU45@@Z 0000000180024f60 f i QuickHullConvexHullLib.obj
 0001:00024040       ?growAndPushBack@?$Array@PEAUQuickHullHalfEdge@local@@V?$ReflectionAllocator@PEAUQuickHullHalfEdge@local@@@shdfnd@physx@@@shdfnd@physx@@IEAAAEAPEAUQuickHullHalfEdge@local@@AEBQEAU45@@Z 0000000180025040 f i QuickHullConvexHullLib.obj
 0001:00024120       ?growAndPushBack@?$Array@PEAUQuickHullVertex@local@@V?$ReflectionAllocator@PEAUQuickHullVertex@local@@@shdfnd@physx@@@shdfnd@physx@@IEAAAEAPEAUQuickHullVertex@local@@AEBQEAU45@@Z 0000000180025120 f i QuickHullConvexHullLib.obj
 0001:00024200       ?growAndPushBack@?$Array@UExpandPoint@local@@V?$ReflectionAllocator@UExpandPoint@local@@@shdfnd@physx@@@shdfnd@physx@@IEAAAEAUExpandPoint@local@@AEBU45@@Z 0000000180025200 f i QuickHullConvexHullLib.obj
 0001:00024310       ?init@?$MemBlock@UQuickHullFace@local@@$00@local@@QEAAXI@Z 0000000180025310 f i QuickHullConvexHullLib.obj
 0001:00024410       ?init@?$MemBlock@UQuickHullHalfEdge@local@@$0A@@local@@QEAAXI@Z 0000000180025410 f i QuickHullConvexHullLib.obj
 0001:000244c0       ?recreate@?$Array@PEAUQuickHullFace@local@@V?$ReflectionAllocator@PEAUQuickHullFace@local@@@shdfnd@physx@@@shdfnd@physx@@IEAAXI@Z 00000001800254c0 f i QuickHullConvexHullLib.obj
 0001:00024570       ?recreate@?$Array@PEAUQuickHullHalfEdge@local@@V?$ReflectionAllocator@PEAUQuickHullHalfEdge@local@@@shdfnd@physx@@@shdfnd@physx@@IEAAXI@Z 0000000180025570 f i QuickHullConvexHullLib.obj
 0001:00024620       ?recreate@?$Array@PEAUQuickHullVertex@local@@V?$ReflectionAllocator@PEAUQuickHullVertex@local@@@shdfnd@physx@@@shdfnd@physx@@IEAAXI@Z 0000000180025620 f i QuickHullConvexHullLib.obj
 0001:000246d0       ?recreate@?$Array@UExpandPoint@local@@V?$ReflectionAllocator@UExpandPoint@local@@@shdfnd@physx@@@shdfnd@physx@@IEAAXI@Z 00000001800256d0 f i QuickHullConvexHullLib.obj
 0001:00024760       ?reset@?$MemBlock@UQuickHullFace@local@@$00@local@@QEAAXXZ 0000000180025760 f i QuickHullConvexHullLib.obj
 0001:000247d0       ?reset@?$MemBlock@UQuickHullHalfEdge@local@@$0A@@local@@QEAAXXZ 00000001800257d0 f i QuickHullConvexHullLib.obj
 0001:000249c0       ?computeVolumeIntegrals@physx@@YA_NAEBVPxSimpleTriangleMesh@1@MAEAUPxIntegrals@1@@Z 00000001800259c0 f   VolumeIntegration.obj
 0001:00024a30       ?computeVolumeIntegralsEberly@physx@@YA_NAEBVPxConvexMeshDesc@1@MAEAUPxIntegrals@1@AEBVPxVec3@1@@Z 0000000180025a30 f   VolumeIntegration.obj
 0001:00024a80       ?computeVolumeIntegralsEberlySIMD@physx@@YA_NAEBVPxConvexMeshDesc@1@MAEAUPxIntegrals@1@AEBVPxVec3@1@@Z 0000000180025a80 f   VolumeIntegration.obj
 0001:00026ec0       ?ComputeNbBoundaryEdges@AdjTriangle@physx@@QEBAIXZ 0000000180027ec0 f   Adjacencies.obj
 0001:00026f10       ?ComputeNbNeighbors@AdjTriangle@physx@@QEBAIXZ 0000000180027f10 f   Adjacencies.obj
 0001:00026f60       ?HasNeighbor@AdjTriangle@physx@@QEBA_NIPEAI@Z 0000000180027f60 f   Adjacencies.obj
 0001:00026fd0       ?Flip@AdjTriangle@physx@@QEAAXXZ 0000000180027fd0 f   Adjacencies.obj
 0001:00026ff0       ??0Adjacencies@physx@@QEAA@XZ 0000000180027ff0 f   Adjacencies.obj
 0001:00027010       ??1Adjacencies@physx@@QEAA@XZ 0000000180028010 f   Adjacencies.obj
 0001:00027080       ?Load@Adjacencies@physx@@QEAA_NAEAVPxInputStream@2@@Z 0000000180028080 f   Adjacencies.obj
 0001:000271b0       ?ComputeNbBoundaryEdges@Adjacencies@physx@@QEBAIXZ 00000001800281b0 f   Adjacencies.obj
 0001:00027230       ?GetBoundaryVertices@Adjacencies@physx@@QEBA_NIPEA_NPEBU?$TriangleT@I@Gu@2@@Z 0000000180028230 f   Adjacencies.obj
 0001:00027390       ?MakeLastRef@Adjacencies@physx@@QEAA_NAEAVAdjTriangle@2@IPEAU?$TriangleT@I@Gu@2@@Z 0000000180028390 f   Adjacencies.obj
 0001:000275c0       ?AssignNewEdgeCode@Adjacencies@physx@@AEAAXIE@Z 00000001800285c0 f   Adjacencies.obj
 0001:00027610       ??0AdjacenciesBuilder@physx@@QEAA@XZ 0000000180028610 f   Adjacencies.obj
 0001:00027630       ??1AdjacenciesBuilder@physx@@QEAA@XZ 0000000180028630 f   Adjacencies.obj
 0001:00027640       ?Init@AdjacenciesBuilder@physx@@QEAA_NAEBUADJACENCIESCREATE@2@@Z 0000000180028640 f   Adjacencies.obj
 0001:000279e0       ??0AdjEdge@@QEAA@XZ        00000001800289e0 f i Adjacencies.obj
 0001:000279f0       ??0AdjTriangle@physx@@QEAA@XZ 00000001800289f0 f i Adjacencies.obj
 0001:00027a00       ??1AdjEdge@@QEAA@XZ        0000000180028a00 f i Adjacencies.obj
 0001:00027a10       ??1AdjTriangle@physx@@QEAA@XZ 0000000180028a10 f i Adjacencies.obj
 0001:00027a20       ??_EAdjEdge@@QEAAPEAXI@Z   0000000180028a20 f i Adjacencies.obj
 0001:00027aa0       ??_EAdjTriangle@physx@@QEAAPEAXI@Z 0000000180028aa0 f i Adjacencies.obj
 0001:00027b20       ??_I@YAXPEAX_K1P6AX0@Z@Z   0000000180028b20 f i Adjacencies.obj
 0001:00028130       PxCreateCooking            0000000180029130 f   Cooking.obj
 0001:00028250       ?release@Cooking@physx@@UEAAXXZ 0000000180029250 f   Cooking.obj
 0001:00028280       ?setParams@Cooking@physx@@UEAAXAEBUPxCookingParams@2@@Z 0000000180029280 f   Cooking.obj
 0001:00028300       ?getParams@Cooking@physx@@UEBAAEBUPxCookingParams@2@XZ 0000000180029300 f   Cooking.obj
 0001:00028310       ?platformMismatch@Cooking@physx@@UEBA_NXZ 0000000180029310 f   Cooking.obj
 0001:00028330       ?cookTriangleMesh@Cooking@physx@@UEBA_NAEBVPxTriangleMeshDesc@2@AEAVPxOutputStream@2@PEAW4Enum@PxTriangleMeshCookingResult@2@@Z 0000000180029330 f   Cooking.obj
 0001:000284a0       ?createTriangleMesh@Cooking@physx@@UEBAPEAVPxTriangleMesh@2@AEBVPxTriangleMeshDesc@2@AEAVPxPhysicsInsertionCallback@2@PEAW4Enum@PxTriangleMeshCookingResult@2@@Z 00000001800294a0 f   Cooking.obj
 0001:00028610       ?validateTriangleMesh@Cooking@physx@@UEBA_NAEBVPxTriangleMeshDesc@2@@Z 0000000180029610 f   Cooking.obj
 0001:000286c0       ?cookConvexMesh@Cooking@physx@@UEBA_NAEBVPxConvexMeshDesc@2@AEAVPxOutputStream@2@PEAW4Enum@PxConvexMeshCookingResult@2@@Z 00000001800296c0 f   Cooking.obj
 0001:00028930       ?createConvexMesh@Cooking@physx@@UEBAPEAVPxConvexMesh@2@AEBVPxConvexMeshDesc@2@AEAVPxPhysicsInsertionCallback@2@PEAW4Enum@PxConvexMeshCookingResult@2@@Z 0000000180029930 f   Cooking.obj
 0001:00028c50       ?validateConvexMesh@Cooking@physx@@UEBA_NAEBVPxConvexMeshDesc@2@@Z 0000000180029c50 f   Cooking.obj
 0001:00028cc0       ?computeHullPolygons@Cooking@physx@@UEBA_NAEBVPxSimpleTriangleMesh@2@AEAVPxAllocatorCallback@2@AEAIAEAPEAVPxVec3@2@2AEAPEAI2AEAPEAUPxHullPolygon@2@@Z 0000000180029cc0 f   Cooking.obj
 0001:00028ea0       ?cookHeightField@Cooking@physx@@UEBA_NAEBVPxHeightFieldDesc@2@AEAVPxOutputStream@2@@Z 0000000180029ea0 f   Cooking.obj
 0001:00028fc0       ?createHeightField@Cooking@physx@@UEBAPEAVPxHeightField@2@AEBVPxHeightFieldDesc@2@AEAVPxPhysicsInsertionCallback@2@@Z 0000000180029fc0 f   Cooking.obj
 0001:00029150       ?cookConvexMeshInternal@Cooking@physx@@AEBA_NAEBVPxConvexMeshDesc@2@AEAVConvexMeshBuilder@2@PEAVConvexHullLib@2@PEAW4Enum@PxConvexMeshCookingResult@2@@Z 000000018002a150 f   Cooking.obj
 0001:00029390       ?cookTriangleMesh@Cooking@physx@@AEBA_NAEAVTriangleMeshBuilder@2@AEBVPxTriangleMeshDesc@2@AEAVPxOutputStream@2@PEAW4Enum@PxTriangleMeshCookingResult@2@@Z 000000018002a390 f   Cooking.obj
 0001:00029430       ?createTriangleMesh@Cooking@physx@@AEBAPEAVPxTriangleMesh@2@AEAVTriangleMeshBuilder@2@AEBVPxTriangleMeshDesc@2@AEAVPxPhysicsInsertionCallback@2@PEAW4Enum@PxTriangleMeshCookingResult@2@@Z 000000018002a430 f   Cooking.obj
 0001:000294e0       ??1PxCooking@physx@@MEAA@XZ 000000018002a4e0 f i Cooking.obj
 0001:000294f0       ??_ECooking@physx@@UEAAPEAXI@Z 000000018002a4f0 f i Cooking.obj
 0001:000294f0       ??_GCooking@physx@@UEAAPEAXI@Z 000000018002a4f0 f i Cooking.obj
 0001:00029540       ??_GPxCooking@physx@@MEAAPEAXI@Z 000000018002a540 f i Cooking.obj
 0001:00029540       ??_EPxCooking@physx@@MEAAPEAXI@Z 000000018002a540 f i Cooking.obj
 0001:00029570       ??0ReducedVertexCloud@physx@@QEAA@PEBVPxVec3@1@I@Z 000000018002a570 f   CookingUtils.obj
 0001:00029590       ??1ReducedVertexCloud@physx@@QEAA@XZ 000000018002a590 f   CookingUtils.obj
 0001:00029600       ?Clean@ReducedVertexCloud@physx@@QEAAAEAV12@XZ 000000018002a600 f   CookingUtils.obj
 0001:00029670       ?Reduce@ReducedVertexCloud@physx@@QEAA_NPEAUREDUCEDCLOUD@2@@Z 000000018002a670 f   CookingUtils.obj
 0001:000299d0       ??0EdgeList@Gu@physx@@QEAA@XZ 000000018002a9d0 f   EdgeList.obj
 0001:000299f0       ??1EdgeList@Gu@physx@@QEAA@XZ 000000018002a9f0 f   EdgeList.obj
 0001:00029aa0       ?load@EdgeList@Gu@physx@@QEAA_NAEAVPxInputStream@3@@Z 000000018002aaa0 f   EdgeList.obj
 0001:00029c90       ??0EdgeListBuilder@Gu@physx@@QEAA@XZ 000000018002ac90 f   EdgeList.obj
 0001:00029cb0       ??1EdgeListBuilder@Gu@physx@@QEAA@XZ 000000018002acb0 f   EdgeList.obj
 0001:00029cc0       ?init@EdgeListBuilder@Gu@physx@@QEAA_NAEBUEDGELISTCREATE@23@@Z 000000018002acc0 f   EdgeList.obj
 0001:00029e00       ?createFacesToEdges@EdgeListBuilder@Gu@physx@@AEAA_NIPEBIPEBG@Z 000000018002ae00 f   EdgeList.obj
 0001:0002a310       ?createEdgesToFaces@EdgeListBuilder@Gu@physx@@AEAA_NIPEBIPEBG@Z 000000018002b310 f   EdgeList.obj
 0001:0002a560       ?computeActiveEdges@EdgeListBuilder@Gu@physx@@AEAA_NIPEBIPEBGPEBVPxVec3@3@M@Z 000000018002b560 f   EdgeList.obj
 0001:0002bb40       ??0MeshCleaner@physx@@QEAA@IPEBVPxVec3@1@IPEBIM@Z 000000018002cb40 f   MeshCleaner.obj
 0001:0002c4f0       ??1MeshCleaner@physx@@QEAA@XZ 000000018002d4f0 f   MeshCleaner.obj
 0001:0002c580       ?createQuantizer@physx@@YAPEAVQuantizer@1@XZ 000000018002d580 f   Quantizer.obj
 0001:0002c640       ?kmeans_cluster3d@@YAIPEBVPxVec3@physx@@IIPEAV12@PEAIMM@Z 000000018002d640 f   Quantizer.obj
 0001:0002c650       ??$kmeans_cluster@VPxVec3@physx@@M@@YAIPEBVPxVec3@physx@@IIPEAV01@PEAIMM@Z 000000018002d650 f i Quantizer.obj
 0001:0002cf10       ??1Quantizer@physx@@MEAA@XZ 000000018002df10 f i Quantizer.obj
 0001:0002cf20       ??1QuantizerImpl@@EEAA@XZ  000000018002df20 f i Quantizer.obj
 0001:0002cfa0       ??_EQuantizer@physx@@MEAAPEAXI@Z 000000018002dfa0 f i Quantizer.obj
 0001:0002cfa0       ??_GQuantizer@physx@@MEAAPEAXI@Z 000000018002dfa0 f i Quantizer.obj
 0001:0002cfd0       ??_EQuantizerImpl@@EEAAPEAXI@Z 000000018002dfd0 f i Quantizer.obj
 0001:0002cfd0       ??_GQuantizerImpl@@EEAAPEAXI@Z 000000018002dfd0 f i Quantizer.obj
 0001:0002d040       ?getDenormalizeCenter@QuantizerImpl@@UEBAAEBVPxVec3@physx@@XZ 000000018002e040 f i Quantizer.obj
 0001:0002d050       ?getDenormalizeScale@QuantizerImpl@@UEBAAEBVPxVec3@physx@@XZ 000000018002e050 f i Quantizer.obj
 0001:0002d060       ?kmeansQuantize3D@QuantizerImpl@@UEAAPEBVPxVec3@physx@@IPEBV23@I_NIAEAI@Z 000000018002e060 f i Quantizer.obj
 0001:0002d2d0       ?normalizeInput@QuantizerImpl@@AEAAXIPEBVPxVec3@physx@@I@Z 000000018002e2d0 f i Quantizer.obj
 0001:0002d690       ?release@QuantizerImpl@@UEAAXXZ 000000018002e690 f i Quantizer.obj
 0001:0002d6a2       LoadLibraryA               000000018002e6a2 f   kernel32:KERNEL32.dll
 0001:0002d6a8       __imp_load_PxGetFoundation 000000018002e6a8 f   PxFoundation_x64:PxFoundation_x64.dll
 0001:0002d6b4       __tailMerge_PxFoundation_x64_dll 000000018002e6b4 f i PxFoundation_x64:PxFoundation_x64.dll
 0001:0002d72d       PxGetFoundation            000000018002e72d f   PxFoundation_x64:PxFoundation_x64.dll
 0001:0002d733       __imp_load_?getAllocator@shdfnd@physx@@YAAEAVPxAllocatorCallback@2@XZ 000000018002e733 f   PxFoundation_x64:PxFoundation_x64.dll
 0001:0002d73f       ?getAllocator@shdfnd@physx@@YAAEAVPxAllocatorCallback@2@XZ 000000018002e73f f   PxFoundation_x64:PxFoundation_x64.dll
 0001:0002d745       __imp_load_?allocate@TempAllocator@shdfnd@physx@@QEAAPEAX_KPEBDH@Z 000000018002e745 f   PxFoundation_x64:PxFoundation_x64.dll
 0001:0002d751       ?allocate@TempAllocator@shdfnd@physx@@QEAAPEAX_KPEBDH@Z 000000018002e751 f   PxFoundation_x64:PxFoundation_x64.dll
 0001:0002d757       __imp_load_?deallocate@TempAllocator@shdfnd@physx@@QEAAXPEAX@Z 000000018002e757 f   PxFoundation_x64:PxFoundation_x64.dll
 0001:0002d763       ?deallocate@TempAllocator@shdfnd@physx@@QEAAXPEAX@Z 000000018002e763 f   PxFoundation_x64:PxFoundation_x64.dll
 0001:0002d769       __imp_load_?getInstance@Foundation@shdfnd@physx@@SAAEAV123@XZ 000000018002e769 f   PxFoundation_x64:PxFoundation_x64.dll
 0001:0002d775       ?getInstance@Foundation@shdfnd@physx@@SAAEAV123@XZ 000000018002e775 f   PxFoundation_x64:PxFoundation_x64.dll
 0001:0002d77b       __imp_load_?error@Foundation@shdfnd@physx@@QEAAXW4Enum@PxErrorCode@3@PEBDH1ZZ 000000018002e77b f   PxFoundation_x64:PxFoundation_x64.dll
 0001:0002d787       ?error@Foundation@shdfnd@physx@@QEAAXW4Enum@PxErrorCode@3@PEBDH1ZZ 000000018002e787 f   PxFoundation_x64:PxFoundation_x64.dll
 0001:0002d78d       __imp_load_?PxDiagonalize@physx@@YA?AVPxVec3@1@AEBVPxMat33@1@AEAVPxQuat@1@@Z 000000018002e78d f   PxFoundation_x64:PxFoundation_x64.dll
 0001:0002d799       ?PxDiagonalize@physx@@YA?AVPxVec3@1@AEBVPxMat33@1@AEAVPxQuat@1@@Z 000000018002e799 f   PxFoundation_x64:PxFoundation_x64.dll
 0001:0002d79f       __imp_load_?incRefCount@Foundation@shdfnd@physx@@SAXXZ 000000018002e79f f   PxFoundation_x64:PxFoundation_x64.dll
 0001:0002d7ab       ?incRefCount@Foundation@shdfnd@physx@@SAXXZ 000000018002e7ab f   PxFoundation_x64:PxFoundation_x64.dll
 0001:0002d7b1       __imp_load_?decRefCount@Foundation@shdfnd@physx@@SAXXZ 000000018002e7b1 f   PxFoundation_x64:PxFoundation_x64.dll
 0001:0002d7bd       ?decRefCount@Foundation@shdfnd@physx@@SAXXZ 000000018002e7bd f   PxFoundation_x64:PxFoundation_x64.dll
 0001:0002d7c3       __imp_load_??0FPUGuard@shdfnd@physx@@QEAA@XZ 000000018002e7c3 f   PxFoundation_x64:PxFoundation_x64.dll
 0001:0002d7cf       ??0FPUGuard@shdfnd@physx@@QEAA@XZ 000000018002e7cf f   PxFoundation_x64:PxFoundation_x64.dll
 0001:0002d7d5       __imp_load_??1FPUGuard@shdfnd@physx@@QEAA@XZ 000000018002e7d5 f   PxFoundation_x64:PxFoundation_x64.dll
 0001:0002d7e1       ??1FPUGuard@shdfnd@physx@@QEAA@XZ 000000018002e7e1 f   PxFoundation_x64:PxFoundation_x64.dll
 0001:0002d7e7       __imp_load_?writeWord@physx@@YAXG_NAEAVPxOutputStream@1@@Z 000000018002e7e7 f   PhysX3Common_x64:PhysX3Common_x64.dll
 0001:0002d7f3       __tailMerge_PhysX3Common_x64_dll 000000018002e7f3 f i PhysX3Common_x64:PhysX3Common_x64.dll
 0001:0002d86c       ?writeWord@physx@@YAXG_NAEAVPxOutputStream@1@@Z 000000018002e86c f   PhysX3Common_x64:PhysX3Common_x64.dll
 0001:0002d872       __imp_load_?writeDword@physx@@YAXI_NAEAVPxOutputStream@1@@Z 000000018002e872 f   PhysX3Common_x64:PhysX3Common_x64.dll
 0001:0002d87e       ?writeDword@physx@@YAXI_NAEAVPxOutputStream@1@@Z 000000018002e87e f   PhysX3Common_x64:PhysX3Common_x64.dll
 0001:0002d884       __imp_load_?writeFloat@physx@@YAXM_NAEAVPxOutputStream@1@@Z 000000018002e884 f   PhysX3Common_x64:PhysX3Common_x64.dll
 0001:0002d890       ?writeFloat@physx@@YAXM_NAEAVPxOutputStream@1@@Z 000000018002e890 f   PhysX3Common_x64:PhysX3Common_x64.dll
 0001:0002d896       __imp_load_?writeHeader@physx@@YA_NCCCCI_NAEAVPxOutputStream@1@@Z 000000018002e896 f   PhysX3Common_x64:PhysX3Common_x64.dll
 0001:0002d8a2       ?writeHeader@physx@@YA_NCCCCI_NAEAVPxOutputStream@1@@Z 000000018002e8a2 f   PhysX3Common_x64:PhysX3Common_x64.dll
 0001:0002d8a8       __imp_load_??0SourceMesh@Gu@physx@@QEAA@XZ 000000018002e8a8 f   PhysX3Common_x64:PhysX3Common_x64.dll
 0001:0002d8b4       ??0SourceMesh@Gu@physx@@QEAA@XZ 000000018002e8b4 f   PhysX3Common_x64:PhysX3Common_x64.dll
 0001:0002d8ba       __imp_load_??1SourceMesh@Gu@physx@@QEAA@XZ 000000018002e8ba f   PhysX3Common_x64:PhysX3Common_x64.dll
 0001:0002d8c6       ??1SourceMesh@Gu@physx@@QEAA@XZ 000000018002e8c6 f   PhysX3Common_x64:PhysX3Common_x64.dll
 0001:0002d8cc       __imp_load_??0BV4Tree@Gu@physx@@QEAA@XZ 000000018002e8cc f   PhysX3Common_x64:PhysX3Common_x64.dll
 0001:0002d8d8       ??0BV4Tree@Gu@physx@@QEAA@XZ 000000018002e8d8 f   PhysX3Common_x64:PhysX3Common_x64.dll
 0001:0002d8de       __imp_load_??1BV4Tree@Gu@physx@@QEAA@XZ 000000018002e8de f   PhysX3Common_x64:PhysX3Common_x64.dll
 0001:0002d8ea       ??1BV4Tree@Gu@physx@@QEAA@XZ 000000018002e8ea f   PhysX3Common_x64:PhysX3Common_x64.dll
 0001:0002d8f0       __imp_load_??0BV32Tree@Gu@physx@@QEAA@XZ 000000018002e8f0 f   PhysX3Common_x64:PhysX3Common_x64.dll
 0001:0002d8fc       ??0BV32Tree@Gu@physx@@QEAA@XZ 000000018002e8fc f   PhysX3Common_x64:PhysX3Common_x64.dll
 0001:0002d902       __imp_load_??1BV32Tree@Gu@physx@@QEAA@XZ 000000018002e902 f   PhysX3Common_x64:PhysX3Common_x64.dll
 0001:0002d90e       ??1BV32Tree@Gu@physx@@QEAA@XZ 000000018002e90e f   PhysX3Common_x64:PhysX3Common_x64.dll
 0001:0002d914       __imp_load_?writeFloatBuffer@physx@@YAXPEBMI_NAEAVPxOutputStream@1@@Z 000000018002e914 f   PhysX3Common_x64:PhysX3Common_x64.dll
 0001:0002d920       ?writeFloatBuffer@physx@@YAXPEBMI_NAEAVPxOutputStream@1@@Z 000000018002e920 f   PhysX3Common_x64:PhysX3Common_x64.dll
 0001:0002d926       __imp_load_?writeWordBuffer@physx@@YAXPEBGI_NAEAVPxOutputStream@1@@Z 000000018002e926 f   PhysX3Common_x64:PhysX3Common_x64.dll
 0001:0002d932       ?writeWordBuffer@physx@@YAXPEBGI_NAEAVPxOutputStream@1@@Z 000000018002e932 f   PhysX3Common_x64:PhysX3Common_x64.dll
 0001:0002d938       __imp_load_?computeMaxIndex@physx@@YAIPEBII@Z 000000018002e938 f   PhysX3Common_x64:PhysX3Common_x64.dll
 0001:0002d944       ?computeMaxIndex@physx@@YAIPEBII@Z 000000018002e944 f   PhysX3Common_x64:PhysX3Common_x64.dll
 0001:0002d94a       __imp_load_?storeIndices@physx@@YAXIIPEBIAEAVPxOutputStream@1@_N@Z 000000018002e94a f   PhysX3Common_x64:PhysX3Common_x64.dll
 0001:0002d956       ?storeIndices@physx@@YAXIIPEBIAEAVPxOutputStream@1@_N@Z 000000018002e956 f   PhysX3Common_x64:PhysX3Common_x64.dll
 0001:0002d95c       __imp_load_?computeBoundsAroundVertices@Gu@physx@@YAXAEAVPxBounds3@2@IPEIBVPxVec3@2@@Z 000000018002e95c f   PhysX3Common_x64:PhysX3Common_x64.dll
 0001:0002d968       ?computeBoundsAroundVertices@Gu@physx@@YAXAEAVPxBounds3@2@IPEIBVPxVec3@2@@Z 000000018002e968 f   PhysX3Common_x64:PhysX3Common_x64.dll
 0001:0002d96e       __imp_load_?BuildBV4Ex@Gu@physx@@YA_NAEAVBV4Tree@12@AEAVSourceMesh@12@MI@Z 000000018002e96e f   PhysX3Common_x64:PhysX3Common_x64.dll
 0001:0002d97a       ?BuildBV4Ex@Gu@physx@@YA_NAEAVBV4Tree@12@AEAVSourceMesh@12@MI@Z 000000018002e97a f   PhysX3Common_x64:PhysX3Common_x64.dll
 0001:0002d980       __imp_load_?BuildBV32Ex@Gu@physx@@YA_NAEAVBV32Tree@12@AEAVSourceMesh@12@MI@Z 000000018002e980 f   PhysX3Common_x64:PhysX3Common_x64.dll
 0001:0002d98c       ?BuildBV32Ex@Gu@physx@@YA_NAEAVBV32Tree@12@AEAVSourceMesh@12@MI@Z 000000018002e98c f   PhysX3Common_x64:PhysX3Common_x64.dll
 0001:0002d992       __imp_load_?computeMaxIndex@physx@@YAGPEBGI@Z 000000018002e992 f   PhysX3Common_x64:PhysX3Common_x64.dll
 0001:0002d99e       ?computeMaxIndex@physx@@YAGPEBGI@Z 000000018002e99e f   PhysX3Common_x64:PhysX3Common_x64.dll
 0001:0002d9a4       __imp_load_?WriteHeader@Gu@physx@@YA_NEEEEI_NAEAVPxOutputStream@2@@Z 000000018002e9a4 f   PhysX3Common_x64:PhysX3Common_x64.dll
 0001:0002d9b0       ?WriteHeader@Gu@physx@@YA_NEEEEI_NAEAVPxOutputStream@2@@Z 000000018002e9b0 f   PhysX3Common_x64:PhysX3Common_x64.dll
 0001:0002d9b6       __imp_load_?StoreIndices@Gu@physx@@YAXGIPEBGAEAVPxOutputStream@2@_N@Z 000000018002e9b6 f   PhysX3Common_x64:PhysX3Common_x64.dll
 0001:0002d9c2       ?StoreIndices@Gu@physx@@YAXGIPEBGAEAVPxOutputStream@2@_N@Z 000000018002e9c2 f   PhysX3Common_x64:PhysX3Common_x64.dll
 0001:0002d9c8       __imp_load_?CreateOffsets@BigConvexData@physx@@IEAAXXZ 000000018002e9c8 f   PhysX3Common_x64:PhysX3Common_x64.dll
 0001:0002d9d4       ?CreateOffsets@BigConvexData@physx@@IEAAXXZ 000000018002e9d4 f   PhysX3Common_x64:PhysX3Common_x64.dll
 0001:0002d9da       __imp_load_??0RadixSortBuffered@Cm@physx@@QEAA@XZ 000000018002e9da f   PhysX3Common_x64:PhysX3Common_x64.dll
 0001:0002d9e6       ??0RadixSortBuffered@Cm@physx@@QEAA@XZ 000000018002e9e6 f   PhysX3Common_x64:PhysX3Common_x64.dll
 0001:0002d9ec       __imp_load_??1RadixSortBuffered@Cm@physx@@UEAA@XZ 000000018002e9ec f   PhysX3Common_x64:PhysX3Common_x64.dll
 0001:0002d9f8       ??1RadixSortBuffered@Cm@physx@@UEAA@XZ 000000018002e9f8 f   PhysX3Common_x64:PhysX3Common_x64.dll
 0001:0002d9fe       __imp_load_?Sort@RadixSortBuffered@Cm@physx@@QEAAAEAV123@PEBIIW4RadixHint@23@@Z 000000018002e9fe f   PhysX3Common_x64:PhysX3Common_x64.dll
 0001:0002da0a       ?Sort@RadixSortBuffered@Cm@physx@@QEAAAEAV123@PEBIIW4RadixHint@23@@Z 000000018002ea0a f   PhysX3Common_x64:PhysX3Common_x64.dll
 0001:0002da10       __imp_load_?computeOBBPoints@Gu@physx@@YAXPEIAVPxVec3@2@AEBV32@1111@Z 000000018002ea10 f   PhysX3Common_x64:PhysX3Common_x64.dll
 0001:0002da1c       ?computeOBBPoints@Gu@physx@@YAXPEIAVPxVec3@2@AEBV32@1111@Z 000000018002ea1c f   PhysX3Common_x64:PhysX3Common_x64.dll
 0001:0002da22       __imp_load_??0BigConvexData@physx@@QEAA@XZ 000000018002ea22 f   PhysX3Common_x64:PhysX3Common_x64.dll
 0001:0002da2e       ??0BigConvexData@physx@@QEAA@XZ 000000018002ea2e f   PhysX3Common_x64:PhysX3Common_x64.dll
 0001:0002da34       __imp_load_??1BigConvexData@physx@@QEAA@XZ 000000018002ea34 f   PhysX3Common_x64:PhysX3Common_x64.dll
 0001:0002da40       ??1BigConvexData@physx@@QEAA@XZ 000000018002ea40 f   PhysX3Common_x64:PhysX3Common_x64.dll
 0001:0002da46       __imp_load_?readDword@physx@@YAI_NAEAVPxInputStream@1@@Z 000000018002ea46 f   PhysX3Common_x64:PhysX3Common_x64.dll
 0001:0002da52       ?readDword@physx@@YAI_NAEAVPxInputStream@1@@Z 000000018002ea52 f   PhysX3Common_x64:PhysX3Common_x64.dll
 0001:0002da58       __imp_load_?ReadHeader@Gu@physx@@YA_NEEEEAEAIAEA_NAEAVPxInputStream@2@@Z 000000018002ea58 f   PhysX3Common_x64:PhysX3Common_x64.dll
 0001:0002da64       ?ReadHeader@Gu@physx@@YA_NEEEEAEAIAEA_NAEAVPxInputStream@2@@Z 000000018002ea64 f   PhysX3Common_x64:PhysX3Common_x64.dll
 0001:0002da6a       __imp_load_??0HeightField@Gu@physx@@QEAA@PEAVGuMeshFactory@2@@Z 000000018002ea6a f   PhysX3Common_x64:PhysX3Common_x64.dll
 0001:0002da76       ??0HeightField@Gu@physx@@QEAA@PEAVGuMeshFactory@2@@Z 000000018002ea76 f   PhysX3Common_x64:PhysX3Common_x64.dll
 0001:0002da7c       __imp_load_?loadFromDesc@HeightField@Gu@physx@@QEAA_NAEBVPxHeightFieldDesc@3@@Z 000000018002ea7c f   PhysX3Common_x64:PhysX3Common_x64.dll
 0001:0002da88       ?loadFromDesc@HeightField@Gu@physx@@QEAA_NAEBVPxHeightFieldDesc@3@@Z 000000018002ea88 f   PhysX3Common_x64:PhysX3Common_x64.dll
 0001:0002da8e       __imp_load_?releaseMemory@HeightField@Gu@physx@@QEAAXXZ 000000018002ea8e f   PhysX3Common_x64:PhysX3Common_x64.dll
 0001:0002da9a       ?releaseMemory@HeightField@Gu@physx@@QEAAXXZ 000000018002ea9a f   PhysX3Common_x64:PhysX3Common_x64.dll
 0001:0002daa0       __imp_load_??1HeightField@Gu@physx@@UEAA@XZ 000000018002eaa0 f   PhysX3Common_x64:PhysX3Common_x64.dll
 0001:0002daac       ??1HeightField@Gu@physx@@UEAA@XZ 000000018002eaac f   PhysX3Common_x64:PhysX3Common_x64.dll
 0001:0002dab4       ??$PFromRva@PEAP6A_JXZ@@YAPEAP6A_JXZK@Z 000000018002eab4 f i delayimp:delayhlp.obj
 0001:0002dac4       ??$PFromRva@PEAPEAUHINSTANCE__@@@@YAPEAPEAUHINSTANCE__@@K@Z 000000018002eac4 f i delayimp:delayhlp.obj
 0001:0002dad4       ??$PFromRva@PEAU_IMAGE_IMPORT_BY_NAME@@@@YAPEAU_IMAGE_IMPORT_BY_NAME@@K@Z 000000018002ead4 f i delayimp:delayhlp.obj
 0001:0002dae4       ??$PFromRva@PEAU_IMAGE_THUNK_DATA64@@@@YAPEAU_IMAGE_THUNK_DATA64@@K@Z 000000018002eae4 f i delayimp:delayhlp.obj
 0001:0002daf4       ??$PFromRva@PEBD@@YAPEBDK@Z 000000018002eaf4 f i delayimp:delayhlp.obj
 0001:0002db04       ??$PFromRva@PEBUImgDelayDescr@@@@YAPEBUImgDelayDescr@@K@Z 000000018002eb04 f i delayimp:delayhlp.obj
 0001:0002db14       ??$PFromRva@PEBU_IMAGE_THUNK_DATA64@@@@YAPEBU_IMAGE_THUNK_DATA64@@K@Z 000000018002eb14 f i delayimp:delayhlp.obj
 0001:0002db24       ?CountOfImports@@YAIPEBU_IMAGE_THUNK_DATA64@@@Z 000000018002eb24 f i delayimp:delayhlp.obj
 0001:0002db38       ?DloadAcquireSectionWriteAccess@@YAXXZ 000000018002eb38 f i delayimp:delayhlp.obj
 0001:0002dbf4       ?DloadGetSRWLockFunctionPointers@@YAEXZ 000000018002ebf4 f i delayimp:delayhlp.obj
 0001:0002dc90       ?DloadLock@@YAXXZ          000000018002ec90 f i delayimp:delayhlp.obj
 0001:0002dce4       ?DloadMakePermanentImageCommit@@YAXPEAX_K@Z 000000018002ece4 f i delayimp:delayhlp.obj
 0001:0002dd7c       ?DloadObtainSection@@YAPEAXPEAK0@Z 000000018002ed7c f i delayimp:delayhlp.obj
 0001:0002de14       ?DloadProtectSection@@YAXKPEAK@Z 000000018002ee14 f i delayimp:delayhlp.obj
 0001:0002dea4       ?DloadReleaseSectionWriteAccess@@YAXXZ 000000018002eea4 f i delayimp:delayhlp.obj
 0001:0002df48       ?DloadUnlock@@YAXXZ        000000018002ef48 f i delayimp:delayhlp.obj
 0001:0002df94       ?IndexFromPImgThunkData@@YAIPEBU_IMAGE_THUNK_DATA64@@0@Z 000000018002ef94 f i delayimp:delayhlp.obj
 0001:0002e0dc       HRESULT_FROM_WIN32         000000018002f0dc f i delayimp:delayhlp.obj
 0001:0002e0ec       ReadAcquire64              000000018002f0ec f i delayimp:delayhlp.obj
 0001:0002e0f0       ReadPointerAcquire         000000018002f0f0 f i delayimp:delayhlp.obj
 0001:0002e0f4       WritePointerRelease        000000018002f0f4 f i delayimp:delayhlp.obj
 0001:0002e0f8       WriteRelease64             000000018002f0f8 f i delayimp:delayhlp.obj
 0001:0002e0fc       __FUnloadDelayLoadedDLL2   000000018002f0fc f   delayimp:delayhlp.obj
 0001:0002e1b8       __HrLoadAllImportsForDll   000000018002f1b8 f   delayimp:delayhlp.obj
 0001:0002e22c       __delayLoadHelper2         000000018002f22c f   delayimp:delayhlp.obj
 0001:0002e540       _alloca_probe              000000018002f540 f   MSVCRT:_chkstk_.obj
 0001:0002e540       __chkstk                   000000018002f540 f   MSVCRT:_chkstk_.obj
 0001:0002e594       ?__scrt_initialize_type_info@@YAXXZ 000000018002f594 f   MSVCRT:tncleanup.obj
 0001:0002e5a4       ?__scrt_uninitialize_type_info@@YAXXZ 000000018002f5a4 f   MSVCRT:tncleanup.obj
 0001:0002e5b0       ??1type_info@@UEAA@XZ      000000018002f5b0 f   MSVCRT:std_type_info_static.obj
 0001:0002e5bc       ??_Gtype_info@@UEAAPEAXI@Z 000000018002f5bc f i MSVCRT:std_type_info_static.obj
 0001:0002e5bc       ??_Etype_info@@UEAAPEAXI@Z 000000018002f5bc f i MSVCRT:std_type_info_static.obj
 0001:0002e5e8       ??3@YAXPEAX_K@Z            000000018002f5e8 f   MSVCRT:delete_scalar_size.obj
 0001:0002e93c       _CRT_INIT                  000000018002f93c f   MSVCRT:dll_dllmain.obj
 0001:0002e944       _DllMainCRTStartup         000000018002f944 f   MSVCRT:dll_dllmain.obj
 0001:0002e984       _guard_check_icall_nop     000000018002f984 f i MSVCRT:guard_support.obj
 0001:0002e988       _guard_icall_checks_enforced 000000018002f988 f i MSVCRT:guard_support.obj
 0001:0002e9a0       ??3@YAXPEAX@Z              000000018002f9a0 f   MSVCRT:delete_scalar.obj
 0001:0002e9a8       ??$__crt_fast_decode_pointer@PEAP6AXXZ@@YAPEAP6AXXZQEAP6AXXZ@Z 000000018002f9a8 f i MSVCRT:utility.obj
 0001:0002e9c0       ??$__crt_fast_encode_pointer@PEAP6AXXZ@@YAPEAP6AXXZQEAP6AXXZ@Z 000000018002f9c0 f i MSVCRT:utility.obj
 0001:0002e9e0       ?__crt_rotate_pointer_value@@YA_K_KH@Z 000000018002f9e0 f i MSVCRT:utility.obj
 0001:0002e9ec       ?configure_argv@__scrt_narrow_argv_policy@@SAHXZ 000000018002f9ec f i MSVCRT:utility.obj
 0001:0002ea7c       NtCurrentTeb               000000018002fa7c f i MSVCRT:utility.obj
 0001:0002ea88       __scrt_acquire_startup_lock 000000018002fa88 f   MSVCRT:utility.obj
 0001:0002eac4       __scrt_dllmain_after_initialize_c 000000018002fac4 f   MSVCRT:utility.obj
 0001:0002eaf8       __scrt_dllmain_before_initialize_c 000000018002faf8 f   MSVCRT:utility.obj
 0001:0002eb10       __scrt_dllmain_crt_thread_attach 000000018002fb10 f   MSVCRT:utility.obj
 0001:0002eb38       __scrt_dllmain_crt_thread_detach 000000018002fb38 f   MSVCRT:utility.obj
 0001:0002eb50       __scrt_dllmain_exception_filter 000000018002fb50 f   MSVCRT:utility.obj
 0001:0002ebb4       __scrt_dllmain_uninitialize_c 000000018002fbb4 f   MSVCRT:utility.obj
 0001:0002ebe4       __scrt_dllmain_uninitialize_critical 000000018002fbe4 f   MSVCRT:utility.obj
 0001:0002ebf8       __scrt_initialize_crt      000000018002fbf8 f   MSVCRT:utility.obj
 0001:0002ec44       __scrt_initialize_onexit_tables 000000018002fc44 f   MSVCRT:utility.obj
 0001:0002ed10       __scrt_is_nonwritable_in_current_image 000000018002fd10 f   MSVCRT:utility.obj
 0001:0002edac       __scrt_release_startup_lock 000000018002fdac f   MSVCRT:utility.obj
 0001:0002edd0       __scrt_uninitialize_crt    000000018002fdd0 f   MSVCRT:utility.obj
 0001:0002edfc       _onexit                    000000018002fdfc f   MSVCRT:utility.obj
 0001:0002ee4c       at_quick_exit              000000018002fe4c f   MSVCRT:utility.obj
 0001:0002ee84       atexit                     000000018002fe84 f   MSVCRT:utility.obj
 0001:0002ee9c       __security_init_cookie     000000018002fe9c f   MSVCRT:gs_support.obj
 0001:0002ef48       DllMain                    000000018002ff48 f   MSVCRT:dll_dllmain_stub.obj
 0001:0002ef6c       __local_stdio_printf_options 000000018002ff6c f i MSVCRT:default_local_stdio_options.obj
 0001:0002ef74       __local_stdio_scanf_options 000000018002ff74 f i MSVCRT:default_local_stdio_options.obj
 0001:0002ef7c       __scrt_initialize_default_local_stdio_options 000000018002ff7c f   MSVCRT:default_local_stdio_options.obj
 0001:0002ef98       __scrt_get_dyn_tls_init_callback 000000018002ff98 f   MSVCRT:dyn_tls_init.obj
 0001:0002efa0       __crt_debugger_hook        000000018002ffa0 f   MSVCRT:utility_desktop.obj
 0001:0002efa8       __scrt_fastfail            000000018002ffa8 f   MSVCRT:utility_desktop.obj
 0001:0002f0f0       __scrt_get_show_window_mode 00000001800300f0 f   MSVCRT:utility_desktop.obj
 0001:0002f12c       __scrt_initialize_winrt    000000018003012c f   MSVCRT:utility_desktop.obj
 0001:0002f130       __scrt_is_managed_app      0000000180030130 f   MSVCRT:utility_desktop.obj
 0001:0002f184       __scrt_set_unhandled_exception_filter 0000000180030184 f   MSVCRT:utility_desktop.obj
 0001:0002f194       __scrt_unhandled_exception_filter 0000000180030194 f   MSVCRT:utility_desktop.obj
 0001:0002f1cc       _RTC_Initialize            00000001800301cc f   MSVCRT:_initsect_.obj
 0001:0002f218       _RTC_Terminate             0000000180030218 f   MSVCRT:_initsect_.obj
 0001:0002f264       _guard_check_icall         0000000180030264 f i MSVCRT:checkcfg.obj
 0001:0002f270       __isa_available_init       0000000180030270 f   MSVCRT:_cpu_disp_.obj
 0001:0002f438       _get_startup_argv_mode     0000000180030438 f   MSVCRT:argv_mode.obj
 0001:0002f440       __scrt_is_ucrt_dll_in_use  0000000180030440 f   MSVCRT:ucrt_detection.obj
 0001:0002f44c       strstr                     000000018003044c f   vcruntime:VCRUNTIME140.dll
 0001:0002f452       __std_type_info_name       0000000180030452 f   vcruntime:VCRUNTIME140.dll
 0001:0002f458       memcpy                     0000000180030458 f   vcruntime:VCRUNTIME140.dll
 0001:0002f45e       _purecall                  000000018003045e f   vcruntime:VCRUNTIME140.dll
 0001:0002f464       memset                     0000000180030464 f   vcruntime:VCRUNTIME140.dll
 0001:0002f46a       __std_type_info_destroy_list 000000018003046a f   vcruntime:VCRUNTIME140.dll
 0001:0002f470       __C_specific_handler       0000000180030470 f   vcruntime:VCRUNTIME140.dll
 0001:0002f476       powf                       0000000180030476 f   ucrt:api-ms-win-crt-math-l1-1-0.dll
 0001:0002f47c       cosf                       000000018003047c f   ucrt:api-ms-win-crt-math-l1-1-0.dll
 0001:0002f482       sinf                       0000000180030482 f   ucrt:api-ms-win-crt-math-l1-1-0.dll
 0001:0002f488       _fpclass                   0000000180030488 f   ucrt:api-ms-win-crt-math-l1-1-0.dll
 0001:0002f48e       atan2f                     000000018003048e f   ucrt:api-ms-win-crt-math-l1-1-0.dll
 0001:0002f494       _initterm                  0000000180030494 f   ucrt:api-ms-win-crt-runtime-l1-1-0.dll
 0001:0002f49a       _initterm_e                000000018003049a f   ucrt:api-ms-win-crt-runtime-l1-1-0.dll
 0001:0002f4a0       free                       00000001800304a0 f   ucrt:api-ms-win-crt-heap-l1-1-0.dll
[...]
 0004:00001c5c       $pdata$3$?computeVolumeIntegralsSIMD@VolumeIntegratorEberly@?A0x2d9ea02d@physx@@QEAA_NAEAUPxIntegrals@3@AEBVPxVec3@3@@Z 000000018003bc5c     VolumeIntegration.obj
 0004:00001c68       $pdata$4$?computeVolumeIntegralsSIMD@VolumeIntegratorEberly@?A0x2d9ea02d@physx@@QEAA_NAEAUPxIntegrals@3@AEBVPxVec3@3@@Z 000000018003bc68     VolumeIntegration.obj
 0004:00001c74       $pdata$??1Adjacencies@physx@@QEAA@XZ 000000018003bc74     Adjacencies.obj
 0004:00001c80       $pdata$0$??1Adjacencies@physx@@QEAA@XZ 000000018003bc80     Adjacencies.obj
 0004:00001c8c       $pdata$2$??1Adjacencies@physx@@QEAA@XZ 000000018003bc8c     Adjacencies.obj
 0004:00001c98       $pdata$3$??1Adjacencies@physx@@QEAA@XZ 000000018003bc98     Adjacencies.obj
 0004:00001ca4       $pdata$?Load@Adjacencies@physx@@QEAA_NAEAVPxInputStream@2@@Z 000000018003bca4     Adjacencies.obj
 0004:00001cb0       $pdata$2$?Load@Adjacencies@physx@@QEAA_NAEAVPxInputStream@2@@Z 000000018003bcb0     Adjacencies.obj
 0004:00001cbc       $pdata$3$?Load@Adjacencies@physx@@QEAA_NAEAVPxInputStream@2@@Z 000000018003bcbc     Adjacencies.obj
 0004:00001cc8       $pdata$?GetBoundaryVertices@Adjacencies@physx@@QEBA_NIPEA_NPEBU?$TriangleT@I@Gu@2@@Z 000000018003bcc8     Adjacencies.obj
 0004:00001cd4       $pdata$?MakeLastRef@Adjacencies@physx@@QEAA_NAEAVAdjTriangle@2@IPEAU?$TriangleT@I@Gu@2@@Z 000000018003bcd4     Adjacencies.obj
 0004:00001ce0       $pdata$0$?MakeLastRef@Adjacencies@physx@@QEAA_NAEAVAdjTriangle@2@IPEAU?$TriangleT@I@Gu@2@@Z 000000018003bce0     Adjacencies.obj
 0004:00001cec       $pdata$3$?MakeLastRef@Adjacencies@physx@@QEAA_NAEAVAdjTriangle@2@IPEAU?$TriangleT@I@Gu@2@@Z 000000018003bcec     Adjacencies.obj
 0004:00001cf8       $pdata$5$?MakeLastRef@Adjacencies@physx@@QEAA_NAEAVAdjTriangle@2@IPEAU?$TriangleT@I@Gu@2@@Z 000000018003bcf8     Adjacencies.obj
 0004:00001d04       $pdata$?Init@AdjacenciesBuilder@physx@@QEAA_NAEBUADJACENCIESCREATE@2@@Z 000000018003bd04     Adjacencies.obj
 0004:00001d10       $pdata$2$?Init@AdjacenciesBuilder@physx@@QEAA_NAEBUADJACENCIESCREATE@2@@Z 000000018003bd10     Adjacencies.obj
 0004:00001d1c       $pdata$3$?Init@AdjacenciesBuilder@physx@@QEAA_NAEBUADJACENCIESCREATE@2@@Z 000000018003bd1c     Adjacencies.obj
 0004:00001d28       $pdata$5$?Init@AdjacenciesBuilder@physx@@QEAA_NAEBUADJACENCIESCREATE@2@@Z 000000018003bd28     Adjacencies.obj
 0004:00001d34       $pdata$6$?Init@AdjacenciesBuilder@physx@@QEAA_NAEBUADJACENCIESCREATE@2@@Z 000000018003bd34     Adjacencies.obj
 0004:00001d40       $pdata$7$?Init@AdjacenciesBuilder@physx@@QEAA_NAEBUADJACENCIESCREATE@2@@Z 000000018003bd40     Adjacencies.obj
 0004:00001d4c       $pdata$8$?Init@AdjacenciesBuilder@physx@@QEAA_NAEBUADJACENCIESCREATE@2@@Z 000000018003bd4c     Adjacencies.obj
 0004:00001d58       $pdata$??_EAdjEdge@@QEAAPEAXI@Z 000000018003bd58     Adjacencies.obj
 0004:00001d64       $pdata$??_EAdjTriangle@physx@@QEAAPEAXI@Z 000000018003bd64     Adjacencies.obj
 0004:00001d70       $pdata$??_I@YAXPEAX_K1P6AX0@Z@Z 000000018003bd70     Adjacencies.obj
 0004:00001d7c       $pdata$?AddTriangle@@YAXIIIIPEAVAdjTriangle@physx@@AEAIPEAVAdjEdge@@@Z 000000018003bd7c     Adjacencies.obj
 0004:00001d88       $pdata$?CreateDatabase@@YA_NPEAVAdjTriangle@physx@@IPEBVAdjEdge@@AEBUADJACENCIESCREATE@2@@Z 000000018003bd88     Adjacencies.obj
 0004:00001d94       $pdata$?UpdateLink@@YA_NIIIIPEAVAdjTriangle@physx@@AEBUADJACENCIESCREATE@2@@Z 000000018003bd94     Adjacencies.obj
 0004:00001da0       $pdata$3$?UpdateLink@@YA_NIIIIPEAVAdjTriangle@physx@@AEBUADJACENCIESCREATE@2@@Z 000000018003bda0     Adjacencies.obj
 0004:00001dac       $pdata$5$?UpdateLink@@YA_NIIIIPEAVAdjTriangle@physx@@AEBUADJACENCIESCREATE@2@@Z 000000018003bdac     Adjacencies.obj
 0004:00001db8       $pdata$6$?UpdateLink@@YA_NIIIIPEAVAdjTriangle@physx@@AEBUADJACENCIESCREATE@2@@Z 000000018003bdb8     Adjacencies.obj
 0004:00001dc4       $pdata$7$?UpdateLink@@YA_NIIIIPEAVAdjTriangle@physx@@AEBUADJACENCIESCREATE@2@@Z 000000018003bdc4     Adjacencies.obj
 0004:00001dd0       $pdata$8$?UpdateLink@@YA_NIIIIPEAVAdjTriangle@physx@@AEBUADJACENCIESCREATE@2@@Z 000000018003bdd0     Adjacencies.obj
 0004:00001ddc       $pdata$PxCreateCooking     000000018003bddc     Cooking.obj
 0004:00001de8       $pdata$?release@Cooking@physx@@UEAAXXZ 000000018003bde8     Cooking.obj
 0004:00001df4       $pdata$?cookTriangleMesh@Cooking@physx@@UEBA_NAEBVPxTriangleMeshDesc@2@AEAVPxOutputStream@2@PEAW4Enum@PxTriangleMeshCookingResult@2@@Z 000000018003bdf4     Cooking.obj
 0004:00001e00       $pdata$?createTriangleMesh@Cooking@physx@@UEBAPEAVPxTriangleMesh@2@AEBVPxTriangleMeshDesc@2@AEAVPxPhysicsInsertionCallback@2@PEAW4Enum@PxTriangleMeshCookingResult@2@@Z 000000018003be00     Cooking.obj
 0004:00001e0c       $pdata$?validateTriangleMesh@Cooking@physx@@UEBA_NAEBVPxTriangleMeshDesc@2@@Z 000000018003be0c     Cooking.obj
 0004:00001e18       $pdata$?cookConvexMesh@Cooking@physx@@UEBA_NAEBVPxConvexMeshDesc@2@AEAVPxOutputStream@2@PEAW4Enum@PxConvexMeshCookingResult@2@@Z 000000018003be18     Cooking.obj
 0004:00001e24       $pdata$?createConvexMesh@Cooking@physx@@UEBAPEAVPxConvexMesh@2@AEBVPxConvexMeshDesc@2@AEAVPxPhysicsInsertionCallback@2@PEAW4Enum@PxConvexMeshCookingResult@2@@Z 000000018003be24     Cooking.obj
 0004:00001e30       $pdata$?validateConvexMesh@Cooking@physx@@UEBA_NAEBVPxConvexMeshDesc@2@@Z 000000018003be30     Cooking.obj
 0004:00001e3c       $pdata$?computeHullPolygons@Cooking@physx@@UEBA_NAEBVPxSimpleTriangleMesh@2@AEAVPxAllocatorCallback@2@AEAIAEAPEAVPxVec3@2@2AEAPEAI2AEAPEAUPxHullPolygon@2@@Z 000000018003be3c     Cooking.obj
 0004:00001e48       $pdata$?cookHeightField@Cooking@physx@@UEBA_NAEBVPxHeightFieldDesc@2@AEAVPxOutputStream@2@@Z 000000018003be48     Cooking.obj
 0004:00001e54       $pdata$?createHeightField@Cooking@physx@@UEBAPEAVPxHeightField@2@AEBVPxHeightFieldDesc@2@AEAVPxPhysicsInsertionCallback@2@@Z 000000018003be54     Cooking.obj
 0004:00001e60       $pdata$?cookConvexMeshInternal@Cooking@physx@@AEBA_NAEBVPxConvexMeshDesc@2@AEAVConvexMeshBuilder@2@PEAVConvexHullLib@2@PEAW4Enum@PxConvexMeshCookingResult@2@@Z 000000018003be60     Cooking.obj
 0004:00001e6c       $pdata$?cookTriangleMesh@Cooking@physx@@AEBA_NAEAVTriangleMeshBuilder@2@AEBVPxTriangleMeshDesc@2@AEAVPxOutputStream@2@PEAW4Enum@PxTriangleMeshCookingResult@2@@Z 000000018003be6c     Cooking.obj
 0004:00001e78       $pdata$?createTriangleMesh@Cooking@physx@@AEBAPEAVPxTriangleMesh@2@AEAVTriangleMeshBuilder@2@AEBVPxTriangleMeshDesc@2@AEAVPxPhysicsInsertionCallback@2@PEAW4Enum@PxTriangleMeshCookingResult@2@@Z 000000018003be78     Cooking.obj
 0004:00001e84       $pdata$??_GCooking@physx@@UEAAPEAXI@Z 000000018003be84     Cooking.obj
 0004:00001e90       $pdata$??_GPxCooking@physx@@MEAAPEAXI@Z 000000018003be90     Cooking.obj
 0004:00001e9c       $pdata$??1ReducedVertexCloud@physx@@QEAA@XZ 000000018003be9c     CookingUtils.obj
 0004:00001ea8       $pdata$?Clean@ReducedVertexCloud@physx@@QEAAAEAV12@XZ 000000018003bea8     CookingUtils.obj
 0004:00001eb4       $pdata$?Reduce@ReducedVertexCloud@physx@@QEAA_NPEAUREDUCEDCLOUD@2@@Z 000000018003beb4     CookingUtils.obj
 0004:00001ec0       $pdata$??1EdgeList@Gu@physx@@QEAA@XZ 000000018003bec0     EdgeList.obj
 0004:00001ecc       $pdata$?load@EdgeList@Gu@physx@@QEAA_NAEAVPxInputStream@3@@Z 000000018003becc     EdgeList.obj
 0004:00001ed8       $pdata$?init@EdgeListBuilder@Gu@physx@@QEAA_NAEBUEDGELISTCREATE@23@@Z 000000018003bed8     EdgeList.obj
 0004:00001ee4       $pdata$?createFacesToEdges@EdgeListBuilder@Gu@physx@@AEAA_NIPEBIPEBG@Z 000000018003bee4     EdgeList.obj
 0004:00001ef0       $pdata$3$?createFacesToEdges@EdgeListBuilder@Gu@physx@@AEAA_NIPEBIPEBG@Z 000000018003bef0     EdgeList.obj
 0004:00001efc       $pdata$5$?createFacesToEdges@EdgeListBuilder@Gu@physx@@AEAA_NIPEBIPEBG@Z 000000018003befc     EdgeList.obj
 0004:00001f08       $pdata$6$?createFacesToEdges@EdgeListBuilder@Gu@physx@@AEAA_NIPEBIPEBG@Z 000000018003bf08     EdgeList.obj
 0004:00001f14       $pdata$7$?createFacesToEdges@EdgeListBuilder@Gu@physx@@AEAA_NIPEBIPEBG@Z 000000018003bf14     EdgeList.obj
 0004:00001f20       $pdata$8$?createFacesToEdges@EdgeListBuilder@Gu@physx@@AEAA_NIPEBIPEBG@Z 000000018003bf20     EdgeList.obj
 0004:00001f2c       $pdata$9$?createFacesToEdges@EdgeListBuilder@Gu@physx@@AEAA_NIPEBIPEBG@Z 000000018003bf2c     EdgeList.obj
 0004:00001f38       $pdata$?createEdgesToFaces@EdgeListBuilder@Gu@physx@@AEAA_NIPEBIPEBG@Z 000000018003bf38     EdgeList.obj
 0004:00001f44       $pdata$1$?createEdgesToFaces@EdgeListBuilder@Gu@physx@@AEAA_NIPEBIPEBG@Z 000000018003bf44     EdgeList.obj
 0004:00001f50       $pdata$2$?createEdgesToFaces@EdgeListBuilder@Gu@physx@@AEAA_NIPEBIPEBG@Z 000000018003bf50     EdgeList.obj
 0004:00001f5c       $pdata$?computeActiveEdges@EdgeListBuilder@Gu@physx@@AEAA_NIPEBIPEBGPEBVPxVec3@3@M@Z 000000018003bf5c     EdgeList.obj
 0004:00001f68       $pdata$2$?computeActiveEdges@EdgeListBuilder@Gu@physx@@AEAA_NIPEBIPEBGPEBVPxVec3@3@M@Z 000000018003bf68     EdgeList.obj
 0004:00001f74       $pdata$4$?computeActiveEdges@EdgeListBuilder@Gu@physx@@AEAA_NIPEBIPEBGPEBVPxVec3@3@M@Z 000000018003bf74     EdgeList.obj
 0004:00001f80       $pdata$14$?computeActiveEdges@EdgeListBuilder@Gu@physx@@AEAA_NIPEBIPEBGPEBVPxVec3@3@M@Z 000000018003bf80     EdgeList.obj
 0004:00001f8c       $pdata$15$?computeActiveEdges@EdgeListBuilder@Gu@physx@@AEAA_NIPEBIPEBGPEBVPxVec3@3@M@Z 000000018003bf8c     EdgeList.obj
 0004:00001f98       $pdata$16$?computeActiveEdges@EdgeListBuilder@Gu@physx@@AEAA_NIPEBIPEBGPEBVPxVec3@3@M@Z 000000018003bf98     EdgeList.obj
 0004:00001fa4       $pdata$17$?computeActiveEdges@EdgeListBuilder@Gu@physx@@AEAA_NIPEBIPEBGPEBVPxVec3@3@M@Z 000000018003bfa4     EdgeList.obj
 0004:00001fb0       $pdata$??0MeshCleaner@physx@@QEAA@IPEBVPxVec3@1@IPEBIM@Z 000000018003bfb0     MeshCleaner.obj
 0004:00001fbc       $pdata$1$??0MeshCleaner@physx@@QEAA@IPEBVPxVec3@1@IPEBIM@Z 000000018003bfbc     MeshCleaner.obj
 0004:00001fc8       $pdata$5$??0MeshCleaner@physx@@QEAA@IPEBVPxVec3@1@IPEBIM@Z 000000018003bfc8     MeshCleaner.obj
 0004:00001fd4       $pdata$7$??0MeshCleaner@physx@@QEAA@IPEBVPxVec3@1@IPEBIM@Z 000000018003bfd4     MeshCleaner.obj
 0004:00001fe0       $pdata$8$??0MeshCleaner@physx@@QEAA@IPEBVPxVec3@1@IPEBIM@Z 000000018003bfe0     MeshCleaner.obj
 0004:00001fec       $pdata$9$??0MeshCleaner@physx@@QEAA@IPEBVPxVec3@1@IPEBIM@Z 000000018003bfec     MeshCleaner.obj
 0004:00001ff8       $pdata$10$??0MeshCleaner@physx@@QEAA@IPEBVPxVec3@1@IPEBIM@Z 000000018003bff8     MeshCleaner.obj
 0004:00002004       $pdata$11$??0MeshCleaner@physx@@QEAA@IPEBVPxVec3@1@IPEBIM@Z 000000018003c004     MeshCleaner.obj
 0004:00002010       $pdata$12$??0MeshCleaner@physx@@QEAA@IPEBVPxVec3@1@IPEBIM@Z 000000018003c010     MeshCleaner.obj
 0004:0000201c       $pdata$13$??0MeshCleaner@physx@@QEAA@IPEBVPxVec3@1@IPEBIM@Z 000000018003c01c     MeshCleaner.obj
 0004:00002028       $pdata$14$??0MeshCleaner@physx@@QEAA@IPEBVPxVec3@1@IPEBIM@Z 000000018003c028     MeshCleaner.obj
 0004:00002034       $pdata$??1MeshCleaner@physx@@QEAA@XZ 000000018003c034     MeshCleaner.obj
 0004:00002040       $pdata$?createQuantizer@physx@@YAPEAVQuantizer@1@XZ 000000018003c040     Quantizer.obj
 0004:0000204c       $pdata$??$kmeans_cluster@VPxVec3@physx@@M@@YAIPEBVPxVec3@physx@@IIPEAV01@PEAIMM@Z 000000018003c04c     Quantizer.obj
 0004:00002058       $pdata$1$??$kmeans_cluster@VPxVec3@physx@@M@@YAIPEBVPxVec3@physx@@IIPEAV01@PEAIMM@Z 000000018003c058     Quantizer.obj
 0004:00002064       $pdata$6$??$kmeans_cluster@VPxVec3@physx@@M@@YAIPEBVPxVec3@physx@@IIPEAV01@PEAIMM@Z 000000018003c064     Quantizer.obj
 0004:00002070       $pdata$9$??$kmeans_cluster@VPxVec3@physx@@M@@YAIPEBVPxVec3@physx@@IIPEAV01@PEAIMM@Z 000000018003c070     Quantizer.obj
 0004:0000207c       $pdata$10$??$kmeans_cluster@VPxVec3@physx@@M@@YAIPEBVPxVec3@physx@@IIPEAV01@PEAIMM@Z 000000018003c07c     Quantizer.obj
 0004:00002088       $pdata$11$??$kmeans_cluster@VPxVec3@physx@@M@@YAIPEBVPxVec3@physx@@IIPEAV01@PEAIMM@Z 000000018003c088     Quantizer.obj
 0004:00002094       $pdata$12$??$kmeans_cluster@VPxVec3@physx@@M@@YAIPEBVPxVec3@physx@@IIPEAV01@PEAIMM@Z 000000018003c094     Quantizer.obj
 0004:000020a0       $pdata$??1QuantizerImpl@@EEAA@XZ 000000018003c0a0     Quantizer.obj
 0004:000020ac       $pdata$??_GQuantizer@physx@@MEAAPEAXI@Z 000000018003c0ac     Quantizer.obj
 0004:000020b8       $pdata$??_GQuantizerImpl@@EEAAPEAXI@Z 000000018003c0b8     Quantizer.obj
 0004:000020c4       $pdata$?kmeansQuantize3D@QuantizerImpl@@UEAAPEBVPxVec3@physx@@IPEBV23@I_NIAEAI@Z 000000018003c0c4     Quantizer.obj
 0004:000020d0       $pdata$1$?kmeansQuantize3D@QuantizerImpl@@UEAAPEBVPxVec3@physx@@IPEBV23@I_NIAEAI@Z 000000018003c0d0     Quantizer.obj
 0004:000020dc       $pdata$2$?kmeansQuantize3D@QuantizerImpl@@UEAAPEBVPxVec3@physx@@IPEBV23@I_NIAEAI@Z 000000018003c0dc     Quantizer.obj
 0004:000020e8       $pdata$3$?kmeansQuantize3D@QuantizerImpl@@UEAAPEBVPxVec3@physx@@IPEBV23@I_NIAEAI@Z 000000018003c0e8     Quantizer.obj
 0004:000020f4       $pdata$?normalizeInput@QuantizerImpl@@AEAAXIPEBVPxVec3@physx@@I@Z 000000018003c0f4     Quantizer.obj
 0004:00002100       $pdata$0$?normalizeInput@QuantizerImpl@@AEAAXIPEBVPxVec3@physx@@I@Z 000000018003c100     Quantizer.obj
 0004:0000210c       $pdata$3$?normalizeInput@QuantizerImpl@@AEAAXIPEBVPxVec3@physx@@I@Z 000000018003c10c     Quantizer.obj
 0004:00002118       $pdata$4$?normalizeInput@QuantizerImpl@@AEAAXIPEBVPxVec3@physx@@I@Z 000000018003c118     Quantizer.obj
 0004:00002124       $pdata$5$?normalizeInput@QuantizerImpl@@AEAAXIPEBVPxVec3@physx@@I@Z 000000018003c124     Quantizer.obj
 0004:00002130       $pdata$7$?normalizeInput@QuantizerImpl@@AEAAXIPEBVPxVec3@physx@@I@Z 000000018003c130     Quantizer.obj
 0004:0000213c       $pdata$8$?normalizeInput@QuantizerImpl@@AEAAXIPEBVPxVec3@physx@@I@Z 000000018003c13c     Quantizer.obj
 0004:00002160       $pdata$?DloadAcquireSectionWriteAccess@@YAXXZ 000000018003c160     delayimp:delayhlp.obj
 0004:0000216c       $pdata$?DloadGetSRWLockFunctionPointers@@YAEXZ 000000018003c16c     delayimp:delayhlp.obj
 0004:00002178       $pdata$?DloadLock@@YAXXZ   000000018003c178     delayimp:delayhlp.obj
 0004:00002184       $pdata$?DloadMakePermanentImageCommit@@YAXPEAX_K@Z 000000018003c184     delayimp:delayhlp.obj
 0004:00002190       $pdata$?DloadObtainSection@@YAPEAXPEAK0@Z 000000018003c190     delayimp:delayhlp.obj
 0004:0000219c       $pdata$?DloadProtectSection@@YAXKPEAK@Z 000000018003c19c     delayimp:delayhlp.obj
 0004:000021a8       $pdata$?DloadReleaseSectionWriteAccess@@YAXXZ 000000018003c1a8     delayimp:delayhlp.obj
 0004:000021b4       $pdata$?DloadUnlock@@YAXXZ 000000018003c1b4     delayimp:delayhlp.obj
 0004:000021c0       $pdata$?PiddFromDllName@@YAPEBUImgDelayDescr@@PEBD@Z 000000018003c1c0     delayimp:delayhlp.obj
 0004:000021cc       $pdata$__FUnloadDelayLoadedDLL2 000000018003c1cc     delayimp:delayhlp.obj
 0004:000021d8       $pdata$__HrLoadAllImportsForDll 000000018003c1d8     delayimp:delayhlp.obj
 0004:000021e4       $pdata$__delayLoadHelper2  000000018003c1e4     delayimp:delayhlp.obj
 0004:000021fc       $pdata$??_Gtype_info@@UEAAPEAXI@Z 000000018003c1fc     MSVCRT:std_type_info_static.obj
 0004:00002208       $pdata$?dllmain_crt_dispatch@@YAHQEAUHINSTANCE__@@KQEAX@Z 000000018003c208     MSVCRT:dll_dllmain.obj
 0004:00002214       $pdata$?dllmain_crt_process_attach@@YAHQEAUHINSTANCE__@@QEAX@Z 000000018003c214     MSVCRT:dll_dllmain.obj
 0004:00002220       $pdata$?dllmain_crt_process_detach@@YAH_N@Z 000000018003c220     MSVCRT:dll_dllmain.obj
 0004:0000222c       $pdata$?dllmain_dispatch@@YAHQEAUHINSTANCE__@@KQEAX@Z 000000018003c22c     MSVCRT:dll_dllmain.obj
 0004:00002238       $pdata$?dllmain_raw@@YAHQEAUHINSTANCE__@@KQEAX@Z 000000018003c238     MSVCRT:dll_dllmain.obj
 0004:00002244       $pdata$_DllMainCRTStartup  000000018003c244     MSVCRT:dll_dllmain.obj
 0004:00002250       $pdata$?configure_argv@__scrt_narrow_argv_policy@@SAHXZ 000000018003c250     MSVCRT:utility.obj
 0004:0000225c       $pdata$__scrt_acquire_startup_lock 000000018003c25c     MSVCRT:utility.obj
 0004:00002268       $pdata$__scrt_dllmain_after_initialize_c 000000018003c268     MSVCRT:utility.obj
 0004:00002274       $pdata$__scrt_dllmain_before_initialize_c 000000018003c274     MSVCRT:utility.obj
 0004:00002280       $pdata$__scrt_dllmain_crt_thread_attach 000000018003c280     MSVCRT:utility.obj
 0004:0000228c       $pdata$__scrt_dllmain_crt_thread_detach 000000018003c28c     MSVCRT:utility.obj
 0004:00002298       $pdata$__scrt_dllmain_exception_filter 000000018003c298     MSVCRT:utility.obj
 0004:000022a4       $pdata$__scrt_dllmain_uninitialize_c 000000018003c2a4     MSVCRT:utility.obj
 0004:000022b0       $pdata$__scrt_dllmain_uninitialize_critical 000000018003c2b0     MSVCRT:utility.obj
 0004:000022bc       $pdata$__scrt_initialize_crt 000000018003c2bc     MSVCRT:utility.obj
 0004:000022c8       $pdata$__scrt_initialize_onexit_tables 000000018003c2c8     MSVCRT:utility.obj
 0004:000022d4       $pdata$__scrt_is_nonwritable_in_current_image 000000018003c2d4     MSVCRT:utility.obj
 0004:000022e0       $pdata$__scrt_release_startup_lock 000000018003c2e0     MSVCRT:utility.obj
 0004:000022ec       $pdata$__scrt_uninitialize_crt 000000018003c2ec     MSVCRT:utility.obj
 0004:000022f8       $pdata$_onexit             000000018003c2f8     MSVCRT:utility.obj
 0004:00002304       $pdata$atexit              000000018003c304     MSVCRT:utility.obj
 0004:00002310       $pdata$__security_init_cookie 000000018003c310     MSVCRT:gs_support.obj
 0004:0000231c       $pdata$DllMain             000000018003c31c     MSVCRT:dll_dllmain_stub.obj
 0004:00002328       $pdata$__scrt_initialize_default_local_stdio_options 000000018003c328     MSVCRT:default_local_stdio_options.obj
 0004:00002334       $pdata$__scrt_fastfail     000000018003c334     MSVCRT:utility_desktop.obj
 0004:00002340       $pdata$__scrt_get_show_window_mode 000000018003c340     MSVCRT:utility_desktop.obj
 0004:0000234c       $pdata$__scrt_is_managed_app 000000018003c34c     MSVCRT:utility_desktop.obj
 0004:00002358       $pdata$__scrt_unhandled_exception_filter 000000018003c358     MSVCRT:utility_desktop.obj
 0004:00002364       $pdata$_RTC_Initialize     000000018003c364     MSVCRT:_initsect_.obj
 0004:00002370       $pdata$_RTC_Terminate      000000018003c370     MSVCRT:_initsect_.obj
 0004:0000237c       $pdata$__isa_available_init 000000018003c37c     MSVCRT:_cpu_disp_.obj
 0004:00002394       $pdata$?fin$0@?0??dllmain_crt_process_attach@@YAHQEAUHINSTANCE__@@QEAX@Z@4HA 000000018003c394     MSVCRT:dll_dllmain.obj
 0004:000023a0       $pdata$?fin$0@?0??dllmain_crt_process_detach@@YAH_N@Z@4HA 000000018003c3a0     MSVCRT:dll_dllmain.obj
 0004:000023ac       $pdata$?filt$0@?0??dllmain_dispatch@@YAHQEAUHINSTANCE__@@KQEAX@Z@4HA 000000018003c3ac     MSVCRT:dll_dllmain.obj
 0004:000023b8       $pdata$__scrt_is_nonwritable_in_current_image$filt$0 000000018003c3b8     MSVCRT:utility.obj
 0005:00000000       __guard_fids__             000000018003d000     MSVCRT:std_type_info_static.obj
 0005:00000004       __guard_fids_?dllmain_crt_process_attach@@YAHQEAUHINSTANCE__@@QEAX@Z 000000018003d004     MSVCRT:dll_dllmain.obj
 0005:0000000c       __guard_fids_?dllmain_dispatch@@YAHQEAUHINSTANCE__@@KQEAX@Z 000000018003d00c     MSVCRT:dll_dllmain.obj
 0005:00000010       __guard_fids__             000000018003d010     MSVCRT:guard_support.obj
 0005:00000014       __guard_fids__guard_icall_checks_enforced 000000018003d014     MSVCRT:guard_support.obj
 0005:00000018       __guard_fids___scrt_set_unhandled_exception_filter 000000018003d018     MSVCRT:utility_desktop.obj
 0006:000000a0       $R000000                   000000018003e0a0     PhysX3Cooking.res
 0006:000003d8       $R000338                   000000018003e3d8     PhysX3Cooking.res
