 PhysX3CommonDEBUG_x64

 Timestamp is 5c00a5e3 (Thu Nov 29 23:52:19 2018)

 Preferred load address is 0000000180000000

 Start         Length     Name                   Class
 0001:00000000 00010d90H .text$di                CODE
 0001:00010d90 0025b8c0H .text$mn                CODE
 0001:0026c650 00001020H .text$mn$00             CODE
 0001:0026d670 0000115fH .text$x                 CODE
 0002:00000000 00000110H .CRT$XCA                DATA
 0002:00000110 00001d00H .CRT$XCU                DATA
 0002:00001e10 00000110H .CRT$XCZ                DATA
 0002:00001f20 00000110H .CRT$XIA                DATA
 0002:00002030 00000110H .CRT$XIZ                DATA
 0002:00002140 00000110H .CRT$XPA                DATA
 0002:00002250 00000110H .CRT$XPZ                DATA
 0002:00002360 00000110H .CRT$XTA                DATA
 0002:00002470 00000110H .CRT$XTZ                DATA
 0002:00002580 0000d450H .rdata                  DATA
 0002:0000f9d0 00000188H .rdata$r                DATA
 0002:0000fb58 000001a0H .rdata$zzzdbg           DATA
 0002:0000fcf8 00000110H .rtc$IAA                DATA
 0002:0000fe08 00000aa0H .rtc$IMZ                DATA
 0002:000108a8 00000110H .rtc$IZZ                DATA
 0002:000109b8 00000110H .rtc$TAA                DATA
 0002:00010ac8 00000aa0H .rtc$TMZ                DATA
 0002:00011568 00000110H .rtc$TZZ                DATA
 0002:00011678 00009a18H .xdata                  DATA
 0002:0001b090 0000cacdH .edata                  DATA
 0003:00000000 00000a90H .data                   DATA
 0003:00000a90 00000520H .data$r                 DATA
 0003:00000fb0 000043b9H .bss                    DATA
 0004:00000000 0000dc50H .pdata                  DATA
 0005:00000000 000003a0H .idata$5                DATA
 0005:000003a0 0000003cH .idata$2                DATA
 0005:000003dc 00000014H .idata$3                DATA
 0005:000003f0 000003a0H .idata$4                DATA
 0005:00000790 000006b4H .idata$6                DATA
 0006:00000000 00000020H .didat$2                DATA
 0006:00000020 00000020H .didat$3                DATA
 0006:00000040 00000130H .didat$4                DATA
 0006:00000170 00000130H .didat$5                DATA
 0006:000002a0 000005c8H .didat$6                DATA
 0006:00000868 000001d3H .didat$7                DATA
 0007:00000000 0000012eH .gfids$y                DATA
 0008:00000000 0000011bH .00cfg                  DATA
 0009:00000000 000001c0H .rsrc$01                DATA
 0009:000001c0 000006a9H .rsrc$02                DATA

  Address         Publics by Value              Rva+Base               Lib:Object

 0000:00000000       __guard_fids_table         0000000000000000     <absolute>
 0000:00000000       __guard_fids_count         0000000000000000     <absolute>
 0000:00000000       ___safe_se_handler_count   0000000000000000     <absolute>
 0000:00000000       __guard_longjmp_count      0000000000000000     <absolute>
 0000:00000000       __guard_iat_count          0000000000000000     <absolute>
 0000:00000000       ___safe_se_handler_table   0000000000000000     <absolute>
 0000:00000000       __guard_iat_table          0000000000000000     <absolute>
 0000:00000000       __guard_longjmp_table      0000000000000000     <absolute>
 0000:00000000       __dynamic_value_reloc_table 0000000000000000     <absolute>
 0000:00000100       __guard_flags              0000000000000100     <absolute>
 0000:00000000       __ImageBase                0000000180000000     <linker-defined>
 0001:00010d90       PxSetPhysXCommonDelayLoadHook 0000000180011d90 f   CmWindowsDelayLoadHook.obj
 0001:00010db0       ?delayHook@@YAP6A_JXZIPEAUDelayLoadInfo@@@Z 0000000180011db0 f   CmWindowsDelayLoadHook.obj
 0001:00010e60       ?foundationDliNotePreLoadLibrary@shdfnd@physx@@YAP6A_JXZPEBDPEBVPxFoundationDelayLoadHook@2@@Z 0000000180011e60 f i CmWindowsDelayLoadHook.obj
 0001:00010fb0       ?loadLibrary@Cm@physx@@YAPEAUHINSTANCE__@@PEBD@Z 0000000180011fb0 f i CmWindowsDelayLoadHook.obj
 0001:00010fd0       ?physXCommonDliNotePreLoadLibrary@Cm@physx@@YAP6A_JXZPEBDPEBVPxDelayLoadHook@2@@Z 0000000180011fd0 f i CmWindowsDelayLoadHook.obj
 0001:00011250       ??0CmModuleUpdateLoader@Cm@physx@@QEAA@PEBD@Z 0000000180012250 f   CmWindowsModuleUpdateLoader.obj
 0001:000112c0       ??1CmModuleUpdateLoader@Cm@physx@@QEAA@XZ 00000001800122c0 f   CmWindowsModuleUpdateLoader.obj
 0001:00011300       ?LoadModule@CmModuleUpdateLoader@Cm@physx@@QEAAPEAUHINSTANCE__@@PEBD0@Z 0000000180012300 f   CmWindowsModuleUpdateLoader.obj
 0001:000113b0       ??0Allocator@shdfnd@physx@@QEAA@PEBD@Z 00000001800123b0 f i CmWindowsModuleUpdateLoader.obj
 0001:000113d0       ??0PxFoundation@physx@@QEAA@AEBV01@@Z 00000001800123d0 f i CmWindowsModuleUpdateLoader.obj
 0001:00011400       ??0PxFoundation@physx@@QEAA@XZ 0000000180012400 f i CmWindowsModuleUpdateLoader.obj
 0001:00011420       ??1PxFoundation@physx@@MEAA@XZ 0000000180012420 f i CmWindowsModuleUpdateLoader.obj
 0001:00011440       ??4Allocator@shdfnd@physx@@QEAAAEAV012@$$QEAV012@@Z 0000000180012440 f i CmWindowsModuleUpdateLoader.obj
 0001:00011460       ??4Allocator@shdfnd@physx@@QEAAAEAV012@AEBV012@@Z 0000000180012460 f i CmWindowsModuleUpdateLoader.obj
 0001:00011480       ??4CmModuleUpdateLoader@Cm@physx@@QEAAAEAV012@AEBV012@@Z 0000000180012480 f i CmWindowsModuleUpdateLoader.obj
 0001:000114b0       ??4MutexImpl@shdfnd@physx@@QEAAAEAV012@AEBV012@@Z 00000001800124b0 f i CmWindowsModuleUpdateLoader.obj
 0001:000114d0       ??4PxFoundation@physx@@QEAAAEAV01@AEBV01@@Z 00000001800124d0 f i CmWindowsModuleUpdateLoader.obj
 0001:000114f0       ??_EPxFoundation@physx@@MEAAPEAXI@Z 00000001800124f0 f i CmWindowsModuleUpdateLoader.obj
 0001:000115c0       ??_FAllocator@shdfnd@physx@@QEAAXXZ 00000001800125c0 f i CmWindowsModuleUpdateLoader.obj
 0001:000115e0       ??_FNamedAllocator@shdfnd@physx@@QEAAXXZ 00000001800125e0 f i CmWindowsModuleUpdateLoader.obj
 0001:00011600       ??_GPxFoundation@physx@@MEAAPEAXI@Z 0000000180012600 f i CmWindowsModuleUpdateLoader.obj
 0001:00011650       ??_I@YAXPEAX_K1P6AX0@Z@Z   0000000180012650 f i CmWindowsModuleUpdateLoader.obj
 0001:00011710       ?__empty_global_delete@@YAXPEAX@Z 0000000180012710 f i CmWindowsModuleUpdateLoader.obj
 0001:00011720       ?__empty_global_delete@@YAXPEAX_K@Z 0000000180012720 f i CmWindowsModuleUpdateLoader.obj
 0001:00011730       ?getAllocator@Foundation@shdfnd@physx@@QEAAAEAVPxAllocatorCallback@3@XZ 0000000180012730 f i CmWindowsModuleUpdateLoader.obj
 0001:00011750       ?getAllocatorCallback@Foundation@shdfnd@physx@@UEAAAEAVPxAllocatorCallback@3@XZ 0000000180012750 f i CmWindowsModuleUpdateLoader.obj
 0001:00011770       ?getErrorCallback@Foundation@shdfnd@physx@@UEAAAEAVPxErrorCallback@3@XZ 0000000180012770 f i CmWindowsModuleUpdateLoader.obj
 0001:00011790       ?getErrorLevel@Foundation@shdfnd@physx@@UEBA?AW4Enum@PxErrorCode@3@XZ 0000000180012790 f i CmWindowsModuleUpdateLoader.obj
 0001:000117b0       ?getInternalErrorCallback@Foundation@shdfnd@physx@@QEAAAEAVPxErrorCallback@3@XZ 00000001800127b0 f i CmWindowsModuleUpdateLoader.obj
 0001:000117d0       ?getNamedAllocMap@Foundation@shdfnd@physx@@QEAAAEAV?$HashMap@PEBVNamedAllocator@shdfnd@physx@@PEBDU?$Hash@PEBVNamedAllocator@shdfnd@physx@@@23@VNonTrackingAllocator@23@@23@XZ 00000001800127d0 f i CmWindowsModuleUpdateLoader.obj
 0001:000117f0       ?getNamedAllocMutex@Foundation@shdfnd@physx@@QEAAAEAV?$MutexT@VAllocator@shdfnd@physx@@@23@XZ 00000001800127f0 f i CmWindowsModuleUpdateLoader.obj
 0001:00011810       ?getReportAllocationNames@Foundation@shdfnd@physx@@UEBA_NXZ 0000000180012810 f i CmWindowsModuleUpdateLoader.obj
 0001:00011830       ?getTempAllocFreeTable@Foundation@shdfnd@physx@@QEAAAEAV?$Array@PEATTempAllocatorChunk@shdfnd@physx@@VAllocator@23@@23@XZ 0000000180012830 f i CmWindowsModuleUpdateLoader.obj
 0001:00011850       ?getTempAllocMutex@Foundation@shdfnd@physx@@QEAAAEAV?$MutexT@VAllocator@shdfnd@physx@@@23@XZ 0000000180012850 f i CmWindowsModuleUpdateLoader.obj
 0001:00011870       ?setErrorLevel@Foundation@shdfnd@physx@@UEAAXW4Enum@PxErrorCode@3@@Z 0000000180012870 f i CmWindowsModuleUpdateLoader.obj
 0001:00011890       ?setReportAllocationNames@Foundation@shdfnd@physx@@UEAAX_N@Z 0000000180012890 f i CmWindowsModuleUpdateLoader.obj
 0001:000118b0       ?CompleteBoxPruning@Cm@physx@@YA_NPEBVPxBounds3@2@IAEAV?$Array@IVNamedAllocator@shdfnd@physx@@@shdfnd@2@AEBVAxes@Gu@2@@Z 00000001800128b0 f   CmBoxPruning.obj
 0001:00011c20       ?BipartiteBoxPruning@Cm@physx@@YA_NPEBVPxBounds3@2@I0IAEAV?$Array@IVNamedAllocator@shdfnd@physx@@@shdfnd@2@AEBVAxes@Gu@2@@Z 0000000180012c20 f   CmBoxPruning.obj
 0001:000124a0       ??$PX_UNUSED@I@@YAXAEBI@Z  00000001800134a0 f i CmBoxPruning.obj
 0001:000124b0       ??0NonTrackingAllocator@shdfnd@physx@@QEAA@PEBD@Z 00000001800134b0 f i CmBoxPruning.obj
 0001:000124d0       ??2@YAPEAX_KPEAX@Z         00000001800134d0 f i CmBoxPruning.obj
 0001:000124f0       ??APxVec3@physx@@QEBAAEBMI@Z 00000001800134f0 f i CmBoxPruning.obj
 0001:00012580       ?GetNbHits@RadixSort@Cm@physx@@QEBAIXZ 0000000180013580 f i CmBoxPruning.obj
 0001:000125a0       ?GetNbTotalCalls@RadixSort@Cm@physx@@QEBAIXZ 00000001800135a0 f i CmBoxPruning.obj
 0001:000125c0       ?GetRanks@RadixSort@Cm@physx@@QEBAPEBIXZ 00000001800135c0 f i CmBoxPruning.obj
 0001:000125e0       ?GetRecyclable@RadixSort@Cm@physx@@QEBAPEAIXZ 00000001800135e0 f i CmBoxPruning.obj
 0001:00012600       ?PxIsFinite@physx@@YA_NM@Z 0000000180013600 f i CmBoxPruning.obj
 0001:00012620       ?allocate@?$Array@IVNamedAllocator@shdfnd@physx@@@shdfnd@physx@@IEAAPEAII@Z 0000000180013620 f i CmBoxPruning.obj
 0001:000126d0       ?capacity@?$Array@IVNamedAllocator@shdfnd@physx@@@shdfnd@physx@@QEBAIXZ 00000001800136d0 f i CmBoxPruning.obj
 0001:000126f0       ?capacityIncrement@?$Array@IVNamedAllocator@shdfnd@physx@@@shdfnd@physx@@IEBAIXZ 00000001800136f0 f i CmBoxPruning.obj
 0001:00012740       ?clear@?$Array@IVNamedAllocator@shdfnd@physx@@@shdfnd@physx@@QEAAXXZ 0000000180013740 f i CmBoxPruning.obj
 0001:00012790       ?copy@?$Array@IVNamedAllocator@shdfnd@physx@@@shdfnd@physx@@KAXPEAI0PEBI@Z 0000000180013790 f i CmBoxPruning.obj
 0001:00012850       ?deallocate@?$Array@IVNamedAllocator@shdfnd@physx@@@shdfnd@physx@@IEAAXPEAX@Z 0000000180013850 f i CmBoxPruning.obj
 0001:00012880       ?deallocate@NonTrackingAllocator@shdfnd@physx@@QEAAXPEAX@Z 0000000180013880 f i CmBoxPruning.obj
 0001:000128d0       ?destroy@?$Array@IVNamedAllocator@shdfnd@physx@@@shdfnd@physx@@KAXPEAI0@Z 00000001800138d0 f i CmBoxPruning.obj
 0001:00012910       ?growAndPushBack@?$Array@IVNamedAllocator@shdfnd@physx@@@shdfnd@physx@@IEAAAEAIAEBI@Z 0000000180013910 f i CmBoxPruning.obj
 0001:00012b10       ?intersects@PxBounds3@physx@@QEBA_NAEBV12@@Z 0000000180013b10 f i CmBoxPruning.obj
 0001:00012c70       ?invalidateRanks@RadixSort@Cm@physx@@QEAAXXZ 0000000180013c70 f i CmBoxPruning.obj
 0001:00012c90       ?isFinite@PxBounds3@physx@@QEBA_NXZ 0000000180013c90 f i CmBoxPruning.obj
 0001:00012d00       ?isFinite@PxVec3@physx@@QEBA_NXZ 0000000180013d00 f i CmBoxPruning.obj
 0001:00012d80       ?isFinite@intrinsics@physx@@YA_NM@Z 0000000180013d80 f i CmBoxPruning.obj
 0001:00012dd0       ?isInUserMemory@?$Array@IVNamedAllocator@shdfnd@physx@@@shdfnd@physx@@QEBAIXZ 0000000180013dd0 f i CmBoxPruning.obj
 0001:00012df0       ?isValid@PxBounds3@physx@@QEBA_NXZ 0000000180013df0 f i CmBoxPruning.obj
 0001:00012f20       ?pushBack@?$Array@IVNamedAllocator@shdfnd@physx@@@shdfnd@physx@@QEAAAEAIAEBI@Z 0000000180013f20 f i CmBoxPruning.obj
 0001:00013010       ?PxCreateCollection@@YAPEAVPxCollection@physx@@XZ 0000000180014010 f   CmCollection.obj
 0001:00013080       ?add@Collection@Cm@physx@@UEAAXAEAVPxBase@3@_K@Z 0000000180014080 f   CmCollection.obj
 0001:00013180       ?remove@Collection@Cm@physx@@UEAAXAEAVPxBase@3@@Z 0000000180014180 f   CmCollection.obj
 0001:00013270       ?contains@Collection@Cm@physx@@UEBA_NAEAVPxBase@3@@Z 0000000180014270 f   CmCollection.obj
 0001:000132d0       ?addId@Collection@Cm@physx@@UEAAXAEAVPxBase@3@_K@Z 00000001800142d0 f   CmCollection.obj
 0001:000134a0       ?removeId@Collection@Cm@physx@@UEAAX_K@Z 00000001800144a0 f   CmCollection.obj
 0001:000135c0       ?find@Collection@Cm@physx@@UEBAPEAVPxBase@3@_K@Z 00000001800145c0 f   CmCollection.obj
 0001:00013660       ?add@Collection@Cm@physx@@UEAAXAEAVPxCollection@3@@Z 0000000180014660 f   CmCollection.obj
 0001:00013880       ?remove@Collection@Cm@physx@@UEAAXAEAVPxCollection@3@@Z 0000000180014880 f   CmCollection.obj
 0001:000139a0       ?getNbObjects@Collection@Cm@physx@@UEBAIXZ 00000001800149a0 f   CmCollection.obj
 0001:000139d0       ?getObject@Collection@Cm@physx@@UEBAAEAVPxBase@3@I@Z 00000001800149d0 f   CmCollection.obj
 0001:00013a70       ?getObjects@Collection@Cm@physx@@UEBAIPEAPEAVPxBase@3@II@Z 0000000180014a70 f   CmCollection.obj
 0001:00013ba0       ?getNbIds@Collection@Cm@physx@@UEBAIXZ 0000000180014ba0 f   CmCollection.obj
 0001:00013bd0       ?getId@Collection@Cm@physx@@UEBA_KAEBVPxBase@3@@Z 0000000180014bd0 f   CmCollection.obj
 0001:00013c40       ?getIds@Collection@Cm@physx@@UEBAIPEA_KII@Z 0000000180014c40 f   CmCollection.obj
 0001:00014100       ??$?2V?$ReflectionAllocator@VCollection@Cm@physx@@@shdfnd@physx@@@UserAllocated@shdfnd@physx@@SAPEAX_KV?$ReflectionAllocator@VCollection@Cm@physx@@@12@PEBDH@Z 0000000180015100 f i CmCollection.obj
 0001:00014150       ??0?$CoalescedHashMap@PEAVPxBase@physx@@_KU?$Hash@PEAVPxBase@physx@@@shdfnd@2@VNonTrackingAllocator@42@@shdfnd@physx@@QEAA@IM@Z 0000000180015150 f i CmCollection.obj
 0001:00014190       ??0?$CoalescedHashMap@_KPEAVPxBase@physx@@U?$Hash@_K@shdfnd@2@VNonTrackingAllocator@42@@shdfnd@physx@@QEAA@IM@Z 0000000180015190 f i CmCollection.obj
 0001:000141d0       ??0?$CollectionHashMap@PEAVPxBase@physx@@_KU?$Hash@PEAVPxBase@physx@@@shdfnd@2@VNonTrackingAllocator@42@@Cm@physx@@QEAA@IM@Z 00000001800151d0 f i CmCollection.obj
 0001:00014210       ??0?$CollectionHashMap@_KPEAVPxBase@physx@@U?$Hash@_K@shdfnd@2@VNonTrackingAllocator@42@@Cm@physx@@QEAA@IM@Z 0000000180015210 f i CmCollection.obj
 0001:00014250       ??0?$HashBase@V?$Pair@$$CB_KPEAVPxBase@physx@@@shdfnd@physx@@_KU?$Hash@_K@23@UGetKey@?$HashMapBase@_KPEAVPxBase@physx@@U?$Hash@_K@shdfnd@2@VNonTrackingAllocator@42@@internal@23@VNonTrackingAllocator@23@$00@internal@shdfnd@physx@@QEAA@IM@Z 0000000180015250 f i CmCollection.obj
 0001:000142b0       ??0?$HashBase@V?$Pair@QEAVPxBase@physx@@_K@shdfnd@physx@@PEAVPxBase@3@U?$Hash@PEAVPxBase@physx@@@23@UGetKey@?$HashMapBase@PEAVPxBase@physx@@_KU?$Hash@PEAVPxBase@physx@@@shdfnd@2@VNonTrackingAllocator@42@@internal@23@VNonTrackingAllocator@23@$00@internal@shdfnd@physx@@QEAA@IM@Z 00000001800152b0 f i CmCollection.obj
 0001:00014310       ??0?$HashMapBase@PEAVPxBase@physx@@_KU?$Hash@PEAVPxBase@physx@@@shdfnd@2@VNonTrackingAllocator@42@@internal@shdfnd@physx@@QEAA@IM@Z 0000000180015310 f i CmCollection.obj
 0001:00014360       ??0?$HashMapBase@_KPEAVPxBase@physx@@U?$Hash@_K@shdfnd@2@VNonTrackingAllocator@42@@internal@shdfnd@physx@@QEAA@IM@Z 0000000180015360 f i CmCollection.obj
 0001:000143b0       ??0?$Pair@$$CB_KPEAVPxBase@physx@@@shdfnd@physx@@QEAA@AEBV012@@Z 00000001800153b0 f i CmCollection.obj
 0001:000143f0       ??0?$Pair@$$CB_KPEAVPxBase@physx@@@shdfnd@physx@@QEAA@AEB_KAEBQEAVPxBase@2@@Z 00000001800153f0 f i CmCollection.obj
 0001:00014440       ??0?$Pair@QEAVPxBase@physx@@_K@shdfnd@physx@@QEAA@AEBQEAVPxBase@2@AEB_K@Z 0000000180015440 f i CmCollection.obj
 0001:00014490       ??0?$Pair@QEAVPxBase@physx@@_K@shdfnd@physx@@QEAA@AEBV012@@Z 0000000180015490 f i CmCollection.obj
 0001:000144d0       ??0?$ReflectionAllocator@VCollection@Cm@physx@@@shdfnd@physx@@QEAA@PEBD@Z 00000001800154d0 f i CmCollection.obj
 0001:000144f0       ??0Collection@Cm@physx@@QEAA@XZ 00000001800154f0 f i CmCollection.obj
 0001:00014580       ??0Iter@?$HashBase@V?$Pair@$$CB_KPEAVPxBase@physx@@@shdfnd@physx@@_KU?$Hash@_K@23@UGetKey@?$HashMapBase@_KPEAVPxBase@physx@@U?$Hash@_K@shdfnd@2@VNonTrackingAllocator@42@@internal@23@VNonTrackingAllocator@23@$00@internal@shdfnd@physx@@QEAA@AEAV1234@@Z 0000000180015580 f i CmCollection.obj
 0001:00014630       ??0PxCollection@physx@@IEAA@XZ 0000000180015630 f i CmCollection.obj
 0001:00014650       ??1?$CoalescedHashMap@PEAVPxBase@physx@@_KU?$Hash@PEAVPxBase@physx@@@shdfnd@2@VNonTrackingAllocator@42@@shdfnd@physx@@QEAA@XZ 0000000180015650 f i CmCollection.obj
 0001:00014670       ??1?$CoalescedHashMap@_KPEAVPxBase@physx@@U?$Hash@_K@shdfnd@2@VNonTrackingAllocator@42@@shdfnd@physx@@QEAA@XZ 0000000180015670 f i CmCollection.obj
 0001:00014690       ??1?$CollectionHashMap@PEAVPxBase@physx@@_KU?$Hash@PEAVPxBase@physx@@@shdfnd@2@VNonTrackingAllocator@42@@Cm@physx@@QEAA@XZ 0000000180015690 f i CmCollection.obj
 0001:000146b0       ??1?$CollectionHashMap@_KPEAVPxBase@physx@@U?$Hash@_K@shdfnd@2@VNonTrackingAllocator@42@@Cm@physx@@QEAA@XZ 00000001800156b0 f i CmCollection.obj
 0001:000146d0       ??1?$HashBase@V?$Pair@$$CB_KPEAVPxBase@physx@@@shdfnd@physx@@_KU?$Hash@_K@23@UGetKey@?$HashMapBase@_KPEAVPxBase@physx@@U?$Hash@_K@shdfnd@2@VNonTrackingAllocator@42@@internal@23@VNonTrackingAllocator@23@$00@internal@shdfnd@physx@@QEAA@XZ 00000001800156d0 f i CmCollection.obj
 0001:00014720       ??1?$HashBase@V?$Pair@QEAVPxBase@physx@@_K@shdfnd@physx@@PEAVPxBase@3@U?$Hash@PEAVPxBase@physx@@@23@UGetKey@?$HashMapBase@PEAVPxBase@physx@@_KU?$Hash@PEAVPxBase@physx@@@shdfnd@2@VNonTrackingAllocator@42@@internal@23@VNonTrackingAllocator@23@$00@internal@shdfnd@physx@@QEAA@XZ 0000000180015720 f i CmCollection.obj
 0001:00014770       ??1?$HashMapBase@PEAVPxBase@physx@@_KU?$Hash@PEAVPxBase@physx@@@shdfnd@2@VNonTrackingAllocator@42@@internal@shdfnd@physx@@QEAA@XZ 0000000180015770 f i CmCollection.obj
 0001:000147a0       ??1?$HashMapBase@_KPEAVPxBase@physx@@U?$Hash@_K@shdfnd@2@VNonTrackingAllocator@42@@internal@shdfnd@physx@@QEAA@XZ 00000001800157a0 f i CmCollection.obj
 0001:000147d0       ??1Collection@Cm@physx@@UEAA@XZ 00000001800157d0 f i CmCollection.obj
 0001:00014820       ??1PxCollection@physx@@MEAA@XZ 0000000180015820 f i CmCollection.obj
 0001:00014840       ??3UserAllocated@shdfnd@physx@@SAXPEAX@Z 0000000180015840 f i CmCollection.obj
 0001:00014870       ??A?$HashMapBase@PEAVPxBase@physx@@_KU?$Hash@PEAVPxBase@physx@@@shdfnd@2@VNonTrackingAllocator@42@@internal@shdfnd@physx@@QEAAAEA_KAEBQEAVPxBase@3@@Z 0000000180015870 f i CmCollection.obj
 0001:00014920       ??A?$HashMapBase@_KPEAVPxBase@physx@@U?$Hash@_K@shdfnd@2@VNonTrackingAllocator@42@@internal@shdfnd@physx@@QEAAAEAPEAVPxBase@3@AEB_K@Z 0000000180015920 f i CmCollection.obj
 0001:000149d0       ??CIter@?$HashBase@V?$Pair@$$CB_KPEAVPxBase@physx@@@shdfnd@physx@@_KU?$Hash@_K@23@UGetKey@?$HashMapBase@_KPEAVPxBase@physx@@U?$Hash@_K@shdfnd@2@VNonTrackingAllocator@42@@internal@23@VNonTrackingAllocator@23@$00@internal@shdfnd@physx@@QEAAPEAV?$Pair@$$CB_KPEAVPxBase@physx@@@34@XZ 00000001800159d0 f i CmCollection.obj
 0001:00014a20       ??EIter@?$HashBase@V?$Pair@$$CB_KPEAVPxBase@physx@@@shdfnd@physx@@_KU?$Hash@_K@23@UGetKey@?$HashMapBase@_KPEAVPxBase@physx@@U?$Hash@_K@shdfnd@2@VNonTrackingAllocator@42@@internal@23@VNonTrackingAllocator@23@$00@internal@shdfnd@physx@@QEAA?AV01234@H@Z 0000000180015a20 f i CmCollection.obj
 0001:00014aa0       ??R?$Hash@PEAVPxBase@physx@@@shdfnd@physx@@QEBAIAEBQEAVPxBase@2@@Z 0000000180015aa0 f i CmCollection.obj
 0001:00014ad0       ??R?$Hash@_K@shdfnd@physx@@QEBAIAEB_K@Z 0000000180015ad0 f i CmCollection.obj
 0001:00014b00       ??RGetKey@?$HashMapBase@PEAVPxBase@physx@@_KU?$Hash@PEAVPxBase@physx@@@shdfnd@2@VNonTrackingAllocator@42@@internal@shdfnd@physx@@QEAAAEBQEAVPxBase@4@AEBV?$Pair@QEAVPxBase@physx@@_K@34@@Z 0000000180015b00 f i CmCollection.obj
 0001:00014b20       ??RGetKey@?$HashMapBase@_KPEAVPxBase@physx@@U?$Hash@_K@shdfnd@2@VNonTrackingAllocator@42@@internal@shdfnd@physx@@QEAAAEB_KAEBV?$Pair@$$CB_KPEAVPxBase@physx@@@34@@Z 0000000180015b20 f i CmCollection.obj
 0001:00014b40       ??_GCollection@Cm@physx@@UEAAPEAXI@Z 0000000180015b40 f i CmCollection.obj
 0001:00014b40       ??_ECollection@Cm@physx@@UEAAPEAXI@Z 0000000180015b40 f i CmCollection.obj
 0001:00014bb0       ??_GPxCollection@physx@@MEAAPEAXI@Z 0000000180015bb0 f i CmCollection.obj
 0001:00014bb0       ??_EPxCollection@physx@@MEAAPEAXI@Z 0000000180015bb0 f i CmCollection.obj
 0001:00014c00       ?advance@Iter@?$HashBase@V?$Pair@$$CB_KPEAVPxBase@physx@@@shdfnd@physx@@_KU?$Hash@_K@23@UGetKey@?$HashMapBase@_KPEAVPxBase@physx@@U?$Hash@_K@shdfnd@2@VNonTrackingAllocator@42@@internal@23@VNonTrackingAllocator@23@$00@internal@shdfnd@physx@@AEAAXXZ 0000000180015c00 f i CmCollection.obj
 0001:00014c50       ?allocate@?$ReflectionAllocator@VCollection@Cm@physx@@@shdfnd@physx@@QEAAPEAX_KPEBDH@Z 0000000180015c50 f i CmCollection.obj
 0001:00014cf0       ?allocate@NonTrackingAllocator@shdfnd@physx@@QEAAPEAX_KPEBDH@Z 0000000180015cf0 f i CmCollection.obj
 0001:00014d80       ?capacity@?$HashBase@V?$Pair@QEAVPxBase@physx@@_K@shdfnd@physx@@PEAVPxBase@3@U?$Hash@PEAVPxBase@physx@@@23@UGetKey@?$HashMapBase@PEAVPxBase@physx@@_KU?$Hash@PEAVPxBase@physx@@@shdfnd@2@VNonTrackingAllocator@42@@internal@23@VNonTrackingAllocator@23@$00@internal@shdfnd@physx@@QEBAIXZ 0000000180015d80 f i CmCollection.obj
 0001:00014da0       ?capacity@?$HashMapBase@PEAVPxBase@physx@@_KU?$Hash@PEAVPxBase@physx@@@shdfnd@2@VNonTrackingAllocator@42@@internal@shdfnd@physx@@QEBAIXZ 0000000180015da0 f i CmCollection.obj
 0001:00014dd0       ?check@Iter@?$HashBase@V?$Pair@$$CB_KPEAVPxBase@physx@@@shdfnd@physx@@_KU?$Hash@_K@23@UGetKey@?$HashMapBase@_KPEAVPxBase@physx@@U?$Hash@_K@shdfnd@2@VNonTrackingAllocator@42@@internal@23@VNonTrackingAllocator@23@$00@internal@shdfnd@physx@@QEBAXXZ 0000000180015dd0 f i CmCollection.obj
 0001:00014e60       ?create@?$HashBase@V?$Pair@$$CB_KPEAVPxBase@physx@@@shdfnd@physx@@_KU?$Hash@_K@23@UGetKey@?$HashMapBase@_KPEAVPxBase@physx@@U?$Hash@_K@shdfnd@2@VNonTrackingAllocator@42@@internal@23@VNonTrackingAllocator@23@$00@internal@shdfnd@physx@@QEAAPEAV?$Pair@$$CB_KPEAVPxBase@physx@@@34@AEB_KAEA_N@Z 0000000180015e60 f i CmCollection.obj
 0001:00015070       ?create@?$HashBase@V?$Pair@QEAVPxBase@physx@@_K@shdfnd@physx@@PEAVPxBase@3@U?$Hash@PEAVPxBase@physx@@@23@UGetKey@?$HashMapBase@PEAVPxBase@physx@@_KU?$Hash@PEAVPxBase@physx@@@shdfnd@2@VNonTrackingAllocator@42@@internal@23@VNonTrackingAllocator@23@$00@internal@shdfnd@physx@@QEAAPEAV?$Pair@QEAVPxBase@physx@@_K@34@AEBQEAVPxBase@4@AEA_N@Z 0000000180016070 f i CmCollection.obj
 0001:00015280       ?destroy@?$HashBase@V?$Pair@$$CB_KPEAVPxBase@physx@@@shdfnd@physx@@_KU?$Hash@_K@23@UGetKey@?$HashMapBase@_KPEAVPxBase@physx@@U?$Hash@_K@shdfnd@2@VNonTrackingAllocator@42@@internal@23@VNonTrackingAllocator@23@$00@internal@shdfnd@physx@@AEAAXXZ 0000000180016280 f i CmCollection.obj
 0001:00015300       ?destroy@?$HashBase@V?$Pair@QEAVPxBase@physx@@_K@shdfnd@physx@@PEAVPxBase@3@U?$Hash@PEAVPxBase@physx@@@23@UGetKey@?$HashMapBase@PEAVPxBase@physx@@_KU?$Hash@PEAVPxBase@physx@@@shdfnd@2@VNonTrackingAllocator@42@@internal@23@VNonTrackingAllocator@23@$00@internal@shdfnd@physx@@AEAAXXZ 0000000180016300 f i CmCollection.obj
 0001:00015380       ?done@Iter@?$HashBase@V?$Pair@$$CB_KPEAVPxBase@physx@@@shdfnd@physx@@_KU?$Hash@_K@23@UGetKey@?$HashMapBase@_KPEAVPxBase@physx@@U?$Hash@_K@shdfnd@2@VNonTrackingAllocator@42@@internal@23@VNonTrackingAllocator@23@$00@internal@shdfnd@physx@@QEBA_NXZ 0000000180016380 f i CmCollection.obj
 0001:000153d0       ?equal@?$Hash@PEAVPxBase@physx@@@shdfnd@physx@@QEBA_NAEBQEAVPxBase@3@0@Z 00000001800163d0 f i CmCollection.obj
 0001:00015420       ?equal@?$Hash@_K@shdfnd@physx@@QEBA_NAEB_K0@Z 0000000180016420 f i CmCollection.obj
 0001:00015470       ?erase@?$HashBase@V?$Pair@$$CB_KPEAVPxBase@physx@@@shdfnd@physx@@_KU?$Hash@_K@23@UGetKey@?$HashMapBase@_KPEAVPxBase@physx@@U?$Hash@_K@shdfnd@2@VNonTrackingAllocator@42@@internal@23@VNonTrackingAllocator@23@$00@internal@shdfnd@physx@@QEAA_NAEB_K@Z 0000000180016470 f i CmCollection.obj
 0001:00015570       ?erase@?$HashBase@V?$Pair@QEAVPxBase@physx@@_K@shdfnd@physx@@PEAVPxBase@3@U?$Hash@PEAVPxBase@physx@@@23@UGetKey@?$HashMapBase@PEAVPxBase@physx@@_KU?$Hash@PEAVPxBase@physx@@@shdfnd@2@VNonTrackingAllocator@42@@internal@23@VNonTrackingAllocator@23@$00@internal@shdfnd@physx@@QEAA_NAEBQEAVPxBase@4@@Z 0000000180016570 f i CmCollection.obj
 0001:00015670       ?erase@?$HashMapBase@PEAVPxBase@physx@@_KU?$Hash@PEAVPxBase@physx@@@shdfnd@2@VNonTrackingAllocator@42@@internal@shdfnd@physx@@QEAA_NAEBQEAVPxBase@4@@Z 0000000180016670 f i CmCollection.obj
 0001:000156a0       ?erase@?$HashMapBase@_KPEAVPxBase@physx@@U?$Hash@_K@shdfnd@2@VNonTrackingAllocator@42@@internal@shdfnd@physx@@QEAA_NAEB_K@Z 00000001800166a0 f i CmCollection.obj
 0001:000156d0       ?eraseInternal@?$HashBase@V?$Pair@$$CB_KPEAVPxBase@physx@@@shdfnd@physx@@_KU?$Hash@_K@23@UGetKey@?$HashMapBase@_KPEAVPxBase@physx@@U?$Hash@_K@shdfnd@2@VNonTrackingAllocator@42@@internal@23@VNonTrackingAllocator@23@$00@internal@shdfnd@physx@@AEAA_NPEAI@Z 00000001800166d0 f i CmCollection.obj
 0001:00015780       ?eraseInternal@?$HashBase@V?$Pair@QEAVPxBase@physx@@_K@shdfnd@physx@@PEAVPxBase@3@U?$Hash@PEAVPxBase@physx@@@23@UGetKey@?$HashMapBase@PEAVPxBase@physx@@_KU?$Hash@PEAVPxBase@physx@@@shdfnd@2@VNonTrackingAllocator@42@@internal@23@VNonTrackingAllocator@23@$00@internal@shdfnd@physx@@AEAA_NPEAI@Z 0000000180016780 f i CmCollection.obj
 0001:00015830       ?find@?$HashBase@V?$Pair@$$CB_KPEAVPxBase@physx@@@shdfnd@physx@@_KU?$Hash@_K@23@UGetKey@?$HashMapBase@_KPEAVPxBase@physx@@U?$Hash@_K@shdfnd@2@VNonTrackingAllocator@42@@internal@23@VNonTrackingAllocator@23@$00@internal@shdfnd@physx@@QEBAPEBV?$Pair@$$CB_KPEAVPxBase@physx@@@34@AEB_K@Z 0000000180016830 f i CmCollection.obj
 0001:00015930       ?find@?$HashBase@V?$Pair@QEAVPxBase@physx@@_K@shdfnd@physx@@PEAVPxBase@3@U?$Hash@PEAVPxBase@physx@@@23@UGetKey@?$HashMapBase@PEAVPxBase@physx@@_KU?$Hash@PEAVPxBase@physx@@@shdfnd@2@VNonTrackingAllocator@42@@internal@23@VNonTrackingAllocator@23@$00@internal@shdfnd@physx@@QEBAPEBV?$Pair@QEAVPxBase@physx@@_K@34@AEBQEAVPxBase@4@@Z 0000000180016930 f i CmCollection.obj
 0001:00015a30       ?find@?$HashMapBase@PEAVPxBase@physx@@_KU?$Hash@PEAVPxBase@physx@@@shdfnd@2@VNonTrackingAllocator@42@@internal@shdfnd@physx@@QEBAPEBV?$Pair@QEAVPxBase@physx@@_K@34@AEBQEAVPxBase@4@@Z 0000000180016a30 f i CmCollection.obj
 0001:00015a60       ?find@?$HashMapBase@_KPEAVPxBase@physx@@U?$Hash@_K@shdfnd@2@VNonTrackingAllocator@42@@internal@shdfnd@physx@@QEBAPEBV?$Pair@$$CB_KPEAVPxBase@physx@@@34@AEB_K@Z 0000000180016a60 f i CmCollection.obj
 0001:00015a90       ?freeListAdd@?$HashBase@V?$Pair@$$CB_KPEAVPxBase@physx@@@shdfnd@physx@@_KU?$Hash@_K@23@UGetKey@?$HashMapBase@_KPEAVPxBase@physx@@U?$Hash@_K@shdfnd@2@VNonTrackingAllocator@42@@internal@23@VNonTrackingAllocator@23@$00@internal@shdfnd@physx@@AEAAXI@Z 0000000180016a90 f i CmCollection.obj
 0001:00015b70       ?freeListAdd@?$HashBase@V?$Pair@$$CB_KPEAVPxBase@physx@@@shdfnd@physx@@_KU?$Hash@_K@23@UGetKey@?$HashMapBase@_KPEAVPxBase@physx@@U?$Hash@_K@shdfnd@2@VNonTrackingAllocator@42@@internal@23@VNonTrackingAllocator@23@$00@internal@shdfnd@physx@@AEAAXII@Z 0000000180016b70 f i CmCollection.obj
 0001:00015ca0       ?freeListAdd@?$HashBase@V?$Pair@QEAVPxBase@physx@@_K@shdfnd@physx@@PEAVPxBase@3@U?$Hash@PEAVPxBase@physx@@@23@UGetKey@?$HashMapBase@PEAVPxBase@physx@@_KU?$Hash@PEAVPxBase@physx@@@shdfnd@2@VNonTrackingAllocator@42@@internal@23@VNonTrackingAllocator@23@$00@internal@shdfnd@physx@@AEAAXI@Z 0000000180016ca0 f i CmCollection.obj
 0001:00015d80       ?freeListAdd@?$HashBase@V?$Pair@QEAVPxBase@physx@@_K@shdfnd@physx@@PEAVPxBase@3@U?$Hash@PEAVPxBase@physx@@@23@UGetKey@?$HashMapBase@PEAVPxBase@physx@@_KU?$Hash@PEAVPxBase@physx@@@shdfnd@2@VNonTrackingAllocator@42@@internal@23@VNonTrackingAllocator@23@$00@internal@shdfnd@physx@@AEAAXII@Z 0000000180016d80 f i CmCollection.obj
 0001:00015eb0       ?freeListEmpty@?$HashBase@V?$Pair@$$CB_KPEAVPxBase@physx@@@shdfnd@physx@@_KU?$Hash@_K@23@UGetKey@?$HashMapBase@_KPEAVPxBase@physx@@U?$Hash@_K@shdfnd@2@VNonTrackingAllocator@42@@internal@23@VNonTrackingAllocator@23@$00@internal@shdfnd@physx@@AEBA_NXZ 0000000180016eb0 f i CmCollection.obj
 0001:00015f30       ?freeListEmpty@?$HashBase@V?$Pair@QEAVPxBase@physx@@_K@shdfnd@physx@@PEAVPxBase@3@U?$Hash@PEAVPxBase@physx@@@23@UGetKey@?$HashMapBase@PEAVPxBase@physx@@_KU?$Hash@PEAVPxBase@physx@@@shdfnd@2@VNonTrackingAllocator@42@@internal@23@VNonTrackingAllocator@23@$00@internal@shdfnd@physx@@AEBA_NXZ 0000000180016f30 f i CmCollection.obj
 0001:00015fb0       ?freeListGetNext@?$HashBase@V?$Pair@$$CB_KPEAVPxBase@physx@@@shdfnd@physx@@_KU?$Hash@_K@23@UGetKey@?$HashMapBase@_KPEAVPxBase@physx@@U?$Hash@_K@shdfnd@2@VNonTrackingAllocator@42@@internal@23@VNonTrackingAllocator@23@$00@internal@shdfnd@physx@@AEAAIXZ 0000000180016fb0 f i CmCollection.obj
 0001:00016110       ?freeListGetNext@?$HashBase@V?$Pair@QEAVPxBase@physx@@_K@shdfnd@physx@@PEAVPxBase@3@U?$Hash@PEAVPxBase@physx@@@23@UGetKey@?$HashMapBase@PEAVPxBase@physx@@_KU?$Hash@PEAVPxBase@physx@@@shdfnd@2@VNonTrackingAllocator@42@@internal@23@VNonTrackingAllocator@23@$00@internal@shdfnd@physx@@AEAAIXZ 0000000180017110 f i CmCollection.obj
 0001:00016270       ?getEntries@?$CoalescedHashMap@PEAVPxBase@physx@@_KU?$Hash@PEAVPxBase@physx@@@shdfnd@2@VNonTrackingAllocator@42@@shdfnd@physx@@QEBAPEBV?$Pair@QEAVPxBase@physx@@_K@23@XZ 0000000180017270 f i CmCollection.obj
 0001:00016290       ?getEntries@?$HashBase@V?$Pair@QEAVPxBase@physx@@_K@shdfnd@physx@@PEAVPxBase@3@U?$Hash@PEAVPxBase@physx@@@23@UGetKey@?$HashMapBase@PEAVPxBase@physx@@_KU?$Hash@PEAVPxBase@physx@@@shdfnd@2@VNonTrackingAllocator@42@@internal@23@VNonTrackingAllocator@23@$00@internal@shdfnd@physx@@QEBAPEBV?$Pair@QEAVPxBase@physx@@_K@34@XZ 0000000180017290 f i CmCollection.obj
 0001:000162b0       ?getFoundation@shdfnd@physx@@YAAEAVFoundation@12@XZ 00000001800172b0 f i CmCollection.obj
 0001:000162d0       ?getIterator@?$HashMapBase@_KPEAVPxBase@physx@@U?$Hash@_K@shdfnd@2@VNonTrackingAllocator@42@@internal@shdfnd@physx@@QEAA?AVIter@?$HashBase@V?$Pair@$$CB_KPEAVPxBase@physx@@@shdfnd@physx@@_KU?$Hash@_K@23@UGetKey@?$HashMapBase@_KPEAVPxBase@physx@@U?$Hash@_K@shdfnd@2@VNonTrackingAllocator@42@@internal@23@VNonTrackingAllocator@23@$00@234@XZ 00000001800172d0 f i CmCollection.obj
 0001:00016310       ?getName@?$ReflectionAllocator@VCollection@Cm@physx@@@shdfnd@physx@@CAPEBDXZ 0000000180017310 f i CmCollection.obj
 0001:00016360       ?grow@?$HashBase@V?$Pair@$$CB_KPEAVPxBase@physx@@@shdfnd@physx@@_KU?$Hash@_K@23@UGetKey@?$HashMapBase@_KPEAVPxBase@physx@@U?$Hash@_K@shdfnd@2@VNonTrackingAllocator@42@@internal@23@VNonTrackingAllocator@23@$00@internal@shdfnd@physx@@AEAAXXZ 0000000180017360 f i CmCollection.obj
 0001:00016440       ?grow@?$HashBase@V?$Pair@QEAVPxBase@physx@@_K@shdfnd@physx@@PEAVPxBase@3@U?$Hash@PEAVPxBase@physx@@@23@UGetKey@?$HashMapBase@PEAVPxBase@physx@@_KU?$Hash@PEAVPxBase@physx@@@shdfnd@2@VNonTrackingAllocator@42@@internal@23@VNonTrackingAllocator@23@$00@internal@shdfnd@physx@@AEAAXXZ 0000000180017440 f i CmCollection.obj
 0001:00016520       ?hash@?$HashBase@V?$Pair@$$CB_KPEAVPxBase@physx@@@shdfnd@physx@@_KU?$Hash@_K@23@UGetKey@?$HashMapBase@_KPEAVPxBase@physx@@U?$Hash@_K@shdfnd@2@VNonTrackingAllocator@42@@internal@23@VNonTrackingAllocator@23@$00@internal@shdfnd@physx@@AEBAIAEB_K@Z 0000000180017520 f i CmCollection.obj
 0001:00016560       ?hash@?$HashBase@V?$Pair@$$CB_KPEAVPxBase@physx@@@shdfnd@physx@@_KU?$Hash@_K@23@UGetKey@?$HashMapBase@_KPEAVPxBase@physx@@U?$Hash@_K@shdfnd@2@VNonTrackingAllocator@42@@internal@23@VNonTrackingAllocator@23@$00@internal@shdfnd@physx@@AEBAIAEB_KI@Z 0000000180017560 f i CmCollection.obj
 0001:000165a0       ?hash@?$HashBase@V?$Pair@QEAVPxBase@physx@@_K@shdfnd@physx@@PEAVPxBase@3@U?$Hash@PEAVPxBase@physx@@@23@UGetKey@?$HashMapBase@PEAVPxBase@physx@@_KU?$Hash@PEAVPxBase@physx@@@shdfnd@2@VNonTrackingAllocator@42@@internal@23@VNonTrackingAllocator@23@$00@internal@shdfnd@physx@@AEBAIAEBQEAVPxBase@4@@Z 00000001800175a0 f i CmCollection.obj
 0001:000165e0       ?hash@?$HashBase@V?$Pair@QEAVPxBase@physx@@_K@shdfnd@physx@@PEAVPxBase@3@U?$Hash@PEAVPxBase@physx@@@23@UGetKey@?$HashMapBase@PEAVPxBase@physx@@_KU?$Hash@PEAVPxBase@physx@@@shdfnd@2@VNonTrackingAllocator@42@@internal@23@VNonTrackingAllocator@23@$00@internal@shdfnd@physx@@AEBAIAEBQEAVPxBase@4@I@Z 00000001800175e0 f i CmCollection.obj
 0001:00016620       ?hash@shdfnd@physx@@YAIPEBX@Z 0000000180017620 f i CmCollection.obj
 0001:00016640       ?hash@shdfnd@physx@@YAI_K@Z 0000000180017640 f i CmCollection.obj
 0001:00016750       ?init@?$HashBase@V?$Pair@$$CB_KPEAVPxBase@physx@@@shdfnd@physx@@_KU?$Hash@_K@23@UGetKey@?$HashMapBase@_KPEAVPxBase@physx@@U?$Hash@_K@shdfnd@2@VNonTrackingAllocator@42@@internal@23@VNonTrackingAllocator@23@$00@internal@shdfnd@physx@@AEAAXIM@Z 0000000180017750 f i CmCollection.obj
 0001:00016830       ?init@?$HashBase@V?$Pair@QEAVPxBase@physx@@_K@shdfnd@physx@@PEAVPxBase@3@U?$Hash@PEAVPxBase@physx@@@23@UGetKey@?$HashMapBase@PEAVPxBase@physx@@_KU?$Hash@PEAVPxBase@physx@@@shdfnd@2@VNonTrackingAllocator@42@@internal@23@VNonTrackingAllocator@23@$00@internal@shdfnd@physx@@AEAAXIM@Z 0000000180017830 f i CmCollection.obj
 0001:00016910       ?insert@?$HashMapBase@PEAVPxBase@physx@@_KU?$Hash@PEAVPxBase@physx@@@shdfnd@2@VNonTrackingAllocator@42@@internal@shdfnd@physx@@QEAA_NQEAVPxBase@4@_K@Z 0000000180017910 f i CmCollection.obj
 0001:000169e0       ?insert@?$HashMapBase@_KPEAVPxBase@physx@@U?$Hash@_K@shdfnd@2@VNonTrackingAllocator@42@@internal@shdfnd@physx@@QEAA_N_KQEAVPxBase@4@@Z 00000001800179e0 f i CmCollection.obj
 0001:00016ab0       ?isPowerOfTwo@shdfnd@physx@@YA_NI@Z 0000000180017ab0 f i CmCollection.obj
 0001:00016b00       ?memCopy@intrinsics@physx@@YAPEAXPEAXPEBXI@Z 0000000180017b00 f i CmCollection.obj
 0001:00016b40       ?memSet@intrinsics@physx@@YAPEAXPEAXHI@Z 0000000180017b40 f i CmCollection.obj
 0001:00016b90       ?name@type_info@@QEBAPEBDXZ 0000000180017b90 f i CmCollection.obj
 0001:00016bc0       ?nextPowerOfTwo@shdfnd@physx@@YAII@Z 0000000180017bc0 f i CmCollection.obj
 0001:00016c50       ?release@Collection@Cm@physx@@UEAAXXZ 0000000180017c50 f i CmCollection.obj
 0001:00016cc0       ?replaceWithLast@?$HashBase@V?$Pair@$$CB_KPEAVPxBase@physx@@@shdfnd@physx@@_KU?$Hash@_K@23@UGetKey@?$HashMapBase@_KPEAVPxBase@physx@@U?$Hash@_K@shdfnd@2@VNonTrackingAllocator@42@@internal@23@VNonTrackingAllocator@23@$00@internal@shdfnd@physx@@AEAAXI@Z 0000000180017cc0 f i CmCollection.obj
 0001:00016e80       ?replaceWithLast@?$HashBase@V?$Pair@QEAVPxBase@physx@@_K@shdfnd@physx@@PEAVPxBase@3@U?$Hash@PEAVPxBase@physx@@@23@UGetKey@?$HashMapBase@PEAVPxBase@physx@@_KU?$Hash@PEAVPxBase@physx@@@shdfnd@2@VNonTrackingAllocator@42@@internal@23@VNonTrackingAllocator@23@$00@internal@shdfnd@physx@@AEAAXI@Z 0000000180017e80 f i CmCollection.obj
 0001:00017040       ?reserve@?$HashBase@V?$Pair@$$CB_KPEAVPxBase@physx@@@shdfnd@physx@@_KU?$Hash@_K@23@UGetKey@?$HashMapBase@_KPEAVPxBase@physx@@U?$Hash@_K@shdfnd@2@VNonTrackingAllocator@42@@internal@23@VNonTrackingAllocator@23@$00@internal@shdfnd@physx@@QEAAXI@Z 0000000180018040 f i CmCollection.obj
 0001:00017080       ?reserve@?$HashBase@V?$Pair@QEAVPxBase@physx@@_K@shdfnd@physx@@PEAVPxBase@3@U?$Hash@PEAVPxBase@physx@@@23@UGetKey@?$HashMapBase@PEAVPxBase@physx@@_KU?$Hash@PEAVPxBase@physx@@@shdfnd@2@VNonTrackingAllocator@42@@internal@23@VNonTrackingAllocator@23@$00@internal@shdfnd@physx@@QEAAXI@Z 0000000180018080 f i CmCollection.obj
 0001:000170c0       ?reserve@?$HashMapBase@PEAVPxBase@physx@@_KU?$Hash@PEAVPxBase@physx@@@shdfnd@2@VNonTrackingAllocator@42@@internal@shdfnd@physx@@QEAAXI@Z 00000001800180c0 f i CmCollection.obj
 0001:000170f0       ?reserveInternal@?$HashBase@V?$Pair@$$CB_KPEAVPxBase@physx@@@shdfnd@physx@@_KU?$Hash@_K@23@UGetKey@?$HashMapBase@_KPEAVPxBase@physx@@U?$Hash@_K@shdfnd@2@VNonTrackingAllocator@42@@internal@23@VNonTrackingAllocator@23@$00@internal@shdfnd@physx@@AEAAXI@Z 00000001800180f0 f i CmCollection.obj
 0001:000177f0       ?reserveInternal@?$HashBase@V?$Pair@QEAVPxBase@physx@@_K@shdfnd@physx@@PEAVPxBase@3@U?$Hash@PEAVPxBase@physx@@@23@UGetKey@?$HashMapBase@PEAVPxBase@physx@@_KU?$Hash@PEAVPxBase@physx@@@shdfnd@2@VNonTrackingAllocator@42@@internal@23@VNonTrackingAllocator@23@$00@internal@shdfnd@physx@@AEAAXI@Z 00000001800187f0 f i CmCollection.obj
 0001:00017ef0       ?size@?$HashBase@V?$Pair@$$CB_KPEAVPxBase@physx@@@shdfnd@physx@@_KU?$Hash@_K@23@UGetKey@?$HashMapBase@_KPEAVPxBase@physx@@U?$Hash@_K@shdfnd@2@VNonTrackingAllocator@42@@internal@23@VNonTrackingAllocator@23@$00@internal@shdfnd@physx@@QEBAIXZ 0000000180018ef0 f i CmCollection.obj
 0001:00017f10       ?size@?$HashBase@V?$Pair@QEAVPxBase@physx@@_K@shdfnd@physx@@PEAVPxBase@3@U?$Hash@PEAVPxBase@physx@@@23@UGetKey@?$HashMapBase@PEAVPxBase@physx@@_KU?$Hash@PEAVPxBase@physx@@@shdfnd@2@VNonTrackingAllocator@42@@internal@23@VNonTrackingAllocator@23@$00@internal@shdfnd@physx@@QEBAIXZ 0000000180018f10 f i CmCollection.obj
 0001:00017f30       ?size@?$HashMapBase@PEAVPxBase@physx@@_KU?$Hash@PEAVPxBase@physx@@@shdfnd@2@VNonTrackingAllocator@42@@internal@shdfnd@physx@@QEBAIXZ 0000000180018f30 f i CmCollection.obj
 0001:00017f60       ?size@?$HashMapBase@_KPEAVPxBase@physx@@U?$Hash@_K@shdfnd@2@VNonTrackingAllocator@42@@internal@shdfnd@physx@@QEBAIXZ 0000000180018f60 f i CmCollection.obj
 0001:00017f90       ?skip@Iter@?$HashBase@V?$Pair@$$CB_KPEAVPxBase@physx@@@shdfnd@physx@@_KU?$Hash@_K@23@UGetKey@?$HashMapBase@_KPEAVPxBase@physx@@U?$Hash@_K@shdfnd@2@VNonTrackingAllocator@42@@internal@23@VNonTrackingAllocator@23@$00@internal@shdfnd@physx@@AEAAXXZ 0000000180018f90 f i CmCollection.obj
 0001:00018010       ?PxTransformFromPlaneEquation@physx@@YA?AVPxTransform@1@AEBVPxPlane@1@@Z 0000000180019010 f   CmMathUtils.obj
 0001:00018230       ?PxTransformFromSegment@physx@@YA?AVPxTransform@1@AEBVPxVec3@1@0PEAM@Z 0000000180019230 f   CmMathUtils.obj
 0001:00018450       ??$PX_UNUSED@W4PxIDENTITY@physx@@@@YAXAEBW4PxIDENTITY@physx@@@Z 0000000180019450 f i CmMathUtils.obj
 0001:00018460       ??0PxPlane@physx@@QEAA@AEBV01@@Z 0000000180019460 f i CmMathUtils.obj
 0001:000184b0       ??0PxQuat@physx@@QEAA@AEBV01@@Z 00000001800194b0 f i CmMathUtils.obj
 0001:00018530       ??0PxQuat@physx@@QEAA@MMMM@Z 0000000180019530 f i CmMathUtils.obj
 0001:000185b0       ??0PxQuat@physx@@QEAA@W4PxIDENTITY@1@@Z 00000001800195b0 f i CmMathUtils.obj
 0001:00018620       ??0PxQuat@physx@@QEAA@XZ   0000000180019620 f i CmMathUtils.obj
 0001:00018630       ??0PxTransform@physx@@QEAA@AEBVPxVec3@1@AEBVPxQuat@1@@Z 0000000180019630 f i CmMathUtils.obj
 0001:00018700       ??0PxVec3@physx@@QEAA@AEBV01@@Z 0000000180019700 f i CmMathUtils.obj
 0001:00018760       ??0PxVec3@physx@@QEAA@MMM@Z 0000000180019760 f i CmMathUtils.obj
 0001:000187c0       ??4PxQuat@physx@@QEAAAEAV01@AEBV01@@Z 00000001800197c0 f i CmMathUtils.obj
 0001:00018840       ??DPxQuat@physx@@QEBA?AV01@M@Z 0000000180019840 f i CmMathUtils.obj
 0001:000188e0       ??DPxVec3@physx@@QEBA?AV01@M@Z 00000001800198e0 f i CmMathUtils.obj
 0001:00018970       ??GPxVec3@physx@@QEBA?AV01@AEBV01@@Z 0000000180019970 f i CmMathUtils.obj
 0001:00018a10       ??GPxVec3@physx@@QEBA?AV01@XZ 0000000180019a10 f i CmMathUtils.obj
 0001:00018aa0       ??HPxVec3@physx@@QEBA?AV01@AEBV01@@Z 0000000180019aa0 f i CmMathUtils.obj
 0001:00018b40       ??KPxVec3@physx@@QEBA?AV01@M@Z 0000000180019b40 f i CmMathUtils.obj
 0001:00018be0       ??XPxVec3@physx@@QEAAAEAV01@M@Z 0000000180019be0 f i CmMathUtils.obj
 0001:00018c60       ?PxAbs@physx@@YAMM@Z       0000000180019c60 f i CmMathUtils.obj
 0001:00018c80       ?PxSqrt@physx@@YAMM@Z      0000000180019c80 f i CmMathUtils.obj
 0001:00018ca0       ?abs@intrinsics@physx@@YAMM@Z 0000000180019ca0 f i CmMathUtils.obj
 0001:00018cc0       ?isFinite@PxQuat@physx@@QEBA_NXZ 0000000180019cc0 f i CmMathUtils.obj
 0001:00018d60       ?isSane@PxQuat@physx@@QEBA_NXZ 0000000180019d60 f i CmMathUtils.obj
 0001:00018de0       ?magnitude@PxQuat@physx@@QEBAMXZ 0000000180019de0 f i CmMathUtils.obj
 0001:00018e10       ?magnitude@PxVec3@physx@@QEBAMXZ 0000000180019e10 f i CmMathUtils.obj
 0001:00018e40       ?magnitudeSquared@PxQuat@physx@@QEBAMXZ 0000000180019e40 f i CmMathUtils.obj
 0001:00018ec0       ?magnitudeSquared@PxVec3@physx@@QEBAMXZ 0000000180019ec0 f i CmMathUtils.obj
 0001:00018f20       ?normalize@PxPlane@physx@@QEAAXXZ 0000000180019f20 f i CmMathUtils.obj
 0001:00018fa0       ?sqrt@intrinsics@physx@@YAMM@Z 0000000180019fa0 f i CmMathUtils.obj
 0001:00018fd0       fabsf                      0000000180019fd0 f i CmMathUtils.obj
 0001:00019000       ??0PtrTable@Cm@physx@@QEAA@XZ 000000018001a000 f   CmPtrTable.obj
 0001:00019040       ??1PtrTable@Cm@physx@@QEAA@XZ 000000018001a040 f   CmPtrTable.obj
 0001:00019150       ?add@PtrTable@Cm@physx@@QEAAXPEAXAEAVPtrTableStorageManager@23@@Z 000000018001a150 f   CmPtrTable.obj
 0001:00019570       ?replaceWithLast@PtrTable@Cm@physx@@QEAAXIAEAVPtrTableStorageManager@23@@Z 000000018001a570 f   CmPtrTable.obj
 0001:00019970       ?clear@PtrTable@Cm@physx@@QEAAXAEAVPtrTableStorageManager@23@@Z 000000018001a970 f   CmPtrTable.obj
 0001:00019a10       ?find@PtrTable@Cm@physx@@QEBAIPEBX@Z 000000018001aa10 f   CmPtrTable.obj
 0001:00019a90       ?exportExtraData@PtrTable@Cm@physx@@QEAAXAEAVPxSerializationContext@3@@Z 000000018001aa90 f   CmPtrTable.obj
 0001:00019b00       ?importExtraData@PtrTable@Cm@physx@@QEAAXAEAVPxDeserializationContext@3@@Z 000000018001ab00 f   CmPtrTable.obj
 0001:00019b50       ?getBinaryMetaData@PtrTable@Cm@physx@@SAXAEAVPxOutputStream@3@@Z 000000018001ab50 f   CmPtrTable.obj
 0001:00019e40       ?realloc@PtrTable@Cm@physx@@AEAAXIIAEAVPtrTableStorageManager@23@@Z 000000018001ae40 f   CmPtrTable.obj
 0001:0001a400       ??$readExtraData@PEAX$0BA@@PxDeserializationContext@physx@@QEAAPEAPEAXI@Z 000000018001b400 f i CmPtrTable.obj
 0001:0001a440       ??$readExtraData@PEAX@PxDeserializationContext@physx@@QEAAPEAPEAXI@Z 000000018001b440 f i CmPtrTable.obj
 0001:0001a490       ??0PtrTable@Cm@physx@@QEAA@W4PxEMPTY@2@@Z 000000018001b490 f i CmPtrTable.obj
 0001:0001a500       ??4PtrTable@Cm@physx@@QEAAAEAU012@AEBU012@@Z 000000018001b500 f i CmPtrTable.obj
 0001:0001a530       ?PxMemCopy@physx@@YAPEAXPEAXPEBXI@Z 000000018001b530 f i CmPtrTable.obj
 0001:0001a570       ?alignExtraData@PxDeserializationContext@physx@@QEAAXI@Z 000000018001b570 f i CmPtrTable.obj
 0001:0001a5d0       ?getCount@PtrTable@Cm@physx@@QEBAIXZ 000000018001b5d0 f i CmPtrTable.obj
 0001:0001a5f0       ?getPtrs@PtrTable@Cm@physx@@QEAAPEAPEAXXZ 000000018001b5f0 f i CmPtrTable.obj
 0001:0001a640       ?getPtrs@PtrTable@Cm@physx@@QEBAPEBQEAXXZ 000000018001b640 f i CmPtrTable.obj
 0001:0001a690       ??0RadixSort@Cm@physx@@QEAA@XZ 000000018001b690 f   CmRadixSort.obj
 0001:0001a730       ??1RadixSort@Cm@physx@@UEAA@XZ 000000018001b730 f   CmRadixSort.obj
 0001:0001a750       ?Sort@RadixSort@Cm@physx@@QEAAAEAV123@PEBIIW4RadixHint@23@@Z 000000018001b750 f   CmRadixSort.obj
 0001:0001b800       ?Sort@RadixSort@Cm@physx@@QEAAAEAV123@PEBMI@Z 000000018001c800 f   CmRadixSort.obj
 0001:0001c7b0       ?SetBuffers@RadixSort@Cm@physx@@QEAA_NPEAI00PEAPEAI@Z 000000018001d7b0 f   CmRadixSort.obj
 0001:0001d0b0       ??_ERadixSort@Cm@physx@@UEAAPEAXI@Z 000000018001e0b0 f i CmRadixSort.obj
 0001:0001d170       ??_GRadixSort@Cm@physx@@UEAAPEAXI@Z 000000018001e170 f i CmRadixSort.obj
 0001:0001d1c0       ?CheckPassValidity@@YAPEBIIPEBIIPEBXAEAE@Z 000000018001e1c0 f i CmRadixSort.obj
 0001:0001d240       ?PxMemZero@physx@@YAPEAXPEAXI@Z 000000018001e240 f i CmRadixSort.obj
 0001:0001d270       ?memZero@intrinsics@physx@@YAPEAXPEAXI@Z 000000018001e270 f i CmRadixSort.obj
 0001:0001d2a0       ??0RadixSortBuffered@Cm@physx@@QEAA@XZ 000000018001e2a0 f   CmRadixSortBuffered.obj
 0001:0001d2e0       ??1RadixSortBuffered@Cm@physx@@UEAA@XZ 000000018001e2e0 f   CmRadixSortBuffered.obj
 0001:0001d370       ?Sort@RadixSortBuffered@Cm@physx@@QEAAAEAV123@PEBIIW4RadixHint@23@@Z 000000018001e370 f   CmRadixSortBuffered.obj
 0001:0001d440       ?Sort@RadixSortBuffered@Cm@physx@@QEAAAEAV123@PEBMI@Z 000000018001e440 f   CmRadixSortBuffered.obj
 0001:0001d500       ?Resize@RadixSortBuffered@Cm@physx@@AEAA_NI@Z 000000018001e500 f   CmRadixSortBuffered.obj
 0001:0001d700       ??_ERadixSortBuffered@Cm@physx@@UEAAPEAXI@Z 000000018001e700 f i CmRadixSortBuffered.obj
 0001:0001d7c0       ??_GRadixSortBuffered@Cm@physx@@UEAAPEAXI@Z 000000018001e7c0 f i CmRadixSortBuffered.obj
 0001:0001d810       ?CheckResize@RadixSortBuffered@Cm@physx@@AEAAXI@Z 000000018001e810 f i CmRadixSortBuffered.obj
 0001:0001d890       ??6RenderOutput@Cm@physx@@QEAAAEAV012@W4Primitive@012@@Z 000000018001e890 f   CmRenderOutput.obj
 0001:0001d8c0       ??6RenderOutput@Cm@physx@@QEAAAEAV012@I@Z 000000018001e8c0 f   CmRenderOutput.obj
 0001:0001d8f0       ??6RenderOutput@Cm@physx@@QEAAAEAV012@AEBVPxMat44@2@@Z 000000018001e8f0 f   CmRenderOutput.obj
 0001:0001d930       ??6RenderOutput@Cm@physx@@QEAAAEAV012@AEBVPxTransform@2@@Z 000000018001e930 f   CmRenderOutput.obj
 0001:0001d970       ??6RenderOutput@Cm@physx@@QEAAAEAV012@VPxVec3@2@@Z 000000018001e970 f   CmRenderOutput.obj
 0001:0001dcf0       ??6RenderOutput@Cm@physx@@QEAAAEAV012@AEBUDebugText@12@@Z 000000018001ecf0 f   CmRenderOutput.obj
 0001:0001df40       ?outputCapsule@RenderOutput@Cm@physx@@QEAAAEAV123@MMAEBVPxMat44@3@@Z 000000018001ef40 f   CmRenderOutput.obj
 0001:0001e6a0       ??0DebugText@Cm@physx@@QEAA@AEBVPxVec3@2@MPEBDZZ 000000018001f6a0 f   CmRenderOutput.obj
 0001:0001e750       ??6Cm@physx@@YAAEAVRenderOutput@01@AEAV201@AEBUDebugBox@01@@Z 000000018001f750 f   CmRenderOutput.obj
 0001:0001f150       ??6Cm@physx@@YAAEAVRenderOutput@01@AEAV201@AEBUDebugArrow@01@@Z 0000000180020150 f   CmRenderOutput.obj
 0001:0001f4c0       ??6Cm@physx@@YAAEAVRenderOutput@01@AEAV201@AEBUDebugBasis@01@@Z 00000001800204c0 f   CmRenderOutput.obj
 0001:0001f680       ??6Cm@physx@@YAAEAVRenderOutput@01@AEAV201@AEBUDebugCircle@01@@Z 0000000180020680 f   CmRenderOutput.obj
 0001:0001f7b0       ??6Cm@physx@@YAAEAVRenderOutput@01@AEAV201@AEBUDebugArc@01@@Z 00000001800207b0 f   CmRenderOutput.obj
 0001:00020190       ??$PxMax@I@physx@@YAIII@Z  0000000180021190 f i CmRenderOutput.obj
 0001:000201d0       ??$__vcrt_va_start_verify_argument_type@PEBD@@YAXXZ 00000001800211d0 f i CmRenderOutput.obj
 0001:000201e0       ??$swap@VPxVec4@physx@@@shdfnd@physx@@YAXAEAVPxVec4@1@0@Z 00000001800211e0 f i CmRenderOutput.obj
 0001:00020230       ??0DebugArc@Cm@physx@@QEAA@IMMM@Z 0000000180021230 f i CmRenderOutput.obj
 0001:000202a0       ??0DebugArrow@Cm@physx@@QEAA@AEBVPxVec3@2@0M@Z 00000001800212a0 f i CmRenderOutput.obj
 0001:00020320       ??0DebugCircle@Cm@physx@@QEAA@IM@Z 0000000180021320 f i CmRenderOutput.obj
 0001:00020360       ??0DebugText@Cm@physx@@QEAA@$$QEAU012@@Z 0000000180021360 f i CmRenderOutput.obj
 0001:000203e0       ??0DebugText@Cm@physx@@QEAA@AEBU012@@Z 00000001800213e0 f i CmRenderOutput.obj
 0001:00020460       ??0PxDebugLine@physx@@QEAA@AEBU01@@Z 0000000180021460 f i CmRenderOutput.obj
 0001:000204e0       ??0PxDebugLine@physx@@QEAA@AEBVPxVec3@1@0AEBI@Z 00000001800214e0 f i CmRenderOutput.obj
 0001:00020570       ??0PxDebugPoint@physx@@QEAA@AEBU01@@Z 0000000180021570 f i CmRenderOutput.obj
 0001:000205c0       ??0PxDebugPoint@physx@@QEAA@AEBVPxVec3@1@AEBI@Z 00000001800215c0 f i CmRenderOutput.obj
 0001:00020610       ??0PxDebugText@physx@@QEAA@AEBU01@@Z 0000000180021610 f i CmRenderOutput.obj
 0001:00020690       ??0PxDebugText@physx@@QEAA@AEBVPxVec3@1@AEBMAEBIPEBD@Z 0000000180021690 f i CmRenderOutput.obj
 0001:00020710       ??0PxDebugTriangle@physx@@QEAA@AEBU01@@Z 0000000180021710 f i CmRenderOutput.obj
 0001:000207d0       ??0PxDebugTriangle@physx@@QEAA@AEBVPxVec3@1@00AEBI@Z 00000001800217d0 f i CmRenderOutput.obj
 0001:00020880       ??0PxMat33@physx@@QEAA@AEBVPxQuat@1@@Z 0000000180021880 f i CmRenderOutput.obj
 0001:00020bc0       ??0PxMat44@physx@@QEAA@AEBV01@@Z 0000000180021bc0 f i CmRenderOutput.obj
 0001:00020c60       ??0PxMat44@physx@@QEAA@AEBVPxMat33@1@AEBVPxVec3@1@@Z 0000000180021c60 f i CmRenderOutput.obj
 0001:00020d10       ??0PxMat44@physx@@QEAA@AEBVPxTransform@1@@Z 0000000180021d10 f i CmRenderOutput.obj
 0001:00020e00       ??0PxMat44@physx@@QEAA@W4PxIDENTITY@1@@Z 0000000180021e00 f i CmRenderOutput.obj
 0001:00020ef0       ??0PxVec3@physx@@QEAA@M@Z  0000000180021ef0 f i CmRenderOutput.obj
 0001:00020f40       ??0PxVec3@physx@@QEAA@XZ   0000000180021f40 f i CmRenderOutput.obj
 0001:00020f50       ??0PxVec4@physx@@QEAA@AEBV01@@Z 0000000180021f50 f i CmRenderOutput.obj
 0001:00020fd0       ??0PxVec4@physx@@QEAA@AEBVPxVec3@1@M@Z 0000000180021fd0 f i CmRenderOutput.obj
 0001:00021050       ??0PxVec4@physx@@QEAA@MMMM@Z 0000000180022050 f i CmRenderOutput.obj
 0001:000210d0       ??0PxVec4@physx@@QEAA@XZ   00000001800220d0 f i CmRenderOutput.obj
 0001:000210e0       ??0RenderOutput@Cm@physx@@QEAA@AEAVRenderBuffer@12@@Z 00000001800220e0 f i CmRenderOutput.obj
 0001:00021190       ??0RenderOutput@Cm@physx@@QEAA@AEBV012@@Z 0000000180022190 f i CmRenderOutput.obj
 0001:00021260       ??4DebugText@Cm@physx@@QEAAAEAU012@$$QEAU012@@Z 0000000180022260 f i CmRenderOutput.obj
 0001:00021330       ??4DebugText@Cm@physx@@QEAAAEAU012@AEBU012@@Z 0000000180022330 f i CmRenderOutput.obj
 0001:00021400       ??4PxMat44@physx@@QEAAAEAV01@AEBV01@@Z 0000000180022400 f i CmRenderOutput.obj
 0001:000214a0       ??4PxVec3@physx@@QEAAAEAV01@AEBV01@@Z 00000001800224a0 f i CmRenderOutput.obj
 0001:00021500       ??4PxVec4@physx@@QEAAAEAV01@AEBV01@@Z 0000000180022500 f i CmRenderOutput.obj
 0001:00021580       ??A?$Array@UPxDebugText@physx@@VNamedAllocator@shdfnd@2@@shdfnd@physx@@QEAAAEAUPxDebugText@2@I@Z 0000000180022580 f i CmRenderOutput.obj
 0001:00021620       ??DPxVec4@physx@@QEBA?AV01@M@Z 0000000180022620 f i CmRenderOutput.obj
 0001:000216c0       ??GPxVec4@physx@@QEBA?AV01@XZ 00000001800226c0 f i CmRenderOutput.obj
 0001:00021760       ??HPxVec4@physx@@QEBA?AV01@AEBV01@@Z 0000000180022760 f i CmRenderOutput.obj
 0001:00021810       ??YPxVec4@physx@@QEAAAEAV01@AEBV01@@Z 0000000180022810 f i CmRenderOutput.obj
 0001:000218c0       ??_0PxVec3@physx@@QEAAAEAV01@M@Z 00000001800228c0 f i CmRenderOutput.obj
 0001:00021950       ?PxCos@physx@@YAMM@Z       0000000180022950 f i CmRenderOutput.obj
 0001:00021970       ?PxSin@physx@@YAMM@Z       0000000180022970 f i CmRenderOutput.obj
 0001:00021990       ?allocate@?$Array@DVNamedAllocator@shdfnd@physx@@@shdfnd@physx@@IEAAPEADI@Z 0000000180022990 f i CmRenderOutput.obj
 0001:00021a30       ?allocate@?$Array@UPxDebugLine@physx@@VNamedAllocator@shdfnd@2@@shdfnd@physx@@IEAAPEAUPxDebugLine@3@I@Z 0000000180022a30 f i CmRenderOutput.obj
 0001:00021ae0       ?allocate@?$Array@UPxDebugPoint@physx@@VNamedAllocator@shdfnd@2@@shdfnd@physx@@IEAAPEAUPxDebugPoint@3@I@Z 0000000180022ae0 f i CmRenderOutput.obj
 0001:00021b90       ?allocate@?$Array@UPxDebugText@physx@@VNamedAllocator@shdfnd@2@@shdfnd@physx@@IEAAPEAUPxDebugText@3@I@Z 0000000180022b90 f i CmRenderOutput.obj
 0001:00021c40       ?allocate@?$Array@UPxDebugTriangle@physx@@VNamedAllocator@shdfnd@2@@shdfnd@physx@@IEAAPEAUPxDebugTriangle@3@I@Z 0000000180022c40 f i CmRenderOutput.obj
 0001:00021cf0       ?begin@?$Array@DVNamedAllocator@shdfnd@physx@@@shdfnd@physx@@QEAAPEADXZ 0000000180022cf0 f i CmRenderOutput.obj
 0001:00021d10       ?capacity@?$Array@DVNamedAllocator@shdfnd@physx@@@shdfnd@physx@@QEBAIXZ 0000000180022d10 f i CmRenderOutput.obj
 0001:00021d30       ?capacity@?$Array@UPxDebugLine@physx@@VNamedAllocator@shdfnd@2@@shdfnd@physx@@QEBAIXZ 0000000180022d30 f i CmRenderOutput.obj
 0001:00021d50       ?capacity@?$Array@UPxDebugPoint@physx@@VNamedAllocator@shdfnd@2@@shdfnd@physx@@QEBAIXZ 0000000180022d50 f i CmRenderOutput.obj
 0001:00021d70       ?capacity@?$Array@UPxDebugText@physx@@VNamedAllocator@shdfnd@2@@shdfnd@physx@@QEBAIXZ 0000000180022d70 f i CmRenderOutput.obj
 0001:00021d90       ?capacity@?$Array@UPxDebugTriangle@physx@@VNamedAllocator@shdfnd@2@@shdfnd@physx@@QEBAIXZ 0000000180022d90 f i CmRenderOutput.obj
 0001:00021db0       ?capacityIncrement@?$Array@DVNamedAllocator@shdfnd@physx@@@shdfnd@physx@@IEBAIXZ 0000000180022db0 f i CmRenderOutput.obj
 0001:00021e00       ?capacityIncrement@?$Array@UPxDebugLine@physx@@VNamedAllocator@shdfnd@2@@shdfnd@physx@@IEBAIXZ 0000000180022e00 f i CmRenderOutput.obj
 0001:00021e50       ?capacityIncrement@?$Array@UPxDebugPoint@physx@@VNamedAllocator@shdfnd@2@@shdfnd@physx@@IEBAIXZ 0000000180022e50 f i CmRenderOutput.obj
 0001:00021ea0       ?capacityIncrement@?$Array@UPxDebugText@physx@@VNamedAllocator@shdfnd@2@@shdfnd@physx@@IEBAIXZ 0000000180022ea0 f i CmRenderOutput.obj
 0001:00021ef0       ?capacityIncrement@?$Array@UPxDebugTriangle@physx@@VNamedAllocator@shdfnd@2@@shdfnd@physx@@IEBAIXZ 0000000180022ef0 f i CmRenderOutput.obj
 0001:00021f40       ?copy@?$Array@DVNamedAllocator@shdfnd@physx@@@shdfnd@physx@@KAXPEAD0PEBD@Z 0000000180022f40 f i CmRenderOutput.obj
 0001:00022000       ?copy@?$Array@UPxDebugLine@physx@@VNamedAllocator@shdfnd@2@@shdfnd@physx@@KAXPEAUPxDebugLine@3@0PEBU43@@Z 0000000180023000 f i CmRenderOutput.obj
 0001:000220b0       ?copy@?$Array@UPxDebugPoint@physx@@VNamedAllocator@shdfnd@2@@shdfnd@physx@@KAXPEAUPxDebugPoint@3@0PEBU43@@Z 00000001800230b0 f i CmRenderOutput.obj
 0001:00022160       ?copy@?$Array@UPxDebugText@physx@@VNamedAllocator@shdfnd@2@@shdfnd@physx@@KAXPEAUPxDebugText@3@0PEBU43@@Z 0000000180023160 f i CmRenderOutput.obj
 0001:00022210       ?copy@?$Array@UPxDebugTriangle@physx@@VNamedAllocator@shdfnd@2@@shdfnd@physx@@KAXPEAUPxDebugTriangle@3@0PEBU43@@Z 0000000180023210 f i CmRenderOutput.obj
 0001:000222c0       ?cos@intrinsics@physx@@YAMM@Z 00000001800232c0 f i CmRenderOutput.obj
 0001:000222f0       ?cross@PxVec3@physx@@QEBA?AV12@AEBV12@@Z 00000001800232f0 f i CmRenderOutput.obj
 0001:000223e0       ?deallocate@?$Array@DVNamedAllocator@shdfnd@physx@@@shdfnd@physx@@IEAAXPEAX@Z 00000001800233e0 f i CmRenderOutput.obj
 0001:00022410       ?deallocate@?$Array@UPxDebugLine@physx@@VNamedAllocator@shdfnd@2@@shdfnd@physx@@IEAAXPEAX@Z 0000000180023410 f i CmRenderOutput.obj
 0001:00022440       ?deallocate@?$Array@UPxDebugPoint@physx@@VNamedAllocator@shdfnd@2@@shdfnd@physx@@IEAAXPEAX@Z 0000000180023440 f i CmRenderOutput.obj
 0001:00022470       ?deallocate@?$Array@UPxDebugText@physx@@VNamedAllocator@shdfnd@2@@shdfnd@physx@@IEAAXPEAX@Z 0000000180023470 f i CmRenderOutput.obj
 0001:000224a0       ?deallocate@?$Array@UPxDebugTriangle@physx@@VNamedAllocator@shdfnd@2@@shdfnd@physx@@IEAAXPEAX@Z 00000001800234a0 f i CmRenderOutput.obj
 0001:000224d0       ?destroy@?$Array@DVNamedAllocator@shdfnd@physx@@@shdfnd@physx@@KAXPEAD0@Z 00000001800234d0 f i CmRenderOutput.obj
 0001:00022510       ?destroy@?$Array@UPxDebugLine@physx@@VNamedAllocator@shdfnd@2@@shdfnd@physx@@KAXPEAUPxDebugLine@3@0@Z 0000000180023510 f i CmRenderOutput.obj
 0001:00022550       ?destroy@?$Array@UPxDebugPoint@physx@@VNamedAllocator@shdfnd@2@@shdfnd@physx@@KAXPEAUPxDebugPoint@3@0@Z 0000000180023550 f i CmRenderOutput.obj
 0001:00022590       ?destroy@?$Array@UPxDebugText@physx@@VNamedAllocator@shdfnd@2@@shdfnd@physx@@KAXPEAUPxDebugText@3@0@Z 0000000180023590 f i CmRenderOutput.obj
 0001:000225d0       ?destroy@?$Array@UPxDebugTriangle@physx@@VNamedAllocator@shdfnd@2@@shdfnd@physx@@KAXPEAUPxDebugTriangle@3@0@Z 00000001800235d0 f i CmRenderOutput.obj
 0001:00022610       ?end@?$Array@DVNamedAllocator@shdfnd@physx@@@shdfnd@physx@@QEAAPEADXZ 0000000180023610 f i CmRenderOutput.obj
 0001:00022630       ?end@?$Array@UPxDebugLine@physx@@VNamedAllocator@shdfnd@2@@shdfnd@physx@@QEAAPEAUPxDebugLine@3@XZ 0000000180023630 f i CmRenderOutput.obj
 0001:00022650       ?forceSize_Unsafe@?$Array@UPxDebugLine@physx@@VNamedAllocator@shdfnd@2@@shdfnd@physx@@QEAAXI@Z 0000000180023650 f i CmRenderOutput.obj
 0001:000226e0       ?getXYZ@PxVec4@physx@@QEBA?AVPxVec3@2@XZ 00000001800236e0 f i CmRenderOutput.obj
 0001:00022730       ?grow@?$Array@DVNamedAllocator@shdfnd@physx@@@shdfnd@physx@@IEAAXI@Z 0000000180023730 f i CmRenderOutput.obj
 0001:000227d0       ?grow@?$Array@UPxDebugLine@physx@@VNamedAllocator@shdfnd@2@@shdfnd@physx@@IEAAXI@Z 00000001800237d0 f i CmRenderOutput.obj
 0001:00022870       ?growAndPushBack@?$Array@DVNamedAllocator@shdfnd@physx@@@shdfnd@physx@@IEAAAEADAEBD@Z 0000000180023870 f i CmRenderOutput.obj
 0001:00022a80       ?growAndPushBack@?$Array@UPxDebugLine@physx@@VNamedAllocator@shdfnd@2@@shdfnd@physx@@IEAAAEAUPxDebugLine@3@AEBU43@@Z 0000000180023a80 f i CmRenderOutput.obj
 0001:00022c90       ?growAndPushBack@?$Array@UPxDebugPoint@physx@@VNamedAllocator@shdfnd@2@@shdfnd@physx@@IEAAAEAUPxDebugPoint@3@AEBU43@@Z 0000000180023c90 f i CmRenderOutput.obj
 0001:00022ea0       ?growAndPushBack@?$Array@UPxDebugText@physx@@VNamedAllocator@shdfnd@2@@shdfnd@physx@@IEAAAEAUPxDebugText@3@AEBU43@@Z 0000000180023ea0 f i CmRenderOutput.obj
 0001:000230b0       ?growAndPushBack@?$Array@UPxDebugTriangle@physx@@VNamedAllocator@shdfnd@2@@shdfnd@physx@@IEAAAEAUPxDebugTriangle@3@AEBU43@@Z 00000001800240b0 f i CmRenderOutput.obj
 0001:000232c0       ?isInUserMemory@?$Array@DVNamedAllocator@shdfnd@physx@@@shdfnd@physx@@QEBAIXZ 00000001800242c0 f i CmRenderOutput.obj
 0001:000232e0       ?isInUserMemory@?$Array@UPxDebugLine@physx@@VNamedAllocator@shdfnd@2@@shdfnd@physx@@QEBAIXZ 00000001800242e0 f i CmRenderOutput.obj
 0001:00023300       ?isInUserMemory@?$Array@UPxDebugPoint@physx@@VNamedAllocator@shdfnd@2@@shdfnd@physx@@QEBAIXZ 0000000180024300 f i CmRenderOutput.obj
 0001:00023320       ?isInUserMemory@?$Array@UPxDebugText@physx@@VNamedAllocator@shdfnd@2@@shdfnd@physx@@QEBAIXZ 0000000180024320 f i CmRenderOutput.obj
 0001:00023340       ?isInUserMemory@?$Array@UPxDebugTriangle@physx@@VNamedAllocator@shdfnd@2@@shdfnd@physx@@QEBAIXZ 0000000180024340 f i CmRenderOutput.obj
 0001:00023360       ?normalToTangents@shdfnd@physx@@YAXAEBVPxVec3@2@AEAV32@1@Z 0000000180024360 f i CmRenderOutput.obj
 0001:00023470       ?normalize@PxVec3@physx@@QEAAMXZ 0000000180024470 f i CmRenderOutput.obj
 0001:000234d0       ?outputSegment@RenderOutput@Cm@physx@@QEAAXAEBVPxVec3@3@0@Z 00000001800244d0 f i CmRenderOutput.obj
 0001:00023570       ?pushBack@?$Array@DVNamedAllocator@shdfnd@physx@@@shdfnd@physx@@QEAAAEADAEBD@Z 0000000180024570 f i CmRenderOutput.obj
 0001:00023660       ?pushBack@?$Array@UPxDebugLine@physx@@VNamedAllocator@shdfnd@2@@shdfnd@physx@@QEAAAEAUPxDebugLine@3@AEBU43@@Z 0000000180024660 f i CmRenderOutput.obj
 0001:00023750       ?pushBack@?$Array@UPxDebugPoint@physx@@VNamedAllocator@shdfnd@2@@shdfnd@physx@@QEAAAEAUPxDebugPoint@3@AEBU43@@Z 0000000180024750 f i CmRenderOutput.obj
 0001:00023840       ?pushBack@?$Array@UPxDebugText@physx@@VNamedAllocator@shdfnd@2@@shdfnd@physx@@QEAAAEAUPxDebugText@3@AEBU43@@Z 0000000180024840 f i CmRenderOutput.obj
 0001:00023930       ?pushBack@?$Array@UPxDebugTriangle@physx@@VNamedAllocator@shdfnd@2@@shdfnd@physx@@QEAAAEAUPxDebugTriangle@3@AEBU43@@Z 0000000180024930 f i CmRenderOutput.obj
 0001:00023a20       ?recreate@?$Array@DVNamedAllocator@shdfnd@physx@@@shdfnd@physx@@IEAAXI@Z 0000000180024a20 f i CmRenderOutput.obj
 0001:00023b70       ?recreate@?$Array@UPxDebugLine@physx@@VNamedAllocator@shdfnd@2@@shdfnd@physx@@IEAAXI@Z 0000000180024b70 f i CmRenderOutput.obj
 0001:00023cd0       ?reserve@?$Array@DVNamedAllocator@shdfnd@physx@@@shdfnd@physx@@QEAAXI@Z 0000000180024cd0 f i CmRenderOutput.obj
 0001:00023d10       ?reserve@?$Array@UPxDebugLine@physx@@VNamedAllocator@shdfnd@2@@shdfnd@physx@@QEAAXI@Z 0000000180024d10 f i CmRenderOutput.obj
 0001:00023d50       ?reserveSegments@RenderOutput@Cm@physx@@QEAAPEAUPxDebugLine@3@I@Z 0000000180024d50 f i CmRenderOutput.obj
 0001:00023d90       ?rotate@PxMat44@physx@@QEBA?BVPxVec3@2@AEBV32@@Z 0000000180024d90 f i CmRenderOutput.obj
 0001:00023e00       ?rotate@PxMat44@physx@@QEBA?BVPxVec4@2@AEBV32@@Z 0000000180024e00 f i CmRenderOutput.obj
 0001:00023ef0       ?sin@intrinsics@physx@@YAMM@Z 0000000180024ef0 f i CmRenderOutput.obj
 0001:00023f20       ?size@?$Array@DVNamedAllocator@shdfnd@physx@@@shdfnd@physx@@QEBAIXZ 0000000180024f20 f i CmRenderOutput.obj
 0001:00023f40       ?size@?$Array@UPxDebugLine@physx@@VNamedAllocator@shdfnd@2@@shdfnd@physx@@QEBAIXZ 0000000180024f40 f i CmRenderOutput.obj
 0001:00023f60       ?size@?$Array@UPxDebugText@physx@@VNamedAllocator@shdfnd@2@@shdfnd@physx@@QEBAIXZ 0000000180024f60 f i CmRenderOutput.obj
 0001:00023f80       ?transform@PxMat44@physx@@QEBA?BVPxVec3@2@AEBV32@@Z 0000000180024f80 f i CmRenderOutput.obj
 0001:00023ff0       ?transform@PxMat44@physx@@QEBA?BVPxVec4@2@AEBV32@@Z 0000000180024ff0 f i CmRenderOutput.obj
 0001:00024270       ?visualizeJointFrames@Cm@physx@@YAXAEAVRenderOutput@12@MAEBVPxTransform@2@1@Z 0000000180025270 f   CmVisualization.obj
 0001:000243b0       ?visualizeLinearLimit@Cm@physx@@YAXAEAVRenderOutput@12@MAEBVPxTransform@2@1M_N@Z 00000001800253b0 f   CmVisualization.obj
 0001:00024580       ?visualizeAngularLimit@Cm@physx@@YAXAEAVRenderOutput@12@MAEBVPxTransform@2@MM_N@Z 0000000180025580 f   CmVisualization.obj
 0001:00024850       ?visualizeLimitCone@Cm@physx@@YAXAEAVRenderOutput@12@MAEBVPxTransform@2@MM_N@Z 0000000180025850 f   CmVisualization.obj
 0001:00024b80       ?visualizeDoubleCone@Cm@physx@@YAXAEAVRenderOutput@12@MAEBVPxTransform@2@M_N@Z 0000000180025b80 f   CmVisualization.obj
 0001:00025390       ??$PX_UNUSED@W4PxZERO@physx@@@@YAXAEBW4PxZERO@physx@@@Z 0000000180026390 f i CmVisualization.obj
 0001:000253a0       ??0DebugArrow@Cm@physx@@QEAA@AEBVPxVec3@2@0@Z 00000001800263a0 f i CmVisualization.obj
 0001:00025420       ??0DebugBasis@Cm@physx@@QEAA@AEBVPxVec3@2@III@Z 0000000180026420 f i CmVisualization.obj
 0001:00025490       ??0PxQuat@physx@@QEAA@MAEBVPxVec3@1@@Z 0000000180026490 f i CmVisualization.obj
 0001:000255f0       ??0PxTransform@physx@@QEAA@W4PxIDENTITY@1@@Z 00000001800265f0 f i CmVisualization.obj
 0001:00025650       ??0PxVec3@physx@@QEAA@W4PxZERO@1@@Z 0000000180026650 f i CmVisualization.obj
 0001:000256b0       ??DPxQuat@physx@@QEBA?AV01@AEBV01@@Z 00000001800266b0 f i CmVisualization.obj
 0001:000258c0       ?PxTan@physx@@YAMM@Z       00000001800268c0 f i CmVisualization.obj
 0001:000258f0       ?getBasisVector0@PxQuat@physx@@QEBA?AVPxVec3@2@XZ 00000001800268f0 f i CmVisualization.obj
 0001:00025a10       ?rotate@PxQuat@physx@@QEBA?BVPxVec3@2@AEBV32@@Z 0000000180026a10 f i CmVisualization.obj
 0001:00025ce0       ?contactBoxBox@Gu@physx@@YA_NAEBVGeometryUnion@12@0AEBVPxTransform@2@1AEBUNarrowPhaseParams@12@AEAUCache@12@AEAVContactBuffer@12@PEAVRenderOutput@Cm@2@@Z 0000000180026ce0 f   GuContactBoxBox.obj
 0001:0002a610       ??$PX_UNUSED@PEAVRenderOutput@Cm@physx@@@@YAXAEBQEAVRenderOutput@Cm@physx@@@Z 000000018002b610 f i GuContactBoxBox.obj
 0001:0002a620       ??$PX_UNUSED@VGeometryUnion@Gu@physx@@@@YAXAEBVGeometryUnion@Gu@physx@@@Z 000000018002b620 f i GuContactBoxBox.obj
 0001:0002a630       ??$checkType@$$CBVPxBoxGeometry@physx@@@physx@@YAXAEBVGeometryUnion@Gu@0@@Z 000000018002b630 f i GuContactBoxBox.obj
 0001:0002a6c0       ??$get@$$CBVPxBoxGeometry@physx@@@GeometryUnion@Gu@physx@@QEBAAEBVPxBoxGeometry@2@XZ 000000018002b6c0 f i GuContactBoxBox.obj
 0001:0002a6f0       ??0?$PxFlags@W4Enum@PxBaseFlag@physx@@G@physx@@QEAA@AEBV01@@Z 000000018002b6f0 f i GuContactBoxBox.obj
 0001:0002a720       ??0Box@Gu@physx@@QEAA@AEBV012@@Z 000000018002b720 f i GuContactBoxBox.obj
 0001:0002a7a0       ??0Box@Gu@physx@@QEAA@AEBVPxVec3@2@0AEBVPxMat33@2@@Z 000000018002b7a0 f i GuContactBoxBox.obj
 0001:0002a820       ??0Box@Gu@physx@@QEAA@XZ   000000018002b820 f i GuContactBoxBox.obj
 0001:0002a880       ??0GeometryUnion@Gu@physx@@QEAA@AEBVPxGeometry@2@@Z 000000018002b880 f i GuContactBoxBox.obj
 0001:0002a8b0       ??0GeometryUnion@Gu@physx@@QEAA@W4PxEMPTY@2@@Z 000000018002b8b0 f i GuContactBoxBox.obj
 0001:0002a8d0       ??0GeometryUnion@Gu@physx@@QEAA@XZ 000000018002b8d0 f i GuContactBoxBox.obj
 0001:0002a900       ??0InvalidGeometry@Gu@physx@@QEAA@XZ 000000018002b900 f i GuContactBoxBox.obj
 0001:0002a930       ??0MaterialIndicesStruct@physx@@QEAA@W4PxEMPTY@1@@Z 000000018002b930 f i GuContactBoxBox.obj
 0001:0002a950       ??0MaterialIndicesStruct@physx@@QEAA@XZ 000000018002b950 f i GuContactBoxBox.obj
 0001:0002a980       ??0Matrix34@Cm@physx@@QEAA@AEBVPxMat33@2@AEBVPxVec3@2@@Z 000000018002b980 f i GuContactBoxBox.obj
 0001:0002a9e0       ??0Matrix34@Cm@physx@@QEAA@AEBVPxTransform@2@@Z 000000018002b9e0 f i GuContactBoxBox.obj
 0001:0002aa40       ??0Matrix34@Cm@physx@@QEAA@XZ 000000018002ba40 f i GuContactBoxBox.obj
 0001:0002aa80       ??0PxGeometry@physx@@IEAA@W4Enum@PxGeometryType@1@@Z 000000018002ba80 f i GuContactBoxBox.obj
 0001:0002aaa0       ??0PxMat33@physx@@QEAA@AEBV01@@Z 000000018002baa0 f i GuContactBoxBox.obj
 0001:0002ab20       ??0PxMat33@physx@@QEAA@AEBVPxVec3@1@00@Z 000000018002bb20 f i GuContactBoxBox.obj
 0001:0002aba0       ??0PxMat33@physx@@QEAA@W4PxIDENTITY@1@@Z 000000018002bba0 f i GuContactBoxBox.obj
 0001:0002ac40       ??0PxMat33@physx@@QEAA@XZ  000000018002bc40 f i GuContactBoxBox.obj
 0001:0002aca0       ??0PxQuat@physx@@QEAA@AEBVPxMat33@1@@Z 000000018002bca0 f i GuContactBoxBox.obj
 0001:0002b210       ??0VertexInfo@@QEAA@XZ     000000018002c210 f i GuContactBoxBox.obj
 0001:0002b240       ??1Box@Gu@physx@@QEAA@XZ   000000018002c240 f i GuContactBoxBox.obj
 0001:0002b250       ??1MaterialIndicesStruct@physx@@QEAA@XZ 000000018002c250 f i GuContactBoxBox.obj
 0001:0002b260       ??1PxBase@physx@@MEAA@XZ   000000018002c260 f i GuContactBoxBox.obj
 0001:0002b280       ??1PxConvexMesh@physx@@MEAA@XZ 000000018002c280 f i GuContactBoxBox.obj
 0001:0002b2b0       ??4Box@Gu@physx@@QEAAAEBV012@AEBV012@@Z 000000018002c2b0 f i GuContactBoxBox.obj
 0001:0002b330       ??4GeometryUnion@Gu@physx@@QEAAAEAV012@$$QEAV012@@Z 000000018002c330 f i GuContactBoxBox.obj
 0001:0002b360       ??4GeometryUnion@Gu@physx@@QEAAAEAV012@AEBV012@@Z 000000018002c360 f i GuContactBoxBox.obj
 0001:0002b390       ??4MaterialIndicesStruct@physx@@QEAAAEAU01@AEBU01@@Z 000000018002c390 f i GuContactBoxBox.obj
 0001:0002b3c0       ??4PxMat33@physx@@QEAAAEAV01@AEBV01@@Z 000000018002c3c0 f i GuContactBoxBox.obj
 0001:0002b440       ??APxMat33@physx@@QEBAAEBVPxVec3@1@I@Z 000000018002c440 f i GuContactBoxBox.obj
 0001:0002b470       ??B?$PxFlags@W4Enum@PxBaseFlag@physx@@G@physx@@QEBA_NXZ 000000018002c470 f i GuContactBoxBox.obj
 0001:0002b4b0       ??DMatrix34@Cm@physx@@QEBA?AV012@AEBV012@@Z 000000018002c4b0 f i GuContactBoxBox.obj
 0001:0002b5a0       ??DPxMat33@physx@@QEBA?BV01@AEBV01@@Z 000000018002c5a0 f i GuContactBoxBox.obj
 0001:0002b660       ??DPxMat33@physx@@QEBA?BVPxVec3@1@AEBV21@@Z 000000018002c660 f i GuContactBoxBox.obj
 0001:0002b6a0       ??I?$PxFlags@W4Enum@PxBaseFlag@physx@@G@physx@@QEBA?AV01@W4Enum@PxBaseFlag@1@@Z 000000018002c6a0 f i GuContactBoxBox.obj
 0001:0002b710       ??YPxVec3@physx@@QEAAAEAV01@AEBV01@@Z 000000018002c710 f i GuContactBoxBox.obj
 0001:0002b790       ??ZPxVec3@physx@@QEAAAEAV01@AEBV01@@Z 000000018002c790 f i GuContactBoxBox.obj
 0001:0002b810       ??_EPxConvexMesh@physx@@MEAAPEAXI@Z 000000018002c810 f i GuContactBoxBox.obj
 0001:0002b8d0       ??_GPxBase@physx@@MEAAPEAXI@Z 000000018002c8d0 f i GuContactBoxBox.obj
 0001:0002b8d0       ??_EPxBase@physx@@MEAAPEAXI@Z 000000018002c8d0 f i GuContactBoxBox.obj
 0001:0002b920       ??_H@YAXPEAX_K1P6APEAX0@Z@Z 000000018002c920 f i GuContactBoxBox.obj
 0001:0002b9c0       ?FLoad@aos@shdfnd@physx@@YA?AT__m128@@M@Z 000000018002c9c0 f i GuContactBoxBox.obj
 0001:0002b9f0       ?V3Load@aos@shdfnd@physx@@YA?AT__m128@@M@Z 000000018002c9f0 f i GuContactBoxBox.obj
 0001:0002ba40       ?V4Load@aos@shdfnd@physx@@YA?AT__m128@@M@Z 000000018002ca40 f i GuContactBoxBox.obj
 0001:0002ba70       ?allocate@MaterialIndicesStruct@physx@@QEAAXG@Z 000000018002ca70 f i GuContactBoxBox.obj
 0001:0002bb00       ?computeAABBExtent@Box@Gu@physx@@QEBA?AVPxVec3@3@XZ 000000018002cb00 f i GuContactBoxBox.obj
 0001:0002be20       ?computeBoxPoints@Box@Gu@physx@@QEBAXPEIAVPxVec3@3@@Z 000000018002ce20 f i GuContactBoxBox.obj
 0001:0002bea0       ?contact@ContactBuffer@Gu@physx@@QEAA_NAEBVPxVec3@3@0MI@Z 000000018002cea0 f i GuContactBoxBox.obj
 0001:0002c000       ?deallocate@MaterialIndicesStruct@physx@@QEAAXXZ 000000018002d000 f i GuContactBoxBox.obj
 0001:0002c050       ?dot@PxVec3@physx@@QEBAMAEBV12@@Z 000000018002d050 f i GuContactBoxBox.obj
 0001:0002c0b0       ?getConcreteTypeName@PxConvexMesh@physx@@UEBAPEBDXZ 000000018002d0b0 f i GuContactBoxBox.obj
 0001:0002c0c0       ?getGeometry@GeometryUnion@Gu@physx@@QEBAAEBVPxGeometry@3@XZ 000000018002d0c0 f i GuContactBoxBox.obj
 0001:0002c0d0       ?getInverseRT@Matrix34@Cm@physx@@QEBA?AV123@XZ 000000018002d0d0 f i GuContactBoxBox.obj
 0001:0002c170       ?getTransform@Box@Gu@physx@@QEBA?AVPxTransform@3@XZ 000000018002d170 f i GuContactBoxBox.obj
 0001:0002c1d0       ?getTranspose@PxMat33@physx@@QEBA?BV12@XZ 000000018002d1d0 f i GuContactBoxBox.obj
 0001:0002c2b0       ?getType@GeometryUnion@Gu@physx@@QEBA?AW4Enum@PxGeometryType@3@XZ 000000018002d2b0 f i GuContactBoxBox.obj
 0001:0002c2e0       ?getType@PxGeometry@physx@@QEBA?AW4Enum@PxGeometryType@2@XZ 000000018002d2e0 f i GuContactBoxBox.obj
 0001:0002c2f0       ?isKindOf@PxBase@physx@@MEBA_NPEBD@Z 000000018002d2f0 f i GuContactBoxBox.obj
 0001:0002c340       ?isKindOf@PxConvexMesh@physx@@MEBA_NPEBD@Z 000000018002d340 f i GuContactBoxBox.obj
 0001:0002c3b0       ?isReleasable@PxBase@physx@@UEBA_NXZ 000000018002d3b0 f i GuContactBoxBox.obj
 0001:0002c3f0       ?isValid@Box@Gu@physx@@QEBA_NXZ 000000018002d3f0 f i GuContactBoxBox.obj
 0001:0002c440       ?reset@ContactBuffer@Gu@physx@@QEAAXXZ 000000018002d440 f i GuContactBoxBox.obj
 0001:0002c460       ?rotate@Box@Gu@physx@@QEBA?AVPxVec3@3@AEBV43@@Z 000000018002d460 f i GuContactBoxBox.obj
 0001:0002c4b0       ?rotateInv@Box@Gu@physx@@QEBA?AVPxVec3@3@AEBV43@@Z 000000018002d4b0 f i GuContactBoxBox.obj
 0001:0002c500       ?setAxes@Box@Gu@physx@@QEAAXAEBVPxVec3@3@00@Z 000000018002d500 f i GuContactBoxBox.obj
 0001:0002c580       ?setEmpty@Box@Gu@physx@@QEAAXXZ 000000018002d580 f i GuContactBoxBox.obj
 0001:0002c620       ?to8@shdfnd@physx@@YAEI@Z  000000018002d620 f i GuContactBoxBox.obj
 0001:0002c6a0       ?transform@Box@Gu@physx@@QEBA?AVPxVec3@3@AEBV43@@Z 000000018002d6a0 f i GuContactBoxBox.obj
 0001:0002c710       ?transform@Matrix34@Cm@physx@@QEBA?AVPxVec3@3@AEBV43@@Z 000000018002d710 f i GuContactBoxBox.obj
 0001:0002c780       ?transform@PxMat33@physx@@QEBA?BVPxVec3@2@AEBV32@@Z 000000018002d780 f i GuContactBoxBox.obj
 0001:0002c860       ?transformTranspose@PxMat33@physx@@QEBA?BVPxVec3@2@AEBV32@@Z 000000018002d860 f i GuContactBoxBox.obj
 0001:0002c990       ?contactCapsuleBox@Gu@physx@@YA_NAEBVGeometryUnion@12@0AEBVPxTransform@2@1AEBUNarrowPhaseParams@12@AEAUCache@12@AEAVContactBuffer@12@PEAVRenderOutput@Cm@2@@Z 000000018002d990 f   GuContactCapsuleBox.obj
 0001:0002e6d0       ??$PX_UNUSED@UCache@Gu@physx@@@@YAXAEBUCache@Gu@physx@@@Z 000000018002f6d0 f i GuContactCapsuleBox.obj
 0001:0002e6e0       ??$checkType@$$CBVPxCapsuleGeometry@physx@@@physx@@YAXAEBVGeometryUnion@Gu@0@@Z 000000018002f6e0 f i GuContactCapsuleBox.obj
 0001:0002e780       ??$get@$$CBVPxCapsuleGeometry@physx@@@GeometryUnion@Gu@physx@@QEBAAEBVPxCapsuleGeometry@2@XZ 000000018002f780 f i GuContactCapsuleBox.obj
 0001:0002e7b0       ??$swap@M@shdfnd@physx@@YAXAEAM0@Z 000000018002f7b0 f i GuContactCapsuleBox.obj
 0001:0002e810       ??0PxPlane@physx@@QEAA@XZ  000000018002f810 f i GuContactCapsuleBox.obj
 0001:0002e840       ??0Segment@Gu@physx@@QEAA@XZ 000000018002f840 f i GuContactCapsuleBox.obj
 0001:0002e880       ??1Segment@Gu@physx@@QEAA@XZ 000000018002f880 f i GuContactCapsuleBox.obj
 0001:0002e890       ??APxVec3@physx@@QEAAAEAMI@Z 000000018002f890 f i GuContactCapsuleBox.obj
 0001:0002e920       ?PxRecipSqrt@physx@@YAMM@Z 000000018002f920 f i GuContactCapsuleBox.obj
 0001:0002e940       ?QuatGetMat33V@aos@shdfnd@physx@@YAXAEBT__m128@@AEAT4@11@Z 000000018002f940 f i GuContactCapsuleBox.obj
 0001:0002ede0       ?V4Add@aos@shdfnd@physx@@YA?AT__m128@@T4@0@Z 000000018002fde0 f i GuContactCapsuleBox.obj
 0001:0002ee20       ?V4ClearW@aos@shdfnd@physx@@YA?AT__m128@@T4@@Z 000000018002fe20 f i GuContactCapsuleBox.obj
 0001:0002ee50       ?V4GetW@aos@shdfnd@physx@@YA?AT__m128@@T4@@Z 000000018002fe50 f i GuContactCapsuleBox.obj
 0001:0002ee80       ?V4GetX@aos@shdfnd@physx@@YA?AT__m128@@T4@@Z 000000018002fe80 f i GuContactCapsuleBox.obj
 0001:0002eeb0       ?V4GetY@aos@shdfnd@physx@@YA?AT__m128@@T4@@Z 000000018002feb0 f i GuContactCapsuleBox.obj
 0001:0002eee0       ?V4GetZ@aos@shdfnd@physx@@YA?AT__m128@@T4@@Z 000000018002fee0 f i GuContactCapsuleBox.obj
 0001:0002ef10       ?V4LoadU@aos@shdfnd@physx@@YA?AT__m128@@QEBM@Z 000000018002ff10 f i GuContactCapsuleBox.obj
 0001:0002ef40       ?V4Mul@aos@shdfnd@physx@@YA?AT__m128@@T4@0@Z 000000018002ff40 f i GuContactCapsuleBox.obj
 0001:0002ef80       ?V4MulAdd@aos@shdfnd@physx@@YA?AT__m128@@T4@00@Z 000000018002ff80 f i GuContactCapsuleBox.obj
 0001:0002f030       ?V4Neg@aos@shdfnd@physx@@YA?AT__m128@@T4@@Z 0000000180030030 f i GuContactCapsuleBox.obj
 0001:0002f070       ?V4StoreU@aos@shdfnd@physx@@YAXT__m128@@PEAM@Z 0000000180030070 f i GuContactCapsuleBox.obj
 0001:0002f0a0       ?Vec3V_From_Vec4V@aos@shdfnd@physx@@YA?AT__m128@@T4@@Z 00000001800300a0 f i GuContactCapsuleBox.obj
 0001:0002f0e0       ?Vec4V_From_Vec3V@aos@shdfnd@physx@@YA?AT__m128@@T4@@Z 00000001800300e0 f i GuContactCapsuleBox.obj
 0001:0002f100       ?buildFrom@physx@@YAXAEAVBox@Gu@1@AEBVPxQuat@1@@Z 0000000180030100 f i GuContactCapsuleBox.obj
 0001:0002f280       ?buildFrom@physx@@YAXAEAVBox@Gu@1@AEBVPxVec3@1@1AEBVPxQuat@1@@Z 0000000180030280 f i GuContactCapsuleBox.obj
 0001:0002f2f0       ?closestAxis@shdfnd@physx@@YAIAEBVPxVec3@2@AEAI1@Z 00000001800302f0 f i GuContactCapsuleBox.obj
 0001:0002f410       ?computeCenter@Segment@Gu@physx@@QEBA?AVPxVec3@3@XZ 0000000180030410 f i GuContactCapsuleBox.obj
 0001:0002f470       ?distance@PxPlane@physx@@QEBAMAEBVPxVec3@2@@Z 0000000180030470 f i GuContactCapsuleBox.obj
 0001:0002f4b0       ?getCapsuleHalfHeightVector@Gu@physx@@YA?AVPxVec3@2@AEBVPxTransform@2@AEBVPxCapsuleGeometry@2@@Z 00000001800304b0 f i GuContactCapsuleBox.obj
 0001:0002f510       ?getCapsuleSegment@Gu@physx@@YAXAEBVPxTransform@2@AEBVPxCapsuleGeometry@2@AEAVSegment@12@@Z 0000000180030510 f i GuContactCapsuleBox.obj
 0001:0002f5b0       ?getNormalized@PxVec3@physx@@QEBA?AV12@XZ 00000001800305b0 f i GuContactCapsuleBox.obj
 0001:0002f660       ?getPointAt@Segment@Gu@physx@@QEBA?AVPxVec3@3@M@Z 0000000180030660 f i GuContactCapsuleBox.obj
 0001:0002f700       ?isAlmostZero@shdfnd@physx@@YA_NAEBVPxVec3@2@@Z 0000000180030700 f i GuContactCapsuleBox.obj
 0001:0002f780       ?makeFatEdge@shdfnd@physx@@YAXAEAVPxVec3@2@0M@Z 0000000180030780 f i GuContactCapsuleBox.obj
 0001:0002f830       ?recipSqrt@intrinsics@physx@@YAMM@Z 0000000180030830 f i GuContactCapsuleBox.obj
 0001:0002f870       ?selectMin@intrinsics@physx@@YAMMM@Z 0000000180030870 f i GuContactCapsuleBox.obj
 0001:0002f940       ?contactCapsuleCapsule@Gu@physx@@YA_NAEBVGeometryUnion@12@0AEBVPxTransform@2@1AEBUNarrowPhaseParams@12@AEAUCache@12@AEAVContactBuffer@12@PEAVRenderOutput@Cm@2@@Z 0000000180030940 f   GuContactCapsuleCapsule.obj
 0001:000305b0       ?computeDirection@Segment@Gu@physx@@QEBA?AVPxVec3@3@XZ 00000001800315b0 f i GuContactCapsuleCapsule.obj
 0001:000305f0       ?distanceSegmentSegmentSquared@Gu@physx@@YAMAEBVSegment@12@0PEAM1@Z 00000001800315f0 f i GuContactCapsuleCapsule.obj
 0001:000307d0       ?contactCapsuleConvex@Gu@physx@@YA_NAEBVGeometryUnion@12@0AEBVPxTransform@2@1AEBUNarrowPhaseParams@12@AEAUCache@12@AEAVContactBuffer@12@PEAVRenderOutput@Cm@2@@Z 00000001800317d0 f   GuContactCapsuleConvex.obj
 0001:00032eb0       ??$checkType@$$CBUPxConvexMeshGeometryLL@physx@@@physx@@YAXAEBVGeometryUnion@Gu@0@@Z 0000000180033eb0 f i GuContactCapsuleConvex.obj
 0001:00032f40       ??$get@$$CBUPxConvexMeshGeometryLL@physx@@@GeometryUnion@Gu@physx@@QEBAAEBUPxConvexMeshGeometryLL@2@XZ 0000000180033f40 f i GuContactCapsuleConvex.obj
 0001:00032f70       ??$getConvex@VCapsuleV@Gu@physx@@@GjkConvexBase@Gu@physx@@QEBAAEBVCapsuleV@12@XZ 0000000180033f70 f i GuContactCapsuleConvex.obj
 0001:00032f90       ??$getConvex@VConvexHullV@Gu@physx@@@GjkConvexBase@Gu@physx@@QEBAAEBVConvexHullV@12@XZ 0000000180033f90 f i GuContactCapsuleConvex.obj
 0001:00032fb0       ??$gjk@U?$LocalConvex@VCapsuleV@Gu@physx@@@Gu@physx@@U?$LocalConvex@VConvexHullV@Gu@physx@@@23@@Gu@physx@@YA?AW4GjkStatus@01@AEBU?$LocalConvex@VCapsuleV@Gu@physx@@@01@AEBU?$LocalConvex@VConvexHullV@Gu@physx@@@01@AEBT__m128@@2AEAT5@333@Z 0000000180033fb0 f i GuContactCapsuleConvex.obj
 0001:000344e0       ??0?$LocalConvex@VCapsuleV@Gu@physx@@@Gu@physx@@QEAA@AEBVCapsuleV@12@@Z 00000001800354e0 f i GuContactCapsuleConvex.obj
 0001:00034530       ??0?$LocalConvex@VConvexHullV@Gu@physx@@@Gu@physx@@QEAA@AEBVConvexHullV@12@@Z 0000000180035530 f i GuContactCapsuleConvex.obj
 0001:00034580       ??0?$PxBitAndDataT@G$0IAAA@@physx@@QEAA@W4PxEMPTY@1@@Z 0000000180035580 f i GuContactCapsuleConvex.obj
 0001:000345a0       ??0?$PxBitAndDataT@I$0IAAAAAAA@@physx@@QEAA@W4PxEMPTY@1@@Z 00000001800355a0 f i GuContactCapsuleConvex.obj
 0001:000345c0       ??0CapsuleV@Gu@physx@@QEAA@AEBT__m128@@00@Z 00000001800355c0 f i GuContactCapsuleConvex.obj
 0001:000347b0       ??0CenterExtents@Gu@physx@@QEAA@XZ 00000001800357b0 f i GuContactCapsuleConvex.obj
 0001:000347f0       ??0ConvexEdge@Gu@physx@@QEAA@XZ 00000001800357f0 f i GuContactCapsuleConvex.obj
 0001:00034820       ??0ConvexHullData@Gu@physx@@QEAA@W4PxEMPTY@2@@Z 0000000180035820 f i GuContactCapsuleConvex.obj
 0001:00034880       ??0ConvexHullV@Gu@physx@@QEAA@PEBUConvexHullData@12@AEBT__m128@@11_N@Z 0000000180035880 f i GuContactCapsuleConvex.obj
 0001:000349f0       ??0ConvexMesh@Gu@physx@@QEAA@V?$PxFlags@W4Enum@PxBaseFlag@physx@@G@2@@Z 00000001800359f0 f i GuContactCapsuleConvex.obj
 0001:00034ae0       ??0ConvexV@Gu@physx@@QEAA@W4Type@ConvexType@12@AEBT__m128@@@Z 0000000180035ae0 f i GuContactCapsuleConvex.obj
 0001:00034b70       ??0FastVertex2ShapeScaling@Cm@physx@@QEAA@XZ 0000000180035b70 f i GuContactCapsuleConvex.obj
 0001:00034c20       ??0GjkConvex@Gu@physx@@QEAA@AEBVConvexV@12@@Z 0000000180035c20 f i GuContactCapsuleConvex.obj
 0001:00034c70       ??0GjkConvexBase@Gu@physx@@QEAA@AEBVConvexV@12@@Z 0000000180035c70 f i GuContactCapsuleConvex.obj
 0001:00034cb0       ??0HullPolygonData@Gu@physx@@QEAA@AEBU012@@Z 0000000180035cb0 f i GuContactCapsuleConvex.obj
 0001:00034d30       ??0Mat33V@aos@shdfnd@physx@@QEAA@AEBT__m128@@00@Z 0000000180035d30 f i GuContactCapsuleConvex.obj
 0001:00034d90       ??0Mat33V@aos@shdfnd@physx@@QEAA@XZ 0000000180035d90 f i GuContactCapsuleConvex.obj
 0001:00034da0       ??0PolygonalBox@Gu@physx@@QEAA@AEBV012@@Z 0000000180035da0 f i GuContactCapsuleConvex.obj
 0001:00034e50       ??0PolygonalData@Gu@physx@@QEAA@XZ 0000000180035e50 f i GuContactCapsuleConvex.obj
 0001:00034e80       ??0PsMatTransformV@aos@shdfnd@physx@@QEAA@AEBVPsTransformV@123@@Z 0000000180035e80 f i GuContactCapsuleConvex.obj
 0001:00034f10       ??0PsTransformV@aos@shdfnd@physx@@QEAA@AEBVPxTransform@3@@Z 0000000180035f10 f i GuContactCapsuleConvex.obj
 0001:00034fb0       ??0PxBase@physx@@IEAA@V?$PxFlags@W4Enum@PxBaseFlag@physx@@G@1@@Z 0000000180035fb0 f i GuContactCapsuleConvex.obj
 0001:00035000       ??0PxConvexMesh@physx@@IEAA@V?$PxFlags@W4Enum@PxBaseFlag@physx@@G@1@@Z 0000000180036000 f i GuContactCapsuleConvex.obj
 0001:00035060       ??0PxMeshScale@physx@@QEAA@AEBVPxVec3@1@AEBVPxQuat@1@@Z 0000000180036060 f i GuContactCapsuleConvex.obj
 0001:00035150       ??0RefCountable@Cm@physx@@QEAA@W4PxEMPTY@2@@Z 0000000180036150 f i GuContactCapsuleConvex.obj
[...]
 0003:000047d0       ?_ignore@?2??grow@?$HashBase@PEAVTriangleMesh@Gu@physx@@PEAV123@U?$Hash@PEAVTriangleMesh@Gu@physx@@@shdfnd@3@UGetKey@?$HashSetBase@PEAVTriangleMesh@Gu@physx@@U?$Hash@PEAVTriangleMesh@Gu@physx@@@shdfnd@3@VNonTrackingAllocator@53@$00@internal@53@VNonTrackingAllocator@53@$00@internal@shdfnd@physx@@AEAAXXZ@4_NA 000000018029c7d0     GuMeshFactory.obj
 0003:000047d1       ?_ignore@?2??freeListGetNext@?$HashBase@PEAVTriangleMesh@Gu@physx@@PEAV123@U?$Hash@PEAVTriangleMesh@Gu@physx@@@shdfnd@3@UGetKey@?$HashSetBase@PEAVTriangleMesh@Gu@physx@@U?$Hash@PEAVTriangleMesh@Gu@physx@@@shdfnd@3@VNonTrackingAllocator@53@$00@internal@53@VNonTrackingAllocator@53@$00@internal@shdfnd@physx@@AEAAIXZ@4_NA 000000018029c7d1     GuMeshFactory.obj
 0003:000047d2       ?_ignore@?6??freeListGetNext@?$HashBase@PEAVTriangleMesh@Gu@physx@@PEAV123@U?$Hash@PEAVTriangleMesh@Gu@physx@@@shdfnd@3@UGetKey@?$HashSetBase@PEAVTriangleMesh@Gu@physx@@U?$Hash@PEAVTriangleMesh@Gu@physx@@@shdfnd@3@VNonTrackingAllocator@53@$00@internal@53@VNonTrackingAllocator@53@$00@internal@shdfnd@physx@@AEAAIXZ@4_NA 000000018029c7d2     GuMeshFactory.obj
 0003:00004904       ?_ignore@?2??transform@PxTransform@physx@@QEBA?AV23@AEBV23@@Z@4_NA 000000018029c904     GuOverlapTests.obj
 0003:00004905       ?_ignore@?3??transform@PxTransform@physx@@QEBA?AV23@AEBV23@@Z@4_NA 000000018029c905     GuOverlapTests.obj
 0003:000049a3       ?_ignore@?L@???$gjk@U?$RelativeConvex@VBoxV@Gu@physx@@@Gu@physx@@U?$LocalConvex@VConvexHullV@Gu@physx@@@23@@Gu@physx@@YA?AW4GjkStatus@12@AEBU?$RelativeConvex@VBoxV@Gu@physx@@@12@AEBU?$LocalConvex@VConvexHullV@Gu@physx@@@12@AEBT__m128@@2AEAT6@333@Z@4_NA 000000018029c9a3     GuOverlapTests.obj
 0003:000049a4       ?_ignore@?L@???$gjk@U?$RelativeConvex@VConvexHullV@Gu@physx@@@Gu@physx@@U?$LocalConvex@VConvexHullV@Gu@physx@@@23@@Gu@physx@@YA?AW4GjkStatus@12@AEBU?$RelativeConvex@VConvexHullV@Gu@physx@@@12@AEBU?$LocalConvex@VConvexHullV@Gu@physx@@@12@AEBT__m128@@2AEAT6@333@Z@4_NA 000000018029c9a4     GuOverlapTests.obj
 0003:00004a30       ?_ignore@?2???0HFTraceSegmentCallback@?A0x5aac0568@@QEAA@PEAUPxRaycastHit@physx@@IV?$PxFlags@W4Enum@PxHitFlag@physx@@G@4@AEBVHeightFieldUtil@Gu@4@AEBVPxTransform@4@AEBVPxVec3@4@44_N@Z@4_NA 000000018029ca30     GuRaycastTests.obj
 0003:00004a33       ?_ignore@?7???$traceSegment@UHFTraceSegmentCallback@?A0x5aac0568@@$0A@$0A@@HeightFieldTraceUtil@Gu@physx@@QEBAXAEBVPxVec3@3@0MPEAUHFTraceSegmentCallback@?A0x5aac0568@@AEBVPxBounds3@3@_NPEBV43@@Z@4_NA 000000018029ca33     GuRaycastTests.obj
 0003:00004a34       ?_ignore@?BH@???$traceSegment@UHFTraceSegmentCallback@?A0x5aac0568@@$0A@$0A@@HeightFieldTraceUtil@Gu@physx@@QEBAXAEBVPxVec3@3@0MPEAUHFTraceSegmentCallback@?A0x5aac0568@@AEBVPxBounds3@3@_NPEBV43@@Z@4_NA 000000018029ca34     GuRaycastTests.obj
 0003:00004a35       ?_ignore@?BI@???$traceSegment@UHFTraceSegmentCallback@?A0x5aac0568@@$0A@$0A@@HeightFieldTraceUtil@Gu@physx@@QEBAXAEBVPxVec3@3@0MPEAUHFTraceSegmentCallback@?A0x5aac0568@@AEBVPxBounds3@3@_NPEBV43@@Z@4_NA 000000018029ca35     GuRaycastTests.obj
 0003:00004ab4       ?_ignore@?2??forceSize_Unsafe@?$Array@IVNamedAllocator@shdfnd@physx@@@shdfnd@physx@@QEAAXI@Z@4_NA 000000018029cab4     GuSweepMTD.obj
 0003:00004ab5       ?_ignore@?2???A?$Array@IVNamedAllocator@shdfnd@physx@@@shdfnd@physx@@QEAAAEAII@Z@4_NA 000000018029cab5     GuSweepMTD.obj
 0003:00004b40       ?_ignore@?BD@???$gjkRaycast@U?$LocalConvex@VCapsuleV@Gu@physx@@@Gu@physx@@U?$LocalConvex@VConvexHullV@Gu@physx@@@23@@Gu@physx@@YA_NAEBU?$LocalConvex@VCapsuleV@Gu@physx@@@12@AEBU?$LocalConvex@VConvexHullV@Gu@physx@@@12@AEBT__m128@@222AEAT5@33M@Z@4_NA 000000018029cb40     GuSweepSharedTests.obj
 0003:00004b41       ?_ignore@?BC@???$gjkPenetration@U?$LocalConvex@VCapsuleV@Gu@physx@@@Gu@physx@@U?$LocalConvex@VShrunkConvexHullV@Gu@physx@@@23@@Gu@physx@@YA?AW4GjkStatus@12@AEBU?$LocalConvex@VCapsuleV@Gu@physx@@@12@AEBU?$LocalConvex@VShrunkConvexHullV@Gu@physx@@@12@AEBT__m128@@2AEAT6@333PEIAE4AEAE_N@Z@4_NA 000000018029cb41     GuSweepSharedTests.obj
 0003:00004b42       ?_ignore@?BI@???$gjkPenetration@U?$LocalConvex@VCapsuleV@Gu@physx@@@Gu@physx@@U?$LocalConvex@VShrunkConvexHullV@Gu@physx@@@23@@Gu@physx@@YA?AW4GjkStatus@12@AEBU?$LocalConvex@VCapsuleV@Gu@physx@@@12@AEBU?$LocalConvex@VShrunkConvexHullV@Gu@physx@@@12@AEBT__m128@@2AEAT6@333PEIAE4AEAE_N@Z@4_NA 000000018029cb42     GuSweepSharedTests.obj
 0003:00004b43       ?_ignore@?BM@???$gjkPenetration@U?$LocalConvex@VCapsuleV@Gu@physx@@@Gu@physx@@U?$LocalConvex@VShrunkConvexHullV@Gu@physx@@@23@@Gu@physx@@YA?AW4GjkStatus@12@AEBU?$LocalConvex@VCapsuleV@Gu@physx@@@12@AEBU?$LocalConvex@VShrunkConvexHullV@Gu@physx@@@12@AEBT__m128@@2AEAT6@333PEIAE4AEAE_N@Z@4_NA 000000018029cb43     GuSweepSharedTests.obj
 0003:00004b44       ?_ignore@?BD@???$gjkRaycast@U?$RelativeConvex@VBoxV@Gu@physx@@@Gu@physx@@U?$LocalConvex@VConvexHullV@Gu@physx@@@23@@Gu@physx@@YA_NAEBU?$RelativeConvex@VBoxV@Gu@physx@@@12@AEBU?$LocalConvex@VConvexHullV@Gu@physx@@@12@AEBT__m128@@222AEAT5@33M@Z@4_NA 000000018029cb44     GuSweepSharedTests.obj
 0003:00004b45       ?_ignore@?BD@???$gjkRaycast@U?$RelativeConvex@VConvexHullV@Gu@physx@@@Gu@physx@@U?$LocalConvex@VConvexHullV@Gu@physx@@@23@@Gu@physx@@YA_NAEBU?$RelativeConvex@VConvexHullV@Gu@physx@@@12@AEBU?$LocalConvex@VConvexHullV@Gu@physx@@@12@AEBT__m128@@222AEAT5@33M@Z@4_NA 000000018029cb45     GuSweepSharedTests.obj
 0003:00004bc7       ?_ignore@?BD@???$gjkRaycast@U?$LocalConvex@VCapsuleV@Gu@physx@@@Gu@physx@@U?$LocalConvex@VBoxV@Gu@physx@@@23@@Gu@physx@@YA_NAEBU?$LocalConvex@VCapsuleV@Gu@physx@@@12@AEBU?$LocalConvex@VBoxV@Gu@physx@@@12@AEBT__m128@@222AEAT5@33M@Z@4_NA 000000018029cbc7     GuSweepTests.obj
 0003:00004bc8       ?_ignore@?BC@???$gjkPenetration@U?$LocalConvex@VCapsuleV@Gu@physx@@@Gu@physx@@U?$LocalConvex@VShrunkBoxV@Gu@physx@@@23@@Gu@physx@@YA?AW4GjkStatus@12@AEBU?$LocalConvex@VCapsuleV@Gu@physx@@@12@AEBU?$LocalConvex@VShrunkBoxV@Gu@physx@@@12@AEBT__m128@@2AEAT6@333PEIAE4AEAE_N@Z@4_NA 000000018029cbc8     GuSweepTests.obj
 0003:00004bc9       ?_ignore@?BI@???$gjkPenetration@U?$LocalConvex@VCapsuleV@Gu@physx@@@Gu@physx@@U?$LocalConvex@VShrunkBoxV@Gu@physx@@@23@@Gu@physx@@YA?AW4GjkStatus@12@AEBU?$LocalConvex@VCapsuleV@Gu@physx@@@12@AEBU?$LocalConvex@VShrunkBoxV@Gu@physx@@@12@AEBT__m128@@2AEAT6@333PEIAE4AEAE_N@Z@4_NA 000000018029cbc9     GuSweepTests.obj
 0003:00004bca       ?_ignore@?BM@???$gjkPenetration@U?$LocalConvex@VCapsuleV@Gu@physx@@@Gu@physx@@U?$LocalConvex@VShrunkBoxV@Gu@physx@@@23@@Gu@physx@@YA?AW4GjkStatus@12@AEBU?$LocalConvex@VCapsuleV@Gu@physx@@@12@AEBU?$LocalConvex@VShrunkBoxV@Gu@physx@@@12@AEBT__m128@@2AEAT6@333PEIAE4AEAE_N@Z@4_NA 000000018029cbca     GuSweepTests.obj
 0003:00004bcb       ?_ignore@?BD@???$gjkRaycast@U?$RelativeConvex@VBoxV@Gu@physx@@@Gu@physx@@U?$LocalConvex@VBoxV@Gu@physx@@@23@@Gu@physx@@YA_NAEBU?$RelativeConvex@VBoxV@Gu@physx@@@12@AEBU?$LocalConvex@VBoxV@Gu@physx@@@12@AEBT__m128@@222AEAT5@33M@Z@4_NA 000000018029cbcb     GuSweepTests.obj
 0003:00004bd0       __hmod__PxFoundationDEBUG_x64_dll 000000018029cbd0     PxFoundationDEBUG_x64:PxFoundationDEBUG_x64.dll
 0003:00004bd8       ?DloadKernel32@@3PEAUHINSTANCE__@@EA 000000018029cbd8     delayimp:delayhlp.obj
 0003:00004be0       ?DloadAcquireSRWLockExclusive@@3P6AXPEA_K@ZEA 000000018029cbe0     delayimp:delayhlp.obj
 0003:00004be8       ?DloadReleaseSRWLockExclusive@@3P6AXPEA_K@ZEA 000000018029cbe8     delayimp:delayhlp.obj
 0003:00004bf0       ?DloadSrwLock@@3_KA        000000018029cbf0     delayimp:delayhlp.obj
 0003:00004bf8       ?DloadSectionLockCount@@3KA 000000018029cbf8     delayimp:delayhlp.obj
 0003:00004bfc       ?DloadSectionOldProtection@@3KA 000000018029cbfc     delayimp:delayhlp.obj
 0003:00004c00       ?DloadSectionCommitPermanent@@3KA 000000018029cc00     delayimp:delayhlp.obj
 0003:00004c10       ?__type_info_root_node@@3U__type_info_node@@A 000000018029cc10     MSVCRTD:tncleanup.obj
 0003:00004c40       __scrt_current_native_startup_state 000000018029cc40     MSVCRTD:utility.obj
 0003:00004c48       __scrt_native_startup_lock 000000018029cc48     MSVCRTD:utility.obj
 0003:00004c90       ?_OptionsStorage@?1??__local_stdio_printf_options@@9@4_KA 000000018029cc90     MSVCRTD:default_local_stdio_options.obj
 0003:00004ca0       ?_OptionsStorage@?1??__local_stdio_scanf_options@@9@4_KA 000000018029cca0     MSVCRTD:default_local_stdio_options.obj
 0003:00004cac       __scrt_debugger_hook_flag  000000018029ccac     MSVCRTD:utility_desktop.obj
 0003:00004cb0       __favor                    000000018029ccb0     MSVCRTD:_cpu_disp_.obj
 0003:00005358       __dyn_tls_init_callback    000000018029d358     <common>
 0005:00000000       __imp_LoadLibraryA         00000001802ac000     kernel32:KERNEL32.dll
 0005:00000008       __imp_FreeLibrary          00000001802ac008     kernel32:KERNEL32.dll
 0005:00000010       __imp_GetProcAddress       00000001802ac010     kernel32:KERNEL32.dll
 0005:00000018       __imp_GetCurrentProcess    00000001802ac018     kernel32:KERNEL32.dll
 0005:00000020       __imp_GetProcessHeap       00000001802ac020     kernel32:KERNEL32.dll
 0005:00000028       __imp_HeapFree             00000001802ac028     kernel32:KERNEL32.dll
 0005:00000030       __imp_HeapAlloc            00000001802ac030     kernel32:KERNEL32.dll
 0005:00000038       __imp_WideCharToMultiByte  00000001802ac038     kernel32:KERNEL32.dll
 0005:00000040       __imp_MultiByteToWideChar  00000001802ac040     kernel32:KERNEL32.dll
 0005:00000048       __imp_IsProcessorFeaturePresent 00000001802ac048     kernel32:KERNEL32.dll
 0005:00000050       __imp_GetStartupInfoW      00000001802ac050     kernel32:KERNEL32.dll
 0005:00000058       __imp_SetUnhandledExceptionFilter 00000001802ac058     kernel32:KERNEL32.dll
 0005:00000060       __imp_UnhandledExceptionFilter 00000001802ac060     kernel32:KERNEL32.dll
 0005:00000068       __imp_IsDebuggerPresent    00000001802ac068     kernel32:KERNEL32.dll
 0005:00000070       __imp_RtlVirtualUnwind     00000001802ac070     kernel32:KERNEL32.dll
 0005:00000078       __imp_RtlLookupFunctionEntry 00000001802ac078     kernel32:KERNEL32.dll
 0005:00000080       __imp_RtlCaptureContext    00000001802ac080     kernel32:KERNEL32.dll
 0005:00000088       __imp_DisableThreadLibraryCalls 00000001802ac088     kernel32:KERNEL32.dll
 0005:00000090       __imp_GetSystemTimeAsFileTime 00000001802ac090     kernel32:KERNEL32.dll
 0005:00000098       __imp_GetCurrentThreadId   00000001802ac098     kernel32:KERNEL32.dll
 0005:000000a0       __imp_GetCurrentProcessId  00000001802ac0a0     kernel32:KERNEL32.dll
 0005:000000a8       __imp_QueryPerformanceCounter 00000001802ac0a8     kernel32:KERNEL32.dll
 0005:000000b0       __imp_InitializeSListHead  00000001802ac0b0     kernel32:KERNEL32.dll
 0005:000000b8       __imp_LoadLibraryExA       00000001802ac0b8     kernel32:KERNEL32.dll
 0005:000000c0       __imp_GetModuleHandleW     00000001802ac0c0     kernel32:KERNEL32.dll
 0005:000000c8       __imp_VirtualQuery         00000001802ac0c8     kernel32:KERNEL32.dll
 0005:000000d0       __imp_VirtualProtect       00000001802ac0d0     kernel32:KERNEL32.dll
 0005:000000d8       __imp_GetSystemInfo        00000001802ac0d8     kernel32:KERNEL32.dll
 0005:000000e0       __imp_GetLastError         00000001802ac0e0     kernel32:KERNEL32.dll
 0005:000000e8       __imp_RaiseException       00000001802ac0e8     kernel32:KERNEL32.dll
 0005:000000f0       __imp_TerminateProcess     00000001802ac0f0     kernel32:KERNEL32.dll
 0005:000000f8       \177KERNEL32_NULL_THUNK_DATA 00000001802ac0f8     kernel32:KERNEL32.dll
 0005:00000180       __imp_strstr               00000001802ac180     vcruntimed:VCRUNTIME140D.dll
 0005:00000188       __imp___std_type_info_name 00000001802ac188     vcruntimed:VCRUNTIME140D.dll
 0005:00000190       __imp_memcpy               00000001802ac190     vcruntimed:VCRUNTIME140D.dll
 0005:00000198       __imp_memset               00000001802ac198     vcruntimed:VCRUNTIME140D.dll
 0005:000001a0       __imp___std_type_info_destroy_list 00000001802ac1a0     vcruntimed:VCRUNTIME140D.dll
 0005:000001a8       __imp___C_specific_handler 00000001802ac1a8     vcruntimed:VCRUNTIME140D.dll
 0005:000001b0       __imp___vcrt_GetModuleFileNameW 00000001802ac1b0     vcruntimed:VCRUNTIME140D.dll
 0005:000001b8       __imp___vcrt_GetModuleHandleW 00000001802ac1b8     vcruntimed:VCRUNTIME140D.dll
 0005:000001c0       __imp___vcrt_LoadLibraryExW 00000001802ac1c0     vcruntimed:VCRUNTIME140D.dll
 0005:000001c8       __imp__purecall            00000001802ac1c8     vcruntimed:VCRUNTIME140D.dll
 0005:000001d0       \177VCRUNTIME140D_NULL_THUNK_DATA 00000001802ac1d0     vcruntimed:VCRUNTIME140D.dll
 0005:00000238       __imp_wcscpy_s             00000001802ac238     ucrtd:ucrtbased.dll
 0005:00000240       __imp__seh_filter_dll      00000001802ac240     ucrtd:ucrtbased.dll
 0005:00000248       __imp__initterm_e          00000001802ac248     ucrtd:ucrtbased.dll
 0005:00000250       __imp__initterm            00000001802ac250     ucrtd:ucrtbased.dll
 0005:00000258       __imp__free_dbg            00000001802ac258     ucrtd:ucrtbased.dll
 0005:00000260       __imp__CrtDbgReportW       00000001802ac260     ucrtd:ucrtbased.dll
 0005:00000268       __imp__CrtDbgReport        00000001802ac268     ucrtd:ucrtbased.dll
 0005:00000270       __imp__wsplitpath_s        00000001802ac270     ucrtd:ucrtbased.dll
 0005:00000278       __imp_ceilf                00000001802ac278     ucrtd:ucrtbased.dll
 0005:00000280       __imp_strcmp               00000001802ac280     ucrtd:ucrtbased.dll
 0005:00000288       __imp_tanf                 00000001802ac288     ucrtd:ucrtbased.dll
 0005:00000290       __imp_strlen               00000001802ac290     ucrtd:ucrtbased.dll
 0005:00000298       __imp_sinf                 00000001802ac298     ucrtd:ucrtbased.dll
 0005:000002a0       __imp_cosf                 00000001802ac2a0     ucrtd:ucrtbased.dll
 0005:000002a8       __imp_sqrtf                00000001802ac2a8     ucrtd:ucrtbased.dll
 0005:000002b0       __imp_fabs                 00000001802ac2b0     ucrtd:ucrtbased.dll
 0005:000002b8       __imp__fpclass             00000001802ac2b8     ucrtd:ucrtbased.dll
 0005:000002c0       __imp__wmakepath_s         00000001802ac2c0     ucrtd:ucrtbased.dll
 0005:000002c8       __imp___stdio_common_vsprintf_s 00000001802ac2c8     ucrtd:ucrtbased.dll
 0005:000002d0       __imp_terminate            00000001802ac2d0     ucrtd:ucrtbased.dll
 0005:000002d8       __imp__cexit               00000001802ac2d8     ucrtd:ucrtbased.dll
 0005:000002e0       __imp__crt_at_quick_exit   00000001802ac2e0     ucrtd:ucrtbased.dll
 0005:000002e8       __imp__configure_narrow_argv 00000001802ac2e8     ucrtd:ucrtbased.dll
 0005:000002f0       __imp__execute_onexit_table 00000001802ac2f0     ucrtd:ucrtbased.dll
 0005:000002f8       __imp__register_onexit_function 00000001802ac2f8     ucrtd:ucrtbased.dll
 0005:00000300       __imp__initialize_onexit_table 00000001802ac300     ucrtd:ucrtbased.dll
 0005:00000308       __imp_floorf               00000001802ac308     ucrtd:ucrtbased.dll
 0005:00000310       __imp__initialize_narrow_environment 00000001802ac310     ucrtd:ucrtbased.dll
 0005:00000318       __imp__crt_atexit          00000001802ac318     ucrtd:ucrtbased.dll
 0005:00000320       \177ucrtbased_NULL_THUNK_DATA 00000001802ac320     ucrtd:ucrtbased.dll
 0005:000003a0       __IMPORT_DESCRIPTOR_KERNEL32 00000001802ac3a0     kernel32:KERNEL32.dll
 0005:000003b4       __IMPORT_DESCRIPTOR_VCRUNTIME140D 00000001802ac3b4     vcruntimed:VCRUNTIME140D.dll
 0005:000003c8       __IMPORT_DESCRIPTOR_ucrtbased 00000001802ac3c8     ucrtd:ucrtbased.dll
 0005:000003dc       __NULL_IMPORT_DESCRIPTOR   00000001802ac3dc     kernel32:KERNEL32.dll
 0006:00000000       __DELAY_IMPORT_DESCRIPTOR_PxFoundationDEBUG_x64_dll 00000001802ad000     PxFoundationDEBUG_x64:PxFoundationDEBUG_x64.dll
 0006:00000020       __NULL_DELAY_IMPORT_DESCRIPTOR 00000001802ad020     PxFoundationDEBUG_x64:PxFoundationDEBUG_x64.dll
 0006:000000f8       \177PxFoundationDEBUG_x64_NULL_THUNK_DATA_DLN 00000001802ad0f8     PxFoundationDEBUG_x64:PxFoundationDEBUG_x64.dll
 0006:00000170       __imp_??0NamedAllocator@shdfnd@physx@@QEAA@PEBD@Z 00000001802ad170     PxFoundationDEBUG_x64:PxFoundationDEBUG_x64.dll
 0006:00000178       __imp_?PxGetAssertHandler@physx@@YAAEAVPxAssertHandler@1@XZ 00000001802ad178     PxFoundationDEBUG_x64:PxFoundationDEBUG_x64.dll
 0006:00000180       __imp_?getAllocator@shdfnd@physx@@YAAEAVPxAllocatorCallback@2@XZ 00000001802ad180     PxFoundationDEBUG_x64:PxFoundationDEBUG_x64.dll
 0006:00000188       __imp_??1NamedAllocator@shdfnd@physx@@QEAA@XZ 00000001802ad188     PxFoundationDEBUG_x64:PxFoundationDEBUG_x64.dll
 0006:00000190       __imp_?allocate@NamedAllocator@shdfnd@physx@@QEAAPEAX_KPEBDH@Z 00000001802ad190     PxFoundationDEBUG_x64:PxFoundationDEBUG_x64.dll
 0006:00000198       __imp_?deallocate@NamedAllocator@shdfnd@physx@@QEAAXPEAX@Z 00000001802ad198     PxFoundationDEBUG_x64:PxFoundationDEBUG_x64.dll
 0006:000001a0       __imp_PxGetFoundation      00000001802ad1a0     PxFoundationDEBUG_x64:PxFoundationDEBUG_x64.dll
 0006:000001a8       __imp_?getInstance@Foundation@shdfnd@physx@@SAAEAV123@XZ 00000001802ad1a8     PxFoundationDEBUG_x64:PxFoundationDEBUG_x64.dll
 0006:000001b0       __imp_?error@Foundation@shdfnd@physx@@QEAAXW4Enum@PxErrorCode@3@PEBDH1ZZ 00000001802ad1b0     PxFoundationDEBUG_x64:PxFoundationDEBUG_x64.dll
 0006:000001b8       __imp_?PxShortestRotation@physx@@YA?AVPxQuat@1@AEBVPxVec3@1@0@Z 00000001802ad1b8     PxFoundationDEBUG_x64:PxFoundationDEBUG_x64.dll
 0006:000001c0       __imp_?vsnprintf@shdfnd@physx@@YAHPEAD_KPEBD0@Z 00000001802ad1c0     PxFoundationDEBUG_x64:PxFoundationDEBUG_x64.dll
 0006:000001c8       __imp_?optimizeBoundingBox@shdfnd@physx@@YA?AVPxVec3@2@AEAVPxMat33@2@@Z 00000001802ad1c8     PxFoundationDEBUG_x64:PxFoundationDEBUG_x64.dll
 0006:000001d0       __imp_??0NamedAllocator@shdfnd@physx@@QEAA@AEBV012@@Z 00000001802ad1d0     PxFoundationDEBUG_x64:PxFoundationDEBUG_x64.dll
 0006:000001d8       __imp_?allocate@TempAllocator@shdfnd@physx@@QEAAPEAX_KPEBDH@Z 00000001802ad1d8     PxFoundationDEBUG_x64:PxFoundationDEBUG_x64.dll
 0006:000001e0       __imp_?deallocate@TempAllocator@shdfnd@physx@@QEAAXPEAX@Z 00000001802ad1e0     PxFoundationDEBUG_x64:PxFoundationDEBUG_x64.dll
 0006:000001e8       __imp_?atomicIncrement@shdfnd@physx@@YAHPECH@Z 00000001802ad1e8     PxFoundationDEBUG_x64:PxFoundationDEBUG_x64.dll
 0006:000001f0       __imp_?atomicDecrement@shdfnd@physx@@YAHPECH@Z 00000001802ad1f0     PxFoundationDEBUG_x64:PxFoundationDEBUG_x64.dll
 0006:000001f8       __imp_PxGetProfilerCallback 00000001802ad1f8     PxFoundationDEBUG_x64:PxFoundationDEBUG_x64.dll
 0006:00000200       __imp_??0MutexImpl@shdfnd@physx@@QEAA@XZ 00000001802ad200     PxFoundationDEBUG_x64:PxFoundationDEBUG_x64.dll
 0006:00000208       __imp_??1MutexImpl@shdfnd@physx@@QEAA@XZ 00000001802ad208     PxFoundationDEBUG_x64:PxFoundationDEBUG_x64.dll
 0006:00000210       __imp_?lock@MutexImpl@shdfnd@physx@@QEAAXXZ 00000001802ad210     PxFoundationDEBUG_x64:PxFoundationDEBUG_x64.dll
 0006:00000218       __imp_?unlock@MutexImpl@shdfnd@physx@@QEAAXXZ 00000001802ad218     PxFoundationDEBUG_x64:PxFoundationDEBUG_x64.dll
 0006:00000220       __imp_?getSize@MutexImpl@shdfnd@physx@@SAIXZ 00000001802ad220     PxFoundationDEBUG_x64:PxFoundationDEBUG_x64.dll
 0006:00000228       \177PxFoundationDEBUG_x64_NULL_THUNK_DATA_DLA 00000001802ad228     PxFoundationDEBUG_x64:PxFoundationDEBUG_x64.dll
 0006:00000870       \177PxFoundationDEBUG_x64_NULL_THUNK_DATA_DLB 00000001802ad870     PxFoundationDEBUG_x64:PxFoundationDEBUG_x64.dll
 0008:00000000       __guard_check_icall_fptr   00000001802af000     MSVCRTD:guard_support.obj
 0008:00000010       __guard_dispatch_icall_fptr 00000001802af010     MSVCRTD:guard_support.obj
