 PhysX3CookingDEBUG_x64

 Timestamp is 5c00a63a (Thu Nov 29 23:53:46 2018)

 Preferred load address is 0000000180000000

 Start         Length     Name                   Class
 0001:00000000 00003c50H .text$di                CODE
 0001:00003c50 0006bce0H .text$mn                CODE
 0001:0006f930 00001020H .text$mn$00             CODE
 0001:00070950 0000115fH .text$x                 CODE
 0002:00000000 00000110H .CRT$XCA                DATA
 0002:00000110 00000320H .CRT$XCU                DATA
 0002:00000430 00000110H .CRT$XCZ                DATA
 0002:00000540 00000110H .CRT$XIA                DATA
 0002:00000650 00000110H .CRT$XIZ                DATA
 0002:00000760 00000110H .CRT$XPA                DATA
 0002:00000870 00000110H .CRT$XPZ                DATA
 0002:00000980 00000110H .CRT$XTA                DATA
 0002:00000a90 00000110H .CRT$XTZ                DATA
 0002:00000ba0 000058b0H .rdata                  DATA
 0002:00006450 00000188H .rdata$r                DATA
 0002:000065d8 000001a0H .rdata$zzzdbg           DATA
 0002:00006778 00000110H .rtc$IAA                DATA
 0002:00006888 00000250H .rtc$IMZ                DATA
 0002:00006ad8 00000110H .rtc$IZZ                DATA
 0002:00006be8 00000110H .rtc$TAA                DATA
 0002:00006cf8 00000250H .rtc$TMZ                DATA
 0002:00006f48 00000110H .rtc$TZZ                DATA
 0002:00007058 00002c08H .xdata                  DATA
 0002:00009c60 000001a0H .edata                  DATA
 0003:00000000 00000180H .data                   DATA
 0003:00000180 00000570H .data$r                 DATA
 0003:000006f0 00000d09H .bss                    DATA
 0004:00000000 000039c0H .pdata                  DATA
 0005:00000000 00000398H .idata$5                DATA
 0005:00000398 0000003cH .idata$2                DATA
 0005:000003d4 00000014H .idata$3                DATA
 0005:000003e8 00000398H .idata$4                DATA
 0005:00000780 000006a7H .idata$6                DATA
 0006:00000000 00000040H .didat$2                DATA
 0006:00000040 00000020H .didat$3                DATA
 0006:00000060 000002a0H .didat$4                DATA
 0006:00000300 000002a0H .didat$5                DATA
 0006:000005a0 00000c40H .didat$6                DATA
 0006:000011e0 000002dbH .didat$7                DATA
 0007:00000000 0000012eH .gfids$y                DATA
 0008:00000000 0000011bH .00cfg                  DATA
 0009:00000000 000001c0H .rsrc$01                DATA
 0009:000001c0 000006a9H .rsrc$02                DATA

  Address         Publics by Value              Rva+Base               Lib:Object

 0000:00000000       ___safe_se_handler_table   0000000000000000     <absolute>
 0000:00000000       ___safe_se_handler_count   0000000000000000     <absolute>
 0000:00000000       __guard_fids_count         0000000000000000     <absolute>
 0000:00000000       __dynamic_value_reloc_table 0000000000000000     <absolute>
 0000:00000000       __guard_longjmp_count      0000000000000000     <absolute>
 0000:00000000       __guard_iat_count          0000000000000000     <absolute>
 0000:00000000       __guard_iat_table          0000000000000000     <absolute>
 0000:00000000       __guard_fids_table         0000000000000000     <absolute>
 0000:00000000       __guard_longjmp_table      0000000000000000     <absolute>
 0000:00000100       __guard_flags              0000000000000100     <absolute>
 0000:00000000       __ImageBase                0000000180000000     <linker-defined>
 0001:00003c50       PxSetPhysXCookingDelayLoadHook 0000000180004c50 f   WindowsCookingDelayLoadHook.obj
 0001:00003c70       ?delayHook@@YAP6A_JXZIPEAUDelayLoadInfo@@@Z 0000000180004c70 f   WindowsCookingDelayLoadHook.obj
 0001:00003d20       ?foundationDliNotePreLoadLibrary@shdfnd@physx@@YAP6A_JXZPEBDPEBVPxFoundationDelayLoadHook@2@@Z 0000000180004d20 f i WindowsCookingDelayLoadHook.obj
 0001:00003e70       ?loadLibrary@Cm@physx@@YAPEAUHINSTANCE__@@PEBD@Z 0000000180004e70 f i WindowsCookingDelayLoadHook.obj
 0001:00003e90       ?physXCommonDliNotePreLoadLibrary@Cm@physx@@YAP6A_JXZPEBDPEBVPxDelayLoadHook@2@@Z 0000000180004e90 f i WindowsCookingDelayLoadHook.obj
 0001:00004110       ?saveHeightField@physx@@YA_NAEBVHeightField@Gu@1@AEAVPxOutputStream@1@_N@Z 0000000180005110 f   HeightFieldCooking.obj
 0001:000045d0       ??APxVec3@physx@@QEBAAEBMI@Z 00000001800055d0 f i HeightFieldCooking.obj
 0001:00004660       ??B?$PxFlags@W4Enum@PxHeightFieldFlag@physx@@G@physx@@QEBAGXZ 0000000180005660 f i HeightFieldCooking.obj
 0001:00004680       ?__empty_global_delete@@YAXPEAX@Z 0000000180005680 f i HeightFieldCooking.obj
 0001:00004690       ?__empty_global_delete@@YAXPEAX_K@Z 0000000180005690 f i HeightFieldCooking.obj
 0001:00004690       ?__global_array_delete@@YAXPEAX_K@Z 0000000180005690 f i HeightFieldCooking.obj
 0001:00004690       ?__global_delete@@YAXPEAX_K@Z 0000000180005690 f i HeightFieldCooking.obj
 0001:000046a0       ?getData@HeightField@Gu@physx@@QEBAAEBUHeightFieldData@23@XZ 00000001800056a0 f i HeightFieldCooking.obj
 0001:000046c0       ?getMax@CenterExtents@Gu@physx@@QEBAMI@Z 00000001800056c0 f i HeightFieldCooking.obj
 0001:00004720       ?getMin@CenterExtents@Gu@physx@@QEBAMI@Z 0000000180005720 f i HeightFieldCooking.obj
 0001:00004780       ?buildFromTriangles@RTreeCooker@physx@@SAXAEAURTree@Gu@2@PEBVPxVec3@2@IPEBGPEBIIAEAV?$Array@IVNamedAllocator@shdfnd@physx@@@shdfnd@2@PEAURemapCallback@12@MW4Enum@PxMeshCookingHint@2@@Z 0000000180005780 f   RTreeCooking.obj
 0001:000065e0       ??$PX_UNUSED@I@@YAXAEBI@Z  00000001800075e0 f i RTreeCooking.obj
 0001:000065f0       ??$PX_UNUSED@M@@YAXAEBM@Z  00000001800075f0 f i RTreeCooking.obj
 0001:00006600       ??$PX_UNUSED@PEAURTreeNodeNQ@physx@@@@YAXAEBQEAURTreeNodeNQ@physx@@@Z 0000000180007600 f i RTreeCooking.obj
 0001:00006610       ??$PX_UNUSED@URTreeNodeNQ@physx@@@@YAXAEBURTreeNodeNQ@physx@@@Z 0000000180007610 f i RTreeCooking.obj
 0001:00006620       ??$PxMax@H@physx@@YAHHH@Z  0000000180007620 f i RTreeCooking.obj
 0001:00006660       ??$PxMax@I@physx@@YAIII@Z  0000000180007660 f i RTreeCooking.obj
 0001:000066a0       ??$PxMax@M@physx@@YAMMM@Z  00000001800076a0 f i RTreeCooking.obj
 0001:000066d0       ??$PxMin@I@physx@@YAIII@Z  00000001800076d0 f i RTreeCooking.obj
 0001:00006710       ??$PxMin@M@physx@@YAMMM@Z  0000000180007710 f i RTreeCooking.obj
 0001:00006740       ??$median3@I$$CBU?$Less@I@shdfnd@physx@@@internal@shdfnd@physx@@YAXPEAIHHAEBU?$Less@I@12@@Z 0000000180007740 f i RTreeCooking.obj
 0001:00006900       ??$median3@I$$CBUSortBoundsPredicate@physx@@@internal@shdfnd@physx@@YAXPEAIHHAEBUSortBoundsPredicate@2@@Z 0000000180007900 f i RTreeCooking.obj
 0001:00006ac0       ??$partition@I$$CBU?$Less@I@shdfnd@physx@@@internal@shdfnd@physx@@YAHPEAIHHAEBU?$Less@I@12@@Z 0000000180007ac0 f i RTreeCooking.obj
 0001:00006d30       ??$partition@I$$CBUSortBoundsPredicate@physx@@@internal@shdfnd@physx@@YAHPEAIHHAEBUSortBoundsPredicate@2@@Z 0000000180007d30 f i RTreeCooking.obj
 0001:00006fa0       ??$partition@UBoundsLTE@physx@@@quickSelect@physx@@YAIPEIAIIIIAEBUBoundsLTE@1@@Z 0000000180007fa0 f i RTreeCooking.obj
 0001:000073c0       ??$quickSelectFirstK@UBoundsLTE@physx@@@quickSelect@physx@@YAXPEIAIIIIAEBUBoundsLTE@1@@Z 00000001800083c0 f i RTreeCooking.obj
 0001:00007570       ??$smallSort@I$$CBU?$Less@I@shdfnd@physx@@@internal@shdfnd@physx@@YAXPEAIHHAEBU?$Less@I@12@@Z 0000000180008570 f i RTreeCooking.obj
 0001:00007680       ??$smallSort@I$$CBUSortBoundsPredicate@physx@@@internal@shdfnd@physx@@YAXPEAIHHAEBUSortBoundsPredicate@2@@Z 0000000180008680 f i RTreeCooking.obj
 0001:00007790       ??$sort@I@shdfnd@physx@@YAXPEAII@Z 0000000180008790 f i RTreeCooking.obj
 0001:000077f0       ??$sort@IU?$Less@I@shdfnd@physx@@VNamedAllocator@23@@shdfnd@physx@@YAXPEAIIAEBU?$Less@I@01@AEBVNamedAllocator@01@I@Z 00000001800087f0 f i RTreeCooking.obj
 0001:00007ba0       ??$sort@IUSortBoundsPredicate@physx@@@shdfnd@physx@@YAXPEAIIAEBUSortBoundsPredicate@1@@Z 0000000180008ba0 f i RTreeCooking.obj
 0001:00007c00       ??$sort@IUSortBoundsPredicate@physx@@VNamedAllocator@shdfnd@2@@shdfnd@physx@@YAXPEAIIAEBUSortBoundsPredicate@1@AEBVNamedAllocator@01@I@Z 0000000180008c00 f i RTreeCooking.obj
 0001:00007fb0       ??$swap@I@shdfnd@physx@@YAXAEAI0@Z 0000000180008fb0 f i RTreeCooking.obj
 0001:00008000       ??0?$AlignedAllocator@$0IA@VNonTrackingAllocator@shdfnd@physx@@@shdfnd@physx@@QEAA@AEBVNonTrackingAllocator@12@@Z 0000000180009000 f i RTreeCooking.obj
 0001:00008020       ??0?$Array@IVNamedAllocator@shdfnd@physx@@@shdfnd@physx@@QEAA@IAEBIAEBVNamedAllocator@12@@Z 0000000180009020 f i RTreeCooking.obj
 0001:000080b0       ??0?$Array@UInterval@physx@@V?$InlineAllocator@$0CA@VNamedAllocator@shdfnd@physx@@@shdfnd@2@@shdfnd@physx@@QEAA@AEBV?$InlineAllocator@$0CA@VNamedAllocator@shdfnd@physx@@@12@@Z 00000001800090b0 f i RTreeCooking.obj
 0001:00008110       ??0?$Array@UPxBounds3V@physx@@VNamedAllocator@shdfnd@2@@shdfnd@physx@@QEAA@AEBVNamedAllocator@12@@Z 0000000180009110 f i RTreeCooking.obj
 0001:00008170       ??0?$Array@URTreeNodeNQ@physx@@VNamedAllocator@shdfnd@2@@shdfnd@physx@@QEAA@AEBVNamedAllocator@12@@Z 0000000180009170 f i RTreeCooking.obj
 0001:000081d0       ??0?$Array@URTreeNodeQ@Gu@physx@@VNamedAllocator@shdfnd@3@@shdfnd@physx@@QEAA@AEBVNamedAllocator@12@@Z 00000001800091d0 f i RTreeCooking.obj
 0001:00008230       ??0?$Array@VPxVec3@physx@@VNamedAllocator@shdfnd@2@@shdfnd@physx@@QEAA@AEBVNamedAllocator@12@@Z 0000000180009230 f i RTreeCooking.obj
 0001:00008290       ??0?$InlineAllocator@$0CA@VNamedAllocator@shdfnd@physx@@@shdfnd@physx@@QEAA@AEBV012@@Z 0000000180009290 f i RTreeCooking.obj
 0001:000082d0       ??0?$InlineAllocator@$0CA@VNamedAllocator@shdfnd@physx@@@shdfnd@physx@@QEAA@AEBVNamedAllocator@12@@Z 00000001800092d0 f i RTreeCooking.obj
 0001:00008310       ??0?$InlineArray@UInterval@physx@@$03VNamedAllocator@shdfnd@2@@shdfnd@physx@@QEAA@AEBVNamedAllocator@12@@Z 0000000180009310 f i RTreeCooking.obj
 0001:00008390       ??0?$ScopedPointer@HVTempAllocator@shdfnd@physx@@@shdfnd@physx@@QEAA@XZ 0000000180009390 f i RTreeCooking.obj
 0001:000083c0       ??0?$Stack@VNamedAllocator@shdfnd@physx@@@internal@shdfnd@physx@@QEAA@PEAHIAEBVNamedAllocator@23@@Z 00000001800093c0 f i RTreeCooking.obj
 0001:00008440       ??0BoundsLTE@physx@@QEAA@IPEBVPxVec3@1@@Z 0000000180009440 f i RTreeCooking.obj
 0001:00008480       ??0Interval@physx@@QEAA@II@Z 0000000180009480 f i RTreeCooking.obj
 0001:000084c0       ??0NonTrackingAllocator@shdfnd@physx@@QEAA@PEBD@Z 00000001800094c0 f i RTreeCooking.obj
 0001:000084e0       ??0PxBounds3@physx@@QEAA@AEBV01@@Z 00000001800094e0 f i RTreeCooking.obj
 0001:00008540       ??0PxBounds3@physx@@QEAA@AEBVPxVec3@1@0@Z 0000000180009540 f i RTreeCooking.obj
 0001:000085a0       ??0PxBounds3V@physx@@QEAA@AEAT__m128@@0@Z 00000001800095a0 f i RTreeCooking.obj
 0001:000085f0       ??0PxBounds3V@physx@@QEAA@UU@01@@Z 00000001800095f0 f i RTreeCooking.obj
 0001:00008610       ??0PxVec3@physx@@QEAA@AEBV01@@Z 0000000180009610 f i RTreeCooking.obj
 0001:00008670       ??0PxVec3@physx@@QEAA@M@Z  0000000180009670 f i RTreeCooking.obj
 0001:000086c0       ??0PxVec3@physx@@QEAA@MMM@Z 00000001800096c0 f i RTreeCooking.obj
 0001:00008720       ??0PxVec3@physx@@QEAA@XZ   0000000180009720 f i RTreeCooking.obj
 0001:00008730       ??0PxVec4@physx@@QEAA@AEBVPxVec3@1@M@Z 0000000180009730 f i RTreeCooking.obj
 0001:000087b0       ??0PxVec4@physx@@QEAA@M@Z  00000001800097b0 f i RTreeCooking.obj
 0001:00008820       ??0PxVec4@physx@@QEAA@MMMM@Z 0000000180009820 f i RTreeCooking.obj
 0001:000088a0       ??0RTreeNodeNQ@physx@@QEAA@AEBU01@@Z 00000001800098a0 f i RTreeCooking.obj
 0001:00008900       ??0RTreeNodeNQ@physx@@QEAA@XZ 0000000180009900 f i RTreeCooking.obj
 0001:00008950       ??0SortBoundsPredicate@physx@@QEAA@IPEBUPxBounds3V@1@@Z 0000000180009950 f i RTreeCooking.obj
 0001:00008990       ??0SubSortQuick@physx@@QEAA@PEAIPEBUPxBounds3V@1@IM@Z 0000000180009990 f i RTreeCooking.obj
 0001:00008b60       ??0SubSortSAH@physx@@QEAA@PEAIPEBUPxBounds3V@1@IPEBI22222M@Z 0000000180009b60 f i RTreeCooking.obj
 0001:00008e20       ??0TempAllocator@shdfnd@physx@@QEAA@PEBD@Z 0000000180009e20 f i RTreeCooking.obj
 0001:00008e40       ??1?$Array@IVNamedAllocator@shdfnd@physx@@@shdfnd@physx@@QEAA@XZ 0000000180009e40 f i RTreeCooking.obj
 0001:00008ed0       ??1?$Array@UInterval@physx@@V?$InlineAllocator@$0CA@VNamedAllocator@shdfnd@physx@@@shdfnd@2@@shdfnd@physx@@QEAA@XZ 0000000180009ed0 f i RTreeCooking.obj
 0001:00008f60       ??1?$Array@UPxBounds3V@physx@@VNamedAllocator@shdfnd@2@@shdfnd@physx@@QEAA@XZ 0000000180009f60 f i RTreeCooking.obj
 0001:00008ff0       ??1?$Array@URTreeNodeNQ@physx@@VNamedAllocator@shdfnd@2@@shdfnd@physx@@QEAA@XZ 0000000180009ff0 f i RTreeCooking.obj
 0001:00009080       ??1?$Array@URTreeNodeQ@Gu@physx@@VNamedAllocator@shdfnd@3@@shdfnd@physx@@QEAA@XZ 000000018000a080 f i RTreeCooking.obj
 0001:00009110       ??1?$Array@VPxVec3@physx@@VNamedAllocator@shdfnd@2@@shdfnd@physx@@QEAA@XZ 000000018000a110 f i RTreeCooking.obj
 0001:000091a0       ??1?$InlineAllocator@$0CA@VNamedAllocator@shdfnd@physx@@@shdfnd@physx@@QEAA@XZ 000000018000a1a0 f i RTreeCooking.obj
 0001:000091c0       ??1?$InlineArray@UInterval@physx@@$03VNamedAllocator@shdfnd@2@@shdfnd@physx@@QEAA@XZ 000000018000a1c0 f i RTreeCooking.obj
 0001:000091e0       ??1?$ScopedPointer@HVTempAllocator@shdfnd@physx@@@shdfnd@physx@@QEAA@XZ 000000018000a1e0 f i RTreeCooking.obj
 0001:00009220       ??1?$Stack@VNamedAllocator@shdfnd@physx@@@internal@shdfnd@physx@@QEAA@XZ 000000018000a220 f i RTreeCooking.obj
 0001:00009270       ??1SubSortQuick@physx@@QEAA@XZ 000000018000a270 f i RTreeCooking.obj
 0001:000092a0       ??1SubSortSAH@physx@@QEAA@XZ 000000018000a2a0 f i RTreeCooking.obj
 0001:00009390       ??2@YAPEAX_KPEAX@Z         000000018000a390 f i RTreeCooking.obj
 0001:000093b0       ??4PxVec3@physx@@QEAAAEAV01@AEBV01@@Z 000000018000a3b0 f i RTreeCooking.obj
 0001:00009410       ??4PxVec4@physx@@QEAAAEAV01@AEBV01@@Z 000000018000a410 f i RTreeCooking.obj
 0001:00009490       ??A?$Array@IVNamedAllocator@shdfnd@physx@@@shdfnd@physx@@QEAAAEAII@Z 000000018000a490 f i RTreeCooking.obj
 0001:00009530       ??A?$Array@UInterval@physx@@V?$InlineAllocator@$0CA@VNamedAllocator@shdfnd@physx@@@shdfnd@2@@shdfnd@physx@@QEAAAEAUInterval@2@I@Z 000000018000a530 f i RTreeCooking.obj
 0001:000095d0       ??A?$Array@URTreeNodeNQ@physx@@VNamedAllocator@shdfnd@2@@shdfnd@physx@@QEAAAEAURTreeNodeNQ@2@I@Z 000000018000a5d0 f i RTreeCooking.obj
 0001:00009670       ??A?$Array@URTreeNodeQ@Gu@physx@@VNamedAllocator@shdfnd@3@@shdfnd@physx@@QEAAAEAURTreeNodeQ@Gu@2@I@Z 000000018000a670 f i RTreeCooking.obj
 0001:00009710       ??B?$ScopedPointer@HVTempAllocator@shdfnd@physx@@@shdfnd@physx@@QEBAPEAHXZ 000000018000a710 f i RTreeCooking.obj
 0001:00009730       ??GPxVec4@physx@@QEBA?AV01@AEBV01@@Z 000000018000a730 f i RTreeCooking.obj
 0001:000097e0       ??HPxVec3@physx@@QEBA?AV01@AEBV01@@Z 000000018000a7e0 f i RTreeCooking.obj
 0001:00009880       ??KPxVec4@physx@@QEBA?AV01@M@Z 000000018000a880 f i RTreeCooking.obj
 0001:00009940       ??R?$Less@I@shdfnd@physx@@QEBA_NAEBI0@Z 000000018000a940 f i RTreeCooking.obj
 0001:00009990       ??RBoundsLTE@physx@@QEBA_NAEBI0@Z 000000018000a990 f i RTreeCooking.obj
 0001:00009a50       ??RSortBoundsPredicate@physx@@QEBA_NAEBI0@Z 000000018000aa50 f i RTreeCooking.obj
 0001:00009bd0       ??_H@YAXPEAX_K1P6APEAX0@Z@Z 000000018000abd0 f i RTreeCooking.obj
 0001:00009c70       ?FLoad@aos@shdfnd@physx@@YA?AT__m128@@M@Z 000000018000ac70 f i RTreeCooking.obj
 0001:00009ca0       ?FMax@aos@shdfnd@physx@@YA?AT__m128@@XZ 000000018000aca0 f i RTreeCooking.obj
 0001:00009cd0       ?FNegMax@aos@shdfnd@physx@@YA?AT__m128@@XZ 000000018000acd0 f i RTreeCooking.obj
 0001:00009d00       ?FStore@aos@shdfnd@physx@@YAXT__m128@@PEIAM@Z 000000018000ad00 f i RTreeCooking.obj
 0001:00009db0       ?PxAbs@physx@@YAHH@Z       000000018000adb0 f i RTreeCooking.obj
 0001:00009dd0       ?PxAbs@physx@@YAMM@Z       000000018000add0 f i RTreeCooking.obj
 0001:00009df0       ?PxIsFinite@physx@@YA_NM@Z 000000018000adf0 f i RTreeCooking.obj
 0001:00009e10       ?PxMemCopy@physx@@YAPEAXPEAXPEBXI@Z 000000018000ae10 f i RTreeCooking.obj
 0001:00009e50       ?V3Add@aos@shdfnd@physx@@YA?AT__m128@@T4@0@Z 000000018000ae50 f i RTreeCooking.obj
 0001:00009fa0       ?V3Dot@aos@shdfnd@physx@@YA?AT__m128@@T4@0@Z 000000018000afa0 f i RTreeCooking.obj
 0001:0000a1b0       ?V3Load@aos@shdfnd@physx@@YA?AT__m128@@M@Z 000000018000b1b0 f i RTreeCooking.obj
 0001:0000a200       ?V3LoadU@aos@shdfnd@physx@@YA?AT__m128@@AEBVPxVec3@3@@Z 000000018000b200 f i RTreeCooking.obj
 0001:0000a260       ?V3Max@aos@shdfnd@physx@@YA?AT__m128@@T4@0@Z 000000018000b260 f i RTreeCooking.obj
 0001:0000a3b0       ?V3Min@aos@shdfnd@physx@@YA?AT__m128@@T4@0@Z 000000018000b3b0 f i RTreeCooking.obj
 0001:0000a500       ?V3PermZXY@aos@shdfnd@physx@@YA?AT__m128@@T4@@Z 000000018000b500 f i RTreeCooking.obj
 0001:0000a5c0       ?V3ReadXYZ@aos@shdfnd@physx@@YAAEBVPxVec3@3@AEBT__m128@@@Z 000000018000b5c0 f i RTreeCooking.obj
 0001:0000a5d0       ?V3Splat@aos@shdfnd@physx@@YA?AT__m128@@T4@@Z 000000018000b5d0 f i RTreeCooking.obj
 0001:0000a6e0       ?V3StoreA@aos@shdfnd@physx@@YAXT__m128@@AEAVPxVec3@3@@Z 000000018000b6e0 f i RTreeCooking.obj
 0001:0000a7d0       ?V3StoreU@aos@shdfnd@physx@@YAXT__m128@@AEAVPxVec3@3@@Z 000000018000b7d0 f i RTreeCooking.obj
 0001:0000a850       ?V3Sub@aos@shdfnd@physx@@YA?AT__m128@@T4@0@Z 000000018000b850 f i RTreeCooking.obj
 0001:0000a9a0       ?V3Zero@aos@shdfnd@physx@@YA?AT__m128@@XZ 000000018000b9a0 f i RTreeCooking.obj
 0001:0000a9c0       ?V4ClearW@aos@shdfnd@physx@@YA?AT__m128@@T4@@Z 000000018000b9c0 f i RTreeCooking.obj
 0001:0000a9f0       ?V4Load@aos@shdfnd@physx@@YA?AT__m128@@M@Z 000000018000b9f0 f i RTreeCooking.obj
 0001:0000aa20       ?V4ReadW@aos@shdfnd@physx@@YAMAEBT__m128@@@Z 000000018000ba20 f i RTreeCooking.obj
 0001:0000aa40       ?V4ReadX@aos@shdfnd@physx@@YAMAEBT__m128@@@Z 000000018000ba40 f i RTreeCooking.obj
 0001:0000aa60       ?V4ReadY@aos@shdfnd@physx@@YAMAEBT__m128@@@Z 000000018000ba60 f i RTreeCooking.obj
 0001:0000aa80       ?V4ReadZ@aos@shdfnd@physx@@YAMAEBT__m128@@@Z 000000018000ba80 f i RTreeCooking.obj
 0001:0000aaa0       ?V4StoreA@aos@shdfnd@physx@@YAXT__m128@@PEAM@Z 000000018000baa0 f i RTreeCooking.obj
 0001:0000ab40       ?Vec3V_From_FloatV@aos@shdfnd@physx@@YA?AT__m128@@T4@@Z 000000018000bb40 f i RTreeCooking.obj
 0001:0000aba0       ?Vec3V_From_Vec4V@aos@shdfnd@physx@@YA?AT__m128@@T4@@Z 000000018000bba0 f i RTreeCooking.obj
 0001:0000abe0       ?Vec4V_From_FloatV@aos@shdfnd@physx@@YA?AT__m128@@T4@@Z 000000018000bbe0 f i RTreeCooking.obj
 0001:0000ac00       ?abs@intrinsics@physx@@YAMM@Z 000000018000bc00 f i RTreeCooking.obj
 0001:0000ac20       ?allocate@?$AlignedAllocator@$0IA@VNonTrackingAllocator@shdfnd@physx@@@shdfnd@physx@@QEAAPEAX_KPEBDH@Z 000000018000bc20 f i RTreeCooking.obj
 0001:0000acf0       ?allocate@?$Array@IVNamedAllocator@shdfnd@physx@@@shdfnd@physx@@IEAAPEAII@Z 000000018000bcf0 f i RTreeCooking.obj
 0001:0000ada0       ?allocate@?$Array@UInterval@physx@@V?$InlineAllocator@$0CA@VNamedAllocator@shdfnd@physx@@@shdfnd@2@@shdfnd@physx@@IEAAPEAUInterval@3@I@Z 000000018000bda0 f i RTreeCooking.obj
 0001:0000ae50       ?allocate@?$Array@UPxBounds3V@physx@@VNamedAllocator@shdfnd@2@@shdfnd@physx@@IEAAPEAUPxBounds3V@3@I@Z 000000018000be50 f i RTreeCooking.obj
 0001:0000af00       ?allocate@?$Array@URTreeNodeNQ@physx@@VNamedAllocator@shdfnd@2@@shdfnd@physx@@IEAAPEAURTreeNodeNQ@3@I@Z 000000018000bf00 f i RTreeCooking.obj
 0001:0000afb0       ?allocate@?$Array@URTreeNodeQ@Gu@physx@@VNamedAllocator@shdfnd@3@@shdfnd@physx@@IEAAPEAURTreeNodeQ@Gu@3@I@Z 000000018000bfb0 f i RTreeCooking.obj
 0001:0000b060       ?allocate@?$Array@VPxVec3@physx@@VNamedAllocator@shdfnd@2@@shdfnd@physx@@IEAAPEAVPxVec3@3@I@Z 000000018000c060 f i RTreeCooking.obj
 0001:0000b110       ?allocate@?$InlineAllocator@$0CA@VNamedAllocator@shdfnd@physx@@@shdfnd@physx@@QEAAPEAXIPEBDH@Z 000000018000c110 f i RTreeCooking.obj
 0001:0000b190       ?allocate@NonTrackingAllocator@shdfnd@physx@@QEAAPEAX_KPEBDH@Z 000000018000c190 f i RTreeCooking.obj
 0001:0000b220       ?begin@?$Array@IVNamedAllocator@shdfnd@physx@@@shdfnd@physx@@QEAAPEAIXZ 000000018000c220 f i RTreeCooking.obj
 0001:0000b240       ?begin@?$Array@UPxBounds3V@physx@@VNamedAllocator@shdfnd@2@@shdfnd@physx@@QEAAPEAUPxBounds3V@3@XZ 000000018000c240 f i RTreeCooking.obj
 0001:0000b260       ?begin@?$Array@VPxVec3@physx@@VNamedAllocator@shdfnd@2@@shdfnd@physx@@QEAAPEAVPxVec3@3@XZ 000000018000c260 f i RTreeCooking.obj
 0001:0000b280       ?capacity@?$Array@IVNamedAllocator@shdfnd@physx@@@shdfnd@physx@@QEBAIXZ 000000018000c280 f i RTreeCooking.obj
 0001:0000b2a0       ?capacity@?$Array@UInterval@physx@@V?$InlineAllocator@$0CA@VNamedAllocator@shdfnd@physx@@@shdfnd@2@@shdfnd@physx@@QEBAIXZ 000000018000c2a0 f i RTreeCooking.obj
 0001:0000b2c0       ?capacity@?$Array@UPxBounds3V@physx@@VNamedAllocator@shdfnd@2@@shdfnd@physx@@QEBAIXZ 000000018000c2c0 f i RTreeCooking.obj
 0001:0000b2e0       ?capacity@?$Array@URTreeNodeNQ@physx@@VNamedAllocator@shdfnd@2@@shdfnd@physx@@QEBAIXZ 000000018000c2e0 f i RTreeCooking.obj
 0001:0000b300       ?capacity@?$Array@URTreeNodeQ@Gu@physx@@VNamedAllocator@shdfnd@3@@shdfnd@physx@@QEBAIXZ 000000018000c300 f i RTreeCooking.obj
 0001:0000b320       ?capacity@?$Array@VPxVec3@physx@@VNamedAllocator@shdfnd@2@@shdfnd@physx@@QEBAIXZ 000000018000c320 f i RTreeCooking.obj
 0001:0000b340       ?capacityIncrement@?$Array@IVNamedAllocator@shdfnd@physx@@@shdfnd@physx@@IEBAIXZ 000000018000c340 f i RTreeCooking.obj
 0001:0000b390       ?capacityIncrement@?$Array@UInterval@physx@@V?$InlineAllocator@$0CA@VNamedAllocator@shdfnd@physx@@@shdfnd@2@@shdfnd@physx@@IEBAIXZ 000000018000c390 f i RTreeCooking.obj
 0001:0000b3e0       ?capacityIncrement@?$Array@UPxBounds3V@physx@@VNamedAllocator@shdfnd@2@@shdfnd@physx@@IEBAIXZ 000000018000c3e0 f i RTreeCooking.obj
 0001:0000b430       ?capacityIncrement@?$Array@URTreeNodeNQ@physx@@VNamedAllocator@shdfnd@2@@shdfnd@physx@@IEBAIXZ 000000018000c430 f i RTreeCooking.obj
 0001:0000b480       ?capacityIncrement@?$Array@URTreeNodeQ@Gu@physx@@VNamedAllocator@shdfnd@3@@shdfnd@physx@@IEBAIXZ 000000018000c480 f i RTreeCooking.obj
 0001:0000b4d0       ?capacityIncrement@?$Array@VPxVec3@physx@@VNamedAllocator@shdfnd@2@@shdfnd@physx@@IEBAIXZ 000000018000c4d0 f i RTreeCooking.obj
 0001:0000b520       ?computeSA@SubSortSAH@physx@@QEAAMPEBIAEBUInterval@2@@Z 000000018000c520 f i RTreeCooking.obj
 0001:0000b7b0       ?copy@?$Array@IVNamedAllocator@shdfnd@physx@@@shdfnd@physx@@KAXPEAI0PEBI@Z 000000018000c7b0 f i RTreeCooking.obj
 0001:0000b870       ?copy@?$Array@UInterval@physx@@V?$InlineAllocator@$0CA@VNamedAllocator@shdfnd@physx@@@shdfnd@2@@shdfnd@physx@@KAXPEAUInterval@3@0PEBU43@@Z 000000018000c870 f i RTreeCooking.obj
 0001:0000b930       ?copy@?$Array@UPxBounds3V@physx@@VNamedAllocator@shdfnd@2@@shdfnd@physx@@KAXPEAUPxBounds3V@3@0PEBU43@@Z 000000018000c930 f i RTreeCooking.obj
 0001:0000b9f0       ?copy@?$Array@URTreeNodeNQ@physx@@VNamedAllocator@shdfnd@2@@shdfnd@physx@@KAXPEAURTreeNodeNQ@3@0PEBU43@@Z 000000018000c9f0 f i RTreeCooking.obj
 0001:0000baa0       ?copy@?$Array@URTreeNodeQ@Gu@physx@@VNamedAllocator@shdfnd@3@@shdfnd@physx@@KAXPEAURTreeNodeQ@Gu@3@0PEBU453@@Z 000000018000caa0 f i RTreeCooking.obj
 0001:0000bb60       ?copy@?$Array@VPxVec3@physx@@VNamedAllocator@shdfnd@2@@shdfnd@physx@@KAXPEAVPxVec3@3@0PEBV43@@Z 000000018000cb60 f i RTreeCooking.obj
 0001:0000bc10       ?create@?$Array@IVNamedAllocator@shdfnd@physx@@@shdfnd@physx@@KAXPEAI0AEBI@Z 000000018000cc10 f i RTreeCooking.obj
 0001:0000bcb0       ?deallocate@?$Array@IVNamedAllocator@shdfnd@physx@@@shdfnd@physx@@IEAAXPEAX@Z 000000018000ccb0 f i RTreeCooking.obj
 0001:0000bce0       ?deallocate@?$Array@UInterval@physx@@V?$InlineAllocator@$0CA@VNamedAllocator@shdfnd@physx@@@shdfnd@2@@shdfnd@physx@@IEAAXPEAX@Z 000000018000cce0 f i RTreeCooking.obj
 0001:0000bd10       ?deallocate@?$Array@UPxBounds3V@physx@@VNamedAllocator@shdfnd@2@@shdfnd@physx@@IEAAXPEAX@Z 000000018000cd10 f i RTreeCooking.obj
 0001:0000bd40       ?deallocate@?$Array@URTreeNodeNQ@physx@@VNamedAllocator@shdfnd@2@@shdfnd@physx@@IEAAXPEAX@Z 000000018000cd40 f i RTreeCooking.obj
 0001:0000bd70       ?deallocate@?$Array@URTreeNodeQ@Gu@physx@@VNamedAllocator@shdfnd@3@@shdfnd@physx@@IEAAXPEAX@Z 000000018000cd70 f i RTreeCooking.obj
 0001:0000bda0       ?deallocate@?$Array@VPxVec3@physx@@VNamedAllocator@shdfnd@2@@shdfnd@physx@@IEAAXPEAX@Z 000000018000cda0 f i RTreeCooking.obj
 0001:0000bdd0       ?deallocate@?$InlineAllocator@$0CA@VNamedAllocator@shdfnd@physx@@@shdfnd@physx@@QEAAXPEAX@Z 000000018000cdd0 f i RTreeCooking.obj
 0001:0000be20       ?deallocate@NonTrackingAllocator@shdfnd@physx@@QEAAXPEAX@Z 000000018000ce20 f i RTreeCooking.obj
 0001:0000be70       ?destroy@?$Array@IVNamedAllocator@shdfnd@physx@@@shdfnd@physx@@KAXPEAI0@Z 000000018000ce70 f i RTreeCooking.obj
 0001:0000beb0       ?destroy@?$Array@UInterval@physx@@V?$InlineAllocator@$0CA@VNamedAllocator@shdfnd@physx@@@shdfnd@2@@shdfnd@physx@@KAXPEAUInterval@3@0@Z 000000018000ceb0 f i RTreeCooking.obj
 0001:0000bef0       ?destroy@?$Array@UPxBounds3V@physx@@VNamedAllocator@shdfnd@2@@shdfnd@physx@@KAXPEAUPxBounds3V@3@0@Z 000000018000cef0 f i RTreeCooking.obj
 0001:0000bf30       ?destroy@?$Array@URTreeNodeNQ@physx@@VNamedAllocator@shdfnd@2@@shdfnd@physx@@KAXPEAURTreeNodeNQ@3@0@Z 000000018000cf30 f i RTreeCooking.obj
 0001:0000bf70       ?destroy@?$Array@URTreeNodeQ@Gu@physx@@VNamedAllocator@shdfnd@3@@shdfnd@physx@@KAXPEAURTreeNodeQ@Gu@3@0@Z 000000018000cf70 f i RTreeCooking.obj
 0001:0000bfb0       ?destroy@?$Array@VPxVec3@physx@@VNamedAllocator@shdfnd@2@@shdfnd@physx@@KAXPEAVPxVec3@3@0@Z 000000018000cfb0 f i RTreeCooking.obj
 0001:0000bff0       ?empty@?$Stack@VNamedAllocator@shdfnd@physx@@@internal@shdfnd@physx@@QEAA_NXZ 000000018000cff0 f i RTreeCooking.obj
 0001:0000c030       ?empty@PxBounds3@physx@@SA?AV12@XZ 000000018000d030 f i RTreeCooking.obj
 0001:0000c0a0       ?getExtents@PxBounds3V@physx@@QEBA?AT__m128@@XZ 000000018000d0a0 f i RTreeCooking.obj
 0001:0000c110       ?getMaxVec3@PxBounds3V@physx@@QEBA?BVPxVec3@2@XZ 000000018000d110 f i RTreeCooking.obj
 0001:0000c180       ?getMinVec3@PxBounds3V@physx@@QEBA?BVPxVec3@2@XZ 000000018000d180 f i RTreeCooking.obj
 0001:0000c1e0       ?grow@?$Array@IVNamedAllocator@shdfnd@physx@@@shdfnd@physx@@IEAAXI@Z 000000018000d1e0 f i RTreeCooking.obj
 0001:0000c280       ?grow@?$Array@UPxBounds3V@physx@@VNamedAllocator@shdfnd@2@@shdfnd@physx@@IEAAXI@Z 000000018000d280 f i RTreeCooking.obj
 0001:0000c320       ?grow@?$Array@URTreeNodeNQ@physx@@VNamedAllocator@shdfnd@2@@shdfnd@physx@@IEAAXI@Z 000000018000d320 f i RTreeCooking.obj
 0001:0000c3c0       ?grow@?$Array@URTreeNodeQ@Gu@physx@@VNamedAllocator@shdfnd@3@@shdfnd@physx@@IEAAXI@Z 000000018000d3c0 f i RTreeCooking.obj
 0001:0000c460       ?grow@?$Array@VPxVec3@physx@@VNamedAllocator@shdfnd@2@@shdfnd@physx@@IEAAXI@Z 000000018000d460 f i RTreeCooking.obj
 0001:0000c500       ?grow@?$Stack@VNamedAllocator@shdfnd@physx@@@internal@shdfnd@physx@@QEAAXXZ 000000018000d500 f i RTreeCooking.obj
 0001:0000c5e0       ?growAndPushBack@?$Array@IVNamedAllocator@shdfnd@physx@@@shdfnd@physx@@IEAAAEAIAEBI@Z 000000018000d5e0 f i RTreeCooking.obj
 0001:0000c7f0       ?growAndPushBack@?$Array@UInterval@physx@@V?$InlineAllocator@$0CA@VNamedAllocator@shdfnd@physx@@@shdfnd@2@@shdfnd@physx@@IEAAAEAUInterval@3@AEBU43@@Z 000000018000d7f0 f i RTreeCooking.obj
 0001:0000ca00       ?growAndPushBack@?$Array@UPxBounds3V@physx@@VNamedAllocator@shdfnd@2@@shdfnd@physx@@IEAAAEAUPxBounds3V@3@AEBU43@@Z 000000018000da00 f i RTreeCooking.obj
 0001:0000cc60       ?growAndPushBack@?$Array@URTreeNodeNQ@physx@@VNamedAllocator@shdfnd@2@@shdfnd@physx@@IEAAAEAURTreeNodeNQ@3@AEBU43@@Z 000000018000dc60 f i RTreeCooking.obj
 0001:0000ce70       ?growAndPushBack@?$Array@URTreeNodeQ@Gu@physx@@VNamedAllocator@shdfnd@3@@shdfnd@physx@@IEAAAEAURTreeNodeQ@Gu@3@AEBU453@@Z 000000018000de70 f i RTreeCooking.obj
 0001:0000d0d0       ?growAndPushBack@?$Array@VPxVec3@physx@@VNamedAllocator@shdfnd@2@@shdfnd@physx@@IEAAAEAVPxVec3@3@AEBV43@@Z 000000018000e0d0 f i RTreeCooking.obj
 0001:0000d2e0       ?include@PxBounds3V@physx@@QEAAXAEBU12@@Z 000000018000e2e0 f i RTreeCooking.obj
 0001:0000d3b0       ?isAligned16@aos@shdfnd@physx@@YA_NPEAX@Z 000000018000e3b0 f i RTreeCooking.obj
 0001:0000d3f0       ?isFinite@PxBounds3@physx@@QEBA_NXZ 000000018000e3f0 f i RTreeCooking.obj
 0001:0000d460       ?isFinite@PxVec3@physx@@QEBA_NXZ 000000018000e460 f i RTreeCooking.obj
 0001:0000d4e0       ?isFinite@intrinsics@physx@@YA_NM@Z 000000018000e4e0 f i RTreeCooking.obj
 0001:0000d530       ?isInUserMemory@?$Array@IVNamedAllocator@shdfnd@physx@@@shdfnd@physx@@QEBAIXZ 000000018000e530 f i RTreeCooking.obj
 0001:0000d550       ?isInUserMemory@?$Array@UInterval@physx@@V?$InlineAllocator@$0CA@VNamedAllocator@shdfnd@physx@@@shdfnd@2@@shdfnd@physx@@QEBAIXZ 000000018000e550 f i RTreeCooking.obj
 0001:0000d570       ?isInUserMemory@?$Array@UPxBounds3V@physx@@VNamedAllocator@shdfnd@2@@shdfnd@physx@@QEBAIXZ 000000018000e570 f i RTreeCooking.obj
 0001:0000d590       ?isInUserMemory@?$Array@URTreeNodeNQ@physx@@VNamedAllocator@shdfnd@2@@shdfnd@physx@@QEBAIXZ 000000018000e590 f i RTreeCooking.obj
 0001:0000d5b0       ?isInUserMemory@?$Array@URTreeNodeQ@Gu@physx@@VNamedAllocator@shdfnd@3@@shdfnd@physx@@QEBAIXZ 000000018000e5b0 f i RTreeCooking.obj
 0001:0000d5d0       ?isInUserMemory@?$Array@VPxVec3@physx@@VNamedAllocator@shdfnd@2@@shdfnd@physx@@QEBAIXZ 000000018000e5d0 f i RTreeCooking.obj
 0001:0000d5f0       ?isInside@PxBounds3@physx@@QEBA_NAEBV12@@Z 000000018000e5f0 f i RTreeCooking.obj
 0001:0000d750       ?isLeaf@RTreeNodeQ@Gu@physx@@QEBAIXZ 000000018000e750 f i RTreeCooking.obj
 0001:0000d770       ?isValid@PxBounds3@physx@@QEBA_NXZ 000000018000e770 f i RTreeCooking.obj
 0001:0000d8a0       ?isValidFloatV@aos@shdfnd@physx@@YA_NT__m128@@@Z 000000018000e8a0 f i RTreeCooking.obj
 0001:0000d9f0       ?isValidVec3V@aos@shdfnd@physx@@YA_NT__m128@@@Z 000000018000e9f0 f i RTreeCooking.obj
 0001:0000da60       ?memCopy@intrinsics@physx@@YAPEAXPEAXPEBXI@Z 000000018000ea60 f i RTreeCooking.obj
 0001:0000daa0       ?pop@?$Stack@VNamedAllocator@shdfnd@physx@@@internal@shdfnd@physx@@QEAAXAEAH0@Z 000000018000eaa0 f i RTreeCooking.obj
 0001:0000dbb0       ?popBack@?$Array@IVNamedAllocator@shdfnd@physx@@@shdfnd@physx@@QEAAIXZ 000000018000ebb0 f i RTreeCooking.obj
 0001:0000dc70       ?push@?$Stack@VNamedAllocator@shdfnd@physx@@@internal@shdfnd@physx@@QEAAXHH@Z 000000018000ec70 f i RTreeCooking.obj
 0001:0000dd20       ?pushBack@?$Array@IVNamedAllocator@shdfnd@physx@@@shdfnd@physx@@QEAAAEAIAEBI@Z 000000018000ed20 f i RTreeCooking.obj
 0001:0000de10       ?pushBack@?$Array@UInterval@physx@@V?$InlineAllocator@$0CA@VNamedAllocator@shdfnd@physx@@@shdfnd@2@@shdfnd@physx@@QEAAAEAUInterval@3@AEBU43@@Z 000000018000ee10 f i RTreeCooking.obj
 0001:0000df00       ?pushBack@?$Array@UPxBounds3V@physx@@VNamedAllocator@shdfnd@2@@shdfnd@physx@@QEAAAEAUPxBounds3V@3@AEBU43@@Z 000000018000ef00 f i RTreeCooking.obj
 0001:0000e000       ?pushBack@?$Array@URTreeNodeNQ@physx@@VNamedAllocator@shdfnd@2@@shdfnd@physx@@QEAAAEAURTreeNodeNQ@3@AEBU43@@Z 000000018000f000 f i RTreeCooking.obj
 0001:0000e0f0       ?pushBack@?$Array@URTreeNodeQ@Gu@physx@@VNamedAllocator@shdfnd@3@@shdfnd@physx@@QEAAAEAURTreeNodeQ@Gu@3@AEBU453@@Z 000000018000f0f0 f i RTreeCooking.obj
 0001:0000e1f0       ?pushBack@?$Array@VPxVec3@physx@@VNamedAllocator@shdfnd@2@@shdfnd@physx@@QEAAAEAVPxVec3@3@AEBV43@@Z 000000018000f1f0 f i RTreeCooking.obj
 0001:0000e2e0       ?recreate@?$Array@IVNamedAllocator@shdfnd@physx@@@shdfnd@physx@@IEAAXI@Z 000000018000f2e0 f i RTreeCooking.obj
 0001:0000e440       ?recreate@?$Array@UPxBounds3V@physx@@VNamedAllocator@shdfnd@2@@shdfnd@physx@@IEAAXI@Z 000000018000f440 f i RTreeCooking.obj
 0001:0000e5a0       ?recreate@?$Array@URTreeNodeNQ@physx@@VNamedAllocator@shdfnd@2@@shdfnd@physx@@IEAAXI@Z 000000018000f5a0 f i RTreeCooking.obj
 0001:0000e700       ?recreate@?$Array@URTreeNodeQ@Gu@physx@@VNamedAllocator@shdfnd@3@@shdfnd@physx@@IEAAXI@Z 000000018000f700 f i RTreeCooking.obj
 0001:0000e860       ?recreate@?$Array@VPxVec3@physx@@VNamedAllocator@shdfnd@2@@shdfnd@physx@@IEAAXI@Z 000000018000f860 f i RTreeCooking.obj
 0001:0000e9c0       ?replaceWithLast@?$Array@UInterval@physx@@V?$InlineAllocator@$0CA@VNamedAllocator@shdfnd@physx@@@shdfnd@2@@shdfnd@physx@@QEAAXI@Z 000000018000f9c0 f i RTreeCooking.obj
 0001:0000ea90       ?reserve@?$Array@IVNamedAllocator@shdfnd@physx@@@shdfnd@physx@@QEAAXI@Z 000000018000fa90 f i RTreeCooking.obj
 0001:0000ead0       ?reserve@?$Array@UPxBounds3V@physx@@VNamedAllocator@shdfnd@2@@shdfnd@physx@@QEAAXI@Z 000000018000fad0 f i RTreeCooking.obj
 0001:0000eb10       ?reserve@?$Array@URTreeNodeNQ@physx@@VNamedAllocator@shdfnd@2@@shdfnd@physx@@QEAAXI@Z 000000018000fb10 f i RTreeCooking.obj
 0001:0000eb50       ?reserve@?$Array@URTreeNodeQ@Gu@physx@@VNamedAllocator@shdfnd@3@@shdfnd@physx@@QEAAXI@Z 000000018000fb50 f i RTreeCooking.obj
 0001:0000eb90       ?reserve@?$Array@VPxVec3@physx@@VNamedAllocator@shdfnd@2@@shdfnd@physx@@QEAAXI@Z 000000018000fb90 f i RTreeCooking.obj
 0001:0000ebd0       ?resize@?$Array@IVNamedAllocator@shdfnd@physx@@@shdfnd@physx@@QEAAXIAEBI@Z 000000018000fbd0 f i RTreeCooking.obj
 0001:0000ec90       ?resizeUninitialized@?$Array@URTreeNodeNQ@physx@@VNamedAllocator@shdfnd@2@@shdfnd@physx@@QEAAXI@Z 000000018000fc90 f i RTreeCooking.obj
 0001:0000ecd0       ?selectMax@intrinsics@physx@@YAMMM@Z 000000018000fcd0 f i RTreeCooking.obj
 0001:0000ed20       ?selectMin@intrinsics@physx@@YAMMM@Z 000000018000fd20 f i RTreeCooking.obj
 0001:0000ed70       ?setEmpty@PxBounds3@physx@@QEAAXXZ 000000018000fd70 f i RTreeCooking.obj
 0001:0000ede0       ?setLeaf@RTreeNodeQ@Gu@physx@@QEAAX_N@Z 000000018000fde0 f i RTreeCooking.obj
 0001:0000ee30       ?size@?$Array@IVNamedAllocator@shdfnd@physx@@@shdfnd@physx@@QEBAIXZ 000000018000fe30 f i RTreeCooking.obj
 0001:0000ee50       ?size@?$Array@UInterval@physx@@V?$InlineAllocator@$0CA@VNamedAllocator@shdfnd@physx@@@shdfnd@2@@shdfnd@physx@@QEBAIXZ 000000018000fe50 f i RTreeCooking.obj
 0001:0000ee70       ?size@?$Array@URTreeNodeNQ@physx@@VNamedAllocator@shdfnd@2@@shdfnd@physx@@QEBAIXZ 000000018000fe70 f i RTreeCooking.obj
 0001:0000ee90       ?size@?$Array@URTreeNodeQ@Gu@physx@@VNamedAllocator@shdfnd@3@@shdfnd@physx@@QEBAIXZ 000000018000fe90 f i RTreeCooking.obj
 0001:0000eeb0       ?size@?$Array@VPxVec3@physx@@VNamedAllocator@shdfnd@2@@shdfnd@physx@@QEBAIXZ 000000018000feb0 f i RTreeCooking.obj
 0001:0000eed0       ?sort4@SubSortQuick@physx@@QEAAXPEIAIIAEAV?$Array@URTreeNodeNQ@physx@@VNamedAllocator@shdfnd@2@@shdfnd@2@AEAIAEAUPxBounds3V@2@I@Z 000000018000fed0 f i RTreeCooking.obj
 0001:0000fb80       ?sort4@SubSortSAH@physx@@QEAAXPEAIIAEAV?$Array@URTreeNodeNQ@physx@@VNamedAllocator@shdfnd@2@@shdfnd@2@AEAIIPEAURTreeNodeNQ@2@@Z 0000000180010b80 f i RTreeCooking.obj
 0001:00010d20       ?split@SubSortSAH@physx@@QEAAIPEAII@Z 0000000180011d20 f i RTreeCooking.obj
 0001:00011fc0       fabsf                      0000000180012fc0 f i RTreeCooking.obj
 0001:00011ff0       ??0TriangleMeshBuilder@physx@@QEAA@AEAVTriangleMeshData@Gu@1@AEBUPxCookingParams@1@@Z 0000000180012ff0 f   TriangleMeshBuilder.obj
 0001:00012050       ??1TriangleMeshBuilder@physx@@UEAA@XZ 0000000180013050 f   TriangleMeshBuilder.obj
 0001:00012080       ?cleanMesh@TriangleMeshBuilder@physx@@QEAA_N_NPEAW4Enum@PxTriangleMeshCookingResult@2@@Z 0000000180013080 f   TriangleMeshBuilder.obj
 0001:00012910       ?remapTopology@TriangleMeshBuilder@physx@@QEAAXPEBI@Z 0000000180013910 f   TriangleMeshBuilder.obj
 0001:00012d30       ?createSharedEdgeData@TriangleMeshBuilder@physx@@QEAAX_N0@Z 0000000180013d30 f   TriangleMeshBuilder.obj
 0001:000135f0       ?recordTriangleIndices@TriangleMeshBuilder@physx@@QEAAXXZ 00000001800145f0 f   TriangleMeshBuilder.obj
 0001:000137f0       ?createGRBMidPhaseAndData@TriangleMeshBuilder@physx@@QEAAXI@Z 00000001800147f0 f   TriangleMeshBuilder.obj
 0001:00013b50       ?createGRBData@TriangleMeshBuilder@physx@@QEAAXXZ 0000000180014b50 f   TriangleMeshBuilder.obj
 0001:00013cf0       ?loadFromDesc@TriangleMeshBuilder@physx@@QEAA_NAEBVPxTriangleMeshDesc@2@PEAW4Enum@PxTriangleMeshCookingResult@2@_N@Z 0000000180014cf0 f   TriangleMeshBuilder.obj
 0001:00013fe0       ?save@TriangleMeshBuilder@physx@@QEBA_NAEAVPxOutputStream@2@_NAEBUPxCookingParams@2@@Z 0000000180014fe0 f   TriangleMeshBuilder.obj
 0001:00014910       ?checkMeshIndicesSize@TriangleMeshBuilder@physx@@QEAAXXZ 0000000180015910 f   TriangleMeshBuilder.obj
 0001:00014b10       ?computeLocalBounds@TriangleMeshBuilder@physx@@IEAAXXZ 0000000180015b10 f   TriangleMeshBuilder.obj
 0001:00014c20       ?importMesh@TriangleMeshBuilder@physx@@IEAA_NAEBVPxTriangleMeshDesc@2@AEBUPxCookingParams@2@PEAW4Enum@PxTriangleMeshCookingResult@2@_N@Z 0000000180015c20 f   TriangleMeshBuilder.obj
 0001:000152b0       ?releaseEdgeList@TriangleMeshBuilder@physx@@IEAAXXZ 00000001800162b0 f   TriangleMeshBuilder.obj
 0001:00015310       ?createEdgeList@TriangleMeshBuilder@physx@@IEAAXXZ 0000000180016310 f   TriangleMeshBuilder.obj
 0001:000154a0       ??0RTreeTriangleMeshBuilder@physx@@QEAA@AEBUPxCookingParams@1@@Z 00000001800164a0 f   TriangleMeshBuilder.obj
 0001:00015500       ??1RTreeTriangleMeshBuilder@physx@@UEAA@XZ 0000000180016500 f   TriangleMeshBuilder.obj
 0001:00015540       ?createMidPhaseStructure@RTreeTriangleMeshBuilder@physx@@UEAAXXZ 0000000180016540 f   TriangleMeshBuilder.obj
 0001:000157f0       ?saveMidPhaseStructure@RTreeTriangleMeshBuilder@physx@@UEBAXAEAVPxOutputStream@2@_N@Z 00000001800167f0 f   TriangleMeshBuilder.obj
 0001:00015ae0       ??0BV4TriangleMeshBuilder@physx@@QEAA@AEBUPxCookingParams@1@@Z 0000000180016ae0 f   TriangleMeshBuilder.obj
 0001:00015b40       ??1BV4TriangleMeshBuilder@physx@@UEAA@XZ 0000000180016b40 f   TriangleMeshBuilder.obj
 0001:00015b80       ?createMidPhaseStructure@BV4TriangleMeshBuilder@physx@@UEAAXXZ 0000000180016b80 f   TriangleMeshBuilder.obj
 0001:00016030       ?saveMidPhaseStructure@BV4TriangleMeshBuilder@physx@@UEBAXAEAVPxOutputStream@2@_N@Z 0000000180017030 f   TriangleMeshBuilder.obj
 0001:00016270       ?onMeshIndexFormatChange@BV4TriangleMeshBuilder@physx@@UEAAXXZ 0000000180017270 f   TriangleMeshBuilder.obj
 0001:00016300       ?createMidPhaseStructure@BV32TriangleMeshBuilder@physx@@SAXAEBUPxCookingParams@2@AEAVTriangleMeshData@Gu@2@AEAVBV32Tree@52@@Z 0000000180017300 f   TriangleMeshBuilder.obj
 0001:000165f0       ?saveMidPhaseStructure@BV32TriangleMeshBuilder@physx@@SAXPEAVBV32Tree@Gu@2@AEAVPxOutputStream@2@_N@Z 00000001800175f0 f   TriangleMeshBuilder.obj
 0001:00017090       ?findSharpVertices@GrbTrimeshCookerHelper@physx@@YAXAEAV?$Array@USortedNeighbor@GrbTrimeshCookerHelper@physx@@VNamedAllocator@shdfnd@3@@shdfnd@2@AEAV?$Array@USharpEdgeRange@GrbTrimeshCookerHelper@physx@@VNamedAllocator@shdfnd@3@@42@PEBUuint3@2@PEBUuint4@2@II@Z 0000000180018090 f   TriangleMeshBuilder.obj
 0001:000175a0       ?buildVertexConnectionNew_p1@GrbTrimeshCookerHelper@physx@@YAIAEAV?$Array@USortedNeighbor@GrbTrimeshCookerHelper@physx@@VNamedAllocator@shdfnd@3@@shdfnd@2@AEAV?$Array@USharpEdgeRange@GrbTrimeshCookerHelper@physx@@VNamedAllocator@shdfnd@3@@42@PEBUuint3@2@PEBUuint4@2@II@Z 00000001800185a0 f   TriangleMeshBuilder.obj
 0001:00017640       ?buildVertexConnectionNew_p2@GrbTrimeshCookerHelper@physx@@YAXPEAI00AEAV?$Array@USortedNeighbor@GrbTrimeshCookerHelper@physx@@VNamedAllocator@shdfnd@3@@shdfnd@2@AEAV?$Array@USharpEdgeRange@GrbTrimeshCookerHelper@physx@@VNamedAllocator@shdfnd@3@@42@I@Z 0000000180018640 f   TriangleMeshBuilder.obj
 0001:00018ce0       ??$?2V?$ReflectionAllocator@VBV32Tree@Gu@physx@@@shdfnd@physx@@@UserAllocated@shdfnd@physx@@SAPEAX_KV?$ReflectionAllocator@VBV32Tree@Gu@physx@@@12@PEBDH@Z 0000000180019ce0 f i TriangleMeshBuilder.obj
 0001:00018d30       ??$?2V?$ReflectionAllocator@VEdgeListBuilder@Gu@physx@@@shdfnd@physx@@@UserAllocated@shdfnd@physx@@SAPEAX_KV?$ReflectionAllocator@VEdgeListBuilder@Gu@physx@@@12@PEBDH@Z 0000000180019d30 f i TriangleMeshBuilder.obj
 0001:00018d80       ??$?_UE@@YAPEAX_KV?$ReflectionAllocator@E@shdfnd@physx@@PEBDH@Z 0000000180019d80 f i TriangleMeshBuilder.obj
 0001:00018dd0       ??$?_UG@@YAPEAX_KV?$ReflectionAllocator@G@shdfnd@physx@@PEBDH@Z 0000000180019dd0 f i TriangleMeshBuilder.obj
 0001:00018e20       ??$?_UI@@YAPEAX_KV?$ReflectionAllocator@I@shdfnd@physx@@PEBDH@Z 0000000180019e20 f i TriangleMeshBuilder.obj
 0001:00018e70       ??$PX_UNUSED@U?$TriangleT@I@Gu@physx@@@@YAXAEBU?$TriangleT@I@Gu@physx@@@Z 0000000180019e70 f i TriangleMeshBuilder.obj
 0001:00018e80       ??$median3@UEdgeTriLookup@physx@@$$CBU?$Less@UEdgeTriLookup@physx@@@shdfnd@2@@internal@shdfnd@physx@@YAXPEAUEdgeTriLookup@2@HHAEBU?$Less@UEdgeTriLookup@physx@@@12@@Z 0000000180019e80 f i TriangleMeshBuilder.obj
 0001:000190a0       ??$median3@USortedNeighbor@GrbTrimeshCookerHelper@physx@@$$CBU?$Less@USortedNeighbor@GrbTrimeshCookerHelper@physx@@@shdfnd@3@@internal@shdfnd@physx@@YAXPEAUSortedNeighbor@GrbTrimeshCookerHelper@2@HHAEBU?$Less@USortedNeighbor@GrbTrimeshCookerHelper@physx@@@12@@Z 000000018001a0a0 f i TriangleMeshBuilder.obj
 0001:000192c0       ??$partition@UEdgeTriLookup@physx@@$$CBU?$Less@UEdgeTriLookup@physx@@@shdfnd@2@@internal@shdfnd@physx@@YAHPEAUEdgeTriLookup@2@HHAEBU?$Less@UEdgeTriLookup@physx@@@12@@Z 000000018001a2c0 f i TriangleMeshBuilder.obj
 0001:00019560       ??$partition@USortedNeighbor@GrbTrimeshCookerHelper@physx@@$$CBU?$Less@USortedNeighbor@GrbTrimeshCookerHelper@physx@@@shdfnd@3@@internal@shdfnd@physx@@YAHPEAUSortedNeighbor@GrbTrimeshCookerHelper@2@HHAEBU?$Less@USortedNeighbor@GrbTrimeshCookerHelper@physx@@@12@@Z 000000018001a560 f i TriangleMeshBuilder.obj
 0001:00019800       ??$smallSort@UEdgeTriLookup@physx@@$$CBU?$Less@UEdgeTriLookup@physx@@@shdfnd@2@@internal@shdfnd@physx@@YAXPEAUEdgeTriLookup@2@HHAEBU?$Less@UEdgeTriLookup@physx@@@12@@Z 000000018001a800 f i TriangleMeshBuilder.obj
 0001:00019930       ??$smallSort@USortedNeighbor@GrbTrimeshCookerHelper@physx@@$$CBU?$Less@USortedNeighbor@GrbTrimeshCookerHelper@physx@@@shdfnd@3@@internal@shdfnd@physx@@YAXPEAUSortedNeighbor@GrbTrimeshCookerHelper@2@HHAEBU?$Less@USortedNeighbor@GrbTrimeshCookerHelper@physx@@@12@@Z 000000018001a930 f i TriangleMeshBuilder.obj
 0001:00019a60       ??$sort@UEdgeTriLookup@physx@@@shdfnd@physx@@YAXPEAUEdgeTriLookup@1@I@Z 000000018001aa60 f i TriangleMeshBuilder.obj
 0001:00019ac0       ??$sort@UEdgeTriLookup@physx@@U?$Less@UEdgeTriLookup@physx@@@shdfnd@2@VNamedAllocator@42@@shdfnd@physx@@YAXPEAUEdgeTriLookup@1@IAEBU?$Less@UEdgeTriLookup@physx@@@01@AEBVNamedAllocator@01@I@Z 000000018001aac0 f i TriangleMeshBuilder.obj
 0001:00019e80       ??$sort@USortedNeighbor@GrbTrimeshCookerHelper@physx@@@shdfnd@physx@@YAXPEAUSortedNeighbor@GrbTrimeshCookerHelper@1@I@Z 000000018001ae80 f i TriangleMeshBuilder.obj
 0001:00019ee0       ??$sort@USortedNeighbor@GrbTrimeshCookerHelper@physx@@U?$Less@USortedNeighbor@GrbTrimeshCookerHelper@physx@@@shdfnd@3@VNamedAllocator@53@@shdfnd@physx@@YAXPEAUSortedNeighbor@GrbTrimeshCookerHelper@1@IAEBU?$Less@USortedNeighbor@GrbTrimeshCookerHelper@physx@@@01@AEBVNamedAllocator@01@I@Z 000000018001aee0 f i TriangleMeshBuilder.obj
 0001:0001a2a0       ??$swap@UEdgeTriLookup@physx@@@shdfnd@physx@@YAXAEAUEdgeTriLookup@1@0@Z 000000018001b2a0 f i TriangleMeshBuilder.obj
 0001:0001a310       ??$swap@USortedNeighbor@GrbTrimeshCookerHelper@physx@@@shdfnd@physx@@YAXAEAUSortedNeighbor@GrbTrimeshCookerHelper@1@0@Z 000000018001b310 f i TriangleMeshBuilder.obj
 0001:0001a380       ??0?$Array@IVNamedAllocator@shdfnd@physx@@@shdfnd@physx@@QEAA@AEBVNamedAllocator@12@@Z 000000018001b380 f i TriangleMeshBuilder.obj
 0001:0001a3e0       ??0?$PxFlags@W4Enum@PxMeshFlag@physx@@G@physx@@QEAA@AEBV01@@Z 000000018001b3e0 f i TriangleMeshBuilder.obj
 0001:0001a410       ??0?$PxFlags@W4Enum@PxMeshFlag@physx@@G@physx@@QEAA@W4Enum@PxMeshFlag@1@@Z 000000018001b410 f i TriangleMeshBuilder.obj
 0001:0001a440       ??0?$PxFlags@W4Enum@PxMeshFlag@physx@@G@physx@@QEAA@XZ 000000018001b440 f i TriangleMeshBuilder.obj
 0001:0001a460       ??0?$PxFlags@W4Enum@PxMeshPreprocessingFlag@physx@@I@physx@@QEAA@AEBV01@@Z 000000018001b460 f i TriangleMeshBuilder.obj
 0001:0001a490       ??0?$ReflectionAllocator@E@shdfnd@physx@@QEAA@PEBD@Z 000000018001b490 f i TriangleMeshBuilder.obj
 0001:0001a4b0       ??0?$ReflectionAllocator@G@shdfnd@physx@@QEAA@PEBD@Z 000000018001b4b0 f i TriangleMeshBuilder.obj
 0001:0001a4d0       ??0?$ReflectionAllocator@I@shdfnd@physx@@QEAA@PEBD@Z 000000018001b4d0 f i TriangleMeshBuilder.obj
 0001:0001a4f0       ??0?$ReflectionAllocator@VBV32Tree@Gu@physx@@@shdfnd@physx@@QEAA@PEBD@Z 000000018001b4f0 f i TriangleMeshBuilder.obj
 0001:0001a510       ??0?$ReflectionAllocator@VEdgeListBuilder@Gu@physx@@@shdfnd@physx@@QEAA@PEBD@Z 000000018001b510 f i TriangleMeshBuilder.obj
 0001:0001a530       ??0BV4TriangleData@Gu@physx@@QEAA@XZ 000000018001b530 f i TriangleMeshBuilder.obj
 0001:0001a5b0       ??0EDGELISTCREATE@Gu@physx@@QEAA@XZ 000000018001b5b0 f i TriangleMeshBuilder.obj
 0001:0001a630       ??0PxPlane@physx@@QEAA@AEBVPxVec3@1@0@Z 000000018001b630 f i TriangleMeshBuilder.obj
 0001:0001a6a0       ??0PxSimpleTriangleMesh@physx@@QEAA@AEBV01@@Z 000000018001b6a0 f i TriangleMeshBuilder.obj
 0001:0001a720       ??0PxTriangleMeshDesc@physx@@QEAA@AEBV01@@Z 000000018001b720 f i TriangleMeshBuilder.obj
 0001:0001a780       ??0PxVec4@physx@@QEAA@XZ   000000018001b780 f i TriangleMeshBuilder.obj
 0001:0001a790       ??0RTree@Gu@physx@@QEAA@XZ 000000018001b790 f i TriangleMeshBuilder.obj
 0001:0001a850       ??0RTreeCookerRemap@physx@@QEAA@I@Z 000000018001b850 f i TriangleMeshBuilder.obj
 0001:0001a8a0       ??0RTreeTriangleData@Gu@physx@@QEAA@XZ 000000018001b8a0 f i TriangleMeshBuilder.obj
 0001:0001a900       ??0RemapCallback@RTreeCooker@physx@@QEAA@XZ 000000018001b900 f i TriangleMeshBuilder.obj
 0001:0001a920       ??0SharpEdgeRange@GrbTrimeshCookerHelper@physx@@QEAA@II@Z 000000018001b920 f i TriangleMeshBuilder.obj
 0001:0001a960       ??0SharpEdgeRange@GrbTrimeshCookerHelper@physx@@QEAA@XZ 000000018001b960 f i TriangleMeshBuilder.obj
 0001:0001a990       ??0SortedNeighbor@GrbTrimeshCookerHelper@physx@@QEAA@II_N@Z 000000018001b990 f i TriangleMeshBuilder.obj
 0001:0001a9e0       ??0TriangleMeshData@Gu@physx@@QEAA@XZ 000000018001b9e0 f i TriangleMeshBuilder.obj
 0001:0001ab00       ??1BV4TriangleData@Gu@physx@@UEAA@XZ 000000018001bb00 f i TriangleMeshBuilder.obj
 0001:0001ab70       ??1RTree@Gu@physx@@QEAA@XZ 000000018001bb70 f i TriangleMeshBuilder.obj
 0001:0001ab90       ??1RTreeCookerRemap@physx@@UEAA@XZ 000000018001bb90 f i TriangleMeshBuilder.obj
 0001:0001abb0       ??1RTreeTriangleData@Gu@physx@@UEAA@XZ 000000018001bbb0 f i TriangleMeshBuilder.obj
 0001:0001ac00       ??1RemapCallback@RTreeCooker@physx@@UEAA@XZ 000000018001bc00 f i TriangleMeshBuilder.obj
 0001:0001ac20       ??1TriangleMeshData@Gu@physx@@UEAA@XZ 000000018001bc20 f i TriangleMeshBuilder.obj
 0001:0001af00       ??3UserAllocated@shdfnd@physx@@SAXPEAX@Z 000000018001bf00 f i TriangleMeshBuilder.obj
 0001:0001af30       ??A?$Array@USharpEdgeRange@GrbTrimeshCookerHelper@physx@@VNamedAllocator@shdfnd@3@@shdfnd@physx@@QEAAAEAUSharpEdgeRange@GrbTrimeshCookerHelper@2@I@Z 000000018001bf30 f i TriangleMeshBuilder.obj
 0001:0001afd0       ??A?$Array@USortedNeighbor@GrbTrimeshCookerHelper@physx@@VNamedAllocator@shdfnd@3@@shdfnd@physx@@QEAAAEAUSortedNeighbor@GrbTrimeshCookerHelper@2@I@Z 000000018001bfd0 f i TriangleMeshBuilder.obj
 0001:0001b070       ??APxVec3@physx@@QEAAAEAMI@Z 000000018001c070 f i TriangleMeshBuilder.obj
 0001:0001b100       ??B?$PxFlags@W4Enum@PxMeshFlag@physx@@G@physx@@QEBA_NXZ 000000018001c100 f i TriangleMeshBuilder.obj
 0001:0001b140       ??B?$PxFlags@W4Enum@PxMeshPreprocessingFlag@physx@@I@physx@@QEBA_NXZ 000000018001c140 f i TriangleMeshBuilder.obj
 0001:0001b170       ??DPxVec3@physx@@QEBA?AV01@M@Z 000000018001c170 f i TriangleMeshBuilder.obj
 0001:0001b200       ??GPxVec3@physx@@QEBA?AV01@AEBV01@@Z 000000018001c200 f i TriangleMeshBuilder.obj
 0001:0001b2a0       ??I?$PxFlags@W4Enum@PxMeshFlag@physx@@G@physx@@QEBA?AV01@W4Enum@PxMeshFlag@1@@Z 000000018001c2a0 f i TriangleMeshBuilder.obj
 0001:0001b310       ??I?$PxFlags@W4Enum@PxMeshPreprocessingFlag@physx@@I@physx@@QEBA?AV01@W4Enum@PxMeshPreprocessingFlag@1@@Z 000000018001c310 f i TriangleMeshBuilder.obj
 0001:0001b370       ??MEdgeTriLookup@physx@@QEBA_NAEBU01@@Z 000000018001c370 f i TriangleMeshBuilder.obj
 0001:0001b3e0       ??MSortedNeighbor@GrbTrimeshCookerHelper@physx@@QEBA_NAEBU012@@Z 000000018001c3e0 f i TriangleMeshBuilder.obj
 0001:0001b4a0       ??NEdgeTriLookup@physx@@QEBA_NAEBU01@@Z 000000018001c4a0 f i TriangleMeshBuilder.obj
 0001:0001b510       ??R?$Less@UEdgeTriLookup@physx@@@shdfnd@physx@@QEBA_NAEBUEdgeTriLookup@2@0@Z 000000018001c510 f i TriangleMeshBuilder.obj
 0001:0001b540       ??R?$Less@USortedNeighbor@GrbTrimeshCookerHelper@physx@@@shdfnd@physx@@QEBA_NAEBUSortedNeighbor@GrbTrimeshCookerHelper@2@0@Z 000000018001c540 f i TriangleMeshBuilder.obj
 0001:0001b570       ??S?$PxFlags@W4Enum@PxMeshFlag@physx@@G@physx@@QEBA?AV01@XZ 000000018001c570 f i TriangleMeshBuilder.obj
 0001:0001b5c0       ??Sphysx@@YA?AV?$PxFlags@W4Enum@PxMeshFlag@physx@@G@0@W4Enum@PxMeshFlag@0@@Z 000000018001c5c0 f i TriangleMeshBuilder.obj
 0001:0001b600       ??_4?$PxFlags@W4Enum@PxMeshFlag@physx@@G@physx@@QEAAAEAV01@AEBV01@@Z 000000018001c600 f i TriangleMeshBuilder.obj
 0001:0001b640       ??_GBV32Tree@Gu@physx@@QEAAPEAXI@Z 000000018001c640 f i TriangleMeshBuilder.obj
 0001:0001b6b0       ??_GBV4TriangleData@Gu@physx@@UEAAPEAXI@Z 000000018001c6b0 f i TriangleMeshBuilder.obj
 0001:0001b6b0       ??_EBV4TriangleData@Gu@physx@@UEAAPEAXI@Z 000000018001c6b0 f i TriangleMeshBuilder.obj
 0001:0001b720       ??_GBV4TriangleMeshBuilder@physx@@UEAAPEAXI@Z 000000018001c720 f i TriangleMeshBuilder.obj
 0001:0001b720       ??_EBV4TriangleMeshBuilder@physx@@UEAAPEAXI@Z 000000018001c720 f i TriangleMeshBuilder.obj
 0001:0001b770       ??_GEdgeListBuilder@Gu@physx@@QEAAPEAXI@Z 000000018001c770 f i TriangleMeshBuilder.obj
 0001:0001b7e0       ??_GRTreeCookerRemap@physx@@UEAAPEAXI@Z 000000018001c7e0 f i TriangleMeshBuilder.obj
 0001:0001b7e0       ??_ERTreeCookerRemap@physx@@UEAAPEAXI@Z 000000018001c7e0 f i TriangleMeshBuilder.obj
 0001:0001b830       ??_GRTreeTriangleData@Gu@physx@@UEAAPEAXI@Z 000000018001c830 f i TriangleMeshBuilder.obj
 0001:0001b830       ??_ERTreeTriangleData@Gu@physx@@UEAAPEAXI@Z 000000018001c830 f i TriangleMeshBuilder.obj
 0001:0001b8a0       ??_GRTreeTriangleMeshBuilder@physx@@UEAAPEAXI@Z 000000018001c8a0 f i TriangleMeshBuilder.obj
 0001:0001b8a0       ??_ERTreeTriangleMeshBuilder@physx@@UEAAPEAXI@Z 000000018001c8a0 f i TriangleMeshBuilder.obj
 0001:0001b8f0       ??_GRemapCallback@RTreeCooker@physx@@UEAAPEAXI@Z 000000018001c8f0 f i TriangleMeshBuilder.obj
 0001:0001b8f0       ??_ERemapCallback@RTreeCooker@physx@@UEAAPEAXI@Z 000000018001c8f0 f i TriangleMeshBuilder.obj
 0001:0001b940       ??_ETriangleMeshBuilder@physx@@UEAAPEAXI@Z 000000018001c940 f i TriangleMeshBuilder.obj
 0001:0001b940       ??_GTriangleMeshBuilder@physx@@UEAAPEAXI@Z 000000018001c940 f i TriangleMeshBuilder.obj
 0001:0001b990       ??_ETriangleMeshData@Gu@physx@@UEAAPEAXI@Z 000000018001c990 f i TriangleMeshBuilder.obj
 0001:0001b990       ??_GTriangleMeshData@Gu@physx@@UEAAPEAXI@Z 000000018001c990 f i TriangleMeshBuilder.obj
 0001:0001ba00       ?HasActiveEdge01@EdgeTriangleAC@Gu@physx@@SAHAEBUEdgeTriangleData@23@@Z 000000018001ca00 f i TriangleMeshBuilder.obj
 0001:0001ba30       ?HasActiveEdge12@EdgeTriangleAC@Gu@physx@@SAHAEBUEdgeTriangleData@23@@Z 000000018001ca30 f i TriangleMeshBuilder.obj
 0001:0001ba60       ?HasActiveEdge20@EdgeTriangleAC@Gu@physx@@SAHAEBUEdgeTriangleData@23@@Z 000000018001ca60 f i TriangleMeshBuilder.obj
 0001:0001ba90       ?LeafSetData@Gu@physx@@YAIII@Z 000000018001ca90 f i TriangleMeshBuilder.obj
 0001:0001bba0       ?PxRecipSqrt@physx@@YAMM@Z 000000018001cba0 f i TriangleMeshBuilder.obj
 0001:0001bbc0       ?SetData@LeafTriangles@Gu@physx@@QEAAXII@Z 000000018001cbc0 f i TriangleMeshBuilder.obj
 0001:0001bc00       ?WriteDwordBuffer@physx@@YAXPEBII_NAEAVPxOutputStream@1@@Z 000000018001cc00 f i TriangleMeshBuilder.obj
 0001:0001bc50       ?allocate@?$Array@USharpEdgeRange@GrbTrimeshCookerHelper@physx@@VNamedAllocator@shdfnd@3@@shdfnd@physx@@IEAAPEAUSharpEdgeRange@GrbTrimeshCookerHelper@3@I@Z 000000018001cc50 f i TriangleMeshBuilder.obj
 0001:0001bd00       ?allocate@?$Array@USortedNeighbor@GrbTrimeshCookerHelper@physx@@VNamedAllocator@shdfnd@3@@shdfnd@physx@@IEAAPEAUSortedNeighbor@GrbTrimeshCookerHelper@3@I@Z 000000018001cd00 f i TriangleMeshBuilder.obj
 0001:0001bdb0       ?allocate@?$ReflectionAllocator@E@shdfnd@physx@@QEAAPEAX_KPEBDH@Z 000000018001cdb0 f i TriangleMeshBuilder.obj
 0001:0001be50       ?allocate@?$ReflectionAllocator@G@shdfnd@physx@@QEAAPEAX_KPEBDH@Z 000000018001ce50 f i TriangleMeshBuilder.obj
 0001:0001bef0       ?allocate@?$ReflectionAllocator@I@shdfnd@physx@@QEAAPEAX_KPEBDH@Z 000000018001cef0 f i TriangleMeshBuilder.obj
 0001:0001bf90       ?allocate@?$ReflectionAllocator@VBV32Tree@Gu@physx@@@shdfnd@physx@@QEAAPEAX_KPEBDH@Z 000000018001cf90 f i TriangleMeshBuilder.obj
 0001:0001c030       ?allocate@?$ReflectionAllocator@VEdgeListBuilder@Gu@physx@@@shdfnd@physx@@QEAAPEAX_KPEBDH@Z 000000018001d030 f i TriangleMeshBuilder.obj
 0001:0001c0d0       ?allocateMaterials@TriangleMeshData@Gu@physx@@QEAAPEAGXZ 000000018001d0d0 f i TriangleMeshBuilder.obj
 0001:0001c240       ?allocateTriangles@TriangleMeshData@Gu@physx@@QEAAPEAXI_NI@Z 000000018001d240 f i TriangleMeshBuilder.obj
 0001:0001c510       ?allocateVertices@TriangleMeshData@Gu@physx@@QEAAPEAVPxVec3@3@I@Z 000000018001d510 f i TriangleMeshBuilder.obj
 0001:0001c620       ?begin@?$Array@USortedNeighbor@GrbTrimeshCookerHelper@physx@@VNamedAllocator@shdfnd@3@@shdfnd@physx@@QEAAPEAUSortedNeighbor@GrbTrimeshCookerHelper@3@XZ 000000018001d620 f i TriangleMeshBuilder.obj
 0001:0001c640       ?capacity@?$Array@USharpEdgeRange@GrbTrimeshCookerHelper@physx@@VNamedAllocator@shdfnd@3@@shdfnd@physx@@QEBAIXZ 000000018001d640 f i TriangleMeshBuilder.obj
 0001:0001c660       ?capacity@?$Array@USortedNeighbor@GrbTrimeshCookerHelper@physx@@VNamedAllocator@shdfnd@3@@shdfnd@physx@@QEBAIXZ 000000018001d660 f i TriangleMeshBuilder.obj
 0001:0001c680       ?capacityIncrement@?$Array@USortedNeighbor@GrbTrimeshCookerHelper@physx@@VNamedAllocator@shdfnd@3@@shdfnd@physx@@IEBAIXZ 000000018001d680 f i TriangleMeshBuilder.obj
 0001:0001c6d0       ?copy@?$Array@USharpEdgeRange@GrbTrimeshCookerHelper@physx@@VNamedAllocator@shdfnd@3@@shdfnd@physx@@KAXPEAUSharpEdgeRange@GrbTrimeshCookerHelper@3@0PEBU453@@Z 000000018001d6d0 f i TriangleMeshBuilder.obj
 0001:0001c790       ?copy@?$Array@USortedNeighbor@GrbTrimeshCookerHelper@physx@@VNamedAllocator@shdfnd@3@@shdfnd@physx@@KAXPEAUSortedNeighbor@GrbTrimeshCookerHelper@3@0PEBU453@@Z 000000018001d790 f i TriangleMeshBuilder.obj
 0001:0001c850       ?create@?$Array@USharpEdgeRange@GrbTrimeshCookerHelper@physx@@VNamedAllocator@shdfnd@3@@shdfnd@physx@@KAXPEAUSharpEdgeRange@GrbTrimeshCookerHelper@3@0AEBU453@@Z 000000018001d850 f i TriangleMeshBuilder.obj
 0001:0001c8f0       ?cross@PxVec3@physx@@QEBA?AV12@AEBV12@@Z 000000018001d8f0 f i TriangleMeshBuilder.obj
 0001:0001c9e0       ?deallocate@?$AlignedAllocator@$0IA@VNonTrackingAllocator@shdfnd@physx@@@shdfnd@physx@@QEAAXPEAX@Z 000000018001d9e0 f i TriangleMeshBuilder.obj
 0001:0001ca50       ?deallocate@?$Array@USharpEdgeRange@GrbTrimeshCookerHelper@physx@@VNamedAllocator@shdfnd@3@@shdfnd@physx@@IEAAXPEAX@Z 000000018001da50 f i TriangleMeshBuilder.obj
 0001:0001ca80       ?deallocate@?$Array@USortedNeighbor@GrbTrimeshCookerHelper@physx@@VNamedAllocator@shdfnd@3@@shdfnd@physx@@IEAAXPEAX@Z 000000018001da80 f i TriangleMeshBuilder.obj
 0001:0001cab0       ?destroy@?$Array@USharpEdgeRange@GrbTrimeshCookerHelper@physx@@VNamedAllocator@shdfnd@3@@shdfnd@physx@@KAXPEAUSharpEdgeRange@GrbTrimeshCookerHelper@3@0@Z 000000018001dab0 f i TriangleMeshBuilder.obj
 0001:0001caf0       ?destroy@?$Array@USortedNeighbor@GrbTrimeshCookerHelper@physx@@VNamedAllocator@shdfnd@3@@shdfnd@physx@@KAXPEAUSortedNeighbor@GrbTrimeshCookerHelper@3@0@Z 000000018001daf0 f i TriangleMeshBuilder.obj
 0001:0001cb30       ?distance@PxPlane@physx@@QEBAMAEBVPxVec3@2@@Z 000000018001db30 f i TriangleMeshBuilder.obj
 0001:0001cb70       ?dot@PxVec3@physx@@QEBAMAEBV12@@Z 000000018001db70 f i TriangleMeshBuilder.obj
 0001:0001cbd0       ?findEdgeCCW@?$TriangleT@I@Gu@physx@@QEBAEII@Z 000000018001dbd0 f i TriangleMeshBuilder.obj
 0001:0001cd80       ?gatherStrided@Cooking@physx@@SAXPEBXPEAXIII@Z 000000018001dd80 f i TriangleMeshBuilder.obj
 0001:0001ce30       ?getEdgeToTriangles@EdgeList@Gu@physx@@QEBAPEBUEdgeDescData@23@XZ 000000018001de30 f i TriangleMeshBuilder.obj
 0001:0001ce50       ?getEdgeTriangle@EdgeList@Gu@physx@@QEBAAEBUEdgeTriangleData@23@I@Z 000000018001de50 f i TriangleMeshBuilder.obj
 0001:0001ce80       ?getEdges@EdgeList@Gu@physx@@QEBAPEBUEdgeData@23@XZ 000000018001de80 f i TriangleMeshBuilder.obj
 0001:0001cea0       ?getFacesByEdges@EdgeList@Gu@physx@@QEBAPEBIXZ 000000018001dea0 f i TriangleMeshBuilder.obj
 0001:0001cec0       ?getFoundation@shdfnd@physx@@YAAEAVFoundation@12@XZ 000000018001dec0 f i TriangleMeshBuilder.obj
 0001:0001cee0       ?getMidphaseID@BV4TriangleMeshBuilder@physx@@UEBA?AW4Enum@PxMeshMidPhase@2@XZ 000000018001dee0 f i TriangleMeshBuilder.obj
 0001:0001cef0       ?getMidphaseID@RTreeTriangleMeshBuilder@physx@@UEBA?AW4Enum@PxMeshMidPhase@2@XZ 000000018001def0 f i TriangleMeshBuilder.obj
 0001:0001cf00       ?getName@?$ReflectionAllocator@E@shdfnd@physx@@CAPEBDXZ 000000018001df00 f i TriangleMeshBuilder.obj
 0001:0001cf50       ?getName@?$ReflectionAllocator@G@shdfnd@physx@@CAPEBDXZ 000000018001df50 f i TriangleMeshBuilder.obj
 0001:0001cfa0       ?getName@?$ReflectionAllocator@I@shdfnd@physx@@CAPEBDXZ 000000018001dfa0 f i TriangleMeshBuilder.obj
 0001:0001cff0       ?getName@?$ReflectionAllocator@VBV32Tree@Gu@physx@@@shdfnd@physx@@CAPEBDXZ 000000018001dff0 f i TriangleMeshBuilder.obj
 0001:0001d040       ?getName@?$ReflectionAllocator@VEdgeListBuilder@Gu@physx@@@shdfnd@physx@@CAPEBDXZ 000000018001e040 f i TriangleMeshBuilder.obj
 0001:0001d090       ?getNbEdges@EdgeList@Gu@physx@@QEBAIXZ 000000018001e090 f i TriangleMeshBuilder.obj
 0001:0001d0a0       ?getNbFaces@EdgeList@Gu@physx@@QEBAIXZ 000000018001e0a0 f i TriangleMeshBuilder.obj
 0001:0001d0c0       ?getNormalized@PxVec3@physx@@QEBA?AV12@XZ 000000018001e0c0 f i TriangleMeshBuilder.obj
 0001:0001d170       ?getRemap@SourceMesh@Gu@physx@@QEBAPEBIXZ 000000018001e170 f i TriangleMeshBuilder.obj
 0001:0001d190       ?getType@PxMidphaseDesc@physx@@QEBA?AW4Enum@PxMeshMidPhase@2@XZ 000000018001e190 f i TriangleMeshBuilder.obj
 0001:0001d1b0       ?grow@?$Array@USharpEdgeRange@GrbTrimeshCookerHelper@physx@@VNamedAllocator@shdfnd@3@@shdfnd@physx@@IEAAXI@Z 000000018001e1b0 f i TriangleMeshBuilder.obj
 0001:0001d250       ?grow@?$Array@USortedNeighbor@GrbTrimeshCookerHelper@physx@@VNamedAllocator@shdfnd@3@@shdfnd@physx@@IEAAXI@Z 000000018001e250 f i TriangleMeshBuilder.obj
 0001:0001d2f0       ?growAndPushBack@?$Array@USortedNeighbor@GrbTrimeshCookerHelper@physx@@VNamedAllocator@shdfnd@3@@shdfnd@physx@@IEAAAEAUSortedNeighbor@GrbTrimeshCookerHelper@3@AEBU453@@Z 000000018001e2f0 f i TriangleMeshBuilder.obj
 0001:0001d550       ?has16BitIndices@TriangleMeshData@Gu@physx@@QEBA_NXZ 000000018001e550 f i TriangleMeshBuilder.obj
 0001:0001d590       ?initRemap@SourceMesh@Gu@physx@@QEAAXXZ 000000018001e590 f i TriangleMeshBuilder.obj
 0001:0001d5b0       ?isInUserMemory@?$Array@USharpEdgeRange@GrbTrimeshCookerHelper@physx@@VNamedAllocator@shdfnd@3@@shdfnd@physx@@QEBAIXZ 000000018001e5b0 f i TriangleMeshBuilder.obj
 0001:0001d5d0       ?isInUserMemory@?$Array@USortedNeighbor@GrbTrimeshCookerHelper@physx@@VNamedAllocator@shdfnd@3@@shdfnd@physx@@QEBAIXZ 000000018001e5d0 f i TriangleMeshBuilder.obj
 0001:0001d5f0       ?isValid@PxBVH33MidphaseDesc@physx@@QEBA_NXZ 000000018001e5f0 f i TriangleMeshBuilder.obj
 0001:0001d630       ?isValid@PxBVH34MidphaseDesc@physx@@QEBA_NXZ 000000018001e630 f i TriangleMeshBuilder.obj
 0001:0001d660       ?isValid@PxMidphaseDesc@physx@@QEBA_NXZ 000000018001e660 f i TriangleMeshBuilder.obj
 0001:0001d6c0       ?isValid@PxSimpleTriangleMesh@physx@@QEBA_NXZ 000000018001e6c0 f i TriangleMeshBuilder.obj
 0001:0001d7d0       ?isValid@PxTriangleMeshDesc@physx@@QEBA_NXZ 000000018001e7d0 f i TriangleMeshBuilder.obj
 0001:0001d860       ?magnitudeSquared@PxVec3@physx@@QEBAMXZ 000000018001e860 f i TriangleMeshBuilder.obj
 0001:0001d8c0       ?name@type_info@@QEBAPEBDXZ 000000018001e8c0 f i TriangleMeshBuilder.obj
 0001:0001d8f0       ?onMeshIndexFormatChange@TriangleMeshBuilder@physx@@UEAAXXZ 000000018001e8f0 f i TriangleMeshBuilder.obj
 0001:0001d900       ?pushBack@?$Array@USortedNeighbor@GrbTrimeshCookerHelper@physx@@VNamedAllocator@shdfnd@3@@shdfnd@physx@@QEAAAEAUSortedNeighbor@GrbTrimeshCookerHelper@3@AEBU453@@Z 000000018001e900 f i TriangleMeshBuilder.obj
 0001:0001da00       ?recipSqrt@intrinsics@physx@@YAMM@Z 000000018001ea00 f i TriangleMeshBuilder.obj
 0001:0001da40       ?recreate@?$Array@USharpEdgeRange@GrbTrimeshCookerHelper@physx@@VNamedAllocator@shdfnd@3@@shdfnd@physx@@IEAAXI@Z 000000018001ea40 f i TriangleMeshBuilder.obj
 0001:0001dba0       ?recreate@?$Array@USortedNeighbor@GrbTrimeshCookerHelper@physx@@VNamedAllocator@shdfnd@3@@shdfnd@physx@@IEAAXI@Z 000000018001eba0 f i TriangleMeshBuilder.obj
 0001:0001dd00       ?release@RTree@Gu@physx@@QEAAXXZ 000000018001ed00 f i TriangleMeshBuilder.obj
 0001:0001dd80       ?releaseRemap@SourceMesh@Gu@physx@@QEAAXXZ 000000018001ed80 f i TriangleMeshBuilder.obj
 0001:0001ddd0       ?remap@RTreeCookerRemap@physx@@UEAAXPEAIII@Z 000000018001edd0 f i TriangleMeshBuilder.obj
 0001:0001e040       ?reserve@?$Array@USharpEdgeRange@GrbTrimeshCookerHelper@physx@@VNamedAllocator@shdfnd@3@@shdfnd@physx@@QEAAXI@Z 000000018001f040 f i TriangleMeshBuilder.obj
 0001:0001e080       ?reserve@?$Array@USortedNeighbor@GrbTrimeshCookerHelper@physx@@VNamedAllocator@shdfnd@3@@shdfnd@physx@@QEAAXI@Z 000000018001f080 f i TriangleMeshBuilder.obj
 0001:0001e0c0       ?resize@?$Array@USharpEdgeRange@GrbTrimeshCookerHelper@physx@@VNamedAllocator@shdfnd@3@@shdfnd@physx@@QEAAXIAEBUSharpEdgeRange@GrbTrimeshCookerHelper@3@@Z 000000018001f0c0 f i TriangleMeshBuilder.obj
 0001:0001e180       ?resizeUninitialized@?$Array@USortedNeighbor@GrbTrimeshCookerHelper@physx@@VNamedAllocator@shdfnd@3@@shdfnd@physx@@QEAAXI@Z 000000018001f180 f i TriangleMeshBuilder.obj
 0001:0001e1c0       ?setNbTriangles@SourceMesh@Gu@physx@@QEAAXI@Z 000000018001f1c0 f i TriangleMeshBuilder.obj
 0001:0001e1e0       ?setNbVertices@SourceMesh@Gu@physx@@QEAAXI@Z 000000018001f1e0 f i TriangleMeshBuilder.obj
 0001:0001e200       ?setPointers@SourceMesh@Gu@physx@@QEAAXPEAVIndTri32@23@PEAVIndTri16@23@PEBVPxVec3@3@@Z 000000018001f200 f i TriangleMeshBuilder.obj
 0001:0001e250       ?setTriangleAdjacency@TriangleMeshData@Gu@physx@@QEAAXIII@Z 000000018001f250 f i TriangleMeshBuilder.obj
 0001:0001e300       ?size@?$Array@USortedNeighbor@GrbTrimeshCookerHelper@physx@@VNamedAllocator@shdfnd@3@@shdfnd@physx@@QEBAIXZ 000000018001f300 f i TriangleMeshBuilder.obj
 0001:0001e320       ?to16@shdfnd@physx@@YAGI@Z 000000018001f320 f i TriangleMeshBuilder.obj
 0001:0001e3a0       ?writeChunk@physx@@YAXCCCCAEAVPxOutputStream@1@@Z 000000018001f3a0 f i TriangleMeshBuilder.obj
 0001:0001e450       ?writeIntBuffer@physx@@YAXPEBII_NAEAVPxOutputStream@1@@Z 000000018001f450 f i TriangleMeshBuilder.obj
 0001:0001e4a0       ??0BigConvexDataBuilder@physx@@QEAA@PEBUConvexHullData@Gu@1@PEAVBigConvexData@1@PEBVPxVec3@1@@Z 000000018001f4a0 f   BigConvexDataBuilder.obj
 0001:0001e4f0       ??1BigConvexDataBuilder@physx@@QEAA@XZ 000000018001f4f0 f   BigConvexDataBuilder.obj
 0001:0001e500       ?precompute@BigConvexDataBuilder@physx@@QEAA_NI@Z 000000018001f500 f   BigConvexDataBuilder.obj
 0001:0001eb20       ?initialize@BigConvexDataBuilder@physx@@QEAA_NXZ 000000018001fb20 f   BigConvexDataBuilder.obj
 0001:0001eb90       ?save@BigConvexDataBuilder@physx@@QEBA_NAEAVPxOutputStream@2@_N@Z 000000018001fb90 f   BigConvexDataBuilder.obj
 0001:0001ecc0       ?computeValencies@BigConvexDataBuilder@physx@@QEAA_NAEBVConvexHullBuilder@2@@Z 000000018001fcc0 f   BigConvexDataBuilder.obj
 0001:0001f500       ?saveValencies@BigConvexDataBuilder@physx@@QEBA_NAEAVPxOutputStream@2@_N@Z 0000000180020500 f   BigConvexDataBuilder.obj
 0001:0001fbf0       ??B?$PxBitAndDataT@G$0IAAA@@physx@@QEBAGXZ 0000000180020bf0 f i BigConvexDataBuilder.obj
 0001:0001fc10       ??_0PxVec3@physx@@QEAAAEAV01@M@Z 0000000180020c10 f i BigConvexDataBuilder.obj
 0001:0001fca0       ?PxMemZero@physx@@YAPEAXPEAXI@Z 0000000180020ca0 f i BigConvexDataBuilder.obj
 0001:0001fcd0       ?PxSqrt@physx@@YAMM@Z      0000000180020cd0 f i BigConvexDataBuilder.obj
 0001:0001fcf0       ?magnitude@PxVec3@physx@@QEBAMXZ 0000000180020cf0 f i BigConvexDataBuilder.obj
 0001:0001fd20       ?memZero@intrinsics@physx@@YAPEAXPEAXI@Z 0000000180020d20 f i BigConvexDataBuilder.obj
 0001:0001fd60       ?normalize@PxVec3@physx@@QEAAMXZ 0000000180020d60 f i BigConvexDataBuilder.obj
 0001:0001fdc0       ?precomputeSample@BigConvexDataBuilder@physx@@IEAAXAEBVPxVec3@2@AEAEM@Z 0000000180020dc0 f i BigConvexDataBuilder.obj
 0001:00020080       ?sqrt@intrinsics@physx@@YAMM@Z 0000000180021080 f i BigConvexDataBuilder.obj
 0001:00020130       ??0ConvexHullBuilder@physx@@QEAA@PEAUConvexHullData@Gu@1@_N@Z 0000000180021130 f   ConvexHullBuilder.obj
 0001:000201c0       ??1ConvexHullBuilder@physx@@QEAA@XZ 00000001800211c0 f   ConvexHullBuilder.obj
 0001:00020300       ?init@ConvexHullBuilder@physx@@QEAA_NIPEBVPxVec3@2@PEBIIIPEBUPxHullPolygon@2@_NPEAVConvexHullLib@2@@Z 0000000180021300 f   ConvexHullBuilder.obj
 0001:00020bd0       ?save@ConvexHullBuilder@physx@@QEBA_NAEAVPxOutputStream@2@_N@Z 0000000180021bd0 f   ConvexHullBuilder.obj
 0001:00021000       ?copy@ConvexHullBuilder@physx@@QEAA_NAEAUConvexHullData@Gu@2@AEAI@Z 0000000180022000 f   ConvexHullBuilder.obj
 0001:00021790       ?createEdgeList@ConvexHullBuilder@physx@@QEAA_N_NI@Z 0000000180022790 f   ConvexHullBuilder.obj
 0001:00022590       ?checkHullPolygons@ConvexHullBuilder@physx@@QEBA_NXZ 0000000180023590 f   ConvexHullBuilder.obj
 0001:00022e40       ?calculateVertexMapTable@ConvexHullBuilder@physx@@QEAA_NI_N@Z 0000000180023e40 f   ConvexHullBuilder.obj
 0001:000230f0       ?computeGeomCenter@ConvexHullBuilder@physx@@IEBA_NAEAVPxVec3@2@IPEAUHullTriangleData@2@@Z 00000001800240f0 f   ConvexHullBuilder.obj
 0001:00023f10       ??$?_UUEdgeDescData@Gu@physx@@@@YAPEAX_KV?$ReflectionAllocator@UEdgeDescData@Gu@physx@@@shdfnd@physx@@PEBDH@Z 0000000180024f10 f i ConvexHullBuilder.obj
 0001:00023f60       ??$?_U_N@@YAPEAX_KV?$ReflectionAllocator@_N@shdfnd@physx@@PEBDH@Z 0000000180024f60 f i ConvexHullBuilder.obj
 0001:00023fb0       ??0?$PxBitAndDataT@G$0IAAA@@physx@@QEAA@G_N@Z 0000000180024fb0 f i ConvexHullBuilder.obj
 0001:00024010       ??0?$ReflectionAllocator@UEdgeDescData@Gu@physx@@@shdfnd@physx@@QEAA@PEBD@Z 0000000180025010 f i ConvexHullBuilder.obj
 0001:00024030       ??0?$ReflectionAllocator@_N@shdfnd@physx@@QEAA@PEBD@Z 0000000180025030 f i ConvexHullBuilder.obj
 0001:00024050       ??0?$TriangleT@I@Gu@physx@@QEAA@III@Z 0000000180025050 f i ConvexHullBuilder.obj
 0001:000240c0       ??0HullPolygonData@Gu@physx@@QEAA@AEBU012@@Z 00000001800250c0 f i ConvexHullBuilder.obj
 0001:00024140       ??0PxPlane@physx@@QEAA@AEBV01@@Z 0000000180025140 f i ConvexHullBuilder.obj
 0001:00024190       ??0PxPlane@physx@@QEAA@MMMM@Z 0000000180025190 f i ConvexHullBuilder.obj
 0001:00024200       ??4PxPlane@physx@@QEAAAEAV01@$$QEAV01@@Z 0000000180025200 f i ConvexHullBuilder.obj
 0001:00024250       ??YPxVec3@physx@@QEAAAEAV01@AEBV01@@Z 0000000180025250 f i ConvexHullBuilder.obj
 0001:000242d0       ?PxMemSet@physx@@YAPEAXPEAXHI@Z 00000001800252d0 f i ConvexHullBuilder.obj
 0001:00024310       ?allocate@?$ReflectionAllocator@UEdgeDescData@Gu@physx@@@shdfnd@physx@@QEAAPEAX_KPEBDH@Z 0000000180025310 f i ConvexHullBuilder.obj
 0001:000243b0       ?allocate@?$ReflectionAllocator@_N@shdfnd@physx@@QEAAPEAX_KPEBDH@Z 00000001800253b0 f i ConvexHullBuilder.obj
 0001:00024450       ?area@?$TriangleT@I@Gu@physx@@QEBAMPEBVPxVec3@3@@Z 0000000180025450 f i ConvexHullBuilder.obj
 0001:00024570       ?center@?$TriangleT@I@Gu@physx@@QEBAXPEBVPxVec3@3@AEAV43@@Z 0000000180025570 f i ConvexHullBuilder.obj
 0001:00024680       ?computeBufferSize@Gu@physx@@YAIAEBUConvexHullData@12@I@Z 0000000180025680 f i ConvexHullBuilder.obj
 0001:000247e0       ?computeNbPolygons@ConvexHullBuilder@physx@@QEBAIXZ 00000001800257e0 f i ConvexHullBuilder.obj
 0001:00024880       ?flip@physx@@YAXAEAG@Z     0000000180025880 f i ConvexHullBuilder.obj
 0001:00024900       ?flip@physx@@YAXAEAM@Z     0000000180025900 f i ConvexHullBuilder.obj
 0001:000249f0       ?flipData@Gu@physx@@YAXAEAUHullPolygonData@12@@Z 00000001800259f0 f i ConvexHullBuilder.obj
 0001:00024a70       ?getName@?$ReflectionAllocator@UEdgeDescData@Gu@physx@@@shdfnd@physx@@CAPEBDXZ 0000000180025a70 f i ConvexHullBuilder.obj
 0001:00024ac0       ?getName@?$ReflectionAllocator@_N@shdfnd@physx@@CAPEBDXZ 0000000180025ac0 f i ConvexHullBuilder.obj
 0001:00024b10       ?isBitSet@?$PxBitAndDataT@G$0IAAA@@physx@@QEBAGXZ 0000000180025b10 f i ConvexHullBuilder.obj
 0001:00024b30       ?memSet@intrinsics@physx@@YAPEAXPEAXHI@Z 0000000180025b30 f i ConvexHullBuilder.obj
 0001:00024b70       ?to8@shdfnd@physx@@YAEI@Z  0000000180025b70 f i ConvexHullBuilder.obj
 0001:00024bf0       ??1ConvexHullLib@physx@@UEAA@XZ 0000000180025bf0 f   ConvexHullLib.obj
 0001:00024c70       ?cleanupVertices@ConvexHullLib@physx@@IEAA_NIPEBVPxVec3@2@IAEAIPEAV32@AEAV32@3@Z 0000000180025c70 f   ConvexHullLib.obj
 0001:00025340       ?shiftAndcleanupVertices@ConvexHullLib@physx@@IEAA_NIPEBVPxVec3@2@IAEAIPEAV32@AEAV32@3@Z 0000000180026340 f   ConvexHullLib.obj
 0001:00025550       ?swapLargestFace@ConvexHullLib@physx@@IEAAXAEAVPxConvexMeshDesc@2@@Z 0000000180026550 f   ConvexHullLib.obj
 0001:00025940       ?shiftConvexMeshDesc@ConvexHullLib@physx@@IEAAXAEAVPxConvexMeshDesc@2@@Z 0000000180026940 f   ConvexHullLib.obj
 0001:000266e0       ??0?$PxFlags@W4Enum@PxConvexFlag@physx@@G@physx@@QEAA@AEBV01@@Z 00000001800276e0 f i ConvexHullLib.obj
 0001:00026710       ??0PxBounds3@physx@@QEAA@XZ 0000000180027710 f i ConvexHullLib.obj
 0001:00026750       ??B?$PxFlags@W4Enum@PxConvexFlag@physx@@G@physx@@QEBA_NXZ 0000000180027750 f i ConvexHullLib.obj
 0001:00026790       ??I?$PxFlags@W4Enum@PxConvexFlag@physx@@G@physx@@QEBA?AV01@W4Enum@PxConvexFlag@1@@Z 0000000180027790 f i ConvexHullLib.obj
 0001:00026800       ??_GConvexHullLib@physx@@UEAAPEAXI@Z 0000000180027800 f i ConvexHullLib.obj
 0001:00026800       ??_EConvexHullLib@physx@@UEAAPEAXI@Z 0000000180027800 f i ConvexHullLib.obj
 0001:00026850       ?getCenter@PxBounds3@physx@@QEBA?AVPxVec3@2@XZ 0000000180027850 f i ConvexHullLib.obj
 0001:00026920       ?getDimensions@PxBounds3@physx@@QEBA?AVPxVec3@2@XZ 0000000180027920 f i ConvexHullLib.obj
 0001:000269d0       ?include@PxBounds3@physx@@QEAAXAEBVPxVec3@2@@Z 00000001800279d0 f i ConvexHullLib.obj
 0001:00026ac0       ?maximum@PxVec3@physx@@QEBA?AV12@AEBV12@@Z 0000000180027ac0 f i ConvexHullLib.obj
 0001:00026b80       ?minimum@PxVec3@physx@@QEBA?AV12@AEBV12@@Z 0000000180027b80 f i ConvexHullLib.obj
 0001:00026c40       ?multiply@PxVec3@physx@@QEBA?AV12@AEBV12@@Z 0000000180027c40 f i ConvexHullLib.obj
 0001:00026ce0       ??0ConvexHull@physx@@QEAA@AEBVPxVec3@1@0AEBV?$Array@VPxPlane@physx@@VNamedAllocator@shdfnd@2@@shdfnd@1@@Z 0000000180027ce0 f   ConvexHullUtils.obj
 0001:00027590       ??0ConvexHull@physx@@QEAA@AEBVPxVec3@1@AEBVPxTransform@1@AEBV?$Array@VPxPlane@physx@@VNamedAllocator@shdfnd@2@@shdfnd@1@@Z 0000000180028590 f   ConvexHullUtils.obj
 0001:00027fc0       ?findCandidatePlane@ConvexHull@physx@@QEBAHMM@Z 0000000180028fc0 f   ConvexHullUtils.obj
 0001:000283c0       ?assertIntact@ConvexHull@physx@@QEBA_NM@Z 00000001800293c0 f   ConvexHullUtils.obj
 0001:00028bc0       ?maxNumVertsPerFace@ConvexHull@physx@@QEBAIXZ 0000000180029bc0 f   ConvexHullUtils.obj
 0001:00028c90       ?convexHullCrop@physx@@YAPEAVConvexHull@1@AEBV21@AEBVPxPlane@1@M@Z 0000000180029c90 f   ConvexHullUtils.obj
 0001:0002a310       ?computeOBBFromConvex@physx@@YA_NAEBVPxConvexMeshDesc@1@AEAVPxVec3@1@AEAVPxTransform@1@@Z 000000018002b310 f   ConvexHullUtils.obj
 0001:0002ac60       ?computeOBBSIMD@local@@YAXIPEBT__m128@@AEAT2@AEBT2@1@Z 000000018002bc60 f   ConvexHullUtils.obj
 0001:0002c430       ??$?2V?$ReflectionAllocator@VConvexHull@physx@@@shdfnd@physx@@@UserAllocated@shdfnd@physx@@SAPEAX_KV?$ReflectionAllocator@VConvexHull@physx@@@12@PEBDH@Z 000000018002d430 f i ConvexHullUtils.obj
 0001:0002c480       ??$PX_UNUSED@W4PxIDENTITY@physx@@@@YAXAEBW4PxIDENTITY@physx@@@Z 000000018002d480 f i ConvexHullUtils.obj
 0001:0002c490       ??0?$Array@VHalfEdge@ConvexHull@physx@@VNamedAllocator@shdfnd@3@@shdfnd@physx@@QEAA@AEBVNamedAllocator@12@@Z 000000018002d490 f i ConvexHullUtils.obj
 0001:0002c4f0       ??0?$Array@VPxPlane@physx@@VNamedAllocator@shdfnd@2@@shdfnd@physx@@QEAA@AEBVNamedAllocator@12@@Z 000000018002d4f0 f i ConvexHullUtils.obj
 0001:0002c550       ??0?$PxFlags@W4Enum@PxConvexFlag@physx@@G@physx@@QEAA@XZ 000000018002d550 f i ConvexHullUtils.obj
 0001:0002c570       ??0?$ReflectionAllocator@VConvexHull@physx@@@shdfnd@physx@@QEAA@PEBD@Z 000000018002d570 f i ConvexHullUtils.obj
 0001:0002c590       ??0ConvexHull@physx@@QEAA@AEBV01@@Z 000000018002d590 f i ConvexHullUtils.obj
 0001:0002c670       ??0ConvexHull@physx@@QEAA@AEBV?$Array@VPxPlane@physx@@VNamedAllocator@shdfnd@2@@shdfnd@1@@Z 000000018002d670 f i ConvexHullUtils.obj
 0001:0002c740       ??0HalfEdge@ConvexHull@physx@@QEAA@FEE@Z 000000018002d740 f i ConvexHullUtils.obj
 0001:0002c7a0       ??0HalfEdge@ConvexHull@physx@@QEAA@XZ 000000018002d7a0 f i ConvexHullUtils.obj
 0001:0002c7b0       ??0Mat33V@aos@shdfnd@physx@@QEAA@XZ 000000018002d7b0 f i ConvexHullUtils.obj
 0001:0002c7c0       ??0PxBoundedData@physx@@QEAA@XZ 000000018002d7c0 f i ConvexHullUtils.obj
 0001:0002c800       ??0PxConvexMeshDesc@physx@@QEAA@XZ 000000018002d800 f i ConvexHullUtils.obj
 0001:0002c890       ??0PxIntegrals@physx@@QEAA@XZ 000000018002d890 f i ConvexHullUtils.obj
 0001:0002c8c0       ??0PxMat33@physx@@QEAA@AEBV01@@Z 000000018002d8c0 f i ConvexHullUtils.obj
 0001:0002c940       ??0PxMat33@physx@@QEAA@AEBVPxQuat@1@@Z 000000018002d940 f i ConvexHullUtils.obj
 0001:0002cc80       ??0PxMat33@physx@@QEAA@AEBVPxVec3@1@00@Z 000000018002dc80 f i ConvexHullUtils.obj
 0001:0002cd00       ??0PxMat33@physx@@QEAA@W4PxIDENTITY@1@@Z 000000018002dd00 f i ConvexHullUtils.obj
 0001:0002cda0       ??0PxMat33@physx@@QEAA@XZ  000000018002dda0 f i ConvexHullUtils.obj
 0001:0002ce00       ??0PxPlane@physx@@QEAA@AEBVPxVec3@1@00@Z 000000018002de00 f i ConvexHullUtils.obj
 0001:0002cef0       ??0PxPlane@physx@@QEAA@AEBVPxVec3@1@M@Z 000000018002def0 f i ConvexHullUtils.obj
 0001:0002cf40       ??0PxPlane@physx@@QEAA@XZ  000000018002df40 f i ConvexHullUtils.obj
 0001:0002cf70       ??0PxQuat@physx@@QEAA@MAEBVPxVec3@1@@Z 000000018002df70 f i ConvexHullUtils.obj
 0001:0002d0d0       ??0PxQuat@physx@@QEAA@XZ   000000018002e0d0 f i ConvexHullUtils.obj
 0001:0002d0e0       ??0PxStridedData@physx@@QEAA@XZ 000000018002e0e0 f i ConvexHullUtils.obj
 0001:0002d110       ??4PxPlane@physx@@QEAAAEAV01@AEBV01@@Z 000000018002e110 f i ConvexHullUtils.obj
 0001:0002d160       ??8PxPlane@physx@@QEBA_NAEBV01@@Z 000000018002e160 f i ConvexHullUtils.obj
 0001:0002d1d0       ??8PxVec3@physx@@QEBA_NAEBV01@@Z 000000018002e1d0 f i ConvexHullUtils.obj
 0001:0002d250       ??A?$Array@VHalfEdge@ConvexHull@physx@@VNamedAllocator@shdfnd@3@@shdfnd@physx@@QEAAAEAVHalfEdge@ConvexHull@2@I@Z 000000018002e250 f i ConvexHullUtils.obj
 0001:0002d2f0       ??A?$Array@VHalfEdge@ConvexHull@physx@@VNamedAllocator@shdfnd@3@@shdfnd@physx@@QEBAAEBVHalfEdge@ConvexHull@2@I@Z 000000018002e2f0 f i ConvexHullUtils.obj
 0001:0002d390       ??A?$Array@VPxPlane@physx@@VNamedAllocator@shdfnd@2@@shdfnd@physx@@QEBAAEBVPxPlane@2@I@Z 000000018002e390 f i ConvexHullUtils.obj
 0001:0002d430       ??A?$Array@VPxVec3@physx@@VNamedAllocator@shdfnd@2@@shdfnd@physx@@QEAAAEAVPxVec3@2@I@Z 000000018002e430 f i ConvexHullUtils.obj
 0001:0002d4d0       ??A?$Array@VPxVec3@physx@@VNamedAllocator@shdfnd@2@@shdfnd@physx@@QEBAAEBVPxVec3@2@I@Z 000000018002e4d0 f i ConvexHullUtils.obj
 0001:0002d570       ??APxMat33@physx@@QEAAAEAVPxVec3@1@I@Z 000000018002e570 f i ConvexHullUtils.obj
 0001:0002d5a0       ??GPxVec3@physx@@QEBA?AV01@XZ 000000018002e5a0 f i ConvexHullUtils.obj
 0001:0002d630       ??RPxMat33@physx@@QEAAAEAMII@Z 000000018002e630 f i ConvexHullUtils.obj
 0001:0002d670       ??XPxVec3@physx@@QEAAAEAV01@M@Z 000000018002e670 f i ConvexHullUtils.obj
 0001:0002d6f0       ?FAdd@aos@shdfnd@physx@@YA?AT__m128@@T4@0@Z 000000018002e6f0 f i ConvexHullUtils.obj
 0001:0002d840       ?FMul@aos@shdfnd@physx@@YA?AT__m128@@T4@0@Z 000000018002e840 f i ConvexHullUtils.obj
 0001:0002d990       ?FScaleAdd@aos@shdfnd@physx@@YA?AT__m128@@T4@00@Z 000000018002e990 f i ConvexHullUtils.obj
 0001:0002dbf0       ?PxCos@physx@@YAMM@Z       000000018002ebf0 f i ConvexHullUtils.obj
 0001:0002dc10       ?PxSin@physx@@YAMM@Z       000000018002ec10 f i ConvexHullUtils.obj
 0001:0002dc30       ?QuatGetMat33V@aos@shdfnd@physx@@YAXAEBT__m128@@AEAT4@11@Z 000000018002ec30 f i ConvexHullUtils.obj
 0001:0002e0d0       ?QuatRotateInv@aos@shdfnd@physx@@YA?AT__m128@@T4@0@Z 000000018002f0d0 f i ConvexHullUtils.obj
 0001:0002e460       ?QuatVLoadU@aos@shdfnd@physx@@YA?AT__m128@@PEBM@Z 000000018002f460 f i ConvexHullUtils.obj
 0001:0002e490       ?V3Cross@aos@shdfnd@physx@@YA?AT__m128@@T4@0@Z 000000018002f490 f i ConvexHullUtils.obj
 0001:0002e700       ?V3NegScaleSub@aos@shdfnd@physx@@YA?AT__m128@@T4@00@Z 000000018002f700 f i ConvexHullUtils.obj
 0001:0002e960       ?V3Scale@aos@shdfnd@physx@@YA?AT__m128@@T4@0@Z 000000018002f960 f i ConvexHullUtils.obj
 0001:0002eab0       ?V3ScaleAdd@aos@shdfnd@physx@@YA?AT__m128@@T4@00@Z 000000018002fab0 f i ConvexHullUtils.obj
 0001:0002ed10       ?V4Add@aos@shdfnd@physx@@YA?AT__m128@@T4@0@Z 000000018002fd10 f i ConvexHullUtils.obj
 0001:0002ed50       ?V4GetW@aos@shdfnd@physx@@YA?AT__m128@@T4@@Z 000000018002fd50 f i ConvexHullUtils.obj
 0001:0002ed80       ?V4GetX@aos@shdfnd@physx@@YA?AT__m128@@T4@@Z 000000018002fd80 f i ConvexHullUtils.obj
 0001:0002edb0       ?V4GetY@aos@shdfnd@physx@@YA?AT__m128@@T4@@Z 000000018002fdb0 f i ConvexHullUtils.obj
 0001:0002ede0       ?V4GetZ@aos@shdfnd@physx@@YA?AT__m128@@T4@@Z 000000018002fde0 f i ConvexHullUtils.obj
 0001:0002ee10       ?V4LoadU@aos@shdfnd@physx@@YA?AT__m128@@QEBM@Z 000000018002fe10 f i ConvexHullUtils.obj
 0001:0002ee40       ?V4Max@aos@shdfnd@physx@@YA?AT__m128@@T4@0@Z 000000018002fe40 f i ConvexHullUtils.obj
 0001:0002ee80       ?V4Min@aos@shdfnd@physx@@YA?AT__m128@@T4@0@Z 000000018002fe80 f i ConvexHullUtils.obj
 0001:0002eec0       ?V4Mul@aos@shdfnd@physx@@YA?AT__m128@@T4@0@Z 000000018002fec0 f i ConvexHullUtils.obj
 0001:0002ef00       ?V4MulAdd@aos@shdfnd@physx@@YA?AT__m128@@T4@00@Z 000000018002ff00 f i ConvexHullUtils.obj
 0001:0002efb0       ?V4Neg@aos@shdfnd@physx@@YA?AT__m128@@T4@@Z 000000018002ffb0 f i ConvexHullUtils.obj
 0001:0002eff0       ?V4Scale@aos@shdfnd@physx@@YA?AT__m128@@T4@0@Z 000000018002fff0 f i ConvexHullUtils.obj
[...]
 0003:00000b44       ?_ignore@?2??growAndPushBack@?$Array@PEAUQuickHullVertex@local@@VNamedAllocator@shdfnd@physx@@@shdfnd@physx@@IEAAAEAPEAUQuickHullVertex@local@@AEBQEAU56@@Z@4_NA 000000018007db44     QuickHullConvexHullLib.obj
 0003:00000b45       ?_ignore@?2??recreate@?$Array@PEAUQuickHullVertex@local@@VNamedAllocator@shdfnd@physx@@@shdfnd@physx@@IEAAXI@Z@4_NA 000000018007db45     QuickHullConvexHullLib.obj
 0003:00000b46       ?_ignore@?2??growAndPushBack@?$Array@PEAUQuickHullHalfEdge@local@@VNamedAllocator@shdfnd@physx@@@shdfnd@physx@@IEAAAEAPEAUQuickHullHalfEdge@local@@AEBQEAU56@@Z@4_NA 000000018007db46     QuickHullConvexHullLib.obj
 0003:00000b47       ?_ignore@?2??recreate@?$Array@PEAUQuickHullHalfEdge@local@@VNamedAllocator@shdfnd@physx@@@shdfnd@physx@@IEAAXI@Z@4_NA 000000018007db47     QuickHullConvexHullLib.obj
 0003:00000b48       ?_ignore@?2??growAndPushBack@?$Array@PEAUQuickHullFace@local@@VNamedAllocator@shdfnd@physx@@@shdfnd@physx@@IEAAAEAPEAUQuickHullFace@local@@AEBQEAU56@@Z@4_NA 000000018007db48     QuickHullConvexHullLib.obj
 0003:00000b49       ?_ignore@?2??recreate@?$Array@PEAUQuickHullFace@local@@VNamedAllocator@shdfnd@physx@@@shdfnd@physx@@IEAAXI@Z@4_NA 000000018007db49     QuickHullConvexHullLib.obj
 0003:00000b4a       ?_ignore@?2??growAndPushBack@?$Array@UExpandPoint@local@@VNamedAllocator@shdfnd@physx@@@shdfnd@physx@@IEAAAEAUExpandPoint@local@@AEBU56@@Z@4_NA 000000018007db4a     QuickHullConvexHullLib.obj
 0003:00000b4b       ?_ignore@?2??recreate@?$Array@UExpandPoint@local@@VNamedAllocator@shdfnd@physx@@@shdfnd@physx@@IEAAXI@Z@4_NA 000000018007db4b     QuickHullConvexHullLib.obj
 0003:00000bc3       ?_ignore@?2??FAllGrtr@aos@shdfnd@physx@@YAIT__m128@@0@Z@4_NA 000000018007dbc3     VolumeIntegration.obj
 0003:00000bc4       ?_ignore@?3??FAllGrtr@aos@shdfnd@physx@@YAIT__m128@@0@Z@4_NA 000000018007dbc4     VolumeIntegration.obj
 0003:00000bc5       ?_ignore@?2??V4ScaleInv@aos@shdfnd@physx@@YA?AT__m128@@T5@0@Z@4_NA 000000018007dbc5     VolumeIntegration.obj
 0003:00000c4e       ?_ignore@?P@???$kmeans_cluster@VPxVec3@physx@@M@@YAIPEBVPxVec3@physx@@IIPEAV12@PEAIMM@Z@4_NA 000000018007dc4e     Quantizer.obj
 0003:00000c50       __hmod__PxFoundationDEBUG_x64_dll 000000018007dc50     PxFoundationDEBUG_x64:PxFoundationDEBUG_x64.dll
 0003:00000c58       __hmod__PhysX3CommonDEBUG_x64_dll 000000018007dc58     PhysX3CommonDEBUG_x64:PhysX3CommonDEBUG_x64.dll
 0003:00000c60       ?DloadKernel32@@3PEAUHINSTANCE__@@EA 000000018007dc60     delayimp:delayhlp.obj
 0003:00000c68       ?DloadAcquireSRWLockExclusive@@3P6AXPEA_K@ZEA 000000018007dc68     delayimp:delayhlp.obj
 0003:00000c70       ?DloadReleaseSRWLockExclusive@@3P6AXPEA_K@ZEA 000000018007dc70     delayimp:delayhlp.obj
 0003:00000c78       ?DloadSrwLock@@3_KA        000000018007dc78     delayimp:delayhlp.obj
 0003:00000c80       ?DloadSectionLockCount@@3KA 000000018007dc80     delayimp:delayhlp.obj
 0003:00000c84       ?DloadSectionOldProtection@@3KA 000000018007dc84     delayimp:delayhlp.obj
 0003:00000c88       ?DloadSectionCommitPermanent@@3KA 000000018007dc88     delayimp:delayhlp.obj
 0003:00000ca0       ?__type_info_root_node@@3U__type_info_node@@A 000000018007dca0     MSVCRTD:tncleanup.obj
 0003:00000cd0       __scrt_current_native_startup_state 000000018007dcd0     MSVCRTD:utility.obj
 0003:00000cd8       __scrt_native_startup_lock 000000018007dcd8     MSVCRTD:utility.obj
 0003:00000d20       ?_OptionsStorage@?1??__local_stdio_printf_options@@9@4_KA 000000018007dd20     MSVCRTD:default_local_stdio_options.obj
 0003:00000d30       ?_OptionsStorage@?1??__local_stdio_scanf_options@@9@4_KA 000000018007dd30     MSVCRTD:default_local_stdio_options.obj
 0003:00000d3c       __scrt_debugger_hook_flag  000000018007dd3c     MSVCRTD:utility_desktop.obj
 0003:00000d40       __favor                    000000018007dd40     MSVCRTD:_cpu_disp_.obj
 0003:000013e8       __dyn_tls_init_callback    000000018007e3e8     <common>
 0005:00000000       __imp_LoadLibraryA         0000000180083000     kernel32:KERNEL32.dll
 0005:00000008       __imp_GetCurrentProcess    0000000180083008     kernel32:KERNEL32.dll
 0005:00000010       __imp_GetProcessHeap       0000000180083010     kernel32:KERNEL32.dll
 0005:00000018       __imp_HeapFree             0000000180083018     kernel32:KERNEL32.dll
 0005:00000020       __imp_HeapAlloc            0000000180083020     kernel32:KERNEL32.dll
 0005:00000028       __imp_WideCharToMultiByte  0000000180083028     kernel32:KERNEL32.dll
 0005:00000030       __imp_MultiByteToWideChar  0000000180083030     kernel32:KERNEL32.dll
 0005:00000038       __imp_IsProcessorFeaturePresent 0000000180083038     kernel32:KERNEL32.dll
 0005:00000040       __imp_GetStartupInfoW      0000000180083040     kernel32:KERNEL32.dll
 0005:00000048       __imp_SetUnhandledExceptionFilter 0000000180083048     kernel32:KERNEL32.dll
 0005:00000050       __imp_UnhandledExceptionFilter 0000000180083050     kernel32:KERNEL32.dll
 0005:00000058       __imp_IsDebuggerPresent    0000000180083058     kernel32:KERNEL32.dll
 0005:00000060       __imp_RtlVirtualUnwind     0000000180083060     kernel32:KERNEL32.dll
 0005:00000068       __imp_RtlLookupFunctionEntry 0000000180083068     kernel32:KERNEL32.dll
 0005:00000070       __imp_RtlCaptureContext    0000000180083070     kernel32:KERNEL32.dll
 0005:00000078       __imp_DisableThreadLibraryCalls 0000000180083078     kernel32:KERNEL32.dll
 0005:00000080       __imp_GetSystemTimeAsFileTime 0000000180083080     kernel32:KERNEL32.dll
 0005:00000088       __imp_GetCurrentThreadId   0000000180083088     kernel32:KERNEL32.dll
 0005:00000090       __imp_GetCurrentProcessId  0000000180083090     kernel32:KERNEL32.dll
 0005:00000098       __imp_QueryPerformanceCounter 0000000180083098     kernel32:KERNEL32.dll
 0005:000000a0       __imp_InitializeSListHead  00000001800830a0     kernel32:KERNEL32.dll
 0005:000000a8       __imp_LoadLibraryExA       00000001800830a8     kernel32:KERNEL32.dll
 0005:000000b0       __imp_GetProcAddress       00000001800830b0     kernel32:KERNEL32.dll
 0005:000000b8       __imp_GetModuleHandleW     00000001800830b8     kernel32:KERNEL32.dll
 0005:000000c0       __imp_FreeLibrary          00000001800830c0     kernel32:KERNEL32.dll
 0005:000000c8       __imp_VirtualQuery         00000001800830c8     kernel32:KERNEL32.dll
 0005:000000d0       __imp_VirtualProtect       00000001800830d0     kernel32:KERNEL32.dll
 0005:000000d8       __imp_GetSystemInfo        00000001800830d8     kernel32:KERNEL32.dll
 0005:000000e0       __imp_GetLastError         00000001800830e0     kernel32:KERNEL32.dll
 0005:000000e8       __imp_RaiseException       00000001800830e8     kernel32:KERNEL32.dll
 0005:000000f0       __imp_TerminateProcess     00000001800830f0     kernel32:KERNEL32.dll
 0005:000000f8       \177KERNEL32_NULL_THUNK_DATA 00000001800830f8     kernel32:KERNEL32.dll
 0005:00000180       __imp_strstr               0000000180083180     vcruntimed:VCRUNTIME140D.dll
 0005:00000188       __imp__purecall            0000000180083188     vcruntimed:VCRUNTIME140D.dll
 0005:00000190       __imp___std_type_info_name 0000000180083190     vcruntimed:VCRUNTIME140D.dll
 0005:00000198       __imp_memset               0000000180083198     vcruntimed:VCRUNTIME140D.dll
 0005:000001a0       __imp___std_type_info_destroy_list 00000001800831a0     vcruntimed:VCRUNTIME140D.dll
 0005:000001a8       __imp___C_specific_handler 00000001800831a8     vcruntimed:VCRUNTIME140D.dll
 0005:000001b0       __imp___vcrt_GetModuleFileNameW 00000001800831b0     vcruntimed:VCRUNTIME140D.dll
 0005:000001b8       __imp___vcrt_GetModuleHandleW 00000001800831b8     vcruntimed:VCRUNTIME140D.dll
 0005:000001c0       __imp___vcrt_LoadLibraryExW 00000001800831c0     vcruntimed:VCRUNTIME140D.dll
 0005:000001c8       __imp_memcpy               00000001800831c8     vcruntimed:VCRUNTIME140D.dll
 0005:000001d0       \177VCRUNTIME140D_NULL_THUNK_DATA 00000001800831d0     vcruntimed:VCRUNTIME140D.dll
 0005:00000238       __imp__initialize_narrow_environment 0000000180083238     ucrtd:ucrtbased.dll
 0005:00000240       __imp__configure_narrow_argv 0000000180083240     ucrtd:ucrtbased.dll
 0005:00000248       __imp__seh_filter_dll      0000000180083248     ucrtd:ucrtbased.dll
 0005:00000250       __imp__free_dbg            0000000180083250     ucrtd:ucrtbased.dll
 0005:00000258       __imp__initterm_e          0000000180083258     ucrtd:ucrtbased.dll
 0005:00000260       __imp__initterm            0000000180083260     ucrtd:ucrtbased.dll
 0005:00000268       __imp__CrtDbgReportW       0000000180083268     ucrtd:ucrtbased.dll
 0005:00000270       __imp__CrtDbgReport        0000000180083270     ucrtd:ucrtbased.dll
 0005:00000278       __imp__initialize_onexit_table 0000000180083278     ucrtd:ucrtbased.dll
 0005:00000280       __imp_atan2f               0000000180083280     ucrtd:ucrtbased.dll
 0005:00000288       __imp_sinf                 0000000180083288     ucrtd:ucrtbased.dll
 0005:00000290       __imp_cosf                 0000000180083290     ucrtd:ucrtbased.dll
 0005:00000298       __imp_sqrtf                0000000180083298     ucrtd:ucrtbased.dll
 0005:000002a0       __imp_powf                 00000001800832a0     ucrtd:ucrtbased.dll
 0005:000002a8       __imp__fpclass             00000001800832a8     ucrtd:ucrtbased.dll
 0005:000002b0       __imp_fabs                 00000001800832b0     ucrtd:ucrtbased.dll
 0005:000002b8       __imp_abs                  00000001800832b8     ucrtd:ucrtbased.dll
 0005:000002c0       __imp_wcscpy_s             00000001800832c0     ucrtd:ucrtbased.dll
 0005:000002c8       __imp__wsplitpath_s        00000001800832c8     ucrtd:ucrtbased.dll
 0005:000002d0       __imp__wmakepath_s         00000001800832d0     ucrtd:ucrtbased.dll
 0005:000002d8       __imp___stdio_common_vsprintf_s 00000001800832d8     ucrtd:ucrtbased.dll
 0005:000002e0       __imp__register_onexit_function 00000001800832e0     ucrtd:ucrtbased.dll
 0005:000002e8       __imp__cexit               00000001800832e8     ucrtd:ucrtbased.dll
 0005:000002f0       __imp__crt_at_quick_exit   00000001800832f0     ucrtd:ucrtbased.dll
 0005:000002f8       __imp__crt_atexit          00000001800832f8     ucrtd:ucrtbased.dll
 0005:00000300       __imp_floorf               0000000180083300     ucrtd:ucrtbased.dll
 0005:00000308       __imp__execute_onexit_table 0000000180083308     ucrtd:ucrtbased.dll
 0005:00000310       __imp_terminate            0000000180083310     ucrtd:ucrtbased.dll
 0005:00000318       \177ucrtbased_NULL_THUNK_DATA 0000000180083318     ucrtd:ucrtbased.dll
 0005:00000398       __IMPORT_DESCRIPTOR_KERNEL32 0000000180083398     kernel32:KERNEL32.dll
 0005:000003ac       __IMPORT_DESCRIPTOR_VCRUNTIME140D 00000001800833ac     vcruntimed:VCRUNTIME140D.dll
 0005:000003c0       __IMPORT_DESCRIPTOR_ucrtbased 00000001800833c0     ucrtd:ucrtbased.dll
 0005:000003d4       __NULL_IMPORT_DESCRIPTOR   00000001800833d4     kernel32:KERNEL32.dll
 0006:00000000       __DELAY_IMPORT_DESCRIPTOR_PxFoundationDEBUG_x64_dll 0000000180084000     PxFoundationDEBUG_x64:PxFoundationDEBUG_x64.dll
 0006:00000020       __DELAY_IMPORT_DESCRIPTOR_PhysX3CommonDEBUG_x64_dll 0000000180084020     PhysX3CommonDEBUG_x64:PhysX3CommonDEBUG_x64.dll
 0006:00000040       __NULL_DELAY_IMPORT_DESCRIPTOR 0000000180084040     PxFoundationDEBUG_x64:PxFoundationDEBUG_x64.dll
 0006:00000178       \177PhysX3CommonDEBUG_x64_NULL_THUNK_DATA_DLN 0000000180084178     PhysX3CommonDEBUG_x64:PhysX3CommonDEBUG_x64.dll
 0006:00000290       \177PxFoundationDEBUG_x64_NULL_THUNK_DATA_DLN 0000000180084290     PxFoundationDEBUG_x64:PxFoundationDEBUG_x64.dll
 0006:00000300       __imp_??1BV4Tree@Gu@physx@@QEAA@XZ 0000000180084300     PhysX3CommonDEBUG_x64:PhysX3CommonDEBUG_x64.dll
 0006:00000308       __imp_?releaseMemory@HeightField@Gu@physx@@QEAAXXZ 0000000180084308     PhysX3CommonDEBUG_x64:PhysX3CommonDEBUG_x64.dll
 0006:00000310       __imp_?loadFromDesc@HeightField@Gu@physx@@QEAA_NAEBVPxHeightFieldDesc@3@@Z 0000000180084310     PhysX3CommonDEBUG_x64:PhysX3CommonDEBUG_x64.dll
 0006:00000318       __imp_??0HeightField@Gu@physx@@QEAA@PEAVGuMeshFactory@2@@Z 0000000180084318     PhysX3CommonDEBUG_x64:PhysX3CommonDEBUG_x64.dll
 0006:00000320       __imp_?ReadHeader@Gu@physx@@YA_NEEEEAEAIAEA_NAEAVPxInputStream@2@@Z 0000000180084320     PhysX3CommonDEBUG_x64:PhysX3CommonDEBUG_x64.dll
 0006:00000328       __imp_?readDword@physx@@YAI_NAEAVPxInputStream@1@@Z 0000000180084328     PhysX3CommonDEBUG_x64:PhysX3CommonDEBUG_x64.dll
 0006:00000330       __imp_??1BigConvexData@physx@@QEAA@XZ 0000000180084330     PhysX3CommonDEBUG_x64:PhysX3CommonDEBUG_x64.dll
 0006:00000338       __imp_??0BigConvexData@physx@@QEAA@XZ 0000000180084338     PhysX3CommonDEBUG_x64:PhysX3CommonDEBUG_x64.dll
 0006:00000340       __imp_?computeOBBPoints@Gu@physx@@YAXPEIAVPxVec3@2@AEBV32@1111@Z 0000000180084340     PhysX3CommonDEBUG_x64:PhysX3CommonDEBUG_x64.dll
 0006:00000348       __imp_?Sort@RadixSortBuffered@Cm@physx@@QEAAAEAV123@PEBIIW4RadixHint@23@@Z 0000000180084348     PhysX3CommonDEBUG_x64:PhysX3CommonDEBUG_x64.dll
 0006:00000350       __imp_??1RadixSortBuffered@Cm@physx@@UEAA@XZ 0000000180084350     PhysX3CommonDEBUG_x64:PhysX3CommonDEBUG_x64.dll
 0006:00000358       __imp_??0RadixSortBuffered@Cm@physx@@QEAA@XZ 0000000180084358     PhysX3CommonDEBUG_x64:PhysX3CommonDEBUG_x64.dll
 0006:00000360       __imp_?GetRanks@RadixSort@Cm@physx@@QEBAPEBIXZ 0000000180084360     PhysX3CommonDEBUG_x64:PhysX3CommonDEBUG_x64.dll
 0006:00000368       __imp_?CreateOffsets@BigConvexData@physx@@IEAAXXZ 0000000180084368     PhysX3CommonDEBUG_x64:PhysX3CommonDEBUG_x64.dll
 0006:00000370       __imp_?StoreIndices@Gu@physx@@YAXGIPEBGAEAVPxOutputStream@2@_N@Z 0000000180084370     PhysX3CommonDEBUG_x64:PhysX3CommonDEBUG_x64.dll
 0006:00000378       __imp_?WriteHeader@Gu@physx@@YA_NEEEEI_NAEAVPxOutputStream@2@@Z 0000000180084378     PhysX3CommonDEBUG_x64:PhysX3CommonDEBUG_x64.dll
 0006:00000380       __imp_?computeMaxIndex@physx@@YAGPEBGI@Z 0000000180084380     PhysX3CommonDEBUG_x64:PhysX3CommonDEBUG_x64.dll
 0006:00000388       __imp_?BuildBV32Ex@Gu@physx@@YA_NAEAVBV32Tree@12@AEAVSourceMesh@12@MI@Z 0000000180084388     PhysX3CommonDEBUG_x64:PhysX3CommonDEBUG_x64.dll
 0006:00000390       __imp_?writeWord@physx@@YAXG_NAEAVPxOutputStream@1@@Z 0000000180084390     PhysX3CommonDEBUG_x64:PhysX3CommonDEBUG_x64.dll
 0006:00000398       __imp_?writeDword@physx@@YAXI_NAEAVPxOutputStream@1@@Z 0000000180084398     PhysX3CommonDEBUG_x64:PhysX3CommonDEBUG_x64.dll
 0006:000003a0       __imp_?writeFloat@physx@@YAXM_NAEAVPxOutputStream@1@@Z 00000001800843a0     PhysX3CommonDEBUG_x64:PhysX3CommonDEBUG_x64.dll
 0006:000003a8       __imp_?writeHeader@physx@@YA_NCCCCI_NAEAVPxOutputStream@1@@Z 00000001800843a8     PhysX3CommonDEBUG_x64:PhysX3CommonDEBUG_x64.dll
 0006:000003b0       __imp_?validate@RTree@Gu@physx@@QEAAXPEAUCallbackRefit@123@@Z 00000001800843b0     PhysX3CommonDEBUG_x64:PhysX3CommonDEBUG_x64.dll
 0006:000003b8       __imp_??0SourceMesh@Gu@physx@@QEAA@XZ 00000001800843b8     PhysX3CommonDEBUG_x64:PhysX3CommonDEBUG_x64.dll
 0006:000003c0       __imp_??1SourceMesh@Gu@physx@@QEAA@XZ 00000001800843c0     PhysX3CommonDEBUG_x64:PhysX3CommonDEBUG_x64.dll
 0006:000003c8       __imp_??0BV4Tree@Gu@physx@@QEAA@XZ 00000001800843c8     PhysX3CommonDEBUG_x64:PhysX3CommonDEBUG_x64.dll
 0006:000003d0       __imp_??1HeightField@Gu@physx@@UEAA@XZ 00000001800843d0     PhysX3CommonDEBUG_x64:PhysX3CommonDEBUG_x64.dll
 0006:000003d8       __imp_??0BV32Tree@Gu@physx@@QEAA@XZ 00000001800843d8     PhysX3CommonDEBUG_x64:PhysX3CommonDEBUG_x64.dll
 0006:000003e0       __imp_??1BV32Tree@Gu@physx@@QEAA@XZ 00000001800843e0     PhysX3CommonDEBUG_x64:PhysX3CommonDEBUG_x64.dll
 0006:000003e8       __imp_?writeFloatBuffer@physx@@YAXPEBMI_NAEAVPxOutputStream@1@@Z 00000001800843e8     PhysX3CommonDEBUG_x64:PhysX3CommonDEBUG_x64.dll
 0006:000003f0       __imp_?writeWordBuffer@physx@@YAXPEBGI_NAEAVPxOutputStream@1@@Z 00000001800843f0     PhysX3CommonDEBUG_x64:PhysX3CommonDEBUG_x64.dll
 0006:000003f8       __imp_?computeMaxIndex@physx@@YAIPEBII@Z 00000001800843f8     PhysX3CommonDEBUG_x64:PhysX3CommonDEBUG_x64.dll
 0006:00000400       __imp_?storeIndices@physx@@YAXIIPEBIAEAVPxOutputStream@1@_N@Z 0000000180084400     PhysX3CommonDEBUG_x64:PhysX3CommonDEBUG_x64.dll
 0006:00000408       __imp_?computeBoundsAroundVertices@Gu@physx@@YAXAEAVPxBounds3@2@IPEIBVPxVec3@2@@Z 0000000180084408     PhysX3CommonDEBUG_x64:PhysX3CommonDEBUG_x64.dll
 0006:00000410       __imp_?BuildBV4Ex@Gu@physx@@YA_NAEAVBV4Tree@12@AEAVSourceMesh@12@MI@Z 0000000180084410     PhysX3CommonDEBUG_x64:PhysX3CommonDEBUG_x64.dll
 0006:00000418       \177PhysX3CommonDEBUG_x64_NULL_THUNK_DATA_DLA 0000000180084418     PhysX3CommonDEBUG_x64:PhysX3CommonDEBUG_x64.dll
 0006:000004a8       __imp_??1FPUGuard@shdfnd@physx@@QEAA@XZ 00000001800844a8     PxFoundationDEBUG_x64:PxFoundationDEBUG_x64.dll
 0006:000004b0       __imp_??0FPUGuard@shdfnd@physx@@QEAA@XZ 00000001800844b0     PxFoundationDEBUG_x64:PxFoundationDEBUG_x64.dll
 0006:000004b8       __imp_?decRefCount@Foundation@shdfnd@physx@@SAXXZ 00000001800844b8     PxFoundationDEBUG_x64:PxFoundationDEBUG_x64.dll
 0006:000004c0       __imp_?incRefCount@Foundation@shdfnd@physx@@SAXXZ 00000001800844c0     PxFoundationDEBUG_x64:PxFoundationDEBUG_x64.dll
 0006:000004c8       __imp_?PxDiagonalize@physx@@YA?AVPxVec3@1@AEBVPxMat33@1@AEAVPxQuat@1@@Z 00000001800844c8     PxFoundationDEBUG_x64:PxFoundationDEBUG_x64.dll
 0006:000004d0       __imp_?error@Foundation@shdfnd@physx@@QEAAXW4Enum@PxErrorCode@3@PEBDH1ZZ 00000001800844d0     PxFoundationDEBUG_x64:PxFoundationDEBUG_x64.dll
 0006:000004d8       __imp_?getInstance@Foundation@shdfnd@physx@@SAAEAV123@XZ 00000001800844d8     PxFoundationDEBUG_x64:PxFoundationDEBUG_x64.dll
 0006:000004e0       __imp_PxGetFoundation      00000001800844e0     PxFoundationDEBUG_x64:PxFoundationDEBUG_x64.dll
 0006:000004e8       __imp_?deallocate@TempAllocator@shdfnd@physx@@QEAAXPEAX@Z 00000001800844e8     PxFoundationDEBUG_x64:PxFoundationDEBUG_x64.dll
 0006:000004f0       __imp_?allocate@TempAllocator@shdfnd@physx@@QEAAPEAX_KPEBDH@Z 00000001800844f0     PxFoundationDEBUG_x64:PxFoundationDEBUG_x64.dll
 0006:000004f8       __imp_?deallocate@NamedAllocator@shdfnd@physx@@QEAAXPEAX@Z 00000001800844f8     PxFoundationDEBUG_x64:PxFoundationDEBUG_x64.dll
 0006:00000500       __imp_?allocate@NamedAllocator@shdfnd@physx@@QEAAPEAX_KPEBDH@Z 0000000180084500     PxFoundationDEBUG_x64:PxFoundationDEBUG_x64.dll
 0006:00000508       __imp_??1NamedAllocator@shdfnd@physx@@QEAA@XZ 0000000180084508     PxFoundationDEBUG_x64:PxFoundationDEBUG_x64.dll
 0006:00000510       __imp_??0NamedAllocator@shdfnd@physx@@QEAA@AEBV012@@Z 0000000180084510     PxFoundationDEBUG_x64:PxFoundationDEBUG_x64.dll
 0006:00000518       __imp_??0NamedAllocator@shdfnd@physx@@QEAA@PEBD@Z 0000000180084518     PxFoundationDEBUG_x64:PxFoundationDEBUG_x64.dll
 0006:00000520       __imp_?getAllocator@shdfnd@physx@@YAAEAVPxAllocatorCallback@2@XZ 0000000180084520     PxFoundationDEBUG_x64:PxFoundationDEBUG_x64.dll
 0006:00000528       __imp_?PxGetAssertHandler@physx@@YAAEAVPxAssertHandler@1@XZ 0000000180084528     PxFoundationDEBUG_x64:PxFoundationDEBUG_x64.dll
 0006:00000530       \177PxFoundationDEBUG_x64_NULL_THUNK_DATA_DLA 0000000180084530     PxFoundationDEBUG_x64:PxFoundationDEBUG_x64.dll
 0006:000011e8       \177PxFoundationDEBUG_x64_NULL_THUNK_DATA_DLB 00000001800851e8     PxFoundationDEBUG_x64:PxFoundationDEBUG_x64.dll
 0006:00001278       \177PhysX3CommonDEBUG_x64_NULL_THUNK_DATA_DLB 0000000180085278     PhysX3CommonDEBUG_x64:PhysX3CommonDEBUG_x64.dll
 0008:00000000       __guard_check_icall_fptr   0000000180087000     MSVCRTD:guard_support.obj
 0008:00000010       __guard_dispatch_icall_fptr 0000000180087010     MSVCRTD:guard_support.obj
