 PhysX3CharacterKinematicDEBUG_x64

 Timestamp is 5c00a627 (Thu Nov 29 23:53:27 2018)

 Preferred load address is 0000000180000000

 Start         Length     Name                   Class
 0001:00000000 000031a0H .text$di                CODE
 0001:000031a0 00044260H .text$mn                CODE
 0001:00047400 00001020H .text$mn$00             CODE
 0001:00048420 0000115fH .text$x                 CODE
 0002:00000000 00000110H .CRT$XCA                DATA
 0002:00000110 00000140H .CRT$XCU                DATA
 0002:00000250 00000110H .CRT$XCZ                DATA
 0002:00000360 00000110H .CRT$XIA                DATA
 0002:00000470 00000110H .CRT$XIZ                DATA
 0002:00000580 00000110H .CRT$XPA                DATA
 0002:00000690 00000110H .CRT$XPZ                DATA
 0002:000007a0 00000110H .CRT$XTA                DATA
 0002:000008b0 00000110H .CRT$XTZ                DATA
 0002:000009c0 000040c8H .rdata                  DATA
 0002:00004a88 00000188H .rdata$r                DATA
 0002:00004c10 000001b0H .rdata$zzzdbg           DATA
 0002:00004dc0 00000110H .rtc$IAA                DATA
 0002:00004ed0 000001d0H .rtc$IMZ                DATA
 0002:000050a0 00000110H .rtc$IZZ                DATA
 0002:000051b0 00000110H .rtc$TAA                DATA
 0002:000052c0 000001d0H .rtc$TMZ                DATA
 0002:00005490 00000110H .rtc$TZZ                DATA
 0002:000055a0 00002760H .xdata                  DATA
 0002:00007d00 00000b11H .edata                  DATA
 0003:00000000 000001e0H .data                   DATA
 0003:000001e0 000002a0H .data$r                 DATA
 0003:00000480 000008d9H .bss                    DATA
 0004:00000000 000033e4H .pdata                  DATA
 0005:00000000 00000570H .idata$5                DATA
 0005:00000570 00000064H .idata$2                DATA
 0005:000005d4 00000014H .idata$3                DATA
 0005:000005e8 00000570H .idata$4                DATA
 0005:00000b58 00001333H .idata$6                DATA
 0006:00000000 0000012eH .gfids$y                DATA
 0007:00000000 0000011bH .00cfg                  DATA
 0008:00000000 000001c0H .rsrc$01                DATA
 0008:000001c0 00000700H .rsrc$02                DATA

  Address         Publics by Value              Rva+Base               Lib:Object

 0000:00000000       __guard_iat_count          0000000000000000     <absolute>
 0000:00000000       __guard_fids_table         0000000000000000     <absolute>
 0000:00000000       __dynamic_value_reloc_table 0000000000000000     <absolute>
 0000:00000000       ___safe_se_handler_table   0000000000000000     <absolute>
 0000:00000000       ___safe_se_handler_count   0000000000000000     <absolute>
 0000:00000000       __guard_longjmp_count      0000000000000000     <absolute>
 0000:00000000       __guard_iat_table          0000000000000000     <absolute>
 0000:00000000       __guard_fids_count         0000000000000000     <absolute>
 0000:00000000       __guard_longjmp_table      0000000000000000     <absolute>
 0000:00000100       __guard_flags              0000000000000100     <absolute>
 0000:00000000       __ImageBase                0000000180000000     <linker-defined>
 0001:000031a0       ??0BoxController@Cct@physx@@QEAA@AEBVPxControllerDesc@2@AEAVPxPhysics@2@PEAVPxScene@2@@Z 00000001800041a0 f   CctBoxController.obj
 0001:00003300       ??1BoxController@Cct@physx@@UEAA@XZ 0000000180004300 f   CctBoxController.obj
 0001:00003350       ?getWorldBox@BoxController@Cct@physx@@UEBA_NAEAUPxExtendedBounds3@3@@Z 0000000180004350 f   CctBoxController.obj
 0001:000033c0       ?setFootPosition@BoxController@Cct@physx@@UEAA_NAEBUPxExtendedVec3@3@@Z 00000001800043c0 f   CctBoxController.obj
 0001:00003450       ?getFootPosition@BoxController@Cct@physx@@UEBA?AUPxExtendedVec3@3@XZ 0000000180004450 f   CctBoxController.obj
 0001:000034e0       ?invalidateCache@BoxController@Cct@physx@@UEAAXXZ 00000001800044e0 f   CctBoxController.obj
 0001:00003560       ?resize@BoxController@Cct@physx@@UEAAXM@Z 0000000180004560 f   CctBoxController.obj
 0001:00003630       ?getHalfHeight@BoxController@Cct@physx@@UEBAMXZ 0000000180004630 f   CctBoxController.obj
 0001:00003650       ?getHalfSideExtent@BoxController@Cct@physx@@UEBAMXZ 0000000180004650 f   CctBoxController.obj
 0001:00003670       ?getHalfForwardExtent@BoxController@Cct@physx@@UEBAMXZ 0000000180004670 f   CctBoxController.obj
 0001:00003690       ?setHalfHeight@BoxController@Cct@physx@@UEAA_NM@Z 0000000180004690 f   CctBoxController.obj
 0001:000036e0       ?setHalfSideExtent@BoxController@Cct@physx@@UEAA_NM@Z 00000001800046e0 f   CctBoxController.obj
 0001:00003730       ?setHalfForwardExtent@BoxController@Cct@physx@@UEAA_NM@Z 0000000180004730 f   CctBoxController.obj
 0001:00003780       ?updateKinematicProxy@BoxController@Cct@physx@@QEAA_NXZ 0000000180004780 f   CctBoxController.obj
 0001:000038a0       ?getOBB@BoxController@Cct@physx@@QEBAXAEAVPxExtendedBox@3@@Z 00000001800048a0 f   CctBoxController.obj
 0001:00003ba0       ??0Allocator@shdfnd@physx@@QEAA@PEBD@Z 0000000180004ba0 f i CctBoxController.obj
 0001:00003bc0       ??0NonTrackingAllocator@shdfnd@physx@@QEAA@PEBD@Z 0000000180004bc0 f i CctBoxController.obj
 0001:00003be0       ??0PxBoxController@physx@@IEAA@XZ 0000000180004be0 f i CctBoxController.obj
 0001:00003c20       ??0PxBoxGeometry@physx@@QEAA@XZ 0000000180004c20 f i CctBoxController.obj
 0001:00003c70       ??0PxController@physx@@IEAA@XZ 0000000180004c70 f i CctBoxController.obj
 0001:00003c90       ??0PxControllerManager@physx@@IEAA@XZ 0000000180004c90 f i CctBoxController.obj
 0001:00003cb0       ??0PxControllerManager@physx@@QEAA@AEBV01@@Z 0000000180004cb0 f i CctBoxController.obj
 0001:00003ce0       ??0PxExtendedBounds3@physx@@QEAA@XZ 0000000180004ce0 f i CctBoxController.obj
 0001:00003d20       ??0PxExtendedVec3@physx@@QEAA@NNN@Z 0000000180004d20 f i CctBoxController.obj
 0001:00003d80       ??0PxExtendedVec3@physx@@QEAA@XZ 0000000180004d80 f i CctBoxController.obj
 0001:00003d90       ??0PxFoundation@physx@@QEAA@AEBV01@@Z 0000000180004d90 f i CctBoxController.obj
 0001:00003dc0       ??0PxFoundation@physx@@QEAA@XZ 0000000180004dc0 f i CctBoxController.obj
 0001:00003de0       ??0PxGeometry@physx@@IEAA@W4Enum@PxGeometryType@1@@Z 0000000180004de0 f i CctBoxController.obj
 0001:00003e00       ??0PxVec3@physx@@QEAA@AEBV01@@Z 0000000180004e00 f i CctBoxController.obj
 0001:00003e60       ??0PxVec3@physx@@QEAA@MMM@Z 0000000180004e60 f i CctBoxController.obj
 0001:00003ec0       ??1PxBoxController@physx@@MEAA@XZ 0000000180004ec0 f i CctBoxController.obj
 0001:00003ef0       ??1PxController@physx@@MEAA@XZ 0000000180004ef0 f i CctBoxController.obj
 0001:00003f10       ??1PxControllerManager@physx@@MEAA@XZ 0000000180004f10 f i CctBoxController.obj
 0001:00003f30       ??1PxFoundation@physx@@MEAA@XZ 0000000180004f30 f i CctBoxController.obj
 0001:00003f50       ??3UserAllocated@shdfnd@physx@@SAXPEAX@Z 0000000180004f50 f i CctBoxController.obj
 0001:00003f80       ??4Allocator@shdfnd@physx@@QEAAAEAV012@$$QEAV012@@Z 0000000180004f80 f i CctBoxController.obj
 0001:00003fa0       ??4Allocator@shdfnd@physx@@QEAAAEAV012@AEBV012@@Z 0000000180004fa0 f i CctBoxController.obj
 0001:00003fc0       ??4MutexImpl@shdfnd@physx@@QEAAAEAV012@AEBV012@@Z 0000000180004fc0 f i CctBoxController.obj
 0001:00003fe0       ??4PxControllerManager@physx@@QEAAAEAV01@AEBV01@@Z 0000000180004fe0 f i CctBoxController.obj
 0001:00004000       ??4PxFoundation@physx@@QEAAAEAV01@AEBV01@@Z 0000000180005000 f i CctBoxController.obj
 0001:00004020       ??4PxQuat@physx@@QEAAAEAV01@AEBV01@@Z 0000000180005020 f i CctBoxController.obj
 0001:000040a0       ??4PxVec3@physx@@QEAAAEAV01@AEBV01@@Z 00000001800050a0 f i CctBoxController.obj
 0001:00004100       ??DPxVec3@physx@@QEBA?AV01@M@Z 0000000180005100 f i CctBoxController.obj
 0001:00004190       ??GPxExtendedVec3@physx@@QEBA?AVPxVec3@1@AEBU01@@Z 0000000180005190 f i CctBoxController.obj
 0001:00004240       ??HPxExtendedVec3@physx@@QEBA?AU01@AEBU01@@Z 0000000180005240 f i CctBoxController.obj
 0001:000042e0       ??XPxExtendedVec3@physx@@QEAAAEAU01@AEBM@Z 00000001800052e0 f i CctBoxController.obj
 0001:00004380       ??XPxVec3@physx@@QEAAAEAV01@M@Z 0000000180005380 f i CctBoxController.obj
 0001:00004400       ??YPxExtendedVec3@physx@@QEAAAEAU01@AEBVPxVec3@1@@Z 0000000180005400 f i CctBoxController.obj
 0001:000044a0       ??ZPxExtendedVec3@physx@@QEAAAEAU01@AEBVPxVec3@1@@Z 00000001800054a0 f i CctBoxController.obj
 0001:0000453c       ??_EBoxController@Cct@physx@@W7EAAPEAXI@Z 000000018000553c f i CctBoxController.obj
 0001:00004550       ??_EPxControllerManager@physx@@MEAAPEAXI@Z 0000000180005550 f i CctBoxController.obj
 0001:00004620       ??_EPxFoundation@physx@@MEAAPEAXI@Z 0000000180005620 f i CctBoxController.obj
 0001:000046f0       ??_FAllocator@shdfnd@physx@@QEAAXXZ 00000001800056f0 f i CctBoxController.obj
 0001:00004710       ??_FNamedAllocator@shdfnd@physx@@QEAAXXZ 0000000180005710 f i CctBoxController.obj
 0001:00004730       ??_EBoxController@Cct@physx@@UEAAPEAXI@Z 0000000180005730 f i CctBoxController.obj
 0001:00004730       ??_GBoxController@Cct@physx@@UEAAPEAXI@Z 0000000180005730 f i CctBoxController.obj
 0001:000047a0       ??_EPxBoxController@physx@@MEAAPEAXI@Z 00000001800057a0 f i CctBoxController.obj
 0001:000047a0       ??_GPxBoxController@physx@@MEAAPEAXI@Z 00000001800057a0 f i CctBoxController.obj
 0001:000047f0       ??_EPxController@physx@@MEAAPEAXI@Z 00000001800057f0 f i CctBoxController.obj
 0001:000047f0       ??_GPxController@physx@@MEAAPEAXI@Z 00000001800057f0 f i CctBoxController.obj
 0001:00004840       ??_GPxControllerManager@physx@@MEAAPEAXI@Z 0000000180005840 f i CctBoxController.obj
 0001:00004890       ??_GPxFoundation@physx@@MEAAPEAXI@Z 0000000180005890 f i CctBoxController.obj
 0001:000048e0       ??_H@YAXPEAX_K1P6APEAX0@Z@Z 00000001800058e0 f i CctBoxController.obj
 0001:00004980       ??_I@YAXPEAX_K1P6AX0@Z@Z   0000000180005980 f i CctBoxController.obj
 0001:00004a40       ?__empty_global_delete@@YAXPEAX@Z 0000000180005a40 f i CctBoxController.obj
 0001:00004a50       ?__global_delete@@YAXPEAX_K@Z 0000000180005a50 f i CctBoxController.obj
 0001:00004a50       ?__empty_global_delete@@YAXPEAX_K@Z 0000000180005a50 f i CctBoxController.obj
 0001:00004a60       ?deallocate@NonTrackingAllocator@shdfnd@physx@@QEAAXPEAX@Z 0000000180005a60 f i CctBoxController.obj
 0001:00004ab0       ?getActor@BoxController@Cct@physx@@UEBAPEAVPxRigidDynamic@3@XZ 0000000180005ab0 f i CctBoxController.obj
 0001:00004ad0       ?getCenter@physx@@YAXAEBUPxExtendedBounds3@1@AEAUPxExtendedVec3@1@@Z 0000000180005ad0 f i CctBoxController.obj
 0001:00004b50       ?getContactOffset@BoxController@Cct@physx@@UEBAMXZ 0000000180005b50 f i CctBoxController.obj
 0001:00004b70       ?getExtents@physx@@YAXAEBUPxExtendedBounds3@1@AEAVPxVec3@1@@Z 0000000180005b70 f i CctBoxController.obj
 0001:00004bd0       ?getHalfHeightInternal@BoxController@Cct@physx@@UEBAMXZ 0000000180005bd0 f i CctBoxController.obj
 0001:00004bf0       ?getNonWalkableMode@BoxController@Cct@physx@@UEBA?AW4Enum@PxControllerNonWalkableMode@3@XZ 0000000180005bf0 f i CctBoxController.obj
 0001:00004c10       ?getPosition@BoxController@Cct@physx@@UEBAAEBUPxExtendedVec3@3@XZ 0000000180005c10 f i CctBoxController.obj
 0001:00004c30       ?getPxController@BoxController@Cct@physx@@UEAAPEAVPxController@3@XZ 0000000180005c30 f i CctBoxController.obj
 0001:00004c50       ?getScene@BoxController@Cct@physx@@UEAAPEAVPxScene@3@XZ 0000000180005c50 f i CctBoxController.obj
 0001:00004c70       ?getSlopeLimit@BoxController@Cct@physx@@UEBAMXZ 0000000180005c70 f i CctBoxController.obj
 0001:00004c90       ?getState@BoxController@Cct@physx@@UEBAXAEAUPxControllerState@3@@Z 0000000180005c90 f i CctBoxController.obj
 0001:00004cd0       ?getStats@BoxController@Cct@physx@@UEBAXAEAUPxControllerStats@3@@Z 0000000180005cd0 f i CctBoxController.obj
 0001:00004d10       ?getStepOffset@BoxController@Cct@physx@@UEBAMXZ 0000000180005d10 f i CctBoxController.obj
 0001:00004d30       ?getType@BoxController@Cct@physx@@UEBA?AW4Enum@PxControllerShapeType@3@XZ 0000000180005d30 f i CctBoxController.obj
 0001:00004d50       ?getUpDirection@BoxController@Cct@physx@@UEBA?AVPxVec3@3@XZ 0000000180005d50 f i CctBoxController.obj
 0001:00004d90       ?getUserData@BoxController@Cct@physx@@UEBAPEAXXZ 0000000180005d90 f i CctBoxController.obj
 0001:00004db0       ?lock@?$MutexT@V?$ReflectionAllocator@VMutexImpl@shdfnd@physx@@@shdfnd@physx@@@shdfnd@physx@@QEBAXXZ 0000000180005db0 f i CctBoxController.obj
 0001:00004de0       ?release@BoxController@Cct@physx@@UEAAXXZ 0000000180005de0 f i CctBoxController.obj
 0001:00004e10       ?setCenterExtents@physx@@YAXAEAUPxExtendedBounds3@1@AEBUPxExtendedVec3@1@AEBVPxVec3@1@@Z 0000000180005e10 f i CctBoxController.obj
 0001:00004ea0       ?setContactOffset@BoxController@Cct@physx@@UEAAXM@Z 0000000180005ea0 f i CctBoxController.obj
 0001:00004ee0       ?setNonWalkableMode@BoxController@Cct@physx@@UEAAXW4Enum@PxControllerNonWalkableMode@3@@Z 0000000180005ee0 f i CctBoxController.obj
 0001:00004f00       ?setPosition@BoxController@Cct@physx@@UEAA_NAEBUPxExtendedVec3@3@@Z 0000000180005f00 f i CctBoxController.obj
 0001:00004f40       ?setSlopeLimit@BoxController@Cct@physx@@UEAAXM@Z 0000000180005f40 f i CctBoxController.obj
 0001:00004f80       ?setStepOffset@BoxController@Cct@physx@@UEAAXM@Z 0000000180005f80 f i CctBoxController.obj
 0001:00004fc0       ?setUpDirection@BoxController@Cct@physx@@UEAAXAEBVPxVec3@3@@Z 0000000180005fc0 f i CctBoxController.obj
 0001:00005000       ?setUserData@BoxController@Cct@physx@@UEAAXPEAX@Z 0000000180006000 f i CctBoxController.obj
 0001:00005020       ?unlock@?$MutexT@V?$ReflectionAllocator@VMutexImpl@shdfnd@physx@@@shdfnd@physx@@@shdfnd@physx@@QEBAXXZ 0000000180006020 f i CctBoxController.obj
 0001:00005050       ??0CapsuleController@Cct@physx@@QEAA@AEBVPxControllerDesc@2@AEAVPxPhysics@2@PEAVPxScene@2@@Z 0000000180006050 f   CctCapsuleController.obj
 0001:000051a0       ??1CapsuleController@Cct@physx@@UEAA@XZ 00000001800061a0 f   CctCapsuleController.obj
 0001:000051f0       ?getWorldBox@CapsuleController@Cct@physx@@UEBA_NAEAUPxExtendedBounds3@3@@Z 00000001800061f0 f   CctCapsuleController.obj
 0001:00005280       ?setFootPosition@CapsuleController@Cct@physx@@UEAA_NAEBUPxExtendedVec3@3@@Z 0000000180006280 f   CctCapsuleController.obj
 0001:00005320       ?getFootPosition@CapsuleController@Cct@physx@@UEBA?AUPxExtendedVec3@3@XZ 0000000180006320 f   CctCapsuleController.obj
 0001:000053d0       ?invalidateCache@CapsuleController@Cct@physx@@UEAAXXZ 00000001800063d0 f   CctCapsuleController.obj
 0001:00005450       ?resize@CapsuleController@Cct@physx@@UEAAXM@Z 0000000180006450 f   CctCapsuleController.obj
 0001:00005550       ?getClimbingMode@CapsuleController@Cct@physx@@UEBA?AW4Enum@PxCapsuleClimbingMode@3@XZ 0000000180006550 f   CctCapsuleController.obj
 0001:00005570       ?setRadius@CapsuleController@Cct@physx@@UEAA_NM@Z 0000000180006570 f   CctCapsuleController.obj
 0001:00005680       ?setHeight@CapsuleController@Cct@physx@@UEAA_NM@Z 0000000180006680 f   CctCapsuleController.obj
 0001:00005790       ?setClimbingMode@CapsuleController@Cct@physx@@UEAA_NW4Enum@PxCapsuleClimbingMode@3@@Z 0000000180006790 f   CctCapsuleController.obj
 0001:000057c0       ?getCapsule@CapsuleController@Cct@physx@@QEBAXAEAUPxExtendedCapsule@3@@Z 00000001800067c0 f   CctCapsuleController.obj
 0001:00005b50       ??0PxCapsuleController@physx@@IEAA@XZ 0000000180006b50 f i CctCapsuleController.obj
 0001:00005b90       ??0PxCapsuleGeometry@physx@@QEAA@XZ 0000000180006b90 f i CctCapsuleController.obj
 0001:00005be0       ??1PxCapsuleController@physx@@MEAA@XZ 0000000180006be0 f i CctCapsuleController.obj
 0001:00005c10       ??_ECapsuleController@Cct@physx@@W7EAAPEAXI@Z 0000000180006c10 f i CctCapsuleController.obj
 0001:00005c20       ??_GCapsuleController@Cct@physx@@UEAAPEAXI@Z 0000000180006c20 f i CctCapsuleController.obj
 0001:00005c20       ??_ECapsuleController@Cct@physx@@UEAAPEAXI@Z 0000000180006c20 f i CctCapsuleController.obj
 0001:00005c90       ??_EPxCapsuleController@physx@@MEAAPEAXI@Z 0000000180006c90 f i CctCapsuleController.obj
 0001:00005c90       ??_GPxCapsuleController@physx@@MEAAPEAXI@Z 0000000180006c90 f i CctCapsuleController.obj
 0001:00005ce0       ?getActor@CapsuleController@Cct@physx@@UEBAPEAVPxRigidDynamic@3@XZ 0000000180006ce0 f i CctCapsuleController.obj
 0001:00005d00       ?getContactOffset@CapsuleController@Cct@physx@@UEBAMXZ 0000000180006d00 f i CctCapsuleController.obj
 0001:00005d20       ?getHalfHeightInternal@CapsuleController@Cct@physx@@UEBAMXZ 0000000180006d20 f i CctCapsuleController.obj
 0001:00005d60       ?getHeight@CapsuleController@Cct@physx@@UEBAMXZ 0000000180006d60 f i CctCapsuleController.obj
 0001:00005d80       ?getNonWalkableMode@CapsuleController@Cct@physx@@UEBA?AW4Enum@PxControllerNonWalkableMode@3@XZ 0000000180006d80 f i CctCapsuleController.obj
 0001:00005da0       ?getPosition@CapsuleController@Cct@physx@@UEBAAEBUPxExtendedVec3@3@XZ 0000000180006da0 f i CctCapsuleController.obj
 0001:00005dc0       ?getPxController@CapsuleController@Cct@physx@@UEAAPEAVPxController@3@XZ 0000000180006dc0 f i CctCapsuleController.obj
 0001:00005de0       ?getRadius@CapsuleController@Cct@physx@@UEBAMXZ 0000000180006de0 f i CctCapsuleController.obj
 0001:00005e00       ?getScene@CapsuleController@Cct@physx@@UEAAPEAVPxScene@3@XZ 0000000180006e00 f i CctCapsuleController.obj
 0001:00005e20       ?getSlopeLimit@CapsuleController@Cct@physx@@UEBAMXZ 0000000180006e20 f i CctCapsuleController.obj
 0001:00005e40       ?getState@CapsuleController@Cct@physx@@UEBAXAEAUPxControllerState@3@@Z 0000000180006e40 f i CctCapsuleController.obj
 0001:00005e80       ?getStats@CapsuleController@Cct@physx@@UEBAXAEAUPxControllerStats@3@@Z 0000000180006e80 f i CctCapsuleController.obj
 0001:00005ec0       ?getStepOffset@CapsuleController@Cct@physx@@UEBAMXZ 0000000180006ec0 f i CctCapsuleController.obj
 0001:00005ee0       ?getType@CapsuleController@Cct@physx@@UEBA?AW4Enum@PxControllerShapeType@3@XZ 0000000180006ee0 f i CctCapsuleController.obj
 0001:00005f00       ?getUpDirection@CapsuleController@Cct@physx@@UEBA?AVPxVec3@3@XZ 0000000180006f00 f i CctCapsuleController.obj
 0001:00005f40       ?getUserData@CapsuleController@Cct@physx@@UEBAPEAXXZ 0000000180006f40 f i CctCapsuleController.obj
 0001:00005f60       ?release@CapsuleController@Cct@physx@@UEAAXXZ 0000000180006f60 f i CctCapsuleController.obj
 0001:00005f90       ?setContactOffset@CapsuleController@Cct@physx@@UEAAXM@Z 0000000180006f90 f i CctCapsuleController.obj
 0001:00005fd0       ?setNonWalkableMode@CapsuleController@Cct@physx@@UEAAXW4Enum@PxControllerNonWalkableMode@3@@Z 0000000180006fd0 f i CctCapsuleController.obj
 0001:00005ff0       ?setPosition@CapsuleController@Cct@physx@@UEAA_NAEBUPxExtendedVec3@3@@Z 0000000180006ff0 f i CctCapsuleController.obj
 0001:00006030       ?setSlopeLimit@CapsuleController@Cct@physx@@UEAAXM@Z 0000000180007030 f i CctCapsuleController.obj
 0001:00006070       ?setStepOffset@CapsuleController@Cct@physx@@UEAAXM@Z 0000000180007070 f i CctCapsuleController.obj
 0001:000060b0       ?setUpDirection@CapsuleController@Cct@physx@@UEAAXAEBVPxVec3@3@@Z 00000001800070b0 f i CctCapsuleController.obj
 0001:000060f0       ?setUserData@CapsuleController@Cct@physx@@UEAAXPEAX@Z 00000001800070f0 f i CctCapsuleController.obj
 0001:00006110       ??0CCTParams@Cct@physx@@QEAA@XZ 0000000180007110 f   CctCharacterController.obj
 0001:000061e0       ??0SweepTest@Cct@physx@@QEAA@_N@Z 00000001800071e0 f   CctCharacterController.obj
 0001:00006610       ??1SweepTest@Cct@physx@@QEAA@XZ 0000000180007610 f   CctCharacterController.obj
 0001:00006690       ?moveCharacter@SweepTest@Cct@physx@@QEAA?AV?$PxFlags@W4Enum@PxControllerCollisionFlag@physx@@E@3@PEBUInternalCBData_FindTouchedGeom@23@PEAUInternalCBData_OnHit@23@AEAVSweptVolume@23@AEBVPxVec3@3@AEBUUserObstacles@23@MAEBVPxControllerFilters@3@_N6AEAPEBVPxRigidActor@3@AEAPEBVPxShape@3@_K@Z 0000000180007690 f   CctCharacterController.obj
 0001:000075d0       ?doSweepTest@SweepTest@Cct@physx@@QEAA_NPEBUInternalCBData_FindTouchedGeom@23@PEAUInternalCBData_OnHit@23@AEBUUserObstacles@23@AEAVSweptVolume@23@AEBVPxVec3@3@4IPEAIMAEBVPxControllerFilters@3@W4SweepPass@23@AEAPEBVPxRigidActor@3@AEAPEBVPxShape@3@_K@Z 00000001800085d0 f   CctCharacterController.obj
 0001:000083e0       ?findTouchedObstacles@SweepTest@Cct@physx@@QEAAXAEBUUserObstacles@23@AEBUPxExtendedBounds3@3@@Z 00000001800093e0 f   CctCharacterController.obj
 0001:00008a40       ?voidTestCache@SweepTest@Cct@physx@@QEAAXXZ 0000000180009a40 f   CctCharacterController.obj
 0001:00008aa0       ?onRelease@SweepTest@Cct@physx@@QEAAXAEBVPxBase@3@@Z 0000000180009aa0 f   CctCharacterController.obj
 0001:00008b70       ?updateCachedShapesRegistration@SweepTest@Cct@physx@@QEAAXI_N@Z 0000000180009b70 f   CctCharacterController.obj
 0001:00008d10       ?onObstacleRemoved@SweepTest@Cct@physx@@QEAAXI@Z 0000000180009d10 f   CctCharacterController.obj
 0001:00008d40       ?onObstacleUpdated@SweepTest@Cct@physx@@QEAAXIPEBVPxObstacleContext@3@AEBVPxVec3@3@1M@Z 0000000180009d40 f   CctCharacterController.obj
 0001:00008f30       ?onObstacleAdded@SweepTest@Cct@physx@@QEAAXIPEBVPxObstacleContext@3@AEBVPxVec3@3@1M@Z 0000000180009f30 f   CctCharacterController.obj
 0001:00009150       ?onOriginShift@SweepTest@Cct@physx@@QEAAXAEBVPxVec3@3@@Z 000000018000a150 f   CctCharacterController.obj
 0001:000092d0       ?updateTouchedGeoms@SweepTest@Cct@physx@@AEAAXPEBUInternalCBData_FindTouchedGeom@23@AEBUUserObstacles@23@AEBUPxExtendedBounds3@3@AEBVPxControllerFilters@3@AEBVPxVec3@3@@Z 000000018000a2d0 f   CctCharacterController.obj
 0001:00009c70       ?findTouchedObject@Controller@Cct@physx@@IEAAXAEBVPxControllerFilters@3@PEBVPxObstacleContext@3@AEBVPxVec3@3@@Z 000000018000ac70 f   CctCharacterController.obj
 0001:0000a4e0       ?rideOnTouchedObject@Controller@Cct@physx@@IEAA_NAEAVSweptVolume@23@AEBVPxVec3@3@AEAV53@PEBVPxObstacleContext@3@@Z 000000018000b4e0 f   CctCharacterController.obj
 0001:0000ab60       ?move@Controller@Cct@physx@@IEAA?AV?$PxFlags@W4Enum@PxControllerCollisionFlag@physx@@E@3@AEAVSweptVolume@23@AEBVPxVec3@3@MMAEBVPxControllerFilters@3@PEBVPxObstacleContext@3@_N@Z 000000018000bb60 f   CctCharacterController.obj
 0001:0000c2a0       ?filterTouchedShape@Controller@Cct@physx@@IEAA_NAEBVPxControllerFilters@3@@Z 000000018000d2a0 f   CctCharacterController.obj
 0001:0000f960       ?move@BoxController@Cct@physx@@UEAA?AV?$PxFlags@W4Enum@PxControllerCollisionFlag@physx@@E@3@AEBVPxVec3@3@MMAEBVPxControllerFilters@3@PEBVPxObstacleContext@3@@Z 0000000180010960 f   CctCharacterController.obj
 0001:0000fae0       ?move@CapsuleController@Cct@physx@@UEAA?AV?$PxFlags@W4Enum@PxControllerCollisionFlag@physx@@E@3@AEBVPxVec3@3@MMAEBVPxControllerFilters@3@PEBVPxObstacleContext@3@@Z 0000000180010ae0 f   CctCharacterController.obj
 0001:00012360       ??$PX_UNUSED@I@@YAXAEBI@Z  0000000180013360 f i CctCharacterController.obj
 0001:00012370       ??$PX_UNUSED@PEBUPxRaycastHit@physx@@@@YAXAEBQEBUPxRaycastHit@physx@@@Z 0000000180013370 f i CctCharacterController.obj
 0001:00012380       ??$PX_UNUSED@W4PxIDENTITY@physx@@@@YAXAEBW4PxIDENTITY@physx@@@Z 0000000180013380 f i CctCharacterController.obj
 0001:00012390       ??$PX_UNUSED@_K@@YAXAEB_K@Z 0000000180013390 f i CctCharacterController.obj
 0001:000123a0       ??$PxMax@I@physx@@YAIII@Z  00000001800133a0 f i CctCharacterController.obj
 0001:000123e0       ??$PxMax@N@physx@@YANNN@Z  00000001800133e0 f i CctCharacterController.obj
 0001:00012430       ??$PxMin@N@physx@@YANNN@Z  0000000180013430 f i CctCharacterController.obj
 0001:00012480       ??$PxUnionCast@PEBVPxGeometry@physx@@PEAY03$$CBE@physx@@YAPEBVPxGeometry@0@PEAY03$$CBE@Z 0000000180013480 f i CctCharacterController.obj
 0001:000124b0       ??0?$Array@IVNamedAllocator@shdfnd@physx@@@shdfnd@physx@@QEAA@AEBVNamedAllocator@12@@Z 00000001800134b0 f i CctCharacterController.obj
 0001:00012510       ??0?$Array@VPxTriangle@physx@@VNamedAllocator@shdfnd@2@@shdfnd@physx@@QEAA@AEBVNamedAllocator@12@@Z 0000000180013510 f i CctCharacterController.obj
 0001:00012570       ??0?$PxFlags@W4Enum@PxControllerCollisionFlag@physx@@E@physx@@QEAA@AEBV01@@Z 0000000180013570 f i CctCharacterController.obj
 0001:000125a0       ??0?$PxFlags@W4Enum@PxControllerCollisionFlag@physx@@E@physx@@QEAA@E@Z 00000001800135a0 f i CctCharacterController.obj
 0001:000125d0       ??0?$PxFlags@W4Enum@PxHitFlag@physx@@G@physx@@QEAA@AEBV01@@Z 00000001800135d0 f i CctCharacterController.obj
 0001:00012600       ??0?$PxFlags@W4Enum@PxHitFlag@physx@@G@physx@@QEAA@G@Z 0000000180013600 f i CctCharacterController.obj
 0001:00012630       ??0?$PxFlags@W4Enum@PxHitFlag@physx@@G@physx@@QEAA@W4Enum@PxHitFlag@1@@Z 0000000180013630 f i CctCharacterController.obj
 0001:00012660       ??0?$PxFlags@W4Enum@PxQueryFlag@physx@@G@physx@@QEAA@AEBV01@@Z 0000000180013660 f i CctCharacterController.obj
 0001:00012690       ??0?$PxFlags@W4Enum@PxQueryFlag@physx@@G@physx@@QEAA@W4Enum@PxQueryFlag@1@@Z 0000000180013690 f i CctCharacterController.obj
 0001:000126c0       ??0?$PxFlags@W4Enum@PxQueryFlag@physx@@G@physx@@QEAA@XZ 00000001800136c0 f i CctCharacterController.obj
 0001:000126e0       ??0?$PxFlags@W4Enum@PxRigidBodyFlag@physx@@E@physx@@QEAA@AEBV01@@Z 00000001800136e0 f i CctCharacterController.obj
 0001:00012710       ??0?$PxFlags@W4Enum@PxShapeFlag@physx@@E@physx@@QEAA@AEBV01@@Z 0000000180013710 f i CctCharacterController.obj
 0001:00012740       ??0?$PxHitBuffer@UPxRaycastHit@physx@@@physx@@QEAA@PEAUPxRaycastHit@1@I@Z 0000000180013740 f i CctCharacterController.obj
 0001:00012790       ??0?$PxHitCallback@UPxRaycastHit@physx@@@physx@@QEAA@PEAUPxRaycastHit@1@I@Z 0000000180013790 f i CctCharacterController.obj
 0001:00012820       ??0?$TouchedObject@VPxRigidActor@physx@@@Cct@physx@@QEAA@_N@Z 0000000180013820 f i CctCharacterController.obj
 0001:00012870       ??0?$TouchedObject@VPxShape@physx@@@Cct@physx@@QEAA@_N@Z 0000000180013870 f i CctCharacterController.obj
 0001:000128f0       ??0CCTFilter@Cct@physx@@QEAA@XZ 00000001800138f0 f i CctCharacterController.obj
 0001:00012960       ??0ControllerFilter@@QEAA@XZ 0000000180013960 f i CctCharacterController.obj
 0001:000129b0       ??0DebugBox@Cm@physx@@QEAA@AEBVPxBounds3@2@_N@Z 00000001800139b0 f i CctCharacterController.obj
 0001:00012a20       ??0DebugBox@Cm@physx@@QEAA@AEBVPxVec3@2@_N@Z 0000000180013a20 f i CctCharacterController.obj
 0001:00012a90       ??0PxActorShape@physx@@QEAA@XZ 0000000180013a90 f i CctCharacterController.obj
 0001:00012ac0       ??0PxBounds3@physx@@QEAA@AEBVPxVec3@1@0@Z 0000000180013ac0 f i CctCharacterController.obj
 0001:00012b20       ??0PxBoxGeometry@physx@@QEAA@VPxVec3@1@@Z 0000000180013b20 f i CctCharacterController.obj
 0001:00012b70       ??0PxCapsuleGeometry@physx@@QEAA@MM@Z 0000000180013b70 f i CctCharacterController.obj
 0001:00012be0       ??0PxExtendedBox@physx@@QEAA@AEBV01@@Z 0000000180013be0 f i CctCharacterController.obj
 0001:00012c60       ??0PxExtendedBox@physx@@QEAA@XZ 0000000180013c60 f i CctCharacterController.obj
 0001:00012cc0       ??0PxExtendedCapsule@physx@@QEAA@XZ 0000000180013cc0 f i CctCharacterController.obj
 0001:00012cf0       ??0PxExtendedSegment@physx@@QEAA@XZ 0000000180013cf0 f i CctCharacterController.obj
 0001:00012d30       ??0PxFilterData@physx@@QEAA@AEBU01@@Z 0000000180013d30 f i CctCharacterController.obj
 0001:00012da0       ??0PxFilterData@physx@@QEAA@XZ 0000000180013da0 f i CctCharacterController.obj
 0001:00012df0       ??0PxLocationHit@physx@@QEAA@XZ 0000000180013df0 f i CctCharacterController.obj
 0001:00012e80       ??0PxMat33@physx@@QEAA@AEBVPxQuat@1@@Z 0000000180013e80 f i CctCharacterController.obj
 0001:000131c0       ??0PxMat33@physx@@QEAA@W4PxIDENTITY@1@@Z 00000001800141c0 f i CctCharacterController.obj
 0001:00013260       ??0PxMat44@physx@@QEAA@AEBVPxMat33@1@AEBVPxVec3@1@@Z 0000000180014260 f i CctCharacterController.obj
 0001:00013310       ??0PxMat44@physx@@QEAA@AEBVPxTransform@1@@Z 0000000180014310 f i CctCharacterController.obj
 0001:00013400       ??0PxProfileScoped@physx@@QEAA@PEBD_N_K@Z 0000000180014400 f i CctCharacterController.obj
 0001:000134d0       ??0PxQuat@physx@@QEAA@AEBV01@@Z 00000001800144d0 f i CctCharacterController.obj
 0001:00013550       ??0PxQuat@physx@@QEAA@MMMM@Z 0000000180014550 f i CctCharacterController.obj
 0001:000135d0       ??0PxQuat@physx@@QEAA@W4PxIDENTITY@1@@Z 00000001800145d0 f i CctCharacterController.obj
 0001:00013640       ??0PxQuat@physx@@QEAA@XZ   0000000180014640 f i CctCharacterController.obj
 0001:00013650       ??0PxQueryFilterCallback@physx@@QEAA@XZ 0000000180014650 f i CctCharacterController.obj
 0001:00013670       ??0PxQueryFilterData@physx@@QEAA@AEBUPxFilterData@1@V?$PxFlags@W4Enum@PxQueryFlag@physx@@G@1@@Z 0000000180014670 f i CctCharacterController.obj
 0001:000136e0       ??0PxQueryHit@physx@@QEAA@XZ 00000001800146e0 f i CctCharacterController.obj
 0001:00013720       ??0PxRaycastHit@physx@@QEAA@XZ 0000000180014720 f i CctCharacterController.obj
 0001:00013770       ??0PxSphereGeometry@physx@@QEAA@XZ 0000000180014770 f i CctCharacterController.obj
 0001:000137b0       ??0PxSweepHit@physx@@QEAA@XZ 00000001800147b0 f i CctCharacterController.obj
 0001:000137e0       ??0PxTransform@physx@@QEAA@AEBVPxVec3@1@AEBVPxQuat@1@@Z 00000001800147e0 f i CctCharacterController.obj
 0001:000138b0       ??0PxTransform@physx@@QEAA@XZ 00000001800148b0 f i CctCharacterController.obj
 0001:000138f0       ??0PxVec3@physx@@QEAA@M@Z  00000001800148f0 f i CctCharacterController.obj
 0001:00013940       ??0PxVec3@physx@@QEAA@XZ   0000000180014940 f i CctCharacterController.obj
 0001:00013950       ??0PxVec4@physx@@QEAA@AEBVPxVec3@1@M@Z 0000000180014950 f i CctCharacterController.obj
 0001:000139d0       ??0PxVec4@physx@@QEAA@XZ   00000001800149d0 f i CctCharacterController.obj
 0001:000139e0       ??0SIMDGuard@shdfnd@physx@@QEAA@XZ 00000001800149e0 f i CctCharacterController.obj
 0001:00013a20       ??0SweptContact@Cct@physx@@QEAA@XZ 0000000180014a20 f i CctCharacterController.obj
 0001:00013a60       ??0TriArray@Cct@physx@@QEAA@XZ 0000000180014a60 f i CctCharacterController.obj
 0001:00013ab0       ??1?$Array@IVNamedAllocator@shdfnd@physx@@@shdfnd@physx@@QEAA@XZ 0000000180014ab0 f i CctCharacterController.obj
 0001:00013b40       ??1?$Array@VPxTriangle@physx@@VNamedAllocator@shdfnd@2@@shdfnd@physx@@QEAA@XZ 0000000180014b40 f i CctCharacterController.obj
 0001:00013bd0       ??1?$PxHitBuffer@UPxRaycastHit@physx@@@physx@@UEAA@XZ 0000000180014bd0 f i CctCharacterController.obj
 0001:00013c00       ??1?$PxHitCallback@UPxRaycastHit@physx@@@physx@@UEAA@XZ 0000000180014c00 f i CctCharacterController.obj
 0001:00013c20       ??1ControllerFilter@@UEAA@XZ 0000000180014c20 f i CctCharacterController.obj
 0001:00013c40       ??1PxExtendedBox@physx@@QEAA@XZ 0000000180014c40 f i CctCharacterController.obj
 0001:00013c50       ??1PxProfileScoped@physx@@QEAA@XZ 0000000180014c50 f i CctCharacterController.obj
 0001:00013cc0       ??1PxQueryFilterCallback@physx@@UEAA@XZ 0000000180014cc0 f i CctCharacterController.obj
 0001:00013ce0       ??1PxTriangle@physx@@QEAA@XZ 0000000180014ce0 f i CctCharacterController.obj
 0001:00013cf0       ??1SIMDGuard@shdfnd@physx@@QEAA@XZ 0000000180014cf0 f i CctCharacterController.obj
 0001:00013d20       ??1TriArray@Cct@physx@@QEAA@XZ 0000000180014d20 f i CctCharacterController.obj
 0001:00013d40       ??2@YAPEAX_KPEAX@Z         0000000180014d40 f i CctCharacterController.obj
 0001:00013d60       ??4?$PxFlags@W4Enum@PxControllerCollisionFlag@physx@@E@physx@@QEAAAEAV01@AEBV01@@Z 0000000180014d60 f i CctCharacterController.obj
 0001:00013d90       ??4?$PxFlags@W4Enum@PxHitFlag@physx@@G@physx@@QEAAAEAV01@AEBV01@@Z 0000000180014d90 f i CctCharacterController.obj
 0001:00013dc0       ??4?$PxFlags@W4Enum@PxQueryFlag@physx@@G@physx@@QEAAAEAV01@AEBV01@@Z 0000000180014dc0 f i CctCharacterController.obj
 0001:00013df0       ??4?$TouchedObject@VPxRigidActor@physx@@@Cct@physx@@QEAAAEAU012@PEBVPxRigidActor@2@@Z 0000000180014df0 f i CctCharacterController.obj
 0001:00013e90       ??4?$TouchedObject@VPxShape@physx@@@Cct@physx@@QEAAAEAU012@PEBVPxShape@2@@Z 0000000180014e90 f i CctCharacterController.obj
 0001:00013f30       ??4CCTParams@Cct@physx@@QEAAAEAU012@AEBU012@@Z 0000000180014f30 f i CctCharacterController.obj
 0001:000140a0       ??4FPUGuard@shdfnd@physx@@QEAAAEAV012@AEBV012@@Z 00000001800150a0 f i CctCharacterController.obj
 0001:000140d0       ??4PxExtendedBox@physx@@QEAAAEAV01@AEBV01@@Z 00000001800150d0 f i CctCharacterController.obj
 0001:00014150       ??4PxLocationHit@physx@@QEAAAEAU01@AEBU01@@Z 0000000180015150 f i CctCharacterController.obj
 0001:00014210       ??4PxMat44@physx@@QEAAAEAV01@AEBV01@@Z 0000000180015210 f i CctCharacterController.obj
 0001:000142b0       ??4PxRaycastHit@physx@@QEAAAEAU01@AEBU01@@Z 00000001800152b0 f i CctCharacterController.obj
 0001:00014320       ??4PxTransform@physx@@QEAAAEAV01@$$QEAV01@@Z 0000000180015320 f i CctCharacterController.obj
 0001:00014380       ??4PxVec4@physx@@QEAAAEAV01@AEBV01@@Z 0000000180015380 f i CctCharacterController.obj
 0001:00014400       ??4SweptContact@Cct@physx@@QEAAAEAU012@AEBU012@@Z 0000000180015400 f i CctCharacterController.obj
 0001:000144b0       ??8?$TouchedObject@VPxRigidActor@physx@@@Cct@physx@@QEAA_NPEBVPxBase@2@@Z 00000001800154b0 f i CctCharacterController.obj
 0001:00014500       ??8?$TouchedObject@VPxShape@physx@@@Cct@physx@@QEAA_NPEBVPxBase@2@@Z 0000000180015500 f i CctCharacterController.obj
 0001:00014550       ??8?$TouchedObject@VPxShape@physx@@@Cct@physx@@QEAA_NPEBVPxShape@2@@Z 0000000180015550 f i CctCharacterController.obj
 0001:000145a0       ??A?$Array@IVNamedAllocator@shdfnd@physx@@@shdfnd@physx@@QEAAAEAII@Z 00000001800155a0 f i CctCharacterController.obj
 0001:00014640       ??A?$Array@IVNamedAllocator@shdfnd@physx@@@shdfnd@physx@@QEBAAEBII@Z 0000000180015640 f i CctCharacterController.obj
 0001:000146e0       ??A?$Array@UInternalBoxObstacle@ObstacleContext@Cct@physx@@VNamedAllocator@shdfnd@4@@shdfnd@physx@@QEBAAEBUInternalBoxObstacle@ObstacleContext@Cct@2@I@Z 00000001800156e0 f i CctCharacterController.obj
 0001:00014780       ??A?$Array@UInternalCapsuleObstacle@ObstacleContext@Cct@physx@@VNamedAllocator@shdfnd@4@@shdfnd@physx@@QEBAAEBUInternalCapsuleObstacle@ObstacleContext@Cct@2@I@Z 0000000180015780 f i CctCharacterController.obj
 0001:00014820       ??A?$Array@VPxTriangle@physx@@VNamedAllocator@shdfnd@2@@shdfnd@physx@@QEBAAEBVPxTriangle@2@I@Z 0000000180015820 f i CctCharacterController.obj
 0001:000148c0       ??B?$PxFlags@W4Enum@PxControllerBehaviorFlag@physx@@E@physx@@QEBAIXZ 00000001800158c0 f i CctCharacterController.obj
 0001:000148e0       ??B?$PxFlags@W4Enum@PxControllerDebugRenderFlag@physx@@I@physx@@QEBAIXZ 00000001800158e0 f i CctCharacterController.obj
 0001:000148f0       ??B?$PxFlags@W4Enum@PxQueryFlag@physx@@G@physx@@QEBA_NXZ 00000001800158f0 f i CctCharacterController.obj
 0001:00014930       ??B?$PxFlags@W4Enum@PxRigidBodyFlag@physx@@E@physx@@QEBA_NXZ 0000000180015930 f i CctCharacterController.obj
 0001:00014970       ??B?$PxFlags@W4Enum@PxShapeFlag@physx@@E@physx@@QEBA_NXZ 0000000180015970 f i CctCharacterController.obj
 0001:000149b0       ??B?$TouchedObject@VPxRigidActor@physx@@@Cct@physx@@QEBA_NXZ 00000001800159b0 f i CctCharacterController.obj
 0001:000149f0       ??B?$TouchedObject@VPxShape@physx@@@Cct@physx@@QEBA_NXZ 00000001800159f0 f i CctCharacterController.obj
 0001:00014a30       ??C?$TouchedObject@VPxRigidActor@physx@@@Cct@physx@@QEBAPEBVPxRigidActor@2@XZ 0000000180015a30 f i CctCharacterController.obj
 0001:00014a50       ??C?$TouchedObject@VPxShape@physx@@@Cct@physx@@QEBAPEBVPxShape@2@XZ 0000000180015a50 f i CctCharacterController.obj
 0001:00014a70       ??DPxQuat@physx@@QEBA?AV01@AEBV01@@Z 0000000180015a70 f i CctCharacterController.obj
 0001:00014c80       ??DPxTransform@physx@@QEBA?AV01@AEBV01@@Z 0000000180015c80 f i CctCharacterController.obj
 0001:00014d30       ??GPxVec3@physx@@QEBA?AV01@AEBV01@@Z 0000000180015d30 f i CctCharacterController.obj
 0001:00014dd0       ??GPxVec3@physx@@QEBA?AV01@XZ 0000000180015dd0 f i CctCharacterController.obj
 0001:00014e60       ??HPxVec3@physx@@QEBA?AV01@AEBV01@@Z 0000000180015e60 f i CctCharacterController.obj
 0001:00014f00       ??I?$PxFlags@W4Enum@PxQueryFlag@physx@@G@physx@@QEBA?AV01@W4Enum@PxQueryFlag@1@@Z 0000000180015f00 f i CctCharacterController.obj
 0001:00014f70       ??I?$PxFlags@W4Enum@PxRigidBodyFlag@physx@@E@physx@@QEBA?AV01@W4Enum@PxRigidBodyFlag@1@@Z 0000000180015f70 f i CctCharacterController.obj
 0001:00014fd0       ??I?$PxFlags@W4Enum@PxShapeFlag@physx@@E@physx@@QEBA?AV01@W4Enum@PxShapeFlag@1@@Z 0000000180015fd0 f i CctCharacterController.obj
 0001:00015030       ??R?$Hash@PEAVPxShape@physx@@@shdfnd@physx@@QEBAIAEBQEAVPxShape@2@@Z 0000000180016030 f i CctCharacterController.obj
 0001:00015060       ??RGetKey@?$HashSetBase@PEAVPxShape@physx@@U?$Hash@PEAVPxShape@physx@@@shdfnd@2@VNonTrackingAllocator@42@$0A@@internal@shdfnd@physx@@QEAAAEBQEAVPxShape@4@AEBQEAV54@@Z 0000000180016060 f i CctCharacterController.obj
 0001:00015080       ??U?$PxFlags@W4Enum@PxQueryFlag@physx@@G@physx@@QEBA?AV01@W4Enum@PxQueryFlag@1@@Z 0000000180016080 f i CctCharacterController.obj
 0001:000150e0       ??Uphysx@@YA?AV?$PxFlags@W4Enum@PxQueryFlag@physx@@G@0@W4Enum@PxQueryFlag@0@0@Z 00000001800160e0 f i CctCharacterController.obj
 0001:00015140       ??YPxVec3@physx@@QEAAAEAV01@AEBV01@@Z 0000000180016140 f i CctCharacterController.obj
 0001:000151c0       ??ZPxVec3@physx@@QEAAAEAV01@AEBV01@@Z 00000001800161c0 f i CctCharacterController.obj
 0001:00015240       ??_0PxVec3@physx@@QEAAAEAV01@M@Z 0000000180016240 f i CctCharacterController.obj
 0001:000152d0       ??_5?$PxFlags@W4Enum@PxControllerCollisionFlag@physx@@E@physx@@QEAAAEAV01@W4Enum@PxControllerCollisionFlag@1@@Z 00000001800162d0 f i CctCharacterController.obj
 0001:00015300       ??_5?$PxFlags@W4Enum@PxHitFlag@physx@@G@physx@@QEAAAEAV01@W4Enum@PxHitFlag@1@@Z 0000000180016300 f i CctCharacterController.obj
 0001:00015340       ??_5?$PxFlags@W4Enum@PxQueryFlag@physx@@G@physx@@QEAAAEAV01@W4Enum@PxQueryFlag@1@@Z 0000000180016340 f i CctCharacterController.obj
 0001:00015380       ??_E?$PxHitBuffer@UPxRaycastHit@physx@@@physx@@UEAAPEAXI@Z 0000000180016380 f i CctCharacterController.obj
 0001:00015380       ??_G?$PxHitBuffer@UPxRaycastHit@physx@@@physx@@UEAAPEAXI@Z 0000000180016380 f i CctCharacterController.obj
 0001:000153d0       ??_E?$PxHitCallback@UPxRaycastHit@physx@@@physx@@UEAAPEAXI@Z 00000001800163d0 f i CctCharacterController.obj
 0001:000153d0       ??_G?$PxHitCallback@UPxRaycastHit@physx@@@physx@@UEAAPEAXI@Z 00000001800163d0 f i CctCharacterController.obj
 0001:00015420       ??_GControllerFilter@@UEAAPEAXI@Z 0000000180016420 f i CctCharacterController.obj
 0001:00015420       ??_EControllerFilter@@UEAAPEAXI@Z 0000000180016420 f i CctCharacterController.obj
 0001:00015470       ??_GPxExtendedBox@physx@@QEAAPEAXI@Z 0000000180016470 f i CctCharacterController.obj
 0001:000154c0       ??_GPxQueryFilterCallback@physx@@UEAAPEAXI@Z 00000001800164c0 f i CctCharacterController.obj
 0001:000154c0       ??_EPxQueryFilterCallback@physx@@UEAAPEAXI@Z 00000001800164c0 f i CctCharacterController.obj
 0001:00015510       ??_GPxTriangle@physx@@QEAAPEAXI@Z 0000000180016510 f i CctCharacterController.obj
 0001:00015560       ?PxAbs@physx@@YAMM@Z       0000000180016560 f i CctCharacterController.obj
 0001:00015580       ?PxIsFinite@physx@@YA_NM@Z 0000000180016580 f i CctCharacterController.obj
 0001:000155a0       ?PxRecipSqrt@physx@@YAMM@Z 00000001800165a0 f i CctCharacterController.obj
 0001:000155c0       ?PxSqrt@physx@@YAMM@Z      00000001800165c0 f i CctCharacterController.obj
 0001:000155e0       ?abs@intrinsics@physx@@YAMM@Z 00000001800165e0 f i CctCharacterController.obj
 0001:00015600       ?add@physx@@YAXAEAUPxExtendedBounds3@1@AEBU21@@Z 0000000180016600 f i CctCharacterController.obj
 0001:00015650       ?allocate@?$Array@IVNamedAllocator@shdfnd@physx@@@shdfnd@physx@@IEAAPEAII@Z 0000000180016650 f i CctCharacterController.obj
 0001:00015700       ?allocate@?$Array@PEBXVNamedAllocator@shdfnd@physx@@@shdfnd@physx@@IEAAPEAPEBXI@Z 0000000180016700 f i CctCharacterController.obj
 0001:000157b0       ?allocate@?$Array@UPxExtendedCapsule@physx@@VNamedAllocator@shdfnd@2@@shdfnd@physx@@IEAAPEAUPxExtendedCapsule@3@I@Z 00000001800167b0 f i CctCharacterController.obj
 0001:00015860       ?allocate@?$Array@VPxExtendedBox@physx@@VNamedAllocator@shdfnd@2@@shdfnd@physx@@IEAAPEAVPxExtendedBox@3@I@Z 0000000180016860 f i CctCharacterController.obj
 0001:00015910       ?any@PxGeometryHolder@physx@@QEBAAEBVPxGeometry@2@XZ 0000000180016910 f i CctCharacterController.obj
 0001:00015940       ?begin@?$Array@IVNamedAllocator@shdfnd@physx@@@shdfnd@physx@@QEAAPEAIXZ 0000000180016940 f i CctCharacterController.obj
 0001:00015960       ?begin@?$Array@IVNamedAllocator@shdfnd@physx@@@shdfnd@physx@@QEBAPEBIXZ 0000000180016960 f i CctCharacterController.obj
 0001:00015980       ?begin@?$Array@PEBXVNamedAllocator@shdfnd@physx@@@shdfnd@physx@@QEAAPEAPEBXXZ 0000000180016980 f i CctCharacterController.obj
 0001:000159a0       ?begin@?$Array@UPxExtendedCapsule@physx@@VNamedAllocator@shdfnd@2@@shdfnd@physx@@QEAAPEAUPxExtendedCapsule@3@XZ 00000001800169a0 f i CctCharacterController.obj
 0001:000159c0       ?begin@?$Array@VPxExtendedBox@physx@@VNamedAllocator@shdfnd@2@@shdfnd@physx@@QEAAPEAVPxExtendedBox@3@XZ 00000001800169c0 f i CctCharacterController.obj
 0001:000159e0       ?capacity@?$Array@IVNamedAllocator@shdfnd@physx@@@shdfnd@physx@@QEBAIXZ 00000001800169e0 f i CctCharacterController.obj
 0001:00015a00       ?capacity@?$Array@PEBXVNamedAllocator@shdfnd@physx@@@shdfnd@physx@@QEBAIXZ 0000000180016a00 f i CctCharacterController.obj
 0001:00015a20       ?capacity@?$Array@UPxExtendedCapsule@physx@@VNamedAllocator@shdfnd@2@@shdfnd@physx@@QEBAIXZ 0000000180016a20 f i CctCharacterController.obj
 0001:00015a40       ?capacity@?$Array@VPxExtendedBox@physx@@VNamedAllocator@shdfnd@2@@shdfnd@physx@@QEBAIXZ 0000000180016a40 f i CctCharacterController.obj
 0001:00015a60       ?capacity@?$Array@VPxTriangle@physx@@VNamedAllocator@shdfnd@2@@shdfnd@physx@@QEBAIXZ 0000000180016a60 f i CctCharacterController.obj
 0001:00015a80       ?capacityIncrement@?$Array@PEBXVNamedAllocator@shdfnd@physx@@@shdfnd@physx@@IEBAIXZ 0000000180016a80 f i CctCharacterController.obj
 0001:00015ad0       ?capacityIncrement@?$Array@UPxExtendedCapsule@physx@@VNamedAllocator@shdfnd@2@@shdfnd@physx@@IEBAIXZ 0000000180016ad0 f i CctCharacterController.obj
 0001:00015b20       ?capacityIncrement@?$Array@VPxExtendedBox@physx@@VNamedAllocator@shdfnd@2@@shdfnd@physx@@IEBAIXZ 0000000180016b20 f i CctCharacterController.obj
 0001:00015b70       ?clear@?$Array@IVNamedAllocator@shdfnd@physx@@@shdfnd@physx@@QEAAXXZ 0000000180016b70 f i CctCharacterController.obj
 0001:00015bc0       ?clear@?$Array@VPxTriangle@physx@@VNamedAllocator@shdfnd@2@@shdfnd@physx@@QEAAXXZ 0000000180016bc0 f i CctCharacterController.obj
 0001:00015c10       ?clear@TriArray@Cct@physx@@QEAAXXZ 0000000180016c10 f i CctCharacterController.obj
 0001:00015c30       ?computeTimeCoeff@Controller@Cct@physx@@IEAAMXZ 0000000180016c30 f i CctCharacterController.obj
 0001:00015ca0       ?contains@?$HashSetBase@PEAVPxShape@physx@@U?$Hash@PEAVPxShape@physx@@@shdfnd@2@VNonTrackingAllocator@42@$0A@@internal@shdfnd@physx@@QEBA_NAEBQEAVPxShape@4@@Z 0000000180016ca0 f i CctCharacterController.obj
 0001:00015d00       ?copy@?$Array@IVNamedAllocator@shdfnd@physx@@@shdfnd@physx@@KAXPEAI0PEBI@Z 0000000180016d00 f i CctCharacterController.obj
 0001:00015dc0       ?copy@?$Array@PEBXVNamedAllocator@shdfnd@physx@@@shdfnd@physx@@KAXPEAPEBX0PEBQEBX@Z 0000000180016dc0 f i CctCharacterController.obj
 0001:00015e80       ?copy@?$Array@UPxExtendedCapsule@physx@@VNamedAllocator@shdfnd@2@@shdfnd@physx@@KAXPEAUPxExtendedCapsule@3@0PEBU43@@Z 0000000180016e80 f i CctCharacterController.obj
 0001:00015f40       ?copy@?$Array@VPxExtendedBox@physx@@VNamedAllocator@shdfnd@2@@shdfnd@physx@@KAXPEAVPxExtendedBox@3@0PEBV43@@Z 0000000180016f40 f i CctCharacterController.obj
 0001:00015ff0       ?cross@PxVec3@physx@@QEBA?AV12@AEBV12@@Z 0000000180016ff0 f i CctCharacterController.obj
 0001:000160e0       ?deallocate@?$Array@IVNamedAllocator@shdfnd@physx@@@shdfnd@physx@@IEAAXPEAX@Z 00000001800170e0 f i CctCharacterController.obj
 0001:00016110       ?deallocate@?$Array@PEBXVNamedAllocator@shdfnd@physx@@@shdfnd@physx@@IEAAXPEAX@Z 0000000180017110 f i CctCharacterController.obj
 0001:00016140       ?deallocate@?$Array@UPxExtendedCapsule@physx@@VNamedAllocator@shdfnd@2@@shdfnd@physx@@IEAAXPEAX@Z 0000000180017140 f i CctCharacterController.obj
 0001:00016170       ?deallocate@?$Array@VPxExtendedBox@physx@@VNamedAllocator@shdfnd@2@@shdfnd@physx@@IEAAXPEAX@Z 0000000180017170 f i CctCharacterController.obj
 0001:000161a0       ?deallocate@?$Array@VPxTriangle@physx@@VNamedAllocator@shdfnd@2@@shdfnd@physx@@IEAAXPEAX@Z 00000001800171a0 f i CctCharacterController.obj
 0001:000161d0       ?decomposeVector@shdfnd@physx@@YAXAEAVPxVec3@2@0AEBV32@1@Z 00000001800171d0 f i CctCharacterController.obj
 0001:00016260       ?destroy@?$Array@IVNamedAllocator@shdfnd@physx@@@shdfnd@physx@@KAXPEAI0@Z 0000000180017260 f i CctCharacterController.obj
 0001:000162a0       ?destroy@?$Array@PEBXVNamedAllocator@shdfnd@physx@@@shdfnd@physx@@KAXPEAPEBX0@Z 00000001800172a0 f i CctCharacterController.obj
 0001:000162e0       ?destroy@?$Array@UPxExtendedCapsule@physx@@VNamedAllocator@shdfnd@2@@shdfnd@physx@@KAXPEAUPxExtendedCapsule@3@0@Z 00000001800172e0 f i CctCharacterController.obj
 0001:00016320       ?destroy@?$Array@VPxExtendedBox@physx@@VNamedAllocator@shdfnd@2@@shdfnd@physx@@KAXPEAVPxExtendedBox@3@0@Z 0000000180017320 f i CctCharacterController.obj
 0001:00016370       ?destroy@?$Array@VPxTriangle@physx@@VNamedAllocator@shdfnd@2@@shdfnd@physx@@KAXPEAVPxTriangle@3@0@Z 0000000180017370 f i CctCharacterController.obj
 0001:000163c0       ?dot@PxExtendedVec3@physx@@QEBANAEBVPxVec3@2@@Z 00000001800173c0 f i CctCharacterController.obj
 0001:00016440       ?dot@PxVec3@physx@@QEBAMAEBV12@@Z 0000000180017440 f i CctCharacterController.obj
 0001:000164a0       ?encodeUserObject@Cct@physx@@YAIIW4UserObjectType@12@@Z 00000001800174a0 f i CctCharacterController.obj
 0001:00016590       ?end@?$Array@IVNamedAllocator@shdfnd@physx@@@shdfnd@physx@@QEAAPEAIXZ 0000000180017590 f i CctCharacterController.obj
 0001:000165b0       ?end@?$Array@IVNamedAllocator@shdfnd@physx@@@shdfnd@physx@@QEBAPEBIXZ 00000001800175b0 f i CctCharacterController.obj
 0001:000165d0       ?equal@?$Hash@PEAVPxShape@physx@@@shdfnd@physx@@QEBA_NAEBQEAVPxShape@3@0@Z 00000001800175d0 f i CctCharacterController.obj
 0001:00016620       ?finalizeQuery@?$PxHitCallback@UPxRaycastHit@physx@@@physx@@UEAAXXZ 0000000180017620 f i CctCharacterController.obj
 0001:00016630       ?find@?$HashBase@PEAVPxShape@physx@@PEAV12@U?$Hash@PEAVPxShape@physx@@@shdfnd@2@UGetKey@?$HashSetBase@PEAVPxShape@physx@@U?$Hash@PEAVPxShape@physx@@@shdfnd@2@VNonTrackingAllocator@42@$0A@@internal@42@VNonTrackingAllocator@42@$0A@@internal@shdfnd@physx@@QEBAPEBQEAVPxShape@4@AEBQEAV54@@Z 0000000180017630 f i CctCharacterController.obj
 0001:00016730       ?forceSize_Unsafe@?$Array@IVNamedAllocator@shdfnd@physx@@@shdfnd@physx@@QEAAXI@Z 0000000180017730 f i CctCharacterController.obj
 0001:000167c0       ?forceSize_Unsafe@?$Array@VPxTriangle@physx@@VNamedAllocator@shdfnd@2@@shdfnd@physx@@QEAAXI@Z 00000001800177c0 f i CctCharacterController.obj
 0001:00016850       ?forceSize_Unsafe@TriArray@Cct@physx@@QEAAXI@Z 0000000180017850 f i CctCharacterController.obj
 0001:00016880       ?get@?$TouchedObject@VPxRigidActor@physx@@@Cct@physx@@QEBAPEBVPxRigidActor@3@XZ 0000000180017880 f i CctCharacterController.obj
 0001:000168a0       ?get@?$TouchedObject@VPxShape@physx@@@Cct@physx@@QEBAPEBVPxShape@3@XZ 00000001800178a0 f i CctCharacterController.obj
 0001:000168c0       ?getAnyHit@?$PxHitBuffer@UPxRaycastHit@physx@@@physx@@QEBAAEBUPxRaycastHit@2@I@Z 00000001800178c0 f i CctCharacterController.obj
 0001:000169b0       ?getBasisVector0@PxQuat@physx@@QEBA?AVPxVec3@2@XZ 00000001800179b0 f i CctCharacterController.obj
 0001:00016ad0       ?getCenter@PxBounds3@physx@@QEBA?AVPxVec3@2@XZ 0000000180017ad0 f i CctCharacterController.obj
 0001:00016ba0       ?getConcreteType@PxBase@physx@@QEBAGXZ 0000000180017ba0 f i CctCharacterController.obj
 0001:00016bc0       ?getContextId@Controller@Cct@physx@@QEBA_KXZ 0000000180017bc0 f i CctCharacterController.obj
 0001:00016be0       ?getDimensions@PxBounds3@physx@@QEBA?AVPxVec3@2@XZ 0000000180017be0 f i CctCharacterController.obj
 0001:00016c90       ?getExtents@PxBounds3@physx@@QEBA?AVPxVec3@2@XZ 0000000180017c90 f i CctCharacterController.obj
 0001:00016d50       ?getGlobalPose@PxShapeExt@physx@@SA?AVPxTransform@2@AEBVPxShape@2@AEBVPxRigidActor@2@@Z 0000000180017d50 f i CctCharacterController.obj
 0001:00016e00       ?getNbTouches@?$PxHitBuffer@UPxRaycastHit@physx@@@physx@@QEBAIXZ 0000000180017e00 f i CctCharacterController.obj
 0001:00016e20       ?getNormalized@PxVec3@physx@@QEBA?AV12@XZ 0000000180017e20 f i CctCharacterController.obj
 0001:00016ed0       ?getShapeGlobalPose@physx@@YA?AVPxTransform@1@AEBVPxShape@1@AEBVPxRigidActor@1@@Z 0000000180017ed0 f i CctCharacterController.obj
 0001:00016f10       ?getTouches@?$PxHitBuffer@UPxRaycastHit@physx@@@physx@@QEBAPEBUPxRaycastHit@2@XZ 0000000180017f10 f i CctCharacterController.obj
 0001:00016f30       ?getTriangle@TriArray@Cct@physx@@QEBAAEBVPxTriangle@3@I@Z 0000000180017f30 f i CctCharacterController.obj
 0001:00016f60       ?getType@SweptVolume@Cct@physx@@QEBA?AW4Enum@SweptVolumeType@23@XZ 0000000180017f60 f i CctCharacterController.obj
 0001:00016f80       ?grow@?$Array@IVNamedAllocator@shdfnd@physx@@@shdfnd@physx@@IEAAXI@Z 0000000180017f80 f i CctCharacterController.obj
 0001:00017020       ?growAndPushBack@?$Array@PEBXVNamedAllocator@shdfnd@physx@@@shdfnd@physx@@IEAAAEAPEBXAEBQEBX@Z 0000000180018020 f i CctCharacterController.obj
 0001:00017230       ?growAndPushBack@?$Array@UPxExtendedCapsule@physx@@VNamedAllocator@shdfnd@2@@shdfnd@physx@@IEAAAEAUPxExtendedCapsule@3@AEBU43@@Z 0000000180018230 f i CctCharacterController.obj
 0001:00017490       ?growAndPushBack@?$Array@VPxExtendedBox@physx@@VNamedAllocator@shdfnd@2@@shdfnd@physx@@IEAAAEAVPxExtendedBox@3@AEBV43@@Z 0000000180018490 f i CctCharacterController.obj
 0001:000176a0       ?hash@?$HashBase@PEAVPxShape@physx@@PEAV12@U?$Hash@PEAVPxShape@physx@@@shdfnd@2@UGetKey@?$HashSetBase@PEAVPxShape@physx@@U?$Hash@PEAVPxShape@physx@@@shdfnd@2@VNonTrackingAllocator@42@$0A@@internal@42@VNonTrackingAllocator@42@$0A@@internal@shdfnd@physx@@AEBAIAEBQEAVPxShape@4@@Z 00000001800186a0 f i CctCharacterController.obj
 0001:000176e0       ?hash@?$HashBase@PEAVPxShape@physx@@PEAV12@U?$Hash@PEAVPxShape@physx@@@shdfnd@2@UGetKey@?$HashSetBase@PEAVPxShape@physx@@U?$Hash@PEAVPxShape@physx@@@shdfnd@2@VNonTrackingAllocator@42@$0A@@internal@42@VNonTrackingAllocator@42@$0A@@internal@shdfnd@physx@@AEBAIAEBQEAVPxShape@4@I@Z 00000001800186e0 f i CctCharacterController.obj
 0001:00017720       ?hash@shdfnd@physx@@YAIPEBX@Z 0000000180018720 f i CctCharacterController.obj
 0001:00017740       ?hash@shdfnd@physx@@YAI_K@Z 0000000180018740 f i CctCharacterController.obj
 0001:00017850       ?intersectOBBAABB@Gu@physx@@YA_NAEBVBox@12@AEBVPxBounds3@2@@Z 0000000180018850 f i CctCharacterController.obj
 0001:00017910       ?isAlmostZero@shdfnd@physx@@YA_NAEBVPxVec3@2@@Z 0000000180018910 f i CctCharacterController.obj
 0001:00017990       ?isFinite@PxBounds3@physx@@QEBA_NXZ 0000000180018990 f i CctCharacterController.obj
 0001:00017a00       ?isFinite@PxQuat@physx@@QEBA_NXZ 0000000180018a00 f i CctCharacterController.obj
 0001:00017aa0       ?isFinite@PxTransform@physx@@QEBA_NXZ 0000000180018aa0 f i CctCharacterController.obj
 0001:00017b10       ?isFinite@PxVec3@physx@@QEBA_NXZ 0000000180018b10 f i CctCharacterController.obj
 0001:00017b90       ?isFinite@intrinsics@physx@@YA_NM@Z 0000000180018b90 f i CctCharacterController.obj
 0001:00017be0       ?isInUserMemory@?$Array@IVNamedAllocator@shdfnd@physx@@@shdfnd@physx@@QEBAIXZ 0000000180018be0 f i CctCharacterController.obj
 0001:00017c00       ?isInUserMemory@?$Array@PEBXVNamedAllocator@shdfnd@physx@@@shdfnd@physx@@QEBAIXZ 0000000180018c00 f i CctCharacterController.obj
 0001:00017c20       ?isInUserMemory@?$Array@UPxExtendedCapsule@physx@@VNamedAllocator@shdfnd@2@@shdfnd@physx@@QEBAIXZ 0000000180018c20 f i CctCharacterController.obj
 0001:00017c40       ?isInUserMemory@?$Array@VPxExtendedBox@physx@@VNamedAllocator@shdfnd@2@@shdfnd@physx@@QEBAIXZ 0000000180018c40 f i CctCharacterController.obj
 0001:00017c60       ?isInUserMemory@?$Array@VPxTriangle@physx@@VNamedAllocator@shdfnd@2@@shdfnd@physx@@QEBAIXZ 0000000180018c60 f i CctCharacterController.obj
 0001:00017c80       ?isInside@PxExtendedBounds3@physx@@QEBA_NAEBU12@@Z 0000000180018c80 f i CctCharacterController.obj
 0001:00017d60       ?isSane@PxQuat@physx@@QEBA_NXZ 0000000180018d60 f i CctCharacterController.obj
 0001:00017de0       ?isSane@PxTransform@physx@@QEBA_NXZ 0000000180018de0 f i CctCharacterController.obj
 0001:00017e40       ?isValid@PxBounds3@physx@@QEBA_NXZ 0000000180018e40 f i CctCharacterController.obj
 0001:00017f70       ?isZero@PxVec3@physx@@QEBA_NXZ 0000000180018f70 f i CctCharacterController.obj
 0001:00017fd0       ?magnitude@PxQuat@physx@@QEBAMXZ 0000000180018fd0 f i CctCharacterController.obj
 0001:00018000       ?magnitude@PxVec3@physx@@QEBAMXZ 0000000180019000 f i CctCharacterController.obj
 0001:00018030       ?magnitudeSquared@PxQuat@physx@@QEBAMXZ 0000000180019030 f i CctCharacterController.obj
 0001:000180b0       ?magnitudeSquared@PxVec3@physx@@QEBAMXZ 00000001800190b0 f i CctCharacterController.obj
 0001:00018110       ?maximum@PxExtendedVec3@physx@@QEAAXAEBU12@@Z 0000000180019110 f i CctCharacterController.obj
 0001:000181c0       ?minimum@PxExtendedVec3@physx@@QEAAXAEBU12@@Z 00000001800191c0 f i CctCharacterController.obj
 0001:00018270       ?normal@PxTriangle@physx@@QEBAXAEAVPxVec3@2@@Z 0000000180019270 f i CctCharacterController.obj
 0001:00018360       ?normalize@PxVec3@physx@@QEAAMXZ 0000000180019360 f i CctCharacterController.obj
 0001:000183c0       ?postFilter@ControllerFilter@@UEAA?AW4Enum@PxQueryHitType@physx@@AEBUPxFilterData@4@AEBUPxQueryHit@4@@Z 00000001800193c0 f i CctCharacterController.obj
 0001:000184c0       ?preFilter@ControllerFilter@@UEAA?AW4Enum@PxQueryHitType@physx@@AEBUPxFilterData@4@PEBVPxShape@4@PEBVPxRigidActor@4@AEAV?$PxFlags@W4Enum@PxHitFlag@physx@@G@4@@Z 00000001800194c0 f i CctCharacterController.obj
 0001:00018600       ?processTouches@?$PxHitBuffer@UPxRaycastHit@physx@@@physx@@MEAA_NPEBUPxRaycastHit@2@I@Z 0000000180019600 f i CctCharacterController.obj
 0001:00018640       ?pushBack@?$Array@PEBXVNamedAllocator@shdfnd@physx@@@shdfnd@physx@@QEAAAEAPEBXAEBQEBX@Z 0000000180019640 f i CctCharacterController.obj
 0001:00018730       ?pushBack@?$Array@UPxExtendedCapsule@physx@@VNamedAllocator@shdfnd@2@@shdfnd@physx@@QEAAAEAUPxExtendedCapsule@3@AEBU43@@Z 0000000180019730 f i CctCharacterController.obj
 0001:00018830       ?pushBack@?$Array@VPxExtendedBox@physx@@VNamedAllocator@shdfnd@2@@shdfnd@physx@@QEAAAEAVPxExtendedBox@3@AEBV43@@Z 0000000180019830 f i CctCharacterController.obj
 0001:00018920       ?recipSqrt@intrinsics@physx@@YAMM@Z 0000000180019920 f i CctCharacterController.obj
 0001:00018960       ?recreate@?$Array@IVNamedAllocator@shdfnd@physx@@@shdfnd@physx@@IEAAXI@Z 0000000180019960 f i CctCharacterController.obj
 0001:00018ab0       ?reserve@?$Array@IVNamedAllocator@shdfnd@physx@@@shdfnd@physx@@QEAAXI@Z 0000000180019ab0 f i CctCharacterController.obj
 0001:00018af0       ?resetStats@SweepTest@Cct@physx@@QEAAXXZ 0000000180019af0 f i CctCharacterController.obj
 0001:00018b40       ?rotate@PxQuat@physx@@QEBA?BVPxVec3@2@AEBV32@@Z 0000000180019b40 f i CctCharacterController.obj
 0001:00018d90       ?rotateInv@PxQuat@physx@@QEBA?BVPxVec3@2@AEBV32@@Z 0000000180019d90 f i CctCharacterController.obj
 0001:00018fe0       ?selectMax@intrinsics@physx@@YAMMM@Z 0000000180019fe0 f i CctCharacterController.obj
 0001:00019030       ?selectMin@intrinsics@physx@@YAMMM@Z 000000018001a030 f i CctCharacterController.obj
 0001:00019080       ?set@PxExtendedBounds3@physx@@QEAAXNNNNNN@Z 000000018001a080 f i CctCharacterController.obj
 0001:00019100       ?set@PxExtendedVec3@physx@@QEAAXNNN@Z 000000018001a100 f i CctCharacterController.obj
 0001:00019160       ?setEmpty@PxExtendedBounds3@physx@@QEAAXXZ 000000018001a160 f i CctCharacterController.obj
 0001:000191d0       ?setWorldPos@SweptContact@Cct@physx@@QEAAXAEBVPxVec3@3@AEBUPxExtendedVec3@3@@Z 000000018001a1d0 f i CctCharacterController.obj
 0001:00019250       ?size@?$Array@IVNamedAllocator@shdfnd@physx@@@shdfnd@physx@@QEBAIXZ 000000018001a250 f i CctCharacterController.obj
 0001:00019270       ?size@?$Array@PEBXVNamedAllocator@shdfnd@physx@@@shdfnd@physx@@QEBAIXZ 000000018001a270 f i CctCharacterController.obj
 0001:00019290       ?size@?$Array@UInternalBoxObstacle@ObstacleContext@Cct@physx@@VNamedAllocator@shdfnd@4@@shdfnd@physx@@QEBAIXZ 000000018001a290 f i CctCharacterController.obj
 0001:000192b0       ?size@?$Array@UInternalCapsuleObstacle@ObstacleContext@Cct@physx@@VNamedAllocator@shdfnd@4@@shdfnd@physx@@QEBAIXZ 000000018001a2b0 f i CctCharacterController.obj
 0001:000192d0       ?size@?$Array@UPxExtendedCapsule@physx@@VNamedAllocator@shdfnd@2@@shdfnd@physx@@QEBAIXZ 000000018001a2d0 f i CctCharacterController.obj
 0001:000192f0       ?size@?$Array@VPxExtendedBox@physx@@VNamedAllocator@shdfnd@2@@shdfnd@physx@@QEBAIXZ 000000018001a2f0 f i CctCharacterController.obj
 0001:00019310       ?size@?$Array@VPxTriangle@physx@@VNamedAllocator@shdfnd@2@@shdfnd@physx@@QEBAIXZ 000000018001a310 f i CctCharacterController.obj
 0001:00019330       ?size@TriArray@Cct@physx@@QEBAIXZ 000000018001a330 f i CctCharacterController.obj
 0001:00019350       ?sqrt@intrinsics@physx@@YAMM@Z 000000018001a350 f i CctCharacterController.obj
 0001:00019380       ?testSlope@physx@@YA_NAEBVPxVec3@1@0M@Z 000000018001a380 f i CctCharacterController.obj
 0001:00019400       ?toVec3@physx@@YA?AVPxVec3@1@AEBUPxExtendedVec3@1@@Z 000000018001a400 f i CctCharacterController.obj
 0001:00019470       ?transform@PxTransform@physx@@QEBA?AV12@AEBV12@@Z 000000018001a470 f i CctCharacterController.obj
 0001:00019640       ?transform@PxTransform@physx@@QEBA?AVPxVec3@2@AEBV32@@Z 000000018001a640 f i CctCharacterController.obj
 0001:00019720       ?transformInv@PxTransform@physx@@QEBA?AVPxVec3@2@AEBV32@@Z 000000018001a720 f i CctCharacterController.obj
 0001:000197f0       fabsf                      000000018001a7f0 f i CctCharacterController.obj
 0001:000198a0       ?getSceneTimestamp@Cct@physx@@YAIPEBUInternalCBData_FindTouchedGeom@12@@Z 000000018001a8a0 f   CctCharacterControllerCallbacks.obj
 0001:00019930       ?findTouchedGeometry@Cct@physx@@YAXPEBUInternalCBData_FindTouchedGeom@12@AEBUPxExtendedBounds3@2@AEAVTriArray@12@AEAV?$Array@IVNamedAllocator@shdfnd@physx@@@shdfnd@2@3AEBVCCTFilter@12@AEBUCCTParams@12@AEAG@Z 000000018001a930 f   CctCharacterControllerCallbacks.obj
 0001:0001a120       ?shapeHitCallback@Cct@physx@@YAIPEBUInternalCBData_OnHit@12@AEBUSweptContact@12@AEBVPxVec3@2@M@Z 000000018001b120 f   CctCharacterControllerCallbacks.obj
 0001:0001a250       ?userHitCallback@Cct@physx@@YAIPEBUInternalCBData_OnHit@12@AEBUSweptContact@12@AEBVPxVec3@2@M@Z 000000018001b250 f   CctCharacterControllerCallbacks.obj
 0001:0001f9c0       ??$PX_UNUSED@PEBUPxOverlapHit@physx@@@@YAXAEBQEBUPxOverlapHit@physx@@@Z 00000001800209c0 f i CctCharacterControllerCallbacks.obj
 0001:0001f9d0       ??0?$PxFlags@W4Enum@PxConvexMeshGeometryFlag@physx@@E@physx@@QEAA@XZ 00000001800209d0 f i CctCharacterControllerCallbacks.obj
 0001:0001f9f0       ??0?$PxFlags@W4Enum@PxMeshGeometryFlag@physx@@E@physx@@QEAA@E@Z 00000001800209f0 f i CctCharacterControllerCallbacks.obj
 0001:0001fa20       ??0?$PxFlags@W4Enum@PxMeshGeometryFlag@physx@@E@physx@@QEAA@XZ 0000000180020a20 f i CctCharacterControllerCallbacks.obj
 0001:0001fa40       ??0?$PxHitBuffer@UPxOverlapHit@physx@@@physx@@QEAA@PEAUPxOverlapHit@1@I@Z 0000000180020a40 f i CctCharacterControllerCallbacks.obj
 0001:0001fa90       ??0?$PxHitCallback@UPxOverlapHit@physx@@@physx@@QEAA@PEAUPxOverlapHit@1@I@Z 0000000180020a90 f i CctCharacterControllerCallbacks.obj
 0001:0001fb20       ??0?$PxPadding@$02@physx@@QEAA@XZ 0000000180020b20 f i CctCharacterControllerCallbacks.obj
 0001:0001fb70       ??0PxControllerHit@physx@@QEAA@XZ 0000000180020b70 f i CctCharacterControllerCallbacks.obj
 0001:0001fbd0       ??0PxControllerObstacleHit@physx@@QEAA@XZ 0000000180020bd0 f i CctCharacterControllerCallbacks.obj
 0001:0001fc00       ??0PxControllerShapeHit@physx@@QEAA@XZ 0000000180020c00 f i CctCharacterControllerCallbacks.obj
 0001:0001fc30       ??0PxControllersHit@physx@@QEAA@XZ 0000000180020c30 f i CctCharacterControllerCallbacks.obj
 0001:0001fc60       ??0PxConvexMeshGeometry@physx@@QEAA@XZ 0000000180020c60 f i CctCharacterControllerCallbacks.obj
 0001:0001fd00       ??0PxExtendedSphere@physx@@QEAA@XZ 0000000180020d00 f i CctCharacterControllerCallbacks.obj
 0001:0001fd30       ??0PxHeightFieldGeometry@physx@@QEAA@XZ 0000000180020d30 f i CctCharacterControllerCallbacks.obj
 0001:0001fde0       ??0PxMat33@physx@@QEAA@AEBVPxVec3@1@00@Z 0000000180020de0 f i CctCharacterControllerCallbacks.obj
 0001:0001fe60       ??0PxMeshScale@physx@@QEAA@M@Z 0000000180020e60 f i CctCharacterControllerCallbacks.obj
 0001:0001feb0       ??0PxMeshScale@physx@@QEAA@XZ 0000000180020eb0 f i CctCharacterControllerCallbacks.obj
 0001:0001ff00       ??0PxOverlapHit@physx@@QEAA@XZ 0000000180020f00 f i CctCharacterControllerCallbacks.obj
 0001:0001ff30       ??0PxPlane@physx@@QEAA@AEBVPxVec3@1@M@Z 0000000180020f30 f i CctCharacterControllerCallbacks.obj
 0001:0001ff80       ??0PxPlane@physx@@QEAA@MMMM@Z 0000000180020f80 f i CctCharacterControllerCallbacks.obj
 0001:0001fff0       ??0PxQueryFilterData@physx@@QEAA@$$QEAU01@@Z 0000000180020ff0 f i CctCharacterControllerCallbacks.obj
 0001:00020060       ??0PxQueryFilterData@physx@@QEAA@V?$PxFlags@W4Enum@PxQueryFlag@physx@@G@1@@Z 0000000180021060 f i CctCharacterControllerCallbacks.obj
 0001:000200c0       ??0PxTransform@physx@@QEAA@AEBVPxVec3@1@@Z 00000001800210c0 f i CctCharacterControllerCallbacks.obj
 0001:00020110       ??0PxTriangle@physx@@QEAA@AEBV01@@Z 0000000180021110 f i CctCharacterControllerCallbacks.obj
 0001:00020210       ??0PxTriangle@physx@@QEAA@AEBVPxVec3@1@00@Z 0000000180021210 f i CctCharacterControllerCallbacks.obj
 0001:000202e0       ??0PxTriangle@physx@@QEAA@XZ 00000001800212e0 f i CctCharacterControllerCallbacks.obj
 0001:00020320       ??0PxTriangleMeshGeometry@physx@@QEAA@XZ 0000000180021320 f i CctCharacterControllerCallbacks.obj
 0001:000203a0       ??0PxVec4@physx@@QEAA@MMMM@Z 00000001800213a0 f i CctCharacterControllerCallbacks.obj
 0001:00020420       ??0TessParams@@QEAA@XZ     0000000180021420 f i CctCharacterControllerCallbacks.obj
 0001:00020470       ??0TrianglePadded@Gu@physx@@QEAA@XZ 0000000180021470 f i CctCharacterControllerCallbacks.obj
 0001:000204a0       ??0Vec3p@Gu@physx@@QEAA@AEBVPxVec3@2@@Z 00000001800214a0 f i CctCharacterControllerCallbacks.obj
 0001:000204d0       ??1?$PxHitBuffer@UPxOverlapHit@physx@@@physx@@UEAA@XZ 00000001800214d0 f i CctCharacterControllerCallbacks.obj
 0001:00020500       ??1?$PxHitCallback@UPxOverlapHit@physx@@@physx@@UEAA@XZ 0000000180021500 f i CctCharacterControllerCallbacks.obj
 0001:00020520       ??1PxExtendedSphere@physx@@QEAA@XZ 0000000180021520 f i CctCharacterControllerCallbacks.obj
 0001:00020530       ??1TrianglePadded@Gu@physx@@QEAA@XZ 0000000180021530 f i CctCharacterControllerCallbacks.obj
 0001:00020550       ??1Vec3p@Gu@physx@@QEAA@XZ 0000000180021550 f i CctCharacterControllerCallbacks.obj
 0001:00020560       ??APxVec3@physx@@QEBAAEBMI@Z 0000000180021560 f i CctCharacterControllerCallbacks.obj
 0001:000205f0       ??DPxMat33@physx@@QEBA?BV01@AEBV01@@Z 00000001800215f0 f i CctCharacterControllerCallbacks.obj
 0001:000206b0       ??DPxVec4@physx@@QEBA?AV01@M@Z 00000001800216b0 f i CctCharacterControllerCallbacks.obj
 0001:00020750       ??HPxVec4@physx@@QEBA?AV01@AEBV01@@Z 0000000180021750 f i CctCharacterControllerCallbacks.obj
 0001:00020800       ??_G?$PxHitBuffer@UPxOverlapHit@physx@@@physx@@UEAAPEAXI@Z 0000000180021800 f i CctCharacterControllerCallbacks.obj
 0001:00020800       ??_E?$PxHitBuffer@UPxOverlapHit@physx@@@physx@@UEAAPEAXI@Z 0000000180021800 f i CctCharacterControllerCallbacks.obj
 0001:00020850       ??_E?$PxHitCallback@UPxOverlapHit@physx@@@physx@@UEAAPEAXI@Z 0000000180021850 f i CctCharacterControllerCallbacks.obj
 0001:00020850       ??_G?$PxHitCallback@UPxOverlapHit@physx@@@physx@@UEAAPEAXI@Z 0000000180021850 f i CctCharacterControllerCallbacks.obj
 0001:000208a0       ?FLoad@aos@shdfnd@physx@@YA?AT__m128@@M@Z 00000001800218a0 f i CctCharacterControllerCallbacks.obj
 0001:000208d0       ?PxPlaneEquationFromTransform@physx@@YA?AVPxPlane@1@AEBVPxTransform@1@@Z 00000001800218d0 f i CctCharacterControllerCallbacks.obj
 0001:00020930       ?V3Load@aos@shdfnd@physx@@YA?AT__m128@@M@Z 0000000180021930 f i CctCharacterControllerCallbacks.obj
 0001:00020980       ?V4Load@aos@shdfnd@physx@@YA?AT__m128@@M@Z 0000000180021980 f i CctCharacterControllerCallbacks.obj
 0001:000209b0       ?allocate@?$Array@VPxTriangle@physx@@VNamedAllocator@shdfnd@2@@shdfnd@physx@@IEAAPEAVPxTriangle@3@I@Z 00000001800219b0 f i CctCharacterControllerCallbacks.obj
 0001:00020a60       ?begin@?$Array@VPxTriangle@physx@@VNamedAllocator@shdfnd@2@@shdfnd@physx@@QEBAPEBVPxTriangle@3@XZ 0000000180021a60 f i CctCharacterControllerCallbacks.obj
 0001:00020a80       ?begin@TriArray@Cct@physx@@QEBAPEBVPxTriangle@3@XZ 0000000180021a80 f i CctCharacterControllerCallbacks.obj
 0001:00020aa0       ?capacityIncrement@?$Array@IVNamedAllocator@shdfnd@physx@@@shdfnd@physx@@IEBAIXZ 0000000180021aa0 f i CctCharacterControllerCallbacks.obj
 0001:00020af0       ?centerExtents@PxBounds3@physx@@SA?AV12@AEBVPxVec3@2@0@Z 0000000180021af0 f i CctCharacterControllerCallbacks.obj
 0001:00020b70       ?computeBasis@shdfnd@physx@@YAXAEBVPxVec3@2@AEAV32@1@Z 0000000180021b70 f i CctCharacterControllerCallbacks.obj
 0001:00020d40       ?copy@?$Array@VPxTriangle@physx@@VNamedAllocator@shdfnd@2@@shdfnd@physx@@KAXPEAVPxTriangle@3@0PEBV43@@Z 0000000180021d40 f i CctCharacterControllerCallbacks.obj
 0001:00020df0       ?decodeIndex@Cct@physx@@YAII@Z 0000000180021df0 f i CctCharacterControllerCallbacks.obj
 0001:00020e00       ?decodeType@Cct@physx@@YA?AW4UserObjectType@12@I@Z 0000000180021e00 f i CctCharacterControllerCallbacks.obj
 0001:00020e20       ?distance@PxPlane@physx@@QEBAMAEBVPxVec3@2@@Z 0000000180021e20 f i CctCharacterControllerCallbacks.obj
 0001:00020e60       ?end@?$Array@VPxTriangle@physx@@VNamedAllocator@shdfnd@2@@shdfnd@physx@@QEAAPEAVPxTriangle@3@XZ 0000000180021e60 f i CctCharacterControllerCallbacks.obj
 0001:00020e80       ?finalizeQuery@?$PxHitCallback@UPxOverlapHit@physx@@@physx@@UEAAXXZ 0000000180021e80 f i CctCharacterControllerCallbacks.obj
 0001:00020e90       ?getAnyHit@?$PxHitBuffer@UPxOverlapHit@physx@@@physx@@QEBAAEBUPxOverlapHit@2@I@Z 0000000180021e90 f i CctCharacterControllerCallbacks.obj
 0001:00020f80       ?getCctManager@Controller@Cct@physx@@QEAAPEAVCharacterControllerManager@23@XZ 0000000180021f80 f i CctCharacterControllerCallbacks.obj
 0001:00020fa0       ?getNbAnyHits@?$PxHitBuffer@UPxOverlapHit@physx@@@physx@@QEBAIXZ 0000000180021fa0 f i CctCharacterControllerCallbacks.obj
 0001:00020fd0       ?getNbTouches@?$PxHitBuffer@UPxOverlapHit@physx@@@physx@@QEBAIXZ 0000000180021fd0 f i CctCharacterControllerCallbacks.obj
 0001:00020ff0       ?getPosition@PxMat44@physx@@QEBA?BVPxVec3@2@XZ 0000000180021ff0 f i CctCharacterControllerCallbacks.obj
 0001:00021030       ?getResults@PxMeshOverlapUtil@physx@@QEBAPEBIXZ 0000000180022030 f i CctCharacterControllerCallbacks.obj
 0001:00021050       ?getTouches@?$PxHitBuffer@UPxOverlapHit@physx@@@physx@@QEBAPEBUPxOverlapHit@2@XZ 0000000180022050 f i CctCharacterControllerCallbacks.obj
 0001:00021070       ?getTranspose@PxMat33@physx@@QEBA?BV12@XZ 0000000180022070 f i CctCharacterControllerCallbacks.obj
 0001:00021150       ?getXYZ@PxVec4@physx@@QEBA?AVPxVec3@2@XZ 0000000180022150 f i CctCharacterControllerCallbacks.obj
 0001:000211a0       ?grow@?$Array@VPxTriangle@physx@@VNamedAllocator@shdfnd@2@@shdfnd@physx@@IEAAXI@Z 00000001800221a0 f i CctCharacterControllerCallbacks.obj
 0001:00021240       ?growAndPushBack@?$Array@IVNamedAllocator@shdfnd@physx@@@shdfnd@physx@@IEAAAEAIAEBI@Z 0000000180022240 f i CctCharacterControllerCallbacks.obj
 0001:00021440       ?processTouches@?$PxHitBuffer@UPxOverlapHit@physx@@@physx@@MEAA_NPEBUPxOverlapHit@2@I@Z 0000000180022440 f i CctCharacterControllerCallbacks.obj
 0001:00021480       ?project@PxPlane@physx@@QEBA?AVPxVec3@2@AEBV32@@Z 0000000180022480 f i CctCharacterControllerCallbacks.obj
 0001:000214f0       ?pushBack@?$Array@IVNamedAllocator@shdfnd@physx@@@shdfnd@physx@@QEAAAEAIAEBI@Z 00000001800224f0 f i CctCharacterControllerCallbacks.obj
 0001:000215e0       ?pushBack@TriArray@Cct@physx@@QEAAXAEBVPxTriangle@3@@Z 00000001800225e0 f i CctCharacterControllerCallbacks.obj
 0001:000216d0       ?recreate@?$Array@VPxTriangle@physx@@VNamedAllocator@shdfnd@2@@shdfnd@physx@@IEAAXI@Z 00000001800226d0 f i CctCharacterControllerCallbacks.obj
 0001:00021830       ?reserve@?$Array@VPxTriangle@physx@@VNamedAllocator@shdfnd@2@@shdfnd@physx@@QEAAXI@Z 0000000180022830 f i CctCharacterControllerCallbacks.obj
 0001:00021870       ?reserve@TriArray@Cct@physx@@QEAAPEAVPxTriangle@3@I@Z 0000000180022870 f i CctCharacterControllerCallbacks.obj
 0001:00021950       ?rotate@PxMat44@physx@@QEBA?BVPxVec3@2@AEBV32@@Z 0000000180022950 f i CctCharacterControllerCallbacks.obj
 0001:000219c0       ?rotate@PxMat44@physx@@QEBA?BVPxVec4@2@AEBV32@@Z 00000001800229c0 f i CctCharacterControllerCallbacks.obj
 0001:00021ab0       ?rotate@PxTransform@physx@@QEBA?AVPxVec3@2@AEBV32@@Z 0000000180022ab0 f i CctCharacterControllerCallbacks.obj
 0001:00021b60       ?toMat33@PxMeshScale@physx@@QEBA?AVPxMat33@2@XZ 0000000180022b60 f i CctCharacterControllerCallbacks.obj
 0001:00021c50       ?transform@PxMat33@physx@@QEBA?BVPxVec3@2@AEBV32@@Z 0000000180022c50 f i CctCharacterControllerCallbacks.obj
 0001:00021d30       ?transform@PxTransform@physx@@QEBA?AVPxPlane@2@AEBV32@@Z 0000000180022d30 f i CctCharacterControllerCallbacks.obj
 0001:00021e40       PxCreateControllerManager  0000000180022e40 f   CctCharacterControllerManager.obj
 0001:00021ed0       ??0CharacterControllerManager@Cct@physx@@QEAA@AEAVPxScene@2@_N@Z 0000000180022ed0 f   CctCharacterControllerManager.obj
 0001:00022160       ??1CharacterControllerManager@Cct@physx@@UEAA@XZ 0000000180023160 f   CctCharacterControllerManager.obj
 0001:000222b0       ?release@CharacterControllerManager@Cct@physx@@UEAAXXZ 00000001800232b0 f   CctCharacterControllerManager.obj
 0001:000223e0       ?getScene@CharacterControllerManager@Cct@physx@@UEBAAEAVPxScene@3@XZ 00000001800233e0 f   CctCharacterControllerManager.obj
 0001:00022400       ?getNbControllers@CharacterControllerManager@Cct@physx@@UEBAIXZ 0000000180023400 f   CctCharacterControllerManager.obj
 0001:00022430       ?getController@CharacterControllerManager@Cct@physx@@UEAAPEAVPxController@3@I@Z 0000000180023430 f   CctCharacterControllerManager.obj
 0001:00022520       ?createController@CharacterControllerManager@Cct@physx@@UEAAPEAVPxController@3@AEBVPxControllerDesc@3@@Z 0000000180023520 f   CctCharacterControllerManager.obj
 0001:000228b0       ?purgeControllers@CharacterControllerManager@Cct@physx@@UEAAXXZ 00000001800238b0 f   CctCharacterControllerManager.obj
 0001:00022920       ?getRenderBuffer@CharacterControllerManager@Cct@physx@@UEAAAEAVPxRenderBuffer@3@XZ 0000000180023920 f   CctCharacterControllerManager.obj
 0001:000229b0       ?setDebugRenderingFlags@CharacterControllerManager@Cct@physx@@UEAAXV?$PxFlags@W4Enum@PxControllerDebugRenderFlag@physx@@I@3@@Z 00000001800239b0 f   CctCharacterControllerManager.obj
 0001:00022a50       ?getNbObstacleContexts@CharacterControllerManager@Cct@physx@@UEBAIXZ 0000000180023a50 f   CctCharacterControllerManager.obj
 0001:00022a80       ?getObstacleContext@CharacterControllerManager@Cct@physx@@UEAAPEAVPxObstacleContext@3@I@Z 0000000180023a80 f   CctCharacterControllerManager.obj
 0001:00022b60       ?createObstacleContext@CharacterControllerManager@Cct@physx@@UEAAPEAVPxObstacleContext@3@XZ 0000000180023b60 f   CctCharacterControllerManager.obj
 0001:00022c00       ?computeInteractions@CharacterControllerManager@Cct@physx@@UEAAXMPEAVPxControllerFilterCallback@3@@Z 0000000180023c00 f   CctCharacterControllerManager.obj
 0001:00022f90       ?setTessellation@CharacterControllerManager@Cct@physx@@UEAAX_NM@Z 0000000180023f90 f   CctCharacterControllerManager.obj
 0001:00022fd0       ?setOverlapRecoveryModule@CharacterControllerManager@Cct@physx@@UEAAX_N@Z 0000000180023fd0 f   CctCharacterControllerManager.obj
 0001:00022ff0       ?setPreciseSweeps@CharacterControllerManager@Cct@physx@@UEAAX_N@Z 0000000180023ff0 f   CctCharacterControllerManager.obj
 0001:00023010       ?setPreventVerticalSlidingAgainstCeiling@CharacterControllerManager@Cct@physx@@UEAAX_N@Z 0000000180024010 f   CctCharacterControllerManager.obj
 0001:00023030       ?shiftOrigin@CharacterControllerManager@Cct@physx@@UEAAXAEBVPxVec3@3@@Z 0000000180024030 f   CctCharacterControllerManager.obj
 0001:000231d0       ?onRelease@CharacterControllerManager@Cct@physx@@UEAAXPEBVPxBase@3@PEAXW4Enum@PxDeletionEventFlag@3@@Z 00000001800241d0 f   CctCharacterControllerManager.obj
 0001:000233a0       ?registerObservedObject@CharacterControllerManager@Cct@physx@@QEAAXPEBVPxBase@3@@Z 00000001800243a0 f   CctCharacterControllerManager.obj
 0001:00023430       ?unregisterObservedObject@CharacterControllerManager@Cct@physx@@QEAAXPEBVPxBase@3@@Z 0000000180024430 f   CctCharacterControllerManager.obj
 0001:00023530       ?onObstacleRemoved@CharacterControllerManager@Cct@physx@@QEBAXI@Z 0000000180024530 f   CctCharacterControllerManager.obj
 0001:000235a0       ?onObstacleUpdated@CharacterControllerManager@Cct@physx@@QEBAXIPEBVPxObstacleContext@3@@Z 00000001800245a0 f   CctCharacterControllerManager.obj
 0001:000236e0       ?onObstacleAdded@CharacterControllerManager@Cct@physx@@QEBAXIPEBVPxObstacleContext@3@@Z 00000001800246e0 f   CctCharacterControllerManager.obj
 0001:00023820       ?releaseController@CharacterControllerManager@Cct@physx@@QEAAXAEAVPxController@3@@Z 0000000180024820 f   CctCharacterControllerManager.obj
 0001:00023ac0       ?getControllers@CharacterControllerManager@Cct@physx@@QEAAPEAPEAVController@23@XZ 0000000180024ac0 f   CctCharacterControllerManager.obj
 0001:00023af0       ?releaseObstacleContext@CharacterControllerManager@Cct@physx@@QEAAXAEAVObstacleContext@23@@Z 0000000180024af0 f   CctCharacterControllerManager.obj
 0001:00023c10       ?resetObstaclesBuffers@CharacterControllerManager@Cct@physx@@QEAAXXZ 0000000180024c10 f   CctCharacterControllerManager.obj
 0001:00025ab0       ??$?2V?$ReflectionAllocator@VBoxController@Cct@physx@@@shdfnd@physx@@@UserAllocated@shdfnd@physx@@SAPEAX_KV?$ReflectionAllocator@VBoxController@Cct@physx@@@12@PEBDH@Z 0000000180026ab0 f i CctCharacterControllerManager.obj
 0001:00025b00       ??$?2V?$ReflectionAllocator@VCapsuleController@Cct@physx@@@shdfnd@physx@@@UserAllocated@shdfnd@physx@@SAPEAX_KV?$ReflectionAllocator@VCapsuleController@Cct@physx@@@12@PEBDH@Z 0000000180026b00 f i CctCharacterControllerManager.obj
 0001:00025b50       ??$?2V?$ReflectionAllocator@VCharacterControllerManager@Cct@physx@@@shdfnd@physx@@@UserAllocated@shdfnd@physx@@SAPEAX_KV?$ReflectionAllocator@VCharacterControllerManager@Cct@physx@@@12@PEBDH@Z 0000000180026b50 f i CctCharacterControllerManager.obj
 0001:00025ba0       ??$?2V?$ReflectionAllocator@VObstacleContext@Cct@physx@@@shdfnd@physx@@@UserAllocated@shdfnd@physx@@SAPEAX_KV?$ReflectionAllocator@VObstacleContext@Cct@physx@@@12@PEBDH@Z 0000000180026ba0 f i CctCharacterControllerManager.obj
 0001:00025bf0       ??$?2V?$ReflectionAllocator@VRenderBuffer@Cm@physx@@@shdfnd@physx@@@UserAllocated@shdfnd@physx@@SAPEAX_KV?$ReflectionAllocator@VRenderBuffer@Cm@physx@@@12@PEBDH@Z 0000000180026bf0 f i CctCharacterControllerManager.obj
 0001:00025c40       ??$PX_UNUSED@W4Enum@PxDeletionEventFlag@physx@@@@YAXAEBW4Enum@PxDeletionEventFlag@physx@@@Z 0000000180026c40 f i CctCharacterControllerManager.obj
 0001:00025c50       ??$append@UPxDebugLine@physx@@@RenderBuffer@Cm@physx@@AEAAXAEAV?$Array@UPxDebugLine@physx@@VNamedAllocator@shdfnd@2@@shdfnd@2@PEBUPxDebugLine@2@I@Z 0000000180026c50 f i CctCharacterControllerManager.obj
 0001:00025cf0       ??$append@UPxDebugPoint@physx@@@RenderBuffer@Cm@physx@@AEAAXAEAV?$Array@UPxDebugPoint@physx@@VNamedAllocator@shdfnd@2@@shdfnd@2@PEBUPxDebugPoint@2@I@Z 0000000180026cf0 f i CctCharacterControllerManager.obj
 0001:00025d90       ??$append@UPxDebugText@physx@@@RenderBuffer@Cm@physx@@AEAAXAEAV?$Array@UPxDebugText@physx@@VNamedAllocator@shdfnd@2@@shdfnd@2@PEBUPxDebugText@2@I@Z 0000000180026d90 f i CctCharacterControllerManager.obj
 0001:00025e30       ??$append@UPxDebugTriangle@physx@@@RenderBuffer@Cm@physx@@AEAAXAEAV?$Array@UPxDebugTriangle@physx@@VNamedAllocator@shdfnd@2@@shdfnd@2@PEBUPxDebugTriangle@2@I@Z 0000000180026e30 f i CctCharacterControllerManager.obj
 0001:00025ed0       ??$resetOrClear@V?$Array@PEBXVNamedAllocator@shdfnd@physx@@@shdfnd@physx@@@@YAXAEAV?$Array@PEBXVNamedAllocator@shdfnd@physx@@@shdfnd@physx@@@Z 0000000180026ed0 f i CctCharacterControllerManager.obj
 0001:00025f50       ??$resetOrClear@V?$Array@UPxExtendedCapsule@physx@@VNamedAllocator@shdfnd@2@@shdfnd@physx@@@@YAXAEAV?$Array@UPxExtendedCapsule@physx@@VNamedAllocator@shdfnd@2@@shdfnd@physx@@@Z 0000000180026f50 f i CctCharacterControllerManager.obj
 0001:00025fd0       ??$resetOrClear@V?$Array@VPxExtendedBox@physx@@VNamedAllocator@shdfnd@2@@shdfnd@physx@@@@YAXAEAV?$Array@VPxExtendedBox@physx@@VNamedAllocator@shdfnd@2@@shdfnd@physx@@@Z 0000000180026fd0 f i CctCharacterControllerManager.obj
 0001:00026050       ??$swap@PEAVController@Cct@physx@@@shdfnd@physx@@YAXAEAPEAVController@Cct@1@0@Z 0000000180027050 f i CctCharacterControllerManager.obj
 0001:000260a0       ??0?$Array@DVNamedAllocator@shdfnd@physx@@@shdfnd@physx@@QEAA@AEBVNamedAllocator@12@@Z 00000001800270a0 f i CctCharacterControllerManager.obj
 0001:00026100       ??0?$Array@PEAVController@Cct@physx@@VNamedAllocator@shdfnd@3@@shdfnd@physx@@QEAA@AEBVNamedAllocator@12@@Z 0000000180027100 f i CctCharacterControllerManager.obj
 0001:00026160       ??0?$Array@PEAVObstacleContext@Cct@physx@@VNamedAllocator@shdfnd@3@@shdfnd@physx@@QEAA@AEBVNamedAllocator@12@@Z 0000000180027160 f i CctCharacterControllerManager.obj
 0001:000261c0       ??0?$Array@PEBXVNamedAllocator@shdfnd@physx@@@shdfnd@physx@@QEAA@AEBVNamedAllocator@12@@Z 00000001800271c0 f i CctCharacterControllerManager.obj
 0001:00026220       ??0?$Array@UPxDebugLine@physx@@VNamedAllocator@shdfnd@2@@shdfnd@physx@@QEAA@AEBVNamedAllocator@12@@Z 0000000180027220 f i CctCharacterControllerManager.obj
 0001:00026280       ??0?$Array@UPxDebugPoint@physx@@VNamedAllocator@shdfnd@2@@shdfnd@physx@@QEAA@AEBVNamedAllocator@12@@Z 0000000180027280 f i CctCharacterControllerManager.obj
 0001:000262e0       ??0?$Array@UPxDebugText@physx@@VNamedAllocator@shdfnd@2@@shdfnd@physx@@QEAA@AEBVNamedAllocator@12@@Z 00000001800272e0 f i CctCharacterControllerManager.obj
[...]
 0003:000005cd       ?_ignore@?2??scaleInertia@PxMassProperties@physx@@SA?AVPxMat33@3@AEBV43@AEBVPxQuat@3@AEBVPxVec3@3@@Z@4_NA 00000001800545cd     PhysX3ExtensionsDEBUG:ExtRigidBodyExt.obj
 0003:000005ce       ?_ignore@?3??scaleInertia@PxMassProperties@physx@@SA?AVPxMat33@3@AEBV43@AEBVPxQuat@3@AEBVPxVec3@3@@Z@4_NA 00000001800545ce     PhysX3ExtensionsDEBUG:ExtRigidBodyExt.obj
 0003:000005cf       ?_ignore@?4??scaleInertia@PxMassProperties@physx@@SA?AVPxMat33@3@AEBV43@AEBVPxQuat@3@AEBVPxVec3@3@@Z@4_NA 00000001800545cf     PhysX3ExtensionsDEBUG:ExtRigidBodyExt.obj
 0003:000005d0       ?_ignore@?5??scaleInertia@PxMassProperties@physx@@SA?AVPxMat33@3@AEBV43@AEBVPxQuat@3@AEBVPxVec3@3@@Z@4_NA 00000001800545d0     PhysX3ExtensionsDEBUG:ExtRigidBodyExt.obj
 0003:000005d1       ?_ignore@?4??sum@PxMassProperties@physx@@SA?AV23@PEBV23@PEBVPxTransform@3@I@Z@4_NA 00000001800545d1     PhysX3ExtensionsDEBUG:ExtRigidBodyExt.obj
 0003:000005d2       ?_ignore@?5??sum@PxMassProperties@physx@@SA?AV23@PEBV23@PEBVPxTransform@3@I@Z@4_NA 00000001800545d2     PhysX3ExtensionsDEBUG:ExtRigidBodyExt.obj
 0003:000005d3       ?_ignore@?6??sum@PxMassProperties@physx@@SA?AV23@PEBV23@PEBVPxTransform@3@I@Z@4_NA 00000001800545d3     PhysX3ExtensionsDEBUG:ExtRigidBodyExt.obj
 0003:000005d4       ?_ignore@?9??sum@PxMassProperties@physx@@SA?AV23@PEBV23@PEBVPxTransform@3@I@Z@4_NA 00000001800545d4     PhysX3ExtensionsDEBUG:ExtRigidBodyExt.obj
 0003:000005d5       ?_ignore@?L@??sum@PxMassProperties@physx@@SA?AV23@PEBV23@PEBVPxTransform@3@I@Z@4_NA 00000001800545d5     PhysX3ExtensionsDEBUG:ExtRigidBodyExt.obj
 0003:000005d6       ?_ignore@?M@??sum@PxMassProperties@physx@@SA?AV23@PEBV23@PEBVPxTransform@3@I@Z@4_NA 00000001800545d6     PhysX3ExtensionsDEBUG:ExtRigidBodyExt.obj
 0003:000005dc       ?_ignore@?2??setDiagonal@InertiaTensorComputer@Ext@physx@@QEAAXMAEBVPxVec3@4@@Z@4_NA 00000001800545dc     PhysX3ExtensionsDEBUG:ExtRigidBodyExt.obj
 0003:000005dd       ?_ignore@?3??setDiagonal@InertiaTensorComputer@Ext@physx@@QEAAXMAEBVPxVec3@4@@Z@4_NA 00000001800545dd     PhysX3ExtensionsDEBUG:ExtRigidBodyExt.obj
 0003:000005de       ?_ignore@?2??rotate@InertiaTensorComputer@Ext@physx@@QEAAXAEBVPxMat33@4@@Z@4_NA 00000001800545de     PhysX3ExtensionsDEBUG:ExtRigidBodyExt.obj
 0003:000005df       ?_ignore@?3??rotate@InertiaTensorComputer@Ext@physx@@QEAAXAEBVPxMat33@4@@Z@4_NA 00000001800545df     PhysX3ExtensionsDEBUG:ExtRigidBodyExt.obj
 0003:000005e2       ?_ignore@?2??scaleDensity@InertiaTensorComputer@Ext@physx@@QEAAXM@Z@4_NA 00000001800545e2     PhysX3ExtensionsDEBUG:ExtRigidBodyExt.obj
 0003:000005e3       ?_ignore@?3??scaleDensity@InertiaTensorComputer@Ext@physx@@QEAAXM@Z@4_NA 00000001800545e3     PhysX3ExtensionsDEBUG:ExtRigidBodyExt.obj
 0003:000005e4       ?_ignore@?2??add@InertiaTensorComputer@Ext@physx@@QEAAXAEBV234@@Z@4_NA 00000001800545e4     PhysX3ExtensionsDEBUG:ExtRigidBodyExt.obj
 0003:000005e5       ?_ignore@?3??add@InertiaTensorComputer@Ext@physx@@QEAAXAEBV234@@Z@4_NA 00000001800545e5     PhysX3ExtensionsDEBUG:ExtRigidBodyExt.obj
 0003:000005e6       ?_ignore@?4??add@InertiaTensorComputer@Ext@physx@@QEAAXAEBV234@@Z@4_NA 00000001800545e6     PhysX3ExtensionsDEBUG:ExtRigidBodyExt.obj
 0003:000005f6       ?_ignore@?2???A?$Array@PEAVPxShape@physx@@V?$InlineAllocator@$0IA@VNamedAllocator@shdfnd@physx@@@shdfnd@2@@shdfnd@physx@@QEAAAEAPEAVPxShape@3@I@Z@4_NA 00000001800545f6     PhysX3ExtensionsDEBUG:ExtRigidBodyExt.obj
 0003:000005f7       ?_ignore@?2??grow@?$Array@VPxTransform@physx@@V?$InlineAllocator@$0BMA@VNamedAllocator@shdfnd@physx@@@shdfnd@2@@shdfnd@physx@@IEAAXI@Z@4_NA 00000001800545f7     PhysX3ExtensionsDEBUG:ExtRigidBodyExt.obj
 0003:000005f8       ?_ignore@?2??grow@?$Array@VPxMassProperties@physx@@V?$InlineAllocator@$0DEA@VNamedAllocator@shdfnd@physx@@@shdfnd@2@@shdfnd@physx@@IEAAXI@Z@4_NA 00000001800545f8     PhysX3ExtensionsDEBUG:ExtRigidBodyExt.obj
 0003:000005f9       ?_ignore@?2??growAndPushBack@?$Array@VPxMassProperties@physx@@V?$InlineAllocator@$0DEA@VNamedAllocator@shdfnd@physx@@@shdfnd@2@@shdfnd@physx@@IEAAAEAVPxMassProperties@4@AEBV54@@Z@4_NA 00000001800545f9     PhysX3ExtensionsDEBUG:ExtRigidBodyExt.obj
 0003:000005fa       ?_ignore@?2??recreate@?$Array@VPxMassProperties@physx@@V?$InlineAllocator@$0DEA@VNamedAllocator@shdfnd@physx@@@shdfnd@2@@shdfnd@physx@@IEAAXI@Z@4_NA 00000001800545fa     PhysX3ExtensionsDEBUG:ExtRigidBodyExt.obj
 0003:000005fb       ?_ignore@?2??growAndPushBack@?$Array@VPxTransform@physx@@V?$InlineAllocator@$0BMA@VNamedAllocator@shdfnd@physx@@@shdfnd@2@@shdfnd@physx@@IEAAAEAVPxTransform@4@AEBV54@@Z@4_NA 00000001800545fb     PhysX3ExtensionsDEBUG:ExtRigidBodyExt.obj
 0003:000005fc       ?_ignore@?2??recreate@?$Array@VPxTransform@physx@@V?$InlineAllocator@$0BMA@VNamedAllocator@shdfnd@physx@@@shdfnd@2@@shdfnd@physx@@IEAAXI@Z@4_NA 00000001800545fc     PhysX3ExtensionsDEBUG:ExtRigidBodyExt.obj
 0003:000005fd       ?_ignore@?2??grow@?$Array@PEAVPxShape@physx@@V?$InlineAllocator@$0IA@VNamedAllocator@shdfnd@physx@@@shdfnd@2@@shdfnd@physx@@IEAAXI@Z@4_NA 00000001800545fd     PhysX3ExtensionsDEBUG:ExtRigidBodyExt.obj
 0003:000005fe       ?_ignore@?2??recreate@?$Array@PEAVPxShape@physx@@V?$InlineAllocator@$0IA@VNamedAllocator@shdfnd@physx@@@shdfnd@2@@shdfnd@physx@@IEAAXI@Z@4_NA 00000001800545fe     PhysX3ExtensionsDEBUG:ExtRigidBodyExt.obj
 0003:00000600       ?__type_info_root_node@@3U__type_info_node@@A 0000000180054600     MSVCRTD:tncleanup.obj
 0003:00000630       __scrt_current_native_startup_state 0000000180054630     MSVCRTD:utility.obj
 0003:00000638       __scrt_native_startup_lock 0000000180054638     MSVCRTD:utility.obj
 0003:00000680       ?_OptionsStorage@?1??__local_stdio_printf_options@@9@4_KA 0000000180054680     MSVCRTD:default_local_stdio_options.obj
 0003:00000690       ?_OptionsStorage@?1??__local_stdio_scanf_options@@9@4_KA 0000000180054690     MSVCRTD:default_local_stdio_options.obj
 0003:0000069c       __scrt_debugger_hook_flag  000000018005469c     MSVCRTD:utility_desktop.obj
 0003:000006a0       __favor                    00000001800546a0     MSVCRTD:_cpu_disp_.obj
 0003:00000d48       __dyn_tls_init_callback    0000000180054d48     <common>
 0005:00000000       __imp_QueryPerformanceCounter 0000000180059000     kernel32:KERNEL32.dll
 0005:00000008       __imp_GetCurrentProcessId  0000000180059008     kernel32:KERNEL32.dll
 0005:00000010       __imp_GetCurrentThreadId   0000000180059010     kernel32:KERNEL32.dll
 0005:00000018       __imp_GetSystemTimeAsFileTime 0000000180059018     kernel32:KERNEL32.dll
 0005:00000020       __imp_DisableThreadLibraryCalls 0000000180059020     kernel32:KERNEL32.dll
 0005:00000028       __imp_RtlCaptureContext    0000000180059028     kernel32:KERNEL32.dll
 0005:00000030       __imp_RtlLookupFunctionEntry 0000000180059030     kernel32:KERNEL32.dll
 0005:00000038       __imp_RtlVirtualUnwind     0000000180059038     kernel32:KERNEL32.dll
 0005:00000040       __imp_IsDebuggerPresent    0000000180059040     kernel32:KERNEL32.dll
 0005:00000048       __imp_UnhandledExceptionFilter 0000000180059048     kernel32:KERNEL32.dll
 0005:00000050       __imp_SetUnhandledExceptionFilter 0000000180059050     kernel32:KERNEL32.dll
 0005:00000058       __imp_GetStartupInfoW      0000000180059058     kernel32:KERNEL32.dll
 0005:00000060       __imp_IsProcessorFeaturePresent 0000000180059060     kernel32:KERNEL32.dll
 0005:00000068       __imp_GetModuleHandleW     0000000180059068     kernel32:KERNEL32.dll
 0005:00000070       __imp_RaiseException       0000000180059070     kernel32:KERNEL32.dll
 0005:00000078       __imp_MultiByteToWideChar  0000000180059078     kernel32:KERNEL32.dll
 0005:00000080       __imp_WideCharToMultiByte  0000000180059080     kernel32:KERNEL32.dll
 0005:00000088       __imp_GetLastError         0000000180059088     kernel32:KERNEL32.dll
 0005:00000090       __imp_HeapAlloc            0000000180059090     kernel32:KERNEL32.dll
 0005:00000098       __imp_HeapFree             0000000180059098     kernel32:KERNEL32.dll
 0005:000000a0       __imp_GetProcessHeap       00000001800590a0     kernel32:KERNEL32.dll
 0005:000000a8       __imp_VirtualQuery         00000001800590a8     kernel32:KERNEL32.dll
 0005:000000b0       __imp_FreeLibrary          00000001800590b0     kernel32:KERNEL32.dll
 0005:000000b8       __imp_GetProcAddress       00000001800590b8     kernel32:KERNEL32.dll
 0005:000000c0       __imp_GetCurrentProcess    00000001800590c0     kernel32:KERNEL32.dll
 0005:000000c8       __imp_TerminateProcess     00000001800590c8     kernel32:KERNEL32.dll
 0005:000000d0       __imp_InitializeSListHead  00000001800590d0     kernel32:KERNEL32.dll
 0005:000000d8       \177KERNEL32_NULL_THUNK_DATA 00000001800590d8     kernel32:KERNEL32.dll
 0005:00000158       __imp_?sweep@PxGeometryQuery@physx@@SA_NAEBVPxVec3@2@MAEBVPxGeometry@2@AEBVPxTransform@2@12AEAUPxSweepHit@2@V?$PxFlags@W4Enum@PxHitFlag@physx@@G@2@M@Z 0000000180059158     PhysX3CommonDEBUG_x64:PhysX3CommonDEBUG_x64.dll
 0005:00000160       __imp_?computePenetration@PxGeometryQuery@physx@@SA_NAEAVPxVec3@2@AEAMAEBVPxGeometry@2@AEBVPxTransform@2@23@Z 0000000180059160     PhysX3CommonDEBUG_x64:PhysX3CommonDEBUG_x64.dll
 0005:00000168       __imp_??0Box@Gu@physx@@QEAA@AEBVPxVec3@2@0AEBVPxMat33@2@@Z 0000000180059168     PhysX3CommonDEBUG_x64:PhysX3CommonDEBUG_x64.dll
 0005:00000170       __imp_??1Box@Gu@physx@@QEAA@XZ 0000000180059170     PhysX3CommonDEBUG_x64:PhysX3CommonDEBUG_x64.dll
 0005:00000178       __imp_?intersectOBBOBB@Gu@physx@@YA_NAEBVPxVec3@2@0AEBVPxMat33@2@001_N@Z 0000000180059178     PhysX3CommonDEBUG_x64:PhysX3CommonDEBUG_x64.dll
 0005:00000180       __imp_?distanceSegmentBoxSquared@Gu@physx@@YAMAEBVPxVec3@2@000AEBVPxMat33@2@PEAMPEAV32@@Z 0000000180059180     PhysX3CommonDEBUG_x64:PhysX3CommonDEBUG_x64.dll
 0005:00000188       __imp_?getTriangle@PxMeshQuery@physx@@SAXAEBVPxTriangleMeshGeometry@2@AEBVPxTransform@2@IAEAVPxTriangle@2@PEAI3@Z 0000000180059188     PhysX3CommonDEBUG_x64:PhysX3CommonDEBUG_x64.dll
 0005:00000190       __imp_?getTriangle@PxMeshQuery@physx@@SAXAEBVPxHeightFieldGeometry@2@AEBVPxTransform@2@IAEAVPxTriangle@2@PEAI3@Z 0000000180059190     PhysX3CommonDEBUG_x64:PhysX3CommonDEBUG_x64.dll
 0005:00000198       __imp_?PxTransformFromSegment@physx@@YA?AVPxTransform@1@AEBVPxVec3@1@0PEAM@Z 0000000180059198     PhysX3CommonDEBUG_x64:PhysX3CommonDEBUG_x64.dll
 0005:000001a0       __imp_??6RenderOutput@Cm@physx@@QEAAAEAV012@VPxVec3@2@@Z 00000001800591a0     PhysX3CommonDEBUG_x64:PhysX3CommonDEBUG_x64.dll
 0005:000001a8       __imp_?intersectTriangleBox_Unsafe@Gu@physx@@YAHAEBVPxVec3@2@0000@Z 00000001800591a8     PhysX3CommonDEBUG_x64:PhysX3CommonDEBUG_x64.dll
 0005:000001b0       __imp_?CompleteBoxPruning@Cm@physx@@YA_NPEBVPxBounds3@2@IAEAV?$Array@IVNamedAllocator@shdfnd@physx@@@shdfnd@2@AEBVAxes@Gu@2@@Z 00000001800591b0     PhysX3CommonDEBUG_x64:PhysX3CommonDEBUG_x64.dll
 0005:000001b8       __imp_?distanceSegmentSegmentSquared@Gu@physx@@YAMAEBVPxVec3@2@000PEAM1@Z 00000001800591b8     PhysX3CommonDEBUG_x64:PhysX3CommonDEBUG_x64.dll
 0005:000001c0       __imp_?getRaycastFuncTable@Gu@physx@@YAAEAY06Q6AIAEBVPxGeometry@2@AEBVPxTransform@2@AEBVPxVec3@2@2MV?$PxFlags@W4Enum@PxHitFlag@physx@@G@2@IPEIAUPxRaycastHit@2@@ZXZ 00000001800591c0     PhysX3CommonDEBUG_x64:PhysX3CommonDEBUG_x64.dll
 0005:000001c8       __imp_?findOverlapTriangleMesh@PxMeshQuery@physx@@SAIAEBVPxGeometry@2@AEBVPxTransform@2@AEBVPxTriangleMeshGeometry@2@1PEAIIIAEA_N@Z 00000001800591c8     PhysX3CommonDEBUG_x64:PhysX3CommonDEBUG_x64.dll
 0005:000001d0       __imp_?findOverlapHeightField@PxMeshQuery@physx@@SAIAEBVPxGeometry@2@AEBVPxTransform@2@AEBVPxHeightFieldGeometry@2@1PEAIIIAEA_N@Z 00000001800591d0     PhysX3CommonDEBUG_x64:PhysX3CommonDEBUG_x64.dll
 0005:000001d8       __imp_??6Cm@physx@@YAAEAVRenderOutput@01@AEAV201@AEBUDebugBox@01@@Z 00000001800591d8     PhysX3CommonDEBUG_x64:PhysX3CommonDEBUG_x64.dll
 0005:000001e0       __imp_?outputCapsule@RenderOutput@Cm@physx@@QEAAAEAV123@MMAEBVPxMat44@3@@Z 00000001800591e0     PhysX3CommonDEBUG_x64:PhysX3CommonDEBUG_x64.dll
 0005:000001e8       __imp_??6RenderOutput@Cm@physx@@QEAAAEAV012@AEBVPxTransform@2@@Z 00000001800591e8     PhysX3CommonDEBUG_x64:PhysX3CommonDEBUG_x64.dll
 0005:000001f0       __imp_??6RenderOutput@Cm@physx@@QEAAAEAV012@I@Z 00000001800591f0     PhysX3CommonDEBUG_x64:PhysX3CommonDEBUG_x64.dll
 0005:000001f8       __imp_??0RenderOutput@Cm@physx@@QEAA@AEAVRenderBuffer@12@@Z 00000001800591f8     PhysX3CommonDEBUG_x64:PhysX3CommonDEBUG_x64.dll
 0005:00000200       __imp_?sweep@PxMeshQuery@physx@@SA_NAEBVPxVec3@2@MAEBVPxGeometry@2@AEBVPxTransform@2@IPEBVPxTriangle@2@AEAUPxSweepHit@2@V?$PxFlags@W4Enum@PxHitFlag@physx@@G@2@PEBIM_N@Z 0000000180059200     PhysX3CommonDEBUG_x64:PhysX3CommonDEBUG_x64.dll
 0005:00000208       __imp_??6RenderOutput@Cm@physx@@QEAAAEAV012@W4Primitive@012@@Z 0000000180059208     PhysX3CommonDEBUG_x64:PhysX3CommonDEBUG_x64.dll
 0005:00000210       \177PhysX3CommonDEBUG_x64_NULL_THUNK_DATA 0000000180059210     PhysX3CommonDEBUG_x64:PhysX3CommonDEBUG_x64.dll
 0005:00000288       __imp_?PxDiagonalize@physx@@YA?AVPxVec3@1@AEBVPxMat33@1@AEAVPxQuat@1@@Z 0000000180059288     PxFoundationDEBUG_x64:PxFoundationDEBUG_x64.dll
 0005:00000290       __imp_?PxGetAssertHandler@physx@@YAAEAVPxAssertHandler@1@XZ 0000000180059290     PxFoundationDEBUG_x64:PxFoundationDEBUG_x64.dll
 0005:00000298       __imp_?PxShortestRotation@physx@@YA?AVPxQuat@1@AEBVPxVec3@1@0@Z 0000000180059298     PxFoundationDEBUG_x64:PxFoundationDEBUG_x64.dll
 0005:000002a0       __imp_?error@Foundation@shdfnd@physx@@QEAAXW4Enum@PxErrorCode@3@PEBDH1ZZ 00000001800592a0     PxFoundationDEBUG_x64:PxFoundationDEBUG_x64.dll
 0005:000002a8       __imp_?decRefCount@Foundation@shdfnd@physx@@SAXXZ 00000001800592a8     PxFoundationDEBUG_x64:PxFoundationDEBUG_x64.dll
 0005:000002b0       __imp_?incRefCount@Foundation@shdfnd@physx@@SAXXZ 00000001800592b0     PxFoundationDEBUG_x64:PxFoundationDEBUG_x64.dll
 0005:000002b8       __imp_?getInstance@Foundation@shdfnd@physx@@SAAEAV123@XZ 00000001800592b8     PxFoundationDEBUG_x64:PxFoundationDEBUG_x64.dll
 0005:000002c0       __imp_?getSize@MutexImpl@shdfnd@physx@@SAIXZ 00000001800592c0     PxFoundationDEBUG_x64:PxFoundationDEBUG_x64.dll
 0005:000002c8       __imp_??1MutexImpl@shdfnd@physx@@QEAA@XZ 00000001800592c8     PxFoundationDEBUG_x64:PxFoundationDEBUG_x64.dll
 0005:000002d0       __imp_??0MutexImpl@shdfnd@physx@@QEAA@XZ 00000001800592d0     PxFoundationDEBUG_x64:PxFoundationDEBUG_x64.dll
 0005:000002d8       __imp_PxGetFoundation      00000001800592d8     PxFoundationDEBUG_x64:PxFoundationDEBUG_x64.dll
 0005:000002e0       __imp_?deallocate@NamedAllocator@shdfnd@physx@@QEAAXPEAX@Z 00000001800592e0     PxFoundationDEBUG_x64:PxFoundationDEBUG_x64.dll
 0005:000002e8       __imp_?allocate@NamedAllocator@shdfnd@physx@@QEAAPEAX_KPEBDH@Z 00000001800592e8     PxFoundationDEBUG_x64:PxFoundationDEBUG_x64.dll
 0005:000002f0       __imp_??1NamedAllocator@shdfnd@physx@@QEAA@XZ 00000001800592f0     PxFoundationDEBUG_x64:PxFoundationDEBUG_x64.dll
 0005:000002f8       __imp_??0NamedAllocator@shdfnd@physx@@QEAA@AEBV012@@Z 00000001800592f8     PxFoundationDEBUG_x64:PxFoundationDEBUG_x64.dll
 0005:00000300       __imp_PxGetProfilerCallback 0000000180059300     PxFoundationDEBUG_x64:PxFoundationDEBUG_x64.dll
 0005:00000308       __imp_?unlock@MutexImpl@shdfnd@physx@@QEAAXXZ 0000000180059308     PxFoundationDEBUG_x64:PxFoundationDEBUG_x64.dll
 0005:00000310       __imp_?lock@MutexImpl@shdfnd@physx@@QEAAXXZ 0000000180059310     PxFoundationDEBUG_x64:PxFoundationDEBUG_x64.dll
 0005:00000318       __imp_??0NamedAllocator@shdfnd@physx@@QEAA@PEBD@Z 0000000180059318     PxFoundationDEBUG_x64:PxFoundationDEBUG_x64.dll
 0005:00000320       __imp_?getAllocator@shdfnd@physx@@YAAEAVPxAllocatorCallback@2@XZ 0000000180059320     PxFoundationDEBUG_x64:PxFoundationDEBUG_x64.dll
 0005:00000328       \177PxFoundationDEBUG_x64_NULL_THUNK_DATA 0000000180059328     PxFoundationDEBUG_x64:PxFoundationDEBUG_x64.dll
 0005:000003a0       __imp___vcrt_LoadLibraryExW 00000001800593a0     vcruntimed:VCRUNTIME140D.dll
 0005:000003a8       __imp_memcpy               00000001800593a8     vcruntimed:VCRUNTIME140D.dll
 0005:000003b0       __imp_memset               00000001800593b0     vcruntimed:VCRUNTIME140D.dll
 0005:000003b8       __imp___std_type_info_name 00000001800593b8     vcruntimed:VCRUNTIME140D.dll
 0005:000003c0       __imp___std_type_info_destroy_list 00000001800593c0     vcruntimed:VCRUNTIME140D.dll
 0005:000003c8       __imp___C_specific_handler 00000001800593c8     vcruntimed:VCRUNTIME140D.dll
 0005:000003d0       __imp___vcrt_GetModuleFileNameW 00000001800593d0     vcruntimed:VCRUNTIME140D.dll
 0005:000003d8       __imp___vcrt_GetModuleHandleW 00000001800593d8     vcruntimed:VCRUNTIME140D.dll
 0005:000003e0       __imp__purecall            00000001800593e0     vcruntimed:VCRUNTIME140D.dll
 0005:000003e8       \177VCRUNTIME140D_NULL_THUNK_DATA 00000001800593e8     vcruntimed:VCRUNTIME140D.dll
 0005:00000448       __imp__register_onexit_function 0000000180059448     ucrtd:ucrtbased.dll
 0005:00000450       __imp__initialize_onexit_table 0000000180059450     ucrtd:ucrtbased.dll
 0005:00000458       __imp__initialize_narrow_environment 0000000180059458     ucrtd:ucrtbased.dll
 0005:00000460       __imp__configure_narrow_argv 0000000180059460     ucrtd:ucrtbased.dll
 0005:00000468       __imp__seh_filter_dll      0000000180059468     ucrtd:ucrtbased.dll
 0005:00000470       __imp__free_dbg            0000000180059470     ucrtd:ucrtbased.dll
 0005:00000478       __imp__execute_onexit_table 0000000180059478     ucrtd:ucrtbased.dll
 0005:00000480       __imp__initterm            0000000180059480     ucrtd:ucrtbased.dll
 0005:00000488       __imp__CrtDbgReportW       0000000180059488     ucrtd:ucrtbased.dll
 0005:00000490       __imp__CrtDbgReport        0000000180059490     ucrtd:ucrtbased.dll
 0005:00000498       __imp__fpclass             0000000180059498     ucrtd:ucrtbased.dll
 0005:000004a0       __imp_sqrtf                00000001800594a0     ucrtd:ucrtbased.dll
 0005:000004a8       __imp_fabs                 00000001800594a8     ucrtd:ucrtbased.dll
 0005:000004b0       __imp__crt_atexit          00000001800594b0     ucrtd:ucrtbased.dll
 0005:000004b8       __imp__crt_at_quick_exit   00000001800594b8     ucrtd:ucrtbased.dll
 0005:000004c0       __imp__cexit               00000001800594c0     ucrtd:ucrtbased.dll
 0005:000004c8       __imp_terminate            00000001800594c8     ucrtd:ucrtbased.dll
 0005:000004d0       __imp_wcscpy_s             00000001800594d0     ucrtd:ucrtbased.dll
 0005:000004d8       __imp__wsplitpath_s        00000001800594d8     ucrtd:ucrtbased.dll
 0005:000004e0       __imp__wmakepath_s         00000001800594e0     ucrtd:ucrtbased.dll
 0005:000004e8       __imp__initterm_e          00000001800594e8     ucrtd:ucrtbased.dll
 0005:000004f0       __imp___stdio_common_vsprintf_s 00000001800594f0     ucrtd:ucrtbased.dll
 0005:000004f8       \177ucrtbased_NULL_THUNK_DATA 00000001800594f8     ucrtd:ucrtbased.dll
 0005:00000570       __IMPORT_DESCRIPTOR_PxFoundationDEBUG_x64 0000000180059570     PxFoundationDEBUG_x64:PxFoundationDEBUG_x64.dll
 0005:00000584       __IMPORT_DESCRIPTOR_PhysX3CommonDEBUG_x64 0000000180059584     PhysX3CommonDEBUG_x64:PhysX3CommonDEBUG_x64.dll
 0005:00000598       __IMPORT_DESCRIPTOR_VCRUNTIME140D 0000000180059598     vcruntimed:VCRUNTIME140D.dll
 0005:000005ac       __IMPORT_DESCRIPTOR_ucrtbased 00000001800595ac     ucrtd:ucrtbased.dll
 0005:000005c0       __IMPORT_DESCRIPTOR_KERNEL32 00000001800595c0     kernel32:KERNEL32.dll
 0005:000005d4       __NULL_IMPORT_DESCRIPTOR   00000001800595d4     PxFoundationDEBUG_x64:PxFoundationDEBUG_x64.dll
 0007:00000000       __guard_check_icall_fptr   000000018005c000     MSVCRTD:guard_support.obj
 0007:00000010       __guard_dispatch_icall_fptr 000000018005c010     MSVCRTD:guard_support.obj
